2026-07-31 15:07:57.505 -05:00 [INF] (Thread 3) PipeServer: pipe created — launching notifier.
2026-07-31 15:07:57.678 -05:00 [INF] (Thread 3) UserProcessLauncher: launching 'C:\Program Files\CapTG Updater\UpdateNotifier.exe' as active user.
2026-07-31 15:07:57.681 -05:00 [DBG] (Thread 3) UserProcessLauncher: console session 1 has a valid user token.
2026-07-31 15:07:57.683 -05:00 [DBG] (Thread 3) UserProcessLauncher: using session ID = 1.
2026-07-31 15:07:57.910 -05:00 [INF] (Thread 3) UserProcessLauncher: 'C:\Program Files\CapTG Updater\UpdateNotifier.exe' launched in session 1.
2026-07-31 15:07:57.913 -05:00 [DBG] (Thread 3) PipeServer: waiting for notifier to connect.
2026-07-31 15:08:57.988 -05:00 [WRN] (Thread 14) PipeServer: notifier did not connect within 60 seconds.
2026-07-31 15:08:57.990 -05:00 [WRN] (Thread 14) PipeServer: no response received — retrying notification in 15 minutes.
2026-07-31 15:23:58.006 -05:00 [INF] (Thread 3) PipeServer: pipe created — launching notifier.
2026-07-31 15:23:58.050 -05:00 [WRN] (Thread 3) PipeServer: killed stale notifier process (PID 15096).
2026-07-31 15:23:58.052 -05:00 [INF] (Thread 3) UserProcessLauncher: launching 'C:\Program Files\CapTG Updater\UpdateNotifier.exe' as active user.
2026-07-31 15:23:58.054 -05:00 [DBG] (Thread 3) UserProcessLauncher: console session 1 has a valid user token.
2026-07-31 15:23:58.054 -05:00 [DBG] (Thread 3) UserProcessLauncher: using session ID = 1.
2026-07-31 15:23:58.091 -05:00 [INF] (Thread 3) UserProcessLauncher: 'C:\Program Files\CapTG Updater\UpdateNotifier.exe' launched in session 1.
2026-07-31 15:23:58.091 -05:00 [DBG] (Thread 3) PipeServer: waiting for notifier to connect.
2026-07-31 15:24:58.127 -05:00 [WRN] (Thread 3) PipeServer: notifier did not connect within 60 seconds.
2026-07-31 15:24:58.127 -05:00 [WRN] (Thread 3) PipeServer: no response received — retrying notification in 15 minutes.
2026-07-31 15:39:58.130 -05:00 [INF] (Thread 10) PipeServer: pipe created — launching notifier.
2026-07-31 15:39:58.151 -05:00 [WRN] (Thread 10) PipeServer: killed stale notifier process (PID 49576).
2026-07-31 15:39:58.151 -05:00 [INF] (Thread 10) UserProcessLauncher: launching 'C:\Program Files\CapTG Updater\UpdateNotifier.exe' as active user.
2026-07-31 15:39:58.152 -05:00 [DBG] (Thread 10) UserProcessLauncher: console session 1 has a valid user token.
2026-07-31 15:39:58.152 -05:00 [DBG] (Thread 10) UserProcessLauncher: using session ID = 1.
2026-07-31 15:39:58.184 -05:00 [INF] (Thread 10) UserProcessLauncher: 'C:\Program Files\CapTG Updater\UpdateNotifier.exe' launched in session 1.
2026-07-31 15:39:58.184 -05:00 [DBG] (Thread 10) PipeServer: waiting for notifier to connect.
2026-07-31 15:40:58.196 -05:00 [WRN] (Thread 10) PipeServer: notifier did not connect within 60 seconds.
2026-07-31 15:40:58.196 -05:00 [WRN] (Thread 10) PipeServer: no response received — retrying notification in 15 minutes.
2026-07-31 15:55:58.216 -05:00 [INF] (Thread 7) PipeServer: pipe created — launching notifier.
2026-07-31 15:55:58.241 -05:00 [WRN] (Thread 7) PipeServer: killed stale notifier process (PID 39068).
2026-07-31 15:55:58.241 -05:00 [INF] (Thread 7) UserProcessLauncher: launching 'C:\Program Files\CapTG Updater\UpdateNotifier.exe' as active user.
2026-07-31 15:55:58.242 -05:00 [DBG] (Thread 7) UserProcessLauncher: console session 1 has a valid user token.
2026-07-31 15:55:58.242 -05:00 [DBG] (Thread 7) UserProcessLauncher: using session ID = 1.
2026-07-31 15:55:58.270 -05:00 [INF] (Thread 7) UserProcessLauncher: 'C:\Program Files\CapTG Updater\UpdateNotifier.exe' launched in session 1.
2026-07-31 15:55:58.270 -05:00 [DBG] (Thread 7) PipeServer: waiting for notifier to connect.
2026-07-31 15:56:58.286 -05:00 [WRN] (Thread 7) PipeServer: notifier did not connect within 60 seconds.
2026-07-31 15:56:58.286 -05:00 [WRN] (Thread 7) PipeServer: no response received — retrying notification in 15 minutes.
2026-07-31 16:11:58.541 -05:00 [INF] (Thread 10) PipeServer: pipe created — launching notifier.
2026-07-31 16:11:58.577 -05:00 [INF] (Thread 10) UserProcessLauncher: launching 'C:\Program Files\CapTG Updater\UpdateNotifier.exe' as active user.
2026-07-31 16:11:58.578 -05:00 [DBG] (Thread 10) UserProcessLauncher: console session 1 has a valid user token.
2026-07-31 16:11:58.578 -05:00 [DBG] (Thread 10) UserProcessLauncher: using session ID = 1.
2026-07-31 16:11:58.598 -05:00 [INF] (Thread 10) UserProcessLauncher: 'C:\Program Files\CapTG Updater\UpdateNotifier.exe' launched in session 1.
2026-07-31 16:11:58.598 -05:00 [DBG] (Thread 10) PipeServer: waiting for notifier to connect.
2026-07-31 16:12:49.189 -05:00 [INF] (Thread 7) PipeServer: notifier connected.
2026-07-31 16:12:49.258 -05:00 [DBG] (Thread 7) PipeServer: "RebootRequired" message sent.
