2026-08-06 10:05:50.207 -05:00 [INF] (Thread 3) PipeServer: pipe created — launching notifier.
2026-08-06 10:05:50.267 -05:00 [INF] (Thread 3) UserProcessLauncher: launching 'C:\Program Files\CapTG Updater\UpdateNotifier.exe' as active user.
2026-08-06 10:05:50.269 -05:00 [DBG] (Thread 3) UserProcessLauncher: console session 1 has a valid user token.
2026-08-06 10:05:50.270 -05:00 [DBG] (Thread 3) UserProcessLauncher: using session ID = 1.
2026-08-06 10:05:50.463 -05:00 [INF] (Thread 3) UserProcessLauncher: 'C:\Program Files\CapTG Updater\UpdateNotifier.exe' launched in session 1.
2026-08-06 10:05:50.464 -05:00 [DBG] (Thread 3) PipeServer: waiting for notifier to connect.
2026-08-06 10:05:50.843 -05:00 [INF] (Thread 3) PipeServer: notifier connected.
2026-08-06 10:05:50.858 -05:00 [DBG] (Thread 3) PipeServer: "RebootRequired" message sent.
2026-08-06 10:06:00.577 -05:00 [INF] (Thread 3) PipeServer: received UserResponse — SnoozeMinutes=-1
2026-08-06 10:06:00.608 -05:00 [INF] (Thread 3) PipeServer: user scheduled reboot for "2026-08-06T17:30:00.0000000-05:00" — persisted to registry.
2026-08-06 17:25:08.707 -05:00 [INF] (Thread 14) PipeServer: pipe created — launching notifier.
2026-08-06 17:25:08.747 -05:00 [INF] (Thread 14) UserProcessLauncher: launching 'C:\Program Files\CapTG Updater\UpdateNotifier.exe' as active user.
2026-08-06 17:25:08.750 -05:00 [DBG] (Thread 14) UserProcessLauncher: console session 1 has a valid user token.
2026-08-06 17:25:08.750 -05:00 [DBG] (Thread 14) UserProcessLauncher: using session ID = 1.
2026-08-06 17:25:08.928 -05:00 [INF] (Thread 14) UserProcessLauncher: 'C:\Program Files\CapTG Updater\UpdateNotifier.exe' launched in session 1.
2026-08-06 17:25:08.928 -05:00 [DBG] (Thread 14) PipeServer: waiting for notifier to connect.
2026-08-06 17:25:09.298 -05:00 [INF] (Thread 12) PipeServer: notifier connected.
2026-08-06 17:25:09.309 -05:00 [DBG] (Thread 12) PipeServer: "RebootImminent" message sent.
2026-08-06 17:25:12.953 -05:00 [INF] (Thread 12) PipeServer: received UserResponse — SnoozeMinutes=5
2026-08-06 17:25:12.967 -05:00 [INF] (Thread 12) PipeServer: user delayed scheduled reboot by 5 minutes — new time "2026-08-06T17:35:00.0000000-05:00".
2026-08-06 17:35:00.041 -05:00 [INF] (Thread 9) PipeServer: scheduled reboot time reached — initiating reboot.
2026-08-06 17:35:00.054 -05:00 [WRN] (Thread 9) PipeServer: executing system reboot in 5 seconds.
2026-08-06 17:35:00.108 -05:00 [INF] (Thread 9) UpdateBackgroundService: next cycle in "01:00:00".
2026-08-06 17:38:04.045 -05:00 [INF] (Thread 9) UpdateBackgroundService: StopAsync called by SCM.
2026-08-06 17:38:04.106 -05:00 [INF] (Thread 7) UpdateBackgroundService: stopping.
2026-08-06 17:43:04.230 -05:00 [INF] (Thread 2) Logging initialized. Directory: C:\ProgramData\CapTG\UpdateService\logs
2026-08-06 17:43:04.309 -05:00 [INF] (Thread 2) CapTG UpdateService starting. Args: []
2026-08-06 17:43:04.310 -05:00 [INF] (Thread 2) InstType = Client
2026-08-06 17:43:04.314 -05:00 [INF] (Thread 2) Notifier path: C:\Program Files\CapTG Updater\UpdateNotifier.exe
2026-08-06 17:43:04.529 -05:00 [INF] (Thread 2) Host built — handing control to the SCM.
2026-08-06 17:43:04.614 -05:00 [INF] (Thread 9) UpdateBackgroundService: update interval = "01:00:00"
2026-08-06 17:43:04.628 -05:00 [INF] (Thread 9) UpdateBackgroundService: StartAsync called by SCM.
2026-08-06 17:43:04.630 -05:00 [INF] (Thread 7) UpdateBackgroundService: service started. Initial delay = "00:02:00".
2026-08-06 17:43:04.632 -05:00 [INF] (Thread 7) WindowsUpdateWorker: pending-reboot baseline captured at service start. WU-RebootRequired=absent CBS-RebootPending=absent PendingFileRenameOperations=present
2026-08-06 17:45:04.643 -05:00 [INF] (Thread 12) SelfUpdater: checking for updates. Current version: 1.26.524.632
2026-08-06 17:45:05.491 -05:00 [INF] (Thread 13) SelfUpdater: remote version = 1.26.586.697.
2026-08-06 17:45:05.491 -05:00 [INF] (Thread 13) SelfUpdater: new version 1.26.586.697 available — downloading installer.
2026-08-06 17:45:05.497 -05:00 [INF] (Thread 13) SelfUpdater: downloading installer from https://github.com/Coldmiser/UpdateSolution/releases/latest/download/__CapTG_Updater_Latest.exe
2026-08-06 17:45:16.436 -05:00 [INF] (Thread 19) SelfUpdater: launching installer at C:\ProgramData\CapTG\UpdateStaging\__CapTG_Updater_Latest.exe
2026-08-06 17:45:16.473 -05:00 [INF] (Thread 19) SelfUpdater: installer launched. Service will be replaced momentarily.
2026-08-06 17:45:16.477 -05:00 [INF] (Thread 19) UpdateOrchestrator: === Update cycle starting ===
2026-08-06 17:45:16.480 -05:00 [INF] (Thread 19) WindowsUpdateWorker: starting update pass.
2026-08-06 17:45:16.481 -05:00 [INF] (Thread 19) WindowsUpdateWorker: verifying PSWindowsUpdate module.
2026-08-06 17:45:16.489 -05:00 [DBG] (Thread 19) WindowsUpdateWorker: running PS script: $ProgressPreference = 'SilentlyContinue'
            $ErrorActionPreference = 'Stop'
            try {
                if (-not (Get-PackageProvider -Name NuGet -ListAvailable -ErrorAction SilentlyContinue)) {
                    Install-PackageProvider -Name NuGet -MinimumVersion 2.8.5.201 -Force -Scope AllUsers | Out-Null
                }
                Set-PSRepository -Name PSGallery -InstallationPolicy Trusted -ErrorAction SilentlyContinue
                if (-not (Get-Module -ListAvailable -Name PSWindowsUpdate -ErrorAction SilentlyContinue)) {
                    Install-Module PSWindowsUpdate -Force -SkipPublisherCheck -Scope AllUsers | Out-Null
                }
                Import-Module PSWindowsUpdate -Force -ErrorAction Stop
                try {
                    Add-WUServiceManager -MicrosoftUpdate -Confirm:$false -ErrorAction SilentlyContinue | Out-Null
                } catch {}
                Write-Output 'OK'
            } catch {
                Write-Output ('ERROR: ' + $_.Exception.Message)
            }
2026-08-06 17:45:29.692 -05:00 [INF] (Thread 19) UpdateBackgroundService: StopAsync called by SCM.
2026-08-06 17:45:29.709 -05:00 [WRN] (Thread 20) UpdateOrchestrator: Windows Update cancelled.
2026-08-06 17:45:29.709 -05:00 [INF] (Thread 20) UpdateBackgroundService: stopping.
2026-08-06 17:45:37.311 -05:00 [INF] (Thread 2) Logging initialized. Directory: C:\ProgramData\CapTG\UpdateService\logs
2026-08-06 17:45:37.364 -05:00 [INF] (Thread 2) CapTG UpdateService starting. Args: [--install]
2026-08-06 17:45:37.370 -05:00 [INF] (Thread 2) Installing service from: C:\Program Files\CapTG Updater\UpdateService.exe
2026-08-06 17:45:37.429 -05:00 [INF] (Thread 2) Service 'CapTGUpdateService' already exists — stopping for upgrade.
2026-08-06 17:45:37.431 -05:00 [DBG] (Thread 2) sc.exe stop "CapTGUpdateService"
2026-08-06 17:45:37.492 -05:00 [DBG] (Thread 2) sc.exe stdout: [SC] ControlService FAILED 1062:

The service has not been started.
2026-08-06 17:45:38.587 -05:00 [INF] (Thread 2) WaitForServiceStop: service is stopped.
2026-08-06 17:45:38.590 -05:00 [DBG] (Thread 2) sc.exe config "CapTGUpdateService" binPath= "C:\Program Files\CapTG Updater\UpdateService.exe" start= delayed-auto obj= LocalSystem
2026-08-06 17:45:38.652 -05:00 [DBG] (Thread 2) sc.exe stdout: [SC] ChangeServiceConfig SUCCESS
2026-08-06 17:45:38.655 -05:00 [DBG] (Thread 2) sc.exe description "CapTGUpdateService" "Automatically applies Windows Updates, driver updates, and winget package upgrades hourly. Notifies the logged-in user when a reboot is required."
2026-08-06 17:45:38.719 -05:00 [DBG] (Thread 2) sc.exe stdout: [SC] ChangeServiceConfig2 SUCCESS
2026-08-06 17:45:38.723 -05:00 [DBG] (Thread 2) sc.exe failure "CapTGUpdateService" reset= 86400 actions= restart/0/restart/60000/restart/300000
2026-08-06 17:45:38.798 -05:00 [DBG] (Thread 2) sc.exe stdout: [SC] ChangeServiceConfig2 SUCCESS
2026-08-06 17:45:38.802 -05:00 [DBG] (Thread 2) sc.exe start "CapTGUpdateService"
2026-08-06 17:45:39.168 -05:00 [DBG] (Thread 2) sc.exe stdout: SERVICE_NAME: CapTGUpdateService 
        TYPE               : 10  WIN32_OWN_PROCESS  
        STATE              : 2  START_PENDING 
                                (NOT_STOPPABLE, NOT_PAUSABLE, IGNORES_SHUTDOWN)
        WIN32_EXIT_CODE    : 0  (0x0)
        SERVICE_EXIT_CODE  : 0  (0x0)
        CHECKPOINT         : 0x0
        WAIT_HINT          : 0x7d0
        PID                : 5744
        FLAGS              :
