2026-07-31 16:03:01.656 -05:00 [INF] (Thread 2) UpdateNotifier logging initialised. Directory: C:\ProgramData\CapTG\UpdateService\logs
2026-07-31 16:03:01.775 -05:00 [INF] (Thread 2) UpdateNotifier: application starting.
2026-07-31 16:03:01.778 -05:00 [INF] (Thread 2) UpdateNotifier: args=C:\Program Files\CapTG Updater\UpdateNotifier.exe
2026-07-31 16:03:01.814 -05:00 [INF] (Thread 2) PipeClient: connecting to pipe 'CapTG_UpdatePipe'.
2026-07-31 16:03:11.818 -05:00 [ERR] (Thread 2) PipeClient: connection timed out.
2026-07-31 16:03:11.820 -05:00 [ERR] (Thread 2) No message received from service.
2026-07-31 16:03:11.830 -05:00 [INF] (Thread 2) UpdateNotifier: exiting with code 1.
2026-07-31 16:03:11.831 -05:00 [DBG] (Thread 2) PipeClient: disposed.
2026-07-31 16:12:49.036 -05:00 [INF] (Thread 2) UpdateNotifier logging initialised. Directory: C:\ProgramData\CapTG\UpdateService\logs
2026-07-31 16:12:49.147 -05:00 [INF] (Thread 2) UpdateNotifier: application starting.
2026-07-31 16:12:49.149 -05:00 [INF] (Thread 2) UpdateNotifier: args=C:\Program Files\CapTG Updater\UpdateNotifier.exe
2026-07-31 16:12:49.181 -05:00 [INF] (Thread 2) PipeClient: connecting to pipe 'CapTG_UpdatePipe'.
2026-07-31 16:12:49.203 -05:00 [INF] (Thread 2) PipeClient: connected.
2026-07-31 16:12:49.449 -05:00 [INF] (Thread 2) PipeClient: received message type="RebootRequired".
2026-07-31 17:02:58.620 -05:00 [INF] (Thread 2) SnoozeManager initialised with 6 options (previousSnoozeCount=1).
2026-07-31 17:02:58.780 -05:00 [DBG] (Thread 2) MainViewModel: options refreshed. Count=6
2026-07-31 17:02:58.806 -05:00 [INF] (Thread 2) MainViewModel: loading message. KBs=0 Pkgs=1
2026-07-31 17:03:01.981 -05:00 [INF] (Thread 2) MainWindow: constructor complete.
2026-07-31 17:03:02.583 -05:00 [INF] (Thread 2) MainWindow: logo loaded from C:\Program Files\CapTG Updater\CompanyLogo.png.
2026-07-31 17:03:02.583 -05:00 [DBG] (Thread 2) MainWindow: position locked at (508, 110.4).
2026-07-31 17:03:02.675 -05:00 [DBG] (Thread 2) MainWindow: move attempt blocked.
2026-07-31 17:03:02.691 -05:00 [DBG] (Thread 2) MainWindow: Topmost re-asserted.
