2026-07-29 13:43:29.183 -05:00 [INF] (Thread 2) Logging initialized. Directory: C:\ProgramData\CapTG\UpdateService\logs
2026-07-29 13:43:29.328 -05:00 [INF] (Thread 2) CapTG UpdateService starting. Args: []
2026-07-29 13:43:29.332 -05:00 [INF] (Thread 2) Detected InstallationType 'Client', wrote InstType = Client.
2026-07-29 13:43:29.343 -05:00 [INF] (Thread 2) Notifier path: C:\Program Files\CapTG Updater\UpdateNotifier.exe
2026-07-29 13:43:29.611 -05:00 [INF] (Thread 2) Host built — handing control to the SCM.
2026-07-29 13:43:29.695 -05:00 [INF] (Thread 9) UpdateBackgroundService: update interval = "01:00:00"
2026-07-29 13:43:29.709 -05:00 [INF] (Thread 9) UpdateBackgroundService: StartAsync called by SCM.
2026-07-29 13:43:29.712 -05:00 [INF] (Thread 10) UpdateBackgroundService: service started. Initial delay = "00:02:00".
2026-07-29 13:43:29.715 -05:00 [INF] (Thread 10) WindowsUpdateWorker: pending-reboot baseline captured at service start. WU-RebootRequired=present CBS-RebootPending=present PendingFileRenameOperations=present
2026-07-29 13:45:29.722 -05:00 [INF] (Thread 3) SelfUpdater: checking for updates. Current version: 1.26.524.632
2026-07-29 13:45:30.274 -05:00 [INF] (Thread 6) SelfUpdater: remote version = 1.26.524.632.
2026-07-29 13:45:30.275 -05:00 [INF] (Thread 6) SelfUpdater: already up to date.
2026-07-29 13:45:30.279 -05:00 [INF] (Thread 6) UpdateOrchestrator: === Update cycle starting ===
2026-07-29 13:45:30.284 -05:00 [INF] (Thread 6) WindowsUpdateWorker: starting update pass.
2026-07-29 13:45:30.286 -05:00 [INF] (Thread 6) WindowsUpdateWorker: verifying PSWindowsUpdate module.
2026-07-29 13:45:30.300 -05:00 [DBG] (Thread 3) WindowsUpdateWorker: running PS script: $ProgressPreference = 'SilentlyContinue'
            $ErrorActionPreference = 'Stop'
            try {
                if (-not (Get-PackageProvider -Name NuGet -ListAvailable -ErrorAction SilentlyContinue)) {
                    Install-PackageProvider -Name NuGet -MinimumVersion 2.8.5.201 -Force -Scope AllUsers | Out-Null
                }
                Set-PSRepository -Name PSGallery -InstallationPolicy Trusted -ErrorAction SilentlyContinue
                if (-not (Get-Module -ListAvailable -Name PSWindowsUpdate -ErrorAction SilentlyContinue)) {
                    Install-Module PSWindowsUpdate -Force -SkipPublisherCheck -Scope AllUsers | Out-Null
                }
                Import-Module PSWindowsUpdate -Force -ErrorAction Stop
                try {
                    Add-WUServiceManager -MicrosoftUpdate -Confirm:$false -ErrorAction SilentlyContinue | Out-Null
                } catch {}
                Write-Output 'OK'
            } catch {
                Write-Output ('ERROR: ' + $_.Exception.Message)
            }
2026-07-29 13:46:02.190 -05:00 [INF] (Thread 14) WindowsUpdateWorker: PSWindowsUpdate module OK.
2026-07-29 13:46:02.196 -05:00 [DBG] (Thread 6) WindowsUpdateWorker: running PS script: Import-Module PSWindowsUpdate -ErrorAction Stop
        $ProgressPreference = 'SilentlyContinue'

        # Force the Windows Update Agent to scan before installing.
        # Fixes 0x80248007 (WU_E_DS_NODATA) on fresh builds or machines
        # whose update data store has not been initialised yet.
        try {
            Start-Process -FilePath 'UsoClient.exe' `
                -ArgumentList 'StartScan' `
                -Wait -NoNewWindow -ErrorAction SilentlyContinue
            Start-Sleep -Seconds 30
        } catch {}

        # 2>&1 merges stderr into the pipeline mixing strings with update
        # objects -- we filter them out in the foreach loop below.
        $rawOutput = Install-WindowsUpdate `
            -MicrosoftUpdate `
            -AcceptAll `
            -IgnoreReboot `
            -Install `
            -ErrorAction Continue 2>&1

        # Use a hashtable keyed on Title to keep only the LAST result per update.
        # PSWindowsUpdate emits objects at multiple pipeline stages (search, download,
        # install); overwriting ensures we capture the final post-install ResultCode
        # rather than an early ResultCode=0 (NotStarted).
        $byKey = @{}

        foreach ($u in $rawOutput) {
            if ($null -eq $u -or $u -isnot [PSObject]) { continue }
            if (-not ($u.PSObject.Properties.Name -contains 'Title')) { continue }
            if ([string]::IsNullOrWhiteSpace($u.Title)) { continue }

            $resultCode = 0
            try { $resultCode = [int]$u.ResultCode } catch { $resultCode = 4 }
            $succeeded = ($resultCode -eq 2 -or $resultCode -eq 3)

            # ResultCode=0 means NotStarted — treat as Skipped, not Failed.
            $status = if ($succeeded) { 'Succeeded' } elseif ($resultCode -eq 0) { 'Skipped' } else { 'Failed' }

            $kb = ''
            try {
                if ($u.KBArticleIDs -and $u.KBArticleIDs.Count -gt 0) {
                    $kb = 'KB' + $u.KBArticleIDs[0]
                }
            } catch {}

            $needsReboot = $false
            try { $needsReboot = [bool]$u.RebootRequired } catch {}

            $byKey[$u.Title] = [PSCustomObject]@{
                Identifier     = $kb
                Title          = [string]$u.Title
                Status         = $status
                ErrorMessage   = if ($succeeded -or $resultCode -eq 0) { '' } else { 'ResultCode=' + $resultCode }
                RebootRequired = $needsReboot
                AttemptedAt    = (Get-Date -Format 'o')
            }
        }

        $results = @($byKey.Values)

        if ($results.Count -eq 0) {
            Write-Output '[]'
        } else {
            $results | ConvertTo-Json -Compress
        }
2026-07-29 14:01:53.324 -05:00 [INF] (Thread 17) WindowsUpdateWorker: WU RebootRequired key present but unchanged since service start — ignoring as stale.
2026-07-29 14:01:53.325 -05:00 [INF] (Thread 17) WindowsUpdateWorker: CBS RebootPending key present but unchanged since service start — ignoring as stale.
2026-07-29 14:01:53.325 -05:00 [INF] (Thread 17) WindowsUpdateWorker: no updates installed — system reboot is already pending.
2026-07-29 14:01:53.326 -05:00 [INF] (Thread 17) WindowsUpdateWorker: pass complete. Total=4 Succeeded=1 Failed=0 Skipped=3
2026-07-29 14:01:53.351 -05:00 [INF] (Thread 17) WingetWorker: starting upgrade pass.
2026-07-29 14:01:53.495 -05:00 [DBG] (Thread 17) WingetWorker: using winget at C:\Program Files\WindowsApps\Microsoft.DesktopAppInstaller_1.29.280.0_x64__8wekyb3d8bbwe\winget.exe
2026-07-29 14:01:53.495 -05:00 [DBG] (Thread 17) WingetWorker: winget upgrade --include-unknown --accept-source-agreements
2026-07-29 14:01:56.247 -05:00 [INF] (Thread 17) WingetWorker: 4 package(s) queued for upgrade.
2026-07-29 14:01:56.248 -05:00 [INF] (Thread 17) WingetWorker: upgrading package 'Adobe.Acrobat.Pro'.
2026-07-29 14:01:56.325 -05:00 [DBG] (Thread 17) WingetWorker: using winget at C:\Program Files\WindowsApps\Microsoft.DesktopAppInstaller_1.29.280.0_x64__8wekyb3d8bbwe\winget.exe
2026-07-29 14:01:56.325 -05:00 [DBG] (Thread 17) WingetWorker: winget upgrade --id "Adobe.Acrobat.Pro" --silent --accept-source-agreements --accept-package-agreements --include-unknown
2026-07-29 14:03:36.091 -05:00 [WRN] (Thread 14) WingetWorker: 'Adobe.Acrobat.Pro' upgrade failed (exit -1978335215). Stderr: 
2026-07-29 14:03:36.092 -05:00 [INF] (Thread 14) WingetWorker: upgrading package 'PaperCutSoftware.GhostTrap'.
2026-07-29 14:03:36.176 -05:00 [DBG] (Thread 14) WingetWorker: using winget at C:\Program Files\WindowsApps\Microsoft.DesktopAppInstaller_1.29.280.0_x64__8wekyb3d8bbwe\winget.exe
2026-07-29 14:03:36.176 -05:00 [DBG] (Thread 14) WingetWorker: winget upgrade --id "PaperCutSoftware.GhostTrap" --silent --accept-source-agreements --accept-package-agreements --include-unknown
2026-07-29 14:04:08.361 -05:00 [INF] (Thread 14) WingetWorker: 'PaperCutSoftware.GhostTrap' upgraded successfully. RebootRequired=false
2026-07-29 14:04:08.361 -05:00 [INF] (Thread 14) WingetWorker: upgrading package 'Microsoft.VCLibs.14'.
2026-07-29 14:04:08.449 -05:00 [DBG] (Thread 14) WingetWorker: using winget at C:\Program Files\WindowsApps\Microsoft.DesktopAppInstaller_1.29.280.0_x64__8wekyb3d8bbwe\winget.exe
2026-07-29 14:04:08.449 -05:00 [DBG] (Thread 14) WingetWorker: winget upgrade --id "Microsoft.VCLibs.14" --silent --accept-source-agreements --accept-package-agreements --include-unknown
2026-07-29 14:04:28.538 -05:00 [WRN] (Thread 14) WingetWorker: 'Microsoft.VCLibs.14' upgrade failed (exit -2147024809). Stderr: 
2026-07-29 14:04:28.539 -05:00 [INF] (Thread 14) WingetWorker: upgrading package 'Microsoft.PowerShell'.
2026-07-29 14:04:28.646 -05:00 [DBG] (Thread 14) WingetWorker: using winget at C:\Program Files\WindowsApps\Microsoft.DesktopAppInstaller_1.29.280.0_x64__8wekyb3d8bbwe\winget.exe
2026-07-29 14:04:28.646 -05:00 [DBG] (Thread 14) WingetWorker: winget upgrade --id "Microsoft.PowerShell" --silent --accept-source-agreements --accept-package-agreements --include-unknown
2026-07-29 14:04:30.317 -05:00 [WRN] (Thread 14) WingetWorker: 'Microsoft.PowerShell' upgrade failed (exit -1978335090). Stderr: 
2026-07-29 14:04:30.318 -05:00 [INF] (Thread 14) WingetWorker: pass complete. Succeeded=1 Failed=3 Skipped=0
2026-07-29 14:04:30.319 -05:00 [INF] (Thread 14) UpdateOrchestrator: cycle complete. Total=8 Succeeded=2 Failed=3 RebootRequired=true
2026-07-29 14:04:30.319 -05:00 [INF] (Thread 14) UpdateOrchestrator: reboot is required — notifying logged-in user.
2026-07-29 14:04:30.327 -05:00 [INF] (Thread 14) PipeServer: pipe created — launching notifier.
2026-07-29 14:04:30.334 -05:00 [INF] (Thread 14) UserProcessLauncher: launching 'C:\Program Files\CapTG Updater\UpdateNotifier.exe' as active user.
2026-07-29 14:04:30.339 -05:00 [DBG] (Thread 14) UserProcessLauncher: console session 1 has a valid user token.
2026-07-29 14:04:30.340 -05:00 [DBG] (Thread 14) UserProcessLauncher: using session ID = 1.
2026-07-29 14:04:30.403 -05:00 [INF] (Thread 14) UserProcessLauncher: 'C:\Program Files\CapTG Updater\UpdateNotifier.exe' launched in session 1.
2026-07-29 14:04:30.403 -05:00 [DBG] (Thread 14) PipeServer: waiting for notifier to connect.
2026-07-29 14:04:30.904 -05:00 [INF] (Thread 14) PipeServer: notifier connected.
2026-07-29 14:04:30.980 -05:00 [DBG] (Thread 14) PipeServer: "RebootRequired" message sent.
2026-07-29 14:10:36.935 -05:00 [INF] (Thread 14) PipeServer: received UserResponse — SnoozeMinutes=360
2026-07-29 14:10:36.939 -05:00 [INF] (Thread 14) PipeServer: user snoozed for 360 minutes (snoozeCount=1).
