2026-08-06 17:45:38.977 -05:00 [INF] (Thread 2) Logging initialized. Directory: C:\ProgramData\CapTG\UpdateService\logs
2026-08-06 17:45:39.021 -05:00 [INF] (Thread 2) CapTG UpdateService starting. Args: []
2026-08-06 17:45:39.021 -05:00 [INF] (Thread 2) InstType = Client
2026-08-06 17:45:39.022 -05:00 [INF] (Thread 2) Wrote default RebootDoW = 0x3E (Mon-Fri).
2026-08-06 17:45:39.026 -05:00 [INF] (Thread 2) Notifier path: C:\Program Files\CapTG Updater\UpdateNotifier.exe
2026-08-06 17:45:39.154 -05:00 [INF] (Thread 2) Host built — handing control to the SCM.
2026-08-06 17:45:39.219 -05:00 [INF] (Thread 9) UpdateBackgroundService: update interval = "01:00:00"
2026-08-06 17:45:39.224 -05:00 [INF] (Thread 9) UpdateBackgroundService: StartAsync called by SCM.
2026-08-06 17:45:39.226 -05:00 [INF] (Thread 7) UpdateBackgroundService: service started. Initial delay = "00:02:00".
2026-08-06 17:45:39.227 -05:00 [INF] (Thread 7) WindowsUpdateWorker: pending-reboot baseline captured at service start. WU-RebootRequired=absent CBS-RebootPending=absent PendingFileRenameOperations=present
2026-08-06 17:47:39.241 -05:00 [INF] (Thread 3) SelfUpdater: checking for updates. Current version: 1.26.586.697
2026-08-06 17:47:39.888 -05:00 [INF] (Thread 12) SelfUpdater: remote version = 1.26.586.697.
2026-08-06 17:47:39.888 -05:00 [INF] (Thread 12) SelfUpdater: already up to date.
2026-08-06 17:47:39.894 -05:00 [INF] (Thread 12) UpdateOrchestrator: === Update cycle starting ===
2026-08-06 17:47:39.900 -05:00 [INF] (Thread 12) WindowsUpdateWorker: starting update pass.
2026-08-06 17:47:39.902 -05:00 [INF] (Thread 12) WindowsUpdateWorker: verifying PSWindowsUpdate module.
2026-08-06 17:47:39.919 -05:00 [DBG] (Thread 3) WindowsUpdateWorker: running PS script: $ProgressPreference = 'SilentlyContinue'
            $ErrorActionPreference = 'Stop'
            try {
                if (-not (Get-PackageProvider -Name NuGet -ListAvailable -ErrorAction SilentlyContinue)) {
                    Install-PackageProvider -Name NuGet -MinimumVersion 2.8.5.201 -Force -Scope AllUsers | Out-Null
                }
                Set-PSRepository -Name PSGallery -InstallationPolicy Trusted -ErrorAction SilentlyContinue
                if (-not (Get-Module -ListAvailable -Name PSWindowsUpdate -ErrorAction SilentlyContinue)) {
                    Install-Module PSWindowsUpdate -Force -SkipPublisherCheck -Scope AllUsers | Out-Null
                }
                Import-Module PSWindowsUpdate -Force -ErrorAction Stop
                try {
                    Add-WUServiceManager -MicrosoftUpdate -Confirm:$false -ErrorAction SilentlyContinue | Out-Null
                } catch {}
                Write-Output 'OK'
            } catch {
                Write-Output ('ERROR: ' + $_.Exception.Message)
            }
2026-08-06 17:48:08.004 -05:00 [INF] (Thread 14) WindowsUpdateWorker: PSWindowsUpdate module OK.
2026-08-06 17:48:08.009 -05:00 [DBG] (Thread 3) WindowsUpdateWorker: running PS script: Import-Module PSWindowsUpdate -ErrorAction Stop
        $ProgressPreference = 'SilentlyContinue'

        # Force the Windows Update Agent to scan before installing.
        # Fixes 0x80248007 (WU_E_DS_NODATA) on fresh builds or machines
        # whose update data store has not been initialised yet.
        try {
            Start-Process -FilePath 'UsoClient.exe' `
                -ArgumentList 'StartScan' `
                -Wait -NoNewWindow -ErrorAction SilentlyContinue
            Start-Sleep -Seconds 30
        } catch {}

        # 2>&1 merges stderr into the pipeline mixing strings with update
        # objects -- we filter them out in the foreach loop below.
        $rawOutput = Install-WindowsUpdate `
            -MicrosoftUpdate `
            -AcceptAll `
            -IgnoreReboot `
            -Install `
            -ErrorAction Continue 2>&1

        # Use a hashtable keyed on Title to keep only the LAST result per update.
        # PSWindowsUpdate emits objects at multiple pipeline stages (search, download,
        # install); overwriting ensures we capture the final post-install ResultCode
        # rather than an early ResultCode=0 (NotStarted).
        $byKey = @{}

        foreach ($u in $rawOutput) {
            if ($null -eq $u -or $u -isnot [PSObject]) { continue }
            if (-not ($u.PSObject.Properties.Name -contains 'Title')) { continue }
            if ([string]::IsNullOrWhiteSpace($u.Title)) { continue }

            $resultCode = 0
            try { $resultCode = [int]$u.ResultCode } catch { $resultCode = 4 }
            $succeeded = ($resultCode -eq 2 -or $resultCode -eq 3)

            # ResultCode=0 means NotStarted — treat as Skipped, not Failed.
            $status = if ($succeeded) { 'Succeeded' } elseif ($resultCode -eq 0) { 'Skipped' } else { 'Failed' }

            $kb = ''
            try {
                if ($u.KBArticleIDs -and $u.KBArticleIDs.Count -gt 0) {
                    $kb = 'KB' + $u.KBArticleIDs[0]
                }
            } catch {}

            $needsReboot = $false
            try { $needsReboot = [bool]$u.RebootRequired } catch {}

            $byKey[$u.Title] = [PSCustomObject]@{
                Identifier     = $kb
                Title          = [string]$u.Title
                Status         = $status
                ErrorMessage   = if ($succeeded -or $resultCode -eq 0) { '' } else { 'ResultCode=' + $resultCode }
                RebootRequired = $needsReboot
                AttemptedAt    = (Get-Date -Format 'o')
            }
        }

        $results = @($byKey.Values)

        if ($results.Count -eq 0) {
            Write-Output '[]'
        } else {
            $results | ConvertTo-Json -Compress
        }
2026-08-06 17:49:27.967 -05:00 [INF] (Thread 17) WindowsUpdateWorker: PendingFileRenameOperations present but unchanged since service start — ignoring as stale.
2026-08-06 17:49:27.969 -05:00 [INF] (Thread 17) WindowsUpdateWorker: pass complete. Total=2 Succeeded=0 Failed=0 Skipped=2
2026-08-06 17:49:28.003 -05:00 [INF] (Thread 17) WingetWorker: starting upgrade pass.
2026-08-06 17:49:28.121 -05:00 [DBG] (Thread 17) WingetWorker: using winget at C:\Program Files\WindowsApps\Microsoft.DesktopAppInstaller_1.29.280.0_x64__8wekyb3d8bbwe\winget.exe
2026-08-06 17:49:28.121 -05:00 [DBG] (Thread 17) WingetWorker: winget upgrade --include-unknown --accept-source-agreements
2026-08-06 17:49:33.236 -05:00 [INF] (Thread 17) WingetWorker: 2 package(s) queued for upgrade.
2026-08-06 17:49:33.239 -05:00 [INF] (Thread 17) WingetWorker: upgrading package 'PaperCutSoftware.GhostTrap'.
2026-08-06 17:49:33.349 -05:00 [DBG] (Thread 17) WingetWorker: using winget at C:\Program Files\WindowsApps\Microsoft.DesktopAppInstaller_1.29.280.0_x64__8wekyb3d8bbwe\winget.exe
2026-08-06 17:49:33.349 -05:00 [DBG] (Thread 17) WingetWorker: winget upgrade --id "PaperCutSoftware.GhostTrap" --silent --accept-source-agreements --accept-package-agreements --include-unknown
2026-08-06 17:50:07.833 -05:00 [INF] (Thread 17) WingetWorker: 'PaperCutSoftware.GhostTrap' upgraded successfully. RebootRequired=false
2026-08-06 17:50:07.834 -05:00 [INF] (Thread 17) WingetWorker: upgrading package 'Microsoft.PowerShell'.
2026-08-06 17:50:07.944 -05:00 [DBG] (Thread 17) WingetWorker: using winget at C:\Program Files\WindowsApps\Microsoft.DesktopAppInstaller_1.29.280.0_x64__8wekyb3d8bbwe\winget.exe
2026-08-06 17:50:07.944 -05:00 [DBG] (Thread 17) WingetWorker: winget upgrade --id "Microsoft.PowerShell" --silent --accept-source-agreements --accept-package-agreements --include-unknown
2026-08-06 17:50:11.864 -05:00 [WRN] (Thread 16) WingetWorker: 'Microsoft.PowerShell' upgrade failed (exit -1978335090). Stderr: 
2026-08-06 17:50:11.875 -05:00 [INF] (Thread 16) WingetWorker: pass complete. Succeeded=1 Failed=1 Skipped=0
2026-08-06 17:50:11.876 -05:00 [INF] (Thread 16) UpdateOrchestrator: cycle complete. Total=4 Succeeded=1 Failed=1 RebootRequired=false
2026-08-06 17:50:11.877 -05:00 [INF] (Thread 16) UpdateOrchestrator: no reboot required — cycle complete.
2026-08-06 17:50:11.877 -05:00 [INF] (Thread 16) UpdateBackgroundService: next cycle in "01:00:00".
