2026-08-13 00:19:04 | INF | WINDOWS-UPDATE | KB= | Title=Intel Corporation Extension Driver Update (32.0.101.7088) | Status=Skipped | 2026-08-13T00:19:03.5015692-05:00
2026-08-13 00:19:04 | INF | WINDOWS-UPDATE | KB=KB5120708 | Title=2026-08 .NET Framework Security Update (KB5120708) | Status=Skipped | 2026-08-13T00:19:03.5087854-05:00
2026-08-13 00:19:04 | INF | WINDOWS-UPDATE | KB=KB5121003 | Title=2026-08 Security Update (KB5121003) (26200.9168) | Status=Skipped | 2026-08-13T00:19:03.5128090-05:00
2026-08-13 00:19:04 | INF | WINDOWS-UPDATE | KB= | Title=Intel Corporation Display Driver Update (32.0.101.7088) | Status=Skipped | 2026-08-13T00:19:03.5054595-05:00
2026-08-13 00:19:04 | INF | WINDOWS-UPDATE | KB=PendingReboot | Title=Reboot pending from a previous update cycle | RebootRequired=true | 2026-08-13T05:19:04.0129818Z
2026-08-13 01:33:20 | INF | WINDOWS-UPDATE | KB=KB5121003 | Title=2026-08 Security Update (KB5121003) (26200.9168) | Status=Skipped | 2026-08-13T01:33:20.1047517-05:00
2026-08-13 01:33:20 | INF | WINDOWS-UPDATE | KB=KB5120708 | Title=2026-08 .NET Framework Security Update (KB5120708) | Status=Skipped | 2026-08-13T01:33:20.1007535-05:00
2026-08-13 01:33:20 | INF | WINDOWS-UPDATE | KB=PendingReboot | Title=Reboot pending from a previous update cycle | RebootRequired=true | 2026-08-13T06:33:20.4730597Z
2026-08-13 02:47:11 | INF | WINDOWS-UPDATE | KB=KB5121003 | Title=2026-08 Security Update (KB5121003) (26200.9168) | Status=Skipped | 2026-08-13T02:47:11.5054371-05:00
2026-08-13 02:47:11 | INF | WINDOWS-UPDATE | KB=KB5120708 | Title=2026-08 .NET Framework Security Update (KB5120708) | Status=Skipped | 2026-08-13T02:47:11.5044353-05:00
2026-08-13 02:47:11 | INF | WINDOWS-UPDATE | KB=PendingReboot | Title=Reboot pending from a previous update cycle | RebootRequired=true | 2026-08-13T07:47:11.7695674Z
2026-08-13 04:00:48 | INF | WINDOWS-UPDATE | KB=KB5121003 | Title=2026-08 Security Update (KB5121003) (26200.9168) | Status=Skipped | 2026-08-13T04:00:48.4517595-05:00
2026-08-13 04:00:48 | INF | WINDOWS-UPDATE | KB=KB5120708 | Title=2026-08 .NET Framework Security Update (KB5120708) | Status=Skipped | 2026-08-13T04:00:48.4477682-05:00
2026-08-13 04:00:48 | INF | WINDOWS-UPDATE | KB=PendingReboot | Title=Reboot pending from a previous update cycle | RebootRequired=true | 2026-08-13T09:00:48.8837536Z
2026-08-13 05:14:17 | INF | WINDOWS-UPDATE | KB=KB5121003 | Title=2026-08 Security Update (KB5121003) (26200.9168) | Status=Skipped | 2026-08-13T05:14:17.0646905-05:00
2026-08-13 05:14:17 | INF | WINDOWS-UPDATE | KB=KB5120708 | Title=2026-08 .NET Framework Security Update (KB5120708) | Status=Skipped | 2026-08-13T05:14:17.0610628-05:00
2026-08-13 05:14:17 | INF | WINDOWS-UPDATE | KB=PendingReboot | Title=Reboot pending from a previous update cycle | RebootRequired=true | 2026-08-13T10:14:17.4544704Z
2026-08-13 06:27:48 | INF | WINDOWS-UPDATE | KB=KB5121003 | Title=2026-08 Security Update (KB5121003) (26200.9168) | Status=Skipped | 2026-08-13T06:27:47.8850616-05:00
2026-08-13 06:27:48 | INF | WINDOWS-UPDATE | KB=KB5120708 | Title=2026-08 .NET Framework Security Update (KB5120708) | Status=Skipped | 2026-08-13T06:27:45.1203687-05:00
2026-08-13 06:27:48 | INF | WINDOWS-UPDATE | KB=PendingReboot | Title=Reboot pending from a previous update cycle | RebootRequired=true | 2026-08-13T11:27:48.3101251Z
2026-08-13 07:50:19 | INF | WINDOWS-UPDATE | KB=KB5121003 | Title=2026-08 Security Update (KB5121003) (26200.9168) | Status=Skipped | 2026-08-13T07:50:19.1625956-05:00
2026-08-13 07:50:19 | INF | WINDOWS-UPDATE | KB=KB5120708 | Title=2026-08 .NET Framework Security Update (KB5120708) | Status=Skipped | 2026-08-13T07:50:19.1584672-05:00
2026-08-13 07:50:19 | INF | WINDOWS-UPDATE | KB=PendingReboot | Title=Reboot pending from a previous update cycle | RebootRequired=true | 2026-08-13T12:50:19.6217998Z
2026-08-13 09:04:04 | INF | WINDOWS-UPDATE | KB=KB5121003 | Title=2026-08 Security Update (KB5121003) (26200.9168) | Status=Skipped | 2026-08-13T09:04:04.7155286-05:00
2026-08-13 09:04:04 | INF | WINDOWS-UPDATE | KB=KB5120708 | Title=2026-08 .NET Framework Security Update (KB5120708) | Status=Skipped | 2026-08-13T09:04:04.7130078-05:00
2026-08-13 09:04:04 | INF | WINDOWS-UPDATE | KB=PendingReboot | Title=Reboot pending from a previous update cycle | RebootRequired=true | 2026-08-13T14:04:04.9516723Z
2026-08-13 10:18:00 | INF | WINDOWS-UPDATE | KB=KB5121003 | Title=2026-08 Security Update (KB5121003) (26200.9168) | Status=Skipped | 2026-08-13T10:18:00.3062710-05:00
2026-08-13 10:18:00 | INF | WINDOWS-UPDATE | KB=KB5120708 | Title=2026-08 .NET Framework Security Update (KB5120708) | Status=Skipped | 2026-08-13T10:18:00.3032673-05:00
2026-08-13 10:18:00 | INF | WINDOWS-UPDATE | KB=PendingReboot | Title=Reboot pending from a previous update cycle | RebootRequired=true | 2026-08-13T15:18:00.5850089Z
2026-08-13 11:32:44 | INF | WINDOWS-UPDATE | KB=KB5121003 | Title=2026-08 Security Update (KB5121003) (26200.9168) | Status=Skipped | 2026-08-13T11:32:43.7245406-05:00
2026-08-13 11:32:44 | INF | WINDOWS-UPDATE | KB=KB5120708 | Title=2026-08 .NET Framework Security Update (KB5120708) | Status=Skipped | 2026-08-13T11:32:43.7235247-05:00
2026-08-13 11:32:44 | INF | WINDOWS-UPDATE | KB=PendingReboot | Title=Reboot pending from a previous update cycle | RebootRequired=true | 2026-08-13T16:32:44.0086348Z
2026-08-13 12:46:19 | INF | WINDOWS-UPDATE | KB=KB5121003 | Title=2026-08 Security Update (KB5121003) (26200.9168) | Status=Skipped | 2026-08-13T12:46:19.1455839-05:00
2026-08-13 12:46:19 | INF | WINDOWS-UPDATE | KB=KB5120708 | Title=2026-08 .NET Framework Security Update (KB5120708) | Status=Skipped | 2026-08-13T12:46:19.1425607-05:00
2026-08-13 12:46:19 | INF | WINDOWS-UPDATE | KB=PendingReboot | Title=Reboot pending from a previous update cycle | RebootRequired=true | 2026-08-13T17:46:19.3852398Z
2026-08-13 14:00:39 | INF | WINDOWS-UPDATE | KB=KB5121003 | Title=2026-08 Security Update (KB5121003) (26200.9168) | Status=Skipped | 2026-08-13T14:00:39.5463570-05:00
2026-08-13 14:00:39 | INF | WINDOWS-UPDATE | KB=KB5120708 | Title=2026-08 .NET Framework Security Update (KB5120708) | Status=Skipped | 2026-08-13T14:00:39.5433501-05:00
2026-08-13 14:00:39 | INF | WINDOWS-UPDATE | KB=PendingReboot | Title=Reboot pending from a previous update cycle | RebootRequired=true | 2026-08-13T19:00:39.8221075Z
2026-08-13 15:14:21 | INF | WINDOWS-UPDATE | KB=KB5121003 | Title=2026-08 Security Update (KB5121003) (26200.9168) | Status=Skipped | 2026-08-13T15:14:21.7267218-05:00
2026-08-13 15:14:21 | INF | WINDOWS-UPDATE | KB=KB5120708 | Title=2026-08 .NET Framework Security Update (KB5120708) | Status=Skipped | 2026-08-13T15:14:21.7229972-05:00
2026-08-13 15:14:21 | INF | WINDOWS-UPDATE | KB=PendingReboot | Title=Reboot pending from a previous update cycle | RebootRequired=true | 2026-08-13T20:14:21.9715752Z
2026-08-13 16:28:59 | INF | WINDOWS-UPDATE | KB=KB5121003 | Title=2026-08 Security Update (KB5121003) (26200.9168) | Status=Skipped | 2026-08-13T16:28:59.4137162-05:00
2026-08-13 16:28:59 | INF | WINDOWS-UPDATE | KB=KB5120708 | Title=2026-08 .NET Framework Security Update (KB5120708) | Status=Skipped | 2026-08-13T16:28:59.4105980-05:00
2026-08-13 16:28:59 | INF | WINDOWS-UPDATE | KB=PendingReboot | Title=Reboot pending from a previous update cycle | RebootRequired=true | 2026-08-13T21:28:59.6655167Z
2026-08-13 17:51:02 | INF | WINDOWS-UPDATE | KB=KB5121003 | Title=2026-08 Security Update (KB5121003) (26200.9168) | Status=Skipped | 2026-08-13T17:51:01.8123113-05:00
2026-08-13 17:51:02 | INF | WINDOWS-UPDATE | KB=KB5120708 | Title=2026-08 .NET Framework Security Update (KB5120708) | Status=Skipped | 2026-08-13T17:51:01.8113091-05:00
2026-08-13 17:51:02 | INF | WINDOWS-UPDATE | KB=PendingReboot | Title=Reboot pending from a previous update cycle | RebootRequired=true | 2026-08-13T22:51:02.2953560Z
2026-08-13 17:52:03 | INF | WINGET | PaperCutSoftware.GhostTrap | Status="Succeeded" | RebootRequired=false | 2026-08-13T22:52:03.1295260Z
2026-08-13 17:52:07 | WRN | WINGET | Microsoft.PowerShell | Status="Failed" | Error=winget exit code -1978335090:  | 2026-08-13T22:52:07.1626733Z
