2026-08-10 00:37:21.173 -05:00 [INF] (Thread 26) SelfUpdater: checking for updates. Current version: 1.26.586.697
2026-08-10 00:37:21.316 -05:00 [INF] (Thread 18) SelfUpdater: remote version = 1.26.586.697.
2026-08-10 00:37:21.316 -05:00 [INF] (Thread 18) SelfUpdater: already up to date.
2026-08-10 00:37:21.316 -05:00 [INF] (Thread 18) UpdateOrchestrator: === Update cycle starting ===
2026-08-10 00:37:21.316 -05:00 [INF] (Thread 18) WindowsUpdateWorker: starting update pass.
2026-08-10 00:37:21.316 -05:00 [INF] (Thread 18) WindowsUpdateWorker: verifying PSWindowsUpdate module.
2026-08-10 00:37:21.320 -05:00 [DBG] (Thread 18) WindowsUpdateWorker: running PS script: $ProgressPreference = 'SilentlyContinue'
            $ErrorActionPreference = 'Stop'
            try {
                if (-not (Get-PackageProvider -Name NuGet -ListAvailable -ErrorAction SilentlyContinue)) {
                    Install-PackageProvider -Name NuGet -MinimumVersion 2.8.5.201 -Force -Scope AllUsers | Out-Null
                }
                Set-PSRepository -Name PSGallery -InstallationPolicy Trusted -ErrorAction SilentlyContinue
                if (-not (Get-Module -ListAvailable -Name PSWindowsUpdate -ErrorAction SilentlyContinue)) {
                    Install-Module PSWindowsUpdate -Force -SkipPublisherCheck -Scope AllUsers | Out-Null
                }
                Import-Module PSWindowsUpdate -Force -ErrorAction Stop
                try {
                    Add-WUServiceManager -MicrosoftUpdate -Confirm:$false -ErrorAction SilentlyContinue | Out-Null
                } catch {}
                Write-Output 'OK'
            } catch {
                Write-Output ('ERROR: ' + $_.Exception.Message)
            }
2026-08-10 00:37:55.728 -05:00 [INF] (Thread 18) WindowsUpdateWorker: PSWindowsUpdate module OK.
2026-08-10 00:37:55.730 -05:00 [DBG] (Thread 18) WindowsUpdateWorker: running PS script: Import-Module PSWindowsUpdate -ErrorAction Stop
        $ProgressPreference = 'SilentlyContinue'

        # Force the Windows Update Agent to scan before installing.
        # Fixes 0x80248007 (WU_E_DS_NODATA) on fresh builds or machines
        # whose update data store has not been initialised yet.
        try {
            Start-Process -FilePath 'UsoClient.exe' `
                -ArgumentList 'StartScan' `
                -Wait -NoNewWindow -ErrorAction SilentlyContinue
            Start-Sleep -Seconds 30
        } catch {}

        # 2>&1 merges stderr into the pipeline mixing strings with update
        # objects -- we filter them out in the foreach loop below.
        $rawOutput = Install-WindowsUpdate `
            -MicrosoftUpdate `
            -AcceptAll `
            -IgnoreReboot `
            -Install `
            -ErrorAction Continue 2>&1

        # Use a hashtable keyed on Title to keep only the LAST result per update.
        # PSWindowsUpdate emits objects at multiple pipeline stages (search, download,
        # install); overwriting ensures we capture the final post-install ResultCode
        # rather than an early ResultCode=0 (NotStarted).
        $byKey = @{}

        foreach ($u in $rawOutput) {
            if ($null -eq $u -or $u -isnot [PSObject]) { continue }
            if (-not ($u.PSObject.Properties.Name -contains 'Title')) { continue }
            if ([string]::IsNullOrWhiteSpace($u.Title)) { continue }

            $resultCode = 0
            try { $resultCode = [int]$u.ResultCode } catch { $resultCode = 4 }
            $succeeded = ($resultCode -eq 2 -or $resultCode -eq 3)

            # ResultCode=0 means NotStarted — treat as Skipped, not Failed.
            $status = if ($succeeded) { 'Succeeded' } elseif ($resultCode -eq 0) { 'Skipped' } else { 'Failed' }

            $kb = ''
            try {
                if ($u.KBArticleIDs -and $u.KBArticleIDs.Count -gt 0) {
                    $kb = 'KB' + $u.KBArticleIDs[0]
                }
            } catch {}

            $needsReboot = $false
            try { $needsReboot = [bool]$u.RebootRequired } catch {}

            $byKey[$u.Title] = [PSCustomObject]@{
                Identifier     = $kb
                Title          = [string]$u.Title
                Status         = $status
                ErrorMessage   = if ($succeeded -or $resultCode -eq 0) { '' } else { 'ResultCode=' + $resultCode }
                RebootRequired = $needsReboot
                AttemptedAt    = (Get-Date -Format 'o')
            }
        }

        $results = @($byKey.Values)

        if ($results.Count -eq 0) {
            Write-Output '[]'
        } else {
            $results | ConvertTo-Json -Compress
        }
2026-08-10 00:38:58.603 -05:00 [INF] (Thread 26) WindowsUpdateWorker: no updates installed — system reboot is already pending.
2026-08-10 00:38:58.603 -05:00 [INF] (Thread 26) WindowsUpdateWorker: pass complete. Total=1 Succeeded=1 Failed=0 Skipped=0
2026-08-10 00:38:58.607 -05:00 [INF] (Thread 26) WingetWorker: skipping — last run was 2026-08-06T22:50:11.8754628Z (less than 7 days ago).
2026-08-10 00:38:58.607 -05:00 [INF] (Thread 26) UpdateOrchestrator: cycle complete. Total=1 Succeeded=1 Failed=0 RebootRequired=true
2026-08-10 00:38:58.607 -05:00 [INF] (Thread 26) UpdateOrchestrator: reboot is required — notifying logged-in user.
2026-08-10 00:38:58.666 -05:00 [INF] (Thread 26) PipeServer: pipe created — launching notifier.
2026-08-10 00:38:58.694 -05:00 [INF] (Thread 26) UserProcessLauncher: launching 'C:\Program Files\CapTG Updater\UpdateNotifier.exe' as active user.
2026-08-10 00:38:58.713 -05:00 [DBG] (Thread 26) UserProcessLauncher: console session 1 has a valid user token.
2026-08-10 00:38:58.715 -05:00 [DBG] (Thread 26) UserProcessLauncher: using session ID = 1.
2026-08-10 00:38:58.914 -05:00 [INF] (Thread 26) UserProcessLauncher: 'C:\Program Files\CapTG Updater\UpdateNotifier.exe' launched in session 1.
2026-08-10 00:38:58.914 -05:00 [DBG] (Thread 26) PipeServer: waiting for notifier to connect.
2026-08-10 00:39:58.925 -05:00 [WRN] (Thread 26) PipeServer: notifier did not connect within 60 seconds.
2026-08-10 00:39:58.926 -05:00 [WRN] (Thread 26) PipeServer: no response received — retrying notification in 15 minutes.
2026-08-10 00:54:58.938 -05:00 [INF] (Thread 26) PipeServer: pipe created — launching notifier.
2026-08-10 00:54:58.961 -05:00 [WRN] (Thread 26) PipeServer: killed stale notifier process (PID 38908).
2026-08-10 00:54:58.961 -05:00 [INF] (Thread 26) UserProcessLauncher: launching 'C:\Program Files\CapTG Updater\UpdateNotifier.exe' as active user.
2026-08-10 00:54:58.962 -05:00 [DBG] (Thread 26) UserProcessLauncher: console session 1 has a valid user token.
2026-08-10 00:54:58.962 -05:00 [DBG] (Thread 26) UserProcessLauncher: using session ID = 1.
2026-08-10 00:54:58.976 -05:00 [INF] (Thread 26) UserProcessLauncher: 'C:\Program Files\CapTG Updater\UpdateNotifier.exe' launched in session 1.
2026-08-10 00:54:58.976 -05:00 [DBG] (Thread 26) PipeServer: waiting for notifier to connect.
2026-08-10 00:55:58.993 -05:00 [WRN] (Thread 26) PipeServer: notifier did not connect within 60 seconds.
2026-08-10 00:55:58.993 -05:00 [WRN] (Thread 26) PipeServer: no response received — retrying notification in 15 minutes.
2026-08-10 01:10:58.999 -05:00 [INF] (Thread 26) PipeServer: pipe created — launching notifier.
2026-08-10 01:10:59.019 -05:00 [WRN] (Thread 26) PipeServer: killed stale notifier process (PID 35284).
2026-08-10 01:10:59.019 -05:00 [INF] (Thread 26) UserProcessLauncher: launching 'C:\Program Files\CapTG Updater\UpdateNotifier.exe' as active user.
2026-08-10 01:10:59.024 -05:00 [DBG] (Thread 26) UserProcessLauncher: console session 1 has a valid user token.
2026-08-10 01:10:59.024 -05:00 [DBG] (Thread 26) UserProcessLauncher: using session ID = 1.
2026-08-10 01:10:59.044 -05:00 [INF] (Thread 26) UserProcessLauncher: 'C:\Program Files\CapTG Updater\UpdateNotifier.exe' launched in session 1.
2026-08-10 01:10:59.044 -05:00 [DBG] (Thread 26) PipeServer: waiting for notifier to connect.
2026-08-10 01:11:59.055 -05:00 [WRN] (Thread 28) PipeServer: notifier did not connect within 60 seconds.
2026-08-10 01:11:59.055 -05:00 [WRN] (Thread 28) PipeServer: no response received — retrying notification in 15 minutes.
2026-08-10 01:26:59.058 -05:00 [INF] (Thread 26) PipeServer: pipe created — launching notifier.
2026-08-10 01:26:59.076 -05:00 [WRN] (Thread 26) PipeServer: killed stale notifier process (PID 18132).
2026-08-10 01:26:59.076 -05:00 [INF] (Thread 26) UserProcessLauncher: launching 'C:\Program Files\CapTG Updater\UpdateNotifier.exe' as active user.
2026-08-10 01:26:59.077 -05:00 [DBG] (Thread 26) UserProcessLauncher: console session 1 has a valid user token.
2026-08-10 01:26:59.077 -05:00 [DBG] (Thread 26) UserProcessLauncher: using session ID = 1.
2026-08-10 01:26:59.095 -05:00 [INF] (Thread 26) UserProcessLauncher: 'C:\Program Files\CapTG Updater\UpdateNotifier.exe' launched in session 1.
2026-08-10 01:26:59.095 -05:00 [DBG] (Thread 26) PipeServer: waiting for notifier to connect.
2026-08-10 01:27:59.099 -05:00 [WRN] (Thread 30) PipeServer: notifier did not connect within 60 seconds.
2026-08-10 01:27:59.099 -05:00 [WRN] (Thread 30) PipeServer: no response received — retrying notification in 15 minutes.
2026-08-10 01:42:59.102 -05:00 [INF] (Thread 26) PipeServer: pipe created — launching notifier.
2026-08-10 01:42:59.118 -05:00 [WRN] (Thread 26) PipeServer: killed stale notifier process (PID 31856).
2026-08-10 01:42:59.118 -05:00 [INF] (Thread 26) UserProcessLauncher: launching 'C:\Program Files\CapTG Updater\UpdateNotifier.exe' as active user.
2026-08-10 01:42:59.123 -05:00 [DBG] (Thread 26) UserProcessLauncher: console session 1 has a valid user token.
2026-08-10 01:42:59.123 -05:00 [DBG] (Thread 26) UserProcessLauncher: using session ID = 1.
2026-08-10 01:42:59.142 -05:00 [INF] (Thread 26) UserProcessLauncher: 'C:\Program Files\CapTG Updater\UpdateNotifier.exe' launched in session 1.
2026-08-10 01:42:59.142 -05:00 [DBG] (Thread 26) PipeServer: waiting for notifier to connect.
2026-08-10 01:43:59.147 -05:00 [WRN] (Thread 26) PipeServer: notifier did not connect within 60 seconds.
2026-08-10 01:43:59.147 -05:00 [WRN] (Thread 26) PipeServer: no response received — retrying notification in 15 minutes.
2026-08-10 01:58:59.155 -05:00 [INF] (Thread 31) PipeServer: pipe created — launching notifier.
2026-08-10 01:58:59.170 -05:00 [WRN] (Thread 31) PipeServer: killed stale notifier process (PID 19432).
2026-08-10 01:58:59.170 -05:00 [INF] (Thread 31) UserProcessLauncher: launching 'C:\Program Files\CapTG Updater\UpdateNotifier.exe' as active user.
2026-08-10 01:58:59.171 -05:00 [DBG] (Thread 31) UserProcessLauncher: console session 1 has a valid user token.
2026-08-10 01:58:59.171 -05:00 [DBG] (Thread 31) UserProcessLauncher: using session ID = 1.
2026-08-10 01:58:59.189 -05:00 [INF] (Thread 31) UserProcessLauncher: 'C:\Program Files\CapTG Updater\UpdateNotifier.exe' launched in session 1.
2026-08-10 01:58:59.189 -05:00 [DBG] (Thread 31) PipeServer: waiting for notifier to connect.
2026-08-10 01:59:59.203 -05:00 [WRN] (Thread 26) PipeServer: notifier did not connect within 60 seconds.
2026-08-10 01:59:59.203 -05:00 [WRN] (Thread 26) PipeServer: no response received — retrying notification in 15 minutes.
2026-08-10 02:14:59.220 -05:00 [INF] (Thread 26) PipeServer: pipe created — launching notifier.
2026-08-10 02:14:59.229 -05:00 [WRN] (Thread 26) PipeServer: killed stale notifier process (PID 33176).
2026-08-10 02:14:59.229 -05:00 [INF] (Thread 26) UserProcessLauncher: launching 'C:\Program Files\CapTG Updater\UpdateNotifier.exe' as active user.
2026-08-10 02:14:59.231 -05:00 [DBG] (Thread 26) UserProcessLauncher: console session 1 has a valid user token.
2026-08-10 02:14:59.231 -05:00 [DBG] (Thread 26) UserProcessLauncher: using session ID = 1.
2026-08-10 02:14:59.247 -05:00 [INF] (Thread 26) UserProcessLauncher: 'C:\Program Files\CapTG Updater\UpdateNotifier.exe' launched in session 1.
2026-08-10 02:14:59.247 -05:00 [DBG] (Thread 26) PipeServer: waiting for notifier to connect.
2026-08-10 02:15:59.253 -05:00 [WRN] (Thread 31) PipeServer: notifier did not connect within 60 seconds.
2026-08-10 02:15:59.253 -05:00 [WRN] (Thread 31) PipeServer: no response received — retrying notification in 15 minutes.
2026-08-10 02:30:59.262 -05:00 [INF] (Thread 31) PipeServer: pipe created — launching notifier.
2026-08-10 02:30:59.279 -05:00 [WRN] (Thread 31) PipeServer: killed stale notifier process (PID 18852).
2026-08-10 02:30:59.279 -05:00 [INF] (Thread 31) UserProcessLauncher: launching 'C:\Program Files\CapTG Updater\UpdateNotifier.exe' as active user.
2026-08-10 02:30:59.280 -05:00 [DBG] (Thread 31) UserProcessLauncher: console session 1 has a valid user token.
2026-08-10 02:30:59.280 -05:00 [DBG] (Thread 31) UserProcessLauncher: using session ID = 1.
2026-08-10 02:30:59.297 -05:00 [INF] (Thread 31) UserProcessLauncher: 'C:\Program Files\CapTG Updater\UpdateNotifier.exe' launched in session 1.
2026-08-10 02:30:59.297 -05:00 [DBG] (Thread 31) PipeServer: waiting for notifier to connect.
2026-08-10 02:31:59.302 -05:00 [WRN] (Thread 31) PipeServer: notifier did not connect within 60 seconds.
2026-08-10 02:31:59.302 -05:00 [WRN] (Thread 31) PipeServer: no response received — retrying notification in 15 minutes.
2026-08-10 02:46:59.317 -05:00 [INF] (Thread 31) PipeServer: pipe created — launching notifier.
2026-08-10 02:46:59.333 -05:00 [WRN] (Thread 31) PipeServer: killed stale notifier process (PID 33852).
2026-08-10 02:46:59.334 -05:00 [INF] (Thread 31) UserProcessLauncher: launching 'C:\Program Files\CapTG Updater\UpdateNotifier.exe' as active user.
2026-08-10 02:46:59.335 -05:00 [DBG] (Thread 31) UserProcessLauncher: console session 1 has a valid user token.
2026-08-10 02:46:59.335 -05:00 [DBG] (Thread 31) UserProcessLauncher: using session ID = 1.
2026-08-10 02:46:59.356 -05:00 [INF] (Thread 31) UserProcessLauncher: 'C:\Program Files\CapTG Updater\UpdateNotifier.exe' launched in session 1.
2026-08-10 02:46:59.356 -05:00 [DBG] (Thread 31) PipeServer: waiting for notifier to connect.
2026-08-10 02:47:59.360 -05:00 [WRN] (Thread 28) PipeServer: notifier did not connect within 60 seconds.
2026-08-10 02:47:59.361 -05:00 [WRN] (Thread 28) PipeServer: no response received — retrying notification in 15 minutes.
2026-08-10 03:02:59.364 -05:00 [INF] (Thread 28) PipeServer: pipe created — launching notifier.
2026-08-10 03:02:59.379 -05:00 [INF] (Thread 28) UserProcessLauncher: launching 'C:\Program Files\CapTG Updater\UpdateNotifier.exe' as active user.
2026-08-10 03:02:59.380 -05:00 [DBG] (Thread 28) UserProcessLauncher: console session 1 has a valid user token.
2026-08-10 03:02:59.380 -05:00 [DBG] (Thread 28) UserProcessLauncher: using session ID = 1.
2026-08-10 03:02:59.394 -05:00 [INF] (Thread 28) UserProcessLauncher: 'C:\Program Files\CapTG Updater\UpdateNotifier.exe' launched in session 1.
2026-08-10 03:02:59.395 -05:00 [DBG] (Thread 28) PipeServer: waiting for notifier to connect.
2026-08-10 03:02:59.736 -05:00 [INF] (Thread 28) PipeServer: notifier connected.
2026-08-10 03:02:59.859 -05:00 [DBG] (Thread 28) PipeServer: "RebootRequired" message sent.
2026-08-10 08:13:01.230 -05:00 [INF] (Thread 19) PipeServer: received UserResponse — SnoozeMinutes=-1
2026-08-10 08:13:01.240 -05:00 [INF] (Thread 19) PipeServer: user scheduled reboot for "2026-08-10T17:30:00.0000000-05:00" — persisted to registry.
2026-08-10 17:25:00.371 -05:00 [INF] (Thread 26) PipeServer: pipe created — launching notifier.
2026-08-10 17:25:00.402 -05:00 [INF] (Thread 26) UserProcessLauncher: launching 'C:\Program Files\CapTG Updater\UpdateNotifier.exe' as active user.
2026-08-10 17:25:00.407 -05:00 [DBG] (Thread 26) UserProcessLauncher: console session 1 has a valid user token.
2026-08-10 17:25:00.408 -05:00 [DBG] (Thread 26) UserProcessLauncher: using session ID = 1.
2026-08-10 17:25:00.442 -05:00 [INF] (Thread 26) UserProcessLauncher: 'C:\Program Files\CapTG Updater\UpdateNotifier.exe' launched in session 1.
2026-08-10 17:25:00.443 -05:00 [DBG] (Thread 26) PipeServer: waiting for notifier to connect.
2026-08-10 17:25:00.950 -05:00 [INF] (Thread 26) PipeServer: notifier connected.
2026-08-10 17:25:00.962 -05:00 [DBG] (Thread 25) PipeServer: "RebootImminent" message sent.
2026-08-10 17:25:03.222 -05:00 [INF] (Thread 25) PipeServer: received UserResponse — SnoozeMinutes=5
2026-08-10 17:25:03.230 -05:00 [INF] (Thread 25) PipeServer: user delayed scheduled reboot by 5 minutes — new time "2026-08-10T17:35:00.0000000-05:00".
2026-08-10 17:35:00.028 -05:00 [INF] (Thread 26) PipeServer: scheduled reboot time reached — initiating reboot.
2026-08-10 17:35:00.031 -05:00 [WRN] (Thread 26) PipeServer: executing system reboot in 5 seconds.
2026-08-10 17:35:00.061 -05:00 [INF] (Thread 26) UpdateBackgroundService: next cycle in "01:00:00".
2026-08-10 17:35:36.428 -05:00 [INF] (Thread 26) UpdateBackgroundService: StopAsync called by SCM.
2026-08-10 17:35:36.532 -05:00 [INF] (Thread 28) UpdateBackgroundService: stopping.
2026-08-10 17:38:50.486 -05:00 [INF] (Thread 2) Logging initialized. Directory: C:\ProgramData\CapTG\UpdateService\logs
2026-08-10 17:38:50.566 -05:00 [INF] (Thread 2) CapTG UpdateService starting. Args: []
2026-08-10 17:38:50.566 -05:00 [INF] (Thread 2) InstType = Client
2026-08-10 17:38:50.571 -05:00 [INF] (Thread 2) Notifier path: C:\Program Files\CapTG Updater\UpdateNotifier.exe
2026-08-10 17:38:50.679 -05:00 [INF] (Thread 2) Host built — handing control to the SCM.
2026-08-10 17:38:50.739 -05:00 [INF] (Thread 9) UpdateBackgroundService: update interval = "01:00:00"
2026-08-10 17:38:50.746 -05:00 [INF] (Thread 9) UpdateBackgroundService: StartAsync called by SCM.
2026-08-10 17:38:50.748 -05:00 [INF] (Thread 7) UpdateBackgroundService: service started. Initial delay = "00:02:00".
2026-08-10 17:38:50.749 -05:00 [INF] (Thread 7) WindowsUpdateWorker: pending-reboot baseline captured at service start. WU-RebootRequired=absent CBS-RebootPending=absent PendingFileRenameOperations=absent
2026-08-10 17:40:50.755 -05:00 [INF] (Thread 12) SelfUpdater: checking for updates. Current version: 1.26.586.697
2026-08-10 17:40:51.317 -05:00 [INF] (Thread 12) SelfUpdater: remote version = 1.26.586.697.
2026-08-10 17:40:51.317 -05:00 [INF] (Thread 12) SelfUpdater: already up to date.
2026-08-10 17:40:51.322 -05:00 [INF] (Thread 12) UpdateOrchestrator: === Update cycle starting ===
2026-08-10 17:40:51.327 -05:00 [INF] (Thread 12) WindowsUpdateWorker: starting update pass.
2026-08-10 17:40:51.329 -05:00 [INF] (Thread 12) WindowsUpdateWorker: verifying PSWindowsUpdate module.
2026-08-10 17:40:51.341 -05:00 [DBG] (Thread 12) WindowsUpdateWorker: running PS script: $ProgressPreference = 'SilentlyContinue'
            $ErrorActionPreference = 'Stop'
            try {
                if (-not (Get-PackageProvider -Name NuGet -ListAvailable -ErrorAction SilentlyContinue)) {
                    Install-PackageProvider -Name NuGet -MinimumVersion 2.8.5.201 -Force -Scope AllUsers | Out-Null
                }
                Set-PSRepository -Name PSGallery -InstallationPolicy Trusted -ErrorAction SilentlyContinue
                if (-not (Get-Module -ListAvailable -Name PSWindowsUpdate -ErrorAction SilentlyContinue)) {
                    Install-Module PSWindowsUpdate -Force -SkipPublisherCheck -Scope AllUsers | Out-Null
                }
                Import-Module PSWindowsUpdate -Force -ErrorAction Stop
                try {
                    Add-WUServiceManager -MicrosoftUpdate -Confirm:$false -ErrorAction SilentlyContinue | Out-Null
                } catch {}
                Write-Output 'OK'
            } catch {
                Write-Output ('ERROR: ' + $_.Exception.Message)
            }
2026-08-10 17:41:21.578 -05:00 [INF] (Thread 14) WindowsUpdateWorker: PSWindowsUpdate module OK.
2026-08-10 17:41:21.585 -05:00 [DBG] (Thread 12) WindowsUpdateWorker: running PS script: Import-Module PSWindowsUpdate -ErrorAction Stop
        $ProgressPreference = 'SilentlyContinue'

        # Force the Windows Update Agent to scan before installing.
        # Fixes 0x80248007 (WU_E_DS_NODATA) on fresh builds or machines
        # whose update data store has not been initialised yet.
        try {
            Start-Process -FilePath 'UsoClient.exe' `
                -ArgumentList 'StartScan' `
                -Wait -NoNewWindow -ErrorAction SilentlyContinue
            Start-Sleep -Seconds 30
        } catch {}

        # 2>&1 merges stderr into the pipeline mixing strings with update
        # objects -- we filter them out in the foreach loop below.
        $rawOutput = Install-WindowsUpdate `
            -MicrosoftUpdate `
            -AcceptAll `
            -IgnoreReboot `
            -Install `
            -ErrorAction Continue 2>&1

        # Use a hashtable keyed on Title to keep only the LAST result per update.
        # PSWindowsUpdate emits objects at multiple pipeline stages (search, download,
        # install); overwriting ensures we capture the final post-install ResultCode
        # rather than an early ResultCode=0 (NotStarted).
        $byKey = @{}

        foreach ($u in $rawOutput) {
            if ($null -eq $u -or $u -isnot [PSObject]) { continue }
            if (-not ($u.PSObject.Properties.Name -contains 'Title')) { continue }
            if ([string]::IsNullOrWhiteSpace($u.Title)) { continue }

            $resultCode = 0
            try { $resultCode = [int]$u.ResultCode } catch { $resultCode = 4 }
            $succeeded = ($resultCode -eq 2 -or $resultCode -eq 3)

            # ResultCode=0 means NotStarted — treat as Skipped, not Failed.
            $status = if ($succeeded) { 'Succeeded' } elseif ($resultCode -eq 0) { 'Skipped' } else { 'Failed' }

            $kb = ''
            try {
                if ($u.KBArticleIDs -and $u.KBArticleIDs.Count -gt 0) {
                    $kb = 'KB' + $u.KBArticleIDs[0]
                }
            } catch {}

            $needsReboot = $false
            try { $needsReboot = [bool]$u.RebootRequired } catch {}

            $byKey[$u.Title] = [PSCustomObject]@{
                Identifier     = $kb
                Title          = [string]$u.Title
                Status         = $status
                ErrorMessage   = if ($succeeded -or $resultCode -eq 0) { '' } else { 'ResultCode=' + $resultCode }
                RebootRequired = $needsReboot
                AttemptedAt    = (Get-Date -Format 'o')
            }
        }

        $results = @($byKey.Values)

        if ($results.Count -eq 0) {
            Write-Output '[]'
        } else {
            $results | ConvertTo-Json -Compress
        }
2026-08-10 17:42:25.875 -05:00 [INF] (Thread 17) WindowsUpdateWorker: pass complete. Total=0 Succeeded=0 Failed=0 Skipped=0
2026-08-10 17:42:25.930 -05:00 [INF] (Thread 17) WingetWorker: skipping — last run was 2026-08-06T22:50:11.8754628Z (less than 7 days ago).
2026-08-10 17:42:25.931 -05:00 [INF] (Thread 17) UpdateOrchestrator: cycle complete. Total=0 Succeeded=0 Failed=0 RebootRequired=false
2026-08-10 17:42:25.932 -05:00 [INF] (Thread 17) UpdateOrchestrator: no reboot required — cycle complete.
2026-08-10 17:42:25.932 -05:00 [INF] (Thread 17) UpdateBackgroundService: next cycle in "01:00:00".
