2026-08-17 10:46:33.578 -05:00 [INF] (Thread 32) PipeServer: pipe created — launching notifier.
2026-08-17 10:46:33.626 -05:00 [INF] (Thread 32) UserProcessLauncher: launching 'C:\Program Files\CapTG Updater\UpdateNotifier.exe' as active user.
2026-08-17 10:46:33.631 -05:00 [DBG] (Thread 32) UserProcessLauncher: console session 1 has a valid user token.
2026-08-17 10:46:33.632 -05:00 [DBG] (Thread 32) UserProcessLauncher: using session ID = 1.
2026-08-17 10:46:33.673 -05:00 [INF] (Thread 32) UserProcessLauncher: 'C:\Program Files\CapTG Updater\UpdateNotifier.exe' launched in session 1.
2026-08-17 10:46:33.674 -05:00 [DBG] (Thread 32) PipeServer: waiting for notifier to connect.
2026-08-17 10:46:34.042 -05:00 [INF] (Thread 32) PipeServer: notifier connected.
2026-08-17 10:46:34.102 -05:00 [DBG] (Thread 32) PipeServer: "RebootImminent" message sent.
2026-08-17 10:46:34.580 -05:00 [ERR] (Thread 32) PipeServer: error reading user response from notifier.
System.IO.EndOfStreamException: Unable to read beyond the end of the stream.
   at System.IO.Stream.ReadAtLeastAsyncCore(Memory`1 buffer, Int32 minimumBytes, Boolean throwOnEndOfStream, CancellationToken cancellationToken)
   at System.Runtime.CompilerServices.PoolingAsyncValueTaskMethodBuilder`1.StateMachineBox`1.System.Threading.Tasks.Sources.IValueTaskSource.GetResult(Int16 token)
   at UpdateService.Pipes.PipeServer.ReadMessageAsync(PipeStream pipe, CancellationToken ct) in C:\Users\sbutski\Documents\VSCode Solutions Folder\UpdateSolution\UpdateService\Pipes\PipeServer.cs:line 390
   at UpdateService.Pipes.PipeServer.RunOneNotificationCycleAsync(PipeMessage outbound, CancellationToken cancellationToken, Nullable`1 responseTimeout) in C:\Users\sbutski\Documents\VSCode Solutions Folder\UpdateSolution\UpdateService\Pipes\PipeServer.cs:line 356
2026-08-17 10:46:34.843 -05:00 [INF] (Thread 32) PipeServer: no delay requested (response=none) — reboot proceeds at "2026-08-14T17:30:00.0000000-05:00".
2026-08-17 10:46:34.849 -05:00 [INF] (Thread 32) PipeServer: scheduled reboot time reached — initiating reboot.
2026-08-17 10:46:34.852 -05:00 [WRN] (Thread 32) PipeServer: executing system reboot in 5 seconds.
2026-08-17 10:46:34.883 -05:00 [INF] (Thread 32) UpdateBackgroundService: next cycle in "01:00:00".
2026-08-17 10:52:49.126 -05:00 [INF] (Thread 31) UpdateBackgroundService: StopAsync called by SCM.
2026-08-17 10:52:49.136 -05:00 [INF] (Thread 33) UpdateBackgroundService: stopping.
2026-08-17 10:58:20.416 -05:00 [INF] (Thread 2) Logging initialized. Directory: C:\ProgramData\CapTG\UpdateService\logs
2026-08-17 10:58:20.462 -05:00 [INF] (Thread 2) CapTG UpdateService starting. Args: []
2026-08-17 10:58:20.463 -05:00 [INF] (Thread 2) InstType = Client
2026-08-17 10:58:20.465 -05:00 [INF] (Thread 2) Notifier path: C:\Program Files\CapTG Updater\UpdateNotifier.exe
2026-08-17 10:58:20.571 -05:00 [INF] (Thread 2) Host built — handing control to the SCM.
2026-08-17 10:58:20.629 -05:00 [INF] (Thread 9) UpdateBackgroundService: update interval = "01:00:00"
2026-08-17 10:58:20.636 -05:00 [INF] (Thread 9) UpdateBackgroundService: StartAsync called by SCM.
2026-08-17 10:58:20.638 -05:00 [INF] (Thread 7) UpdateBackgroundService: service started. Initial delay = "00:02:00".
2026-08-17 10:58:20.640 -05:00 [INF] (Thread 7) WindowsUpdateWorker: pending-reboot baseline captured at service start. WU-RebootRequired=absent CBS-RebootPending=absent PendingFileRenameOperations=absent
2026-08-17 11:00:20.655 -05:00 [INF] (Thread 10) SelfUpdater: checking for updates. Current version: 1.26.586.697
2026-08-17 11:00:22.362 -05:00 [INF] (Thread 10) SelfUpdater: remote version = 1.26.586.697.
2026-08-17 11:00:22.362 -05:00 [INF] (Thread 10) SelfUpdater: already up to date.
2026-08-17 11:00:22.367 -05:00 [INF] (Thread 10) UpdateOrchestrator: === Update cycle starting ===
2026-08-17 11:00:22.373 -05:00 [INF] (Thread 10) WindowsUpdateWorker: starting update pass.
2026-08-17 11:00:22.376 -05:00 [INF] (Thread 10) WindowsUpdateWorker: verifying PSWindowsUpdate module.
2026-08-17 11:00:22.392 -05:00 [DBG] (Thread 9) WindowsUpdateWorker: running PS script: $ProgressPreference = 'SilentlyContinue'
            $ErrorActionPreference = 'Stop'
            try {
                if (-not (Get-PackageProvider -Name NuGet -ListAvailable -ErrorAction SilentlyContinue)) {
                    Install-PackageProvider -Name NuGet -MinimumVersion 2.8.5.201 -Force -Scope AllUsers | Out-Null
                }
                Set-PSRepository -Name PSGallery -InstallationPolicy Trusted -ErrorAction SilentlyContinue
                if (-not (Get-Module -ListAvailable -Name PSWindowsUpdate -ErrorAction SilentlyContinue)) {
                    Install-Module PSWindowsUpdate -Force -SkipPublisherCheck -Scope AllUsers | Out-Null
                }
                Import-Module PSWindowsUpdate -Force -ErrorAction Stop
                try {
                    Add-WUServiceManager -MicrosoftUpdate -Confirm:$false -ErrorAction SilentlyContinue | Out-Null
                } catch {}
                Write-Output 'OK'
            } catch {
                Write-Output ('ERROR: ' + $_.Exception.Message)
            }
2026-08-17 11:01:16.255 -05:00 [INF] (Thread 7) WindowsUpdateWorker: PSWindowsUpdate module OK.
2026-08-17 11:01:16.262 -05:00 [DBG] (Thread 10) WindowsUpdateWorker: running PS script: Import-Module PSWindowsUpdate -ErrorAction Stop
        $ProgressPreference = 'SilentlyContinue'

        # Force the Windows Update Agent to scan before installing.
        # Fixes 0x80248007 (WU_E_DS_NODATA) on fresh builds or machines
        # whose update data store has not been initialised yet.
        try {
            Start-Process -FilePath 'UsoClient.exe' `
                -ArgumentList 'StartScan' `
                -Wait -NoNewWindow -ErrorAction SilentlyContinue
            Start-Sleep -Seconds 30
        } catch {}

        # 2>&1 merges stderr into the pipeline mixing strings with update
        # objects -- we filter them out in the foreach loop below.
        $rawOutput = Install-WindowsUpdate `
            -MicrosoftUpdate `
            -AcceptAll `
            -IgnoreReboot `
            -Install `
            -ErrorAction Continue 2>&1

        # Use a hashtable keyed on Title to keep only the LAST result per update.
        # PSWindowsUpdate emits objects at multiple pipeline stages (search, download,
        # install); overwriting ensures we capture the final post-install ResultCode
        # rather than an early ResultCode=0 (NotStarted).
        $byKey = @{}

        foreach ($u in $rawOutput) {
            if ($null -eq $u -or $u -isnot [PSObject]) { continue }
            if (-not ($u.PSObject.Properties.Name -contains 'Title')) { continue }
            if ([string]::IsNullOrWhiteSpace($u.Title)) { continue }

            $resultCode = 0
            try { $resultCode = [int]$u.ResultCode } catch { $resultCode = 4 }
            $succeeded = ($resultCode -eq 2 -or $resultCode -eq 3)

            # ResultCode=0 means NotStarted — treat as Skipped, not Failed.
            $status = if ($succeeded) { 'Succeeded' } elseif ($resultCode -eq 0) { 'Skipped' } else { 'Failed' }

            $kb = ''
            try {
                if ($u.KBArticleIDs -and $u.KBArticleIDs.Count -gt 0) {
                    $kb = 'KB' + $u.KBArticleIDs[0]
                }
            } catch {}

            $needsReboot = $false
            try { $needsReboot = [bool]$u.RebootRequired } catch {}

            $byKey[$u.Title] = [PSCustomObject]@{
                Identifier     = $kb
                Title          = [string]$u.Title
                Status         = $status
                ErrorMessage   = if ($succeeded -or $resultCode -eq 0) { '' } else { 'ResultCode=' + $resultCode }
                RebootRequired = $needsReboot
                AttemptedAt    = (Get-Date -Format 'o')
            }
        }

        $results = @($byKey.Values)

        if ($results.Count -eq 0) {
            Write-Output '[]'
        } else {
            $results | ConvertTo-Json -Compress
        }
2026-08-17 11:02:36.229 -05:00 [INF] (Thread 10) WindowsUpdateWorker: no updates installed — system reboot is already pending.
2026-08-17 11:02:36.231 -05:00 [INF] (Thread 10) WindowsUpdateWorker: pass complete. Total=2 Succeeded=1 Failed=0 Skipped=1
2026-08-17 11:02:36.269 -05:00 [INF] (Thread 10) WingetWorker: skipping — last run was 2026-08-13T22:52:07.1644916Z (less than 7 days ago).
2026-08-17 11:02:36.270 -05:00 [INF] (Thread 10) UpdateOrchestrator: cycle complete. Total=2 Succeeded=1 Failed=0 RebootRequired=true
2026-08-17 11:02:36.273 -05:00 [INF] (Thread 10) UpdateOrchestrator: reboot required but last reboot was 0.1 hours ago — skipping notification until 3-day minimum has elapsed.
2026-08-17 11:02:36.274 -05:00 [INF] (Thread 10) UpdateBackgroundService: next cycle in "01:00:00".
2026-08-17 11:54:24.592 -05:00 [INF] (Thread 10) UpdateBackgroundService: StopAsync called by SCM.
2026-08-17 11:54:24.628 -05:00 [INF] (Thread 7) UpdateBackgroundService: stopping.
