2026-08-10 03:00:06.055 -05:00 [INF] (Thread 2) UpdateNotifier logging initialised. Directory: C:\ProgramData\CapTG\UpdateService\logs
2026-08-10 03:00:06.338 -05:00 [INF] (Thread 2) UpdateNotifier: application starting.
2026-08-10 03:00:06.345 -05:00 [INF] (Thread 2) UpdateNotifier: args=C:\Program Files\CapTG Updater\UpdateNotifier.exe
2026-08-10 03:00:06.413 -05:00 [INF] (Thread 2) PipeClient: connecting to pipe 'CapTG_UpdatePipe'.
2026-08-10 03:00:16.420 -05:00 [ERR] (Thread 2) PipeClient: connection timed out.
2026-08-10 03:00:16.421 -05:00 [ERR] (Thread 2) No message received from service.
2026-08-10 03:00:16.431 -05:00 [INF] (Thread 2) UpdateNotifier: exiting with code 1.
2026-08-10 03:00:16.432 -05:00 [DBG] (Thread 2) PipeClient: disposed.
2026-08-10 03:02:59.699 -05:00 [INF] (Thread 2) UpdateNotifier logging initialised. Directory: C:\ProgramData\CapTG\UpdateService\logs
2026-08-10 03:02:59.723 -05:00 [INF] (Thread 2) UpdateNotifier: application starting.
2026-08-10 03:02:59.724 -05:00 [INF] (Thread 2) UpdateNotifier: args=C:\Program Files\CapTG Updater\UpdateNotifier.exe
2026-08-10 03:02:59.733 -05:00 [INF] (Thread 2) PipeClient: connecting to pipe 'CapTG_UpdatePipe'.
2026-08-10 03:02:59.739 -05:00 [INF] (Thread 2) PipeClient: connected.
2026-08-10 03:02:59.895 -05:00 [INF] (Thread 2) PipeClient: received message type="RebootRequired".
2026-08-10 03:02:59.897 -05:00 [INF] (Thread 2) SnoozeManager initialised with 7 options (previousSnoozeCount=0).
2026-08-10 03:02:59.899 -05:00 [DBG] (Thread 2) MainViewModel: options refreshed. Count=7
2026-08-10 03:02:59.899 -05:00 [INF] (Thread 2) MainViewModel: loading message. KBs=0 Pkgs=0
2026-08-10 03:03:00.609 -05:00 [INF] (Thread 2) MainWindow: constructor complete.
2026-08-10 03:03:00.808 -05:00 [INF] (Thread 2) MainWindow: logo loaded from C:\Program Files\CapTG Updater\CompanyLogo.png.
2026-08-10 03:03:00.808 -05:00 [DBG] (Thread 2) MainWindow: position locked at (2620, 140).
2026-08-10 03:03:00.828 -05:00 [DBG] (Thread 2) MainWindow: move attempt blocked.
2026-08-10 03:03:00.833 -05:00 [DBG] (Thread 2) MainWindow: Topmost re-asserted.
2026-08-10 08:12:53.359 -05:00 [DBG] (Thread 2) MainWindow: close attempt blocked.
2026-08-10 08:13:01.139 -05:00 [INF] (Thread 2) MainViewModel: user confirmed choice: 'Reboot at 5:30 PM' ("00:00:00").
2026-08-10 08:13:01.139 -05:00 [INF] (Thread 2) MainWindow: user decided 'Reboot at 5:30 PM'. Closing window.
2026-08-10 08:13:01.164 -05:00 [INF] (Thread 2) App: user chose 'Reboot at 5:30 PM' (-1 min).
2026-08-10 08:13:01.166 -05:00 [INF] (Thread 2) PipeClient: sending UserResponse — SnoozeMinutes=-1.
2026-08-10 08:13:01.201 -05:00 [DBG] (Thread 2) PipeClient: wrote 179 bytes to pipe.
2026-08-10 08:13:01.207 -05:00 [DBG] (Thread 2) PipeClient: disposed.
2026-08-10 08:13:01.213 -05:00 [INF] (Thread 2) UpdateNotifier: exiting with code 0.
2026-08-10 17:25:00.906 -05:00 [INF] (Thread 2) UpdateNotifier logging initialised. Directory: C:\ProgramData\CapTG\UpdateService\logs
2026-08-10 17:25:00.935 -05:00 [INF] (Thread 2) UpdateNotifier: application starting.
2026-08-10 17:25:00.936 -05:00 [INF] (Thread 2) UpdateNotifier: args=C:\Program Files\CapTG Updater\UpdateNotifier.exe
2026-08-10 17:25:00.946 -05:00 [INF] (Thread 2) PipeClient: connecting to pipe 'CapTG_UpdatePipe'.
2026-08-10 17:25:00.953 -05:00 [INF] (Thread 2) PipeClient: connected.
2026-08-10 17:25:00.998 -05:00 [INF] (Thread 2) PipeClient: received message type="RebootImminent".
2026-08-10 17:25:01.002 -05:00 [INF] (Thread 2) UpdateNotifier: reboot-imminent warning — reboot at "2026-08-10T17:30:00.0000000-05:00".
2026-08-10 17:25:01.406 -05:00 [INF] (Thread 2) CountdownWindow: shown — reboot scheduled for "2026-08-10T17:30:00.0000000-05:00".
2026-08-10 17:25:03.151 -05:00 [INF] (Thread 2) CountdownWindow: user requested a 5-minute delay.
2026-08-10 17:25:03.178 -05:00 [INF] (Thread 2) UpdateNotifier: countdown result — DelayRequested=true, sending 5.
2026-08-10 17:25:03.182 -05:00 [INF] (Thread 2) PipeClient: sending UserResponse — SnoozeMinutes=5.
2026-08-10 17:25:03.216 -05:00 [DBG] (Thread 2) PipeClient: wrote 178 bytes to pipe.
2026-08-10 17:25:03.224 -05:00 [DBG] (Thread 2) PipeClient: disposed.
2026-08-10 17:25:03.228 -05:00 [INF] (Thread 2) UpdateNotifier: exiting with code 0.
