2026-08-05 08:30:48.019 -05:00 [INF] (Thread 15) SelfUpdater: checking for updates. Current version: 1.26.524.632
2026-08-05 08:30:48.323 -05:00 [INF] (Thread 11) SelfUpdater: remote version = 1.26.524.632.
2026-08-05 08:30:48.324 -05:00 [INF] (Thread 11) SelfUpdater: already up to date.
2026-08-05 08:30:48.324 -05:00 [INF] (Thread 11) UpdateOrchestrator: === Update cycle starting ===
2026-08-05 08:30:48.324 -05:00 [INF] (Thread 11) WindowsUpdateWorker: starting update pass.
2026-08-05 08:30:48.324 -05:00 [INF] (Thread 11) WindowsUpdateWorker: verifying PSWindowsUpdate module.
2026-08-05 08:30:48.326 -05:00 [DBG] (Thread 15) WindowsUpdateWorker: running PS script: $ProgressPreference = 'SilentlyContinue'
            $ErrorActionPreference = 'Stop'
            try {
                if (-not (Get-PackageProvider -Name NuGet -ListAvailable -ErrorAction SilentlyContinue)) {
                    Install-PackageProvider -Name NuGet -MinimumVersion 2.8.5.201 -Force -Scope AllUsers | Out-Null
                }
                Set-PSRepository -Name PSGallery -InstallationPolicy Trusted -ErrorAction SilentlyContinue
                if (-not (Get-Module -ListAvailable -Name PSWindowsUpdate -ErrorAction SilentlyContinue)) {
                    Install-Module PSWindowsUpdate -Force -SkipPublisherCheck -Scope AllUsers | Out-Null
                }
                Import-Module PSWindowsUpdate -Force -ErrorAction Stop
                try {
                    Add-WUServiceManager -MicrosoftUpdate -Confirm:$false -ErrorAction SilentlyContinue | Out-Null
                } catch {}
                Write-Output 'OK'
            } catch {
                Write-Output ('ERROR: ' + $_.Exception.Message)
            }
2026-08-05 08:31:10.277 -05:00 [INF] (Thread 11) WindowsUpdateWorker: PSWindowsUpdate module OK.
2026-08-05 08:31:10.278 -05:00 [DBG] (Thread 11) WindowsUpdateWorker: running PS script: Import-Module PSWindowsUpdate -ErrorAction Stop
        $ProgressPreference = 'SilentlyContinue'

        # Force the Windows Update Agent to scan before installing.
        # Fixes 0x80248007 (WU_E_DS_NODATA) on fresh builds or machines
        # whose update data store has not been initialised yet.
        try {
            Start-Process -FilePath 'UsoClient.exe' `
                -ArgumentList 'StartScan' `
                -Wait -NoNewWindow -ErrorAction SilentlyContinue
            Start-Sleep -Seconds 30
        } catch {}

        # 2>&1 merges stderr into the pipeline mixing strings with update
        # objects -- we filter them out in the foreach loop below.
        $rawOutput = Install-WindowsUpdate `
            -MicrosoftUpdate `
            -AcceptAll `
            -IgnoreReboot `
            -Install `
            -ErrorAction Continue 2>&1

        # Use a hashtable keyed on Title to keep only the LAST result per update.
        # PSWindowsUpdate emits objects at multiple pipeline stages (search, download,
        # install); overwriting ensures we capture the final post-install ResultCode
        # rather than an early ResultCode=0 (NotStarted).
        $byKey = @{}

        foreach ($u in $rawOutput) {
            if ($null -eq $u -or $u -isnot [PSObject]) { continue }
            if (-not ($u.PSObject.Properties.Name -contains 'Title')) { continue }
            if ([string]::IsNullOrWhiteSpace($u.Title)) { continue }

            $resultCode = 0
            try { $resultCode = [int]$u.ResultCode } catch { $resultCode = 4 }
            $succeeded = ($resultCode -eq 2 -or $resultCode -eq 3)

            # ResultCode=0 means NotStarted — treat as Skipped, not Failed.
            $status = if ($succeeded) { 'Succeeded' } elseif ($resultCode -eq 0) { 'Skipped' } else { 'Failed' }

            $kb = ''
            try {
                if ($u.KBArticleIDs -and $u.KBArticleIDs.Count -gt 0) {
                    $kb = 'KB' + $u.KBArticleIDs[0]
                }
            } catch {}

            $needsReboot = $false
            try { $needsReboot = [bool]$u.RebootRequired } catch {}

            $byKey[$u.Title] = [PSCustomObject]@{
                Identifier     = $kb
                Title          = [string]$u.Title
                Status         = $status
                ErrorMessage   = if ($succeeded -or $resultCode -eq 0) { '' } else { 'ResultCode=' + $resultCode }
                RebootRequired = $needsReboot
                AttemptedAt    = (Get-Date -Format 'o')
            }
        }

        $results = @($byKey.Values)

        if ($results.Count -eq 0) {
            Write-Output '[]'
        } else {
            $results | ConvertTo-Json -Compress
        }
2026-08-05 08:31:58.131 -05:00 [INF] (Thread 14) WindowsUpdateWorker: no updates installed — system reboot is already pending.
2026-08-05 08:31:58.135 -05:00 [INF] (Thread 14) WindowsUpdateWorker: pass complete. Total=1 Succeeded=1 Failed=0 Skipped=0
2026-08-05 08:31:58.158 -05:00 [INF] (Thread 14) WingetWorker: skipping — last run was 2026-07-29T15:35:41.0696933Z (less than 7 days ago).
2026-08-05 08:31:58.159 -05:00 [INF] (Thread 14) UpdateOrchestrator: cycle complete. Total=1 Succeeded=1 Failed=0 RebootRequired=true
2026-08-05 08:31:58.162 -05:00 [INF] (Thread 14) UpdateOrchestrator: reboot required but last reboot was 48.5 hours ago — skipping notification until 3-day minimum has elapsed.
2026-08-05 08:31:58.172 -05:00 [INF] (Thread 14) UpdateBackgroundService: next cycle in "01:00:00".
2026-08-05 09:31:58.175 -05:00 [INF] (Thread 11) SelfUpdater: checking for updates. Current version: 1.26.524.632
2026-08-05 09:31:58.311 -05:00 [INF] (Thread 10) SelfUpdater: remote version = 1.26.524.632.
2026-08-05 09:31:58.311 -05:00 [INF] (Thread 10) SelfUpdater: already up to date.
2026-08-05 09:31:58.311 -05:00 [INF] (Thread 10) UpdateOrchestrator: === Update cycle starting ===
2026-08-05 09:31:58.311 -05:00 [INF] (Thread 10) WindowsUpdateWorker: starting update pass.
2026-08-05 09:31:58.311 -05:00 [INF] (Thread 10) WindowsUpdateWorker: verifying PSWindowsUpdate module.
2026-08-05 09:31:58.312 -05:00 [DBG] (Thread 11) WindowsUpdateWorker: running PS script: $ProgressPreference = 'SilentlyContinue'
            $ErrorActionPreference = 'Stop'
            try {
                if (-not (Get-PackageProvider -Name NuGet -ListAvailable -ErrorAction SilentlyContinue)) {
                    Install-PackageProvider -Name NuGet -MinimumVersion 2.8.5.201 -Force -Scope AllUsers | Out-Null
                }
                Set-PSRepository -Name PSGallery -InstallationPolicy Trusted -ErrorAction SilentlyContinue
                if (-not (Get-Module -ListAvailable -Name PSWindowsUpdate -ErrorAction SilentlyContinue)) {
                    Install-Module PSWindowsUpdate -Force -SkipPublisherCheck -Scope AllUsers | Out-Null
                }
                Import-Module PSWindowsUpdate -Force -ErrorAction Stop
                try {
                    Add-WUServiceManager -MicrosoftUpdate -Confirm:$false -ErrorAction SilentlyContinue | Out-Null
                } catch {}
                Write-Output 'OK'
            } catch {
                Write-Output ('ERROR: ' + $_.Exception.Message)
            }
2026-08-05 09:32:19.254 -05:00 [INF] (Thread 17) WindowsUpdateWorker: PSWindowsUpdate module OK.
2026-08-05 09:32:19.255 -05:00 [DBG] (Thread 17) WindowsUpdateWorker: running PS script: Import-Module PSWindowsUpdate -ErrorAction Stop
        $ProgressPreference = 'SilentlyContinue'

        # Force the Windows Update Agent to scan before installing.
        # Fixes 0x80248007 (WU_E_DS_NODATA) on fresh builds or machines
        # whose update data store has not been initialised yet.
        try {
            Start-Process -FilePath 'UsoClient.exe' `
                -ArgumentList 'StartScan' `
                -Wait -NoNewWindow -ErrorAction SilentlyContinue
            Start-Sleep -Seconds 30
        } catch {}

        # 2>&1 merges stderr into the pipeline mixing strings with update
        # objects -- we filter them out in the foreach loop below.
        $rawOutput = Install-WindowsUpdate `
            -MicrosoftUpdate `
            -AcceptAll `
            -IgnoreReboot `
            -Install `
            -ErrorAction Continue 2>&1

        # Use a hashtable keyed on Title to keep only the LAST result per update.
        # PSWindowsUpdate emits objects at multiple pipeline stages (search, download,
        # install); overwriting ensures we capture the final post-install ResultCode
        # rather than an early ResultCode=0 (NotStarted).
        $byKey = @{}

        foreach ($u in $rawOutput) {
            if ($null -eq $u -or $u -isnot [PSObject]) { continue }
            if (-not ($u.PSObject.Properties.Name -contains 'Title')) { continue }
            if ([string]::IsNullOrWhiteSpace($u.Title)) { continue }

            $resultCode = 0
            try { $resultCode = [int]$u.ResultCode } catch { $resultCode = 4 }
            $succeeded = ($resultCode -eq 2 -or $resultCode -eq 3)

            # ResultCode=0 means NotStarted — treat as Skipped, not Failed.
            $status = if ($succeeded) { 'Succeeded' } elseif ($resultCode -eq 0) { 'Skipped' } else { 'Failed' }

            $kb = ''
            try {
                if ($u.KBArticleIDs -and $u.KBArticleIDs.Count -gt 0) {
                    $kb = 'KB' + $u.KBArticleIDs[0]
                }
            } catch {}

            $needsReboot = $false
            try { $needsReboot = [bool]$u.RebootRequired } catch {}

            $byKey[$u.Title] = [PSCustomObject]@{
                Identifier     = $kb
                Title          = [string]$u.Title
                Status         = $status
                ErrorMessage   = if ($succeeded -or $resultCode -eq 0) { '' } else { 'ResultCode=' + $resultCode }
                RebootRequired = $needsReboot
                AttemptedAt    = (Get-Date -Format 'o')
            }
        }

        $results = @($byKey.Values)

        if ($results.Count -eq 0) {
            Write-Output '[]'
        } else {
            $results | ConvertTo-Json -Compress
        }
2026-08-05 09:33:02.333 -05:00 [INF] (Thread 14) WindowsUpdateWorker: no updates installed — system reboot is already pending.
2026-08-05 09:33:02.333 -05:00 [INF] (Thread 14) WindowsUpdateWorker: pass complete. Total=1 Succeeded=1 Failed=0 Skipped=0
2026-08-05 09:33:02.334 -05:00 [INF] (Thread 14) WingetWorker: skipping — last run was 2026-07-29T15:35:41.0696933Z (less than 7 days ago).
2026-08-05 09:33:02.334 -05:00 [INF] (Thread 14) UpdateOrchestrator: cycle complete. Total=1 Succeeded=1 Failed=0 RebootRequired=true
2026-08-05 09:33:02.334 -05:00 [INF] (Thread 14) UpdateOrchestrator: reboot required but last reboot was 49.5 hours ago — skipping notification until 3-day minimum has elapsed.
2026-08-05 09:33:02.335 -05:00 [INF] (Thread 14) UpdateBackgroundService: next cycle in "01:00:00".
2026-08-05 10:33:02.343 -05:00 [INF] (Thread 10) SelfUpdater: checking for updates. Current version: 1.26.524.632
2026-08-05 10:33:02.472 -05:00 [INF] (Thread 16) SelfUpdater: remote version = 1.26.524.632.
2026-08-05 10:33:02.472 -05:00 [INF] (Thread 16) SelfUpdater: already up to date.
2026-08-05 10:33:02.472 -05:00 [INF] (Thread 16) UpdateOrchestrator: === Update cycle starting ===
2026-08-05 10:33:02.472 -05:00 [INF] (Thread 16) WindowsUpdateWorker: starting update pass.
2026-08-05 10:33:02.472 -05:00 [INF] (Thread 16) WindowsUpdateWorker: verifying PSWindowsUpdate module.
2026-08-05 10:33:02.539 -05:00 [DBG] (Thread 14) WindowsUpdateWorker: running PS script: $ProgressPreference = 'SilentlyContinue'
            $ErrorActionPreference = 'Stop'
            try {
                if (-not (Get-PackageProvider -Name NuGet -ListAvailable -ErrorAction SilentlyContinue)) {
                    Install-PackageProvider -Name NuGet -MinimumVersion 2.8.5.201 -Force -Scope AllUsers | Out-Null
                }
                Set-PSRepository -Name PSGallery -InstallationPolicy Trusted -ErrorAction SilentlyContinue
                if (-not (Get-Module -ListAvailable -Name PSWindowsUpdate -ErrorAction SilentlyContinue)) {
                    Install-Module PSWindowsUpdate -Force -SkipPublisherCheck -Scope AllUsers | Out-Null
                }
                Import-Module PSWindowsUpdate -Force -ErrorAction Stop
                try {
                    Add-WUServiceManager -MicrosoftUpdate -Confirm:$false -ErrorAction SilentlyContinue | Out-Null
                } catch {}
                Write-Output 'OK'
            } catch {
                Write-Output ('ERROR: ' + $_.Exception.Message)
            }
2026-08-05 10:33:20.291 -05:00 [INF] (Thread 16) WindowsUpdateWorker: PSWindowsUpdate module OK.
2026-08-05 10:33:20.292 -05:00 [DBG] (Thread 16) WindowsUpdateWorker: running PS script: Import-Module PSWindowsUpdate -ErrorAction Stop
        $ProgressPreference = 'SilentlyContinue'

        # Force the Windows Update Agent to scan before installing.
        # Fixes 0x80248007 (WU_E_DS_NODATA) on fresh builds or machines
        # whose update data store has not been initialised yet.
        try {
            Start-Process -FilePath 'UsoClient.exe' `
                -ArgumentList 'StartScan' `
                -Wait -NoNewWindow -ErrorAction SilentlyContinue
            Start-Sleep -Seconds 30
        } catch {}

        # 2>&1 merges stderr into the pipeline mixing strings with update
        # objects -- we filter them out in the foreach loop below.
        $rawOutput = Install-WindowsUpdate `
            -MicrosoftUpdate `
            -AcceptAll `
            -IgnoreReboot `
            -Install `
            -ErrorAction Continue 2>&1

        # Use a hashtable keyed on Title to keep only the LAST result per update.
        # PSWindowsUpdate emits objects at multiple pipeline stages (search, download,
        # install); overwriting ensures we capture the final post-install ResultCode
        # rather than an early ResultCode=0 (NotStarted).
        $byKey = @{}

        foreach ($u in $rawOutput) {
            if ($null -eq $u -or $u -isnot [PSObject]) { continue }
            if (-not ($u.PSObject.Properties.Name -contains 'Title')) { continue }
            if ([string]::IsNullOrWhiteSpace($u.Title)) { continue }

            $resultCode = 0
            try { $resultCode = [int]$u.ResultCode } catch { $resultCode = 4 }
            $succeeded = ($resultCode -eq 2 -or $resultCode -eq 3)

            # ResultCode=0 means NotStarted — treat as Skipped, not Failed.
            $status = if ($succeeded) { 'Succeeded' } elseif ($resultCode -eq 0) { 'Skipped' } else { 'Failed' }

            $kb = ''
            try {
                if ($u.KBArticleIDs -and $u.KBArticleIDs.Count -gt 0) {
                    $kb = 'KB' + $u.KBArticleIDs[0]
                }
            } catch {}

            $needsReboot = $false
            try { $needsReboot = [bool]$u.RebootRequired } catch {}

            $byKey[$u.Title] = [PSCustomObject]@{
                Identifier     = $kb
                Title          = [string]$u.Title
                Status         = $status
                ErrorMessage   = if ($succeeded -or $resultCode -eq 0) { '' } else { 'ResultCode=' + $resultCode }
                RebootRequired = $needsReboot
                AttemptedAt    = (Get-Date -Format 'o')
            }
        }

        $results = @($byKey.Values)

        if ($results.Count -eq 0) {
            Write-Output '[]'
        } else {
            $results | ConvertTo-Json -Compress
        }
2026-08-05 10:34:07.636 -05:00 [INF] (Thread 14) WindowsUpdateWorker: no updates installed — system reboot is already pending.
2026-08-05 10:34:07.637 -05:00 [INF] (Thread 14) WindowsUpdateWorker: pass complete. Total=1 Succeeded=1 Failed=0 Skipped=0
2026-08-05 10:34:07.638 -05:00 [INF] (Thread 14) WingetWorker: skipping — last run was 2026-07-29T15:35:41.0696933Z (less than 7 days ago).
2026-08-05 10:34:07.638 -05:00 [INF] (Thread 14) UpdateOrchestrator: cycle complete. Total=1 Succeeded=1 Failed=0 RebootRequired=true
2026-08-05 10:34:07.638 -05:00 [INF] (Thread 14) UpdateOrchestrator: reboot required but last reboot was 50.5 hours ago — skipping notification until 3-day minimum has elapsed.
2026-08-05 10:34:07.638 -05:00 [INF] (Thread 14) UpdateBackgroundService: next cycle in "01:00:00".
2026-08-05 11:34:07.648 -05:00 [INF] (Thread 18) SelfUpdater: checking for updates. Current version: 1.26.524.632
2026-08-05 11:34:07.946 -05:00 [INF] (Thread 11) SelfUpdater: remote version = 1.26.586.441.
2026-08-05 11:34:07.946 -05:00 [INF] (Thread 11) SelfUpdater: new version 1.26.586.441 available — downloading installer.
2026-08-05 11:34:07.956 -05:00 [INF] (Thread 11) SelfUpdater: downloading installer from https://github.com/Coldmiser/UpdateSolution/releases/latest/download/__CapTG_Updater_Latest.exe
2026-08-05 11:34:16.416 -05:00 [INF] (Thread 17) SelfUpdater: launching installer at C:\ProgramData\CapTG\UpdateStaging\__CapTG_Updater_Latest.exe
2026-08-05 11:34:16.434 -05:00 [INF] (Thread 17) SelfUpdater: installer launched. Service will be replaced momentarily.
2026-08-05 11:34:16.434 -05:00 [INF] (Thread 17) UpdateOrchestrator: === Update cycle starting ===
2026-08-05 11:34:16.434 -05:00 [INF] (Thread 17) WindowsUpdateWorker: starting update pass.
2026-08-05 11:34:16.434 -05:00 [INF] (Thread 17) WindowsUpdateWorker: verifying PSWindowsUpdate module.
2026-08-05 11:34:16.435 -05:00 [DBG] (Thread 11) WindowsUpdateWorker: running PS script: $ProgressPreference = 'SilentlyContinue'
            $ErrorActionPreference = 'Stop'
            try {
                if (-not (Get-PackageProvider -Name NuGet -ListAvailable -ErrorAction SilentlyContinue)) {
                    Install-PackageProvider -Name NuGet -MinimumVersion 2.8.5.201 -Force -Scope AllUsers | Out-Null
                }
                Set-PSRepository -Name PSGallery -InstallationPolicy Trusted -ErrorAction SilentlyContinue
                if (-not (Get-Module -ListAvailable -Name PSWindowsUpdate -ErrorAction SilentlyContinue)) {
                    Install-Module PSWindowsUpdate -Force -SkipPublisherCheck -Scope AllUsers | Out-Null
                }
                Import-Module PSWindowsUpdate -Force -ErrorAction Stop
                try {
                    Add-WUServiceManager -MicrosoftUpdate -Confirm:$false -ErrorAction SilentlyContinue | Out-Null
                } catch {}
                Write-Output 'OK'
            } catch {
                Write-Output ('ERROR: ' + $_.Exception.Message)
            }
2026-08-05 11:34:20.784 -05:00 [INF] (Thread 13) UpdateBackgroundService: StopAsync called by SCM.
2026-08-05 11:34:20.793 -05:00 [WRN] (Thread 8) UpdateOrchestrator: Windows Update cancelled.
2026-08-05 11:34:20.793 -05:00 [INF] (Thread 8) UpdateBackgroundService: stopping.
2026-08-05 11:34:27.879 -05:00 [INF] (Thread 2) Logging initialized. Directory: C:\ProgramData\CapTG\UpdateService\logs
2026-08-05 11:34:27.919 -05:00 [INF] (Thread 2) CapTG UpdateService starting. Args: [--install]
2026-08-05 11:34:27.923 -05:00 [INF] (Thread 2) Installing service from: C:\Program Files\CapTG Updater\UpdateService.exe
2026-08-05 11:34:27.975 -05:00 [INF] (Thread 2) Service 'CapTGUpdateService' already exists — stopping for upgrade.
2026-08-05 11:34:27.976 -05:00 [DBG] (Thread 2) sc.exe stop "CapTGUpdateService"
2026-08-05 11:34:28.019 -05:00 [DBG] (Thread 2) sc.exe stdout: [SC] ControlService FAILED 1062:

The service has not been started.
2026-08-05 11:34:29.078 -05:00 [INF] (Thread 2) WaitForServiceStop: service is stopped.
2026-08-05 11:34:29.079 -05:00 [DBG] (Thread 2) sc.exe config "CapTGUpdateService" binPath= "C:\Program Files\CapTG Updater\UpdateService.exe" start= delayed-auto obj= LocalSystem
2026-08-05 11:34:29.157 -05:00 [DBG] (Thread 2) sc.exe stdout: [SC] ChangeServiceConfig SUCCESS
2026-08-05 11:34:29.159 -05:00 [DBG] (Thread 2) sc.exe description "CapTGUpdateService" "Automatically applies Windows Updates, driver updates, and winget package upgrades hourly. Notifies the logged-in user when a reboot is required."
2026-08-05 11:34:29.202 -05:00 [DBG] (Thread 2) sc.exe stdout: [SC] ChangeServiceConfig2 SUCCESS
2026-08-05 11:34:29.203 -05:00 [DBG] (Thread 2) sc.exe failure "CapTGUpdateService" reset= 86400 actions= restart/0/restart/60000/restart/300000
2026-08-05 11:34:29.246 -05:00 [DBG] (Thread 2) sc.exe stdout: [SC] ChangeServiceConfig2 SUCCESS
2026-08-05 11:34:29.247 -05:00 [DBG] (Thread 2) sc.exe start "CapTGUpdateService"
2026-08-05 11:34:29.705 -05:00 [DBG] (Thread 2) sc.exe stdout: SERVICE_NAME: CapTGUpdateService 
        TYPE               : 10  WIN32_OWN_PROCESS  
        STATE              : 2  START_PENDING 
                                (NOT_STOPPABLE, NOT_PAUSABLE, IGNORES_SHUTDOWN)
        WIN32_EXIT_CODE    : 0  (0x0)
        SERVICE_EXIT_CODE  : 0  (0x0)
        CHECKPOINT         : 0x0
        WAIT_HINT          : 0x7d0
        PID                : 33432
        FLAGS              :
