2026-07-29 10:31:52.829 -05:00 [INF] (Thread 2) Logging initialized. Directory: C:\ProgramData\CapTG\UpdateService\logs
2026-07-29 10:31:52.887 -05:00 [INF] (Thread 2) CapTG UpdateService starting. Args: [--install]
2026-07-29 10:31:52.892 -05:00 [INF] (Thread 2) Installing service from: C:\Program Files\CapTG Updater\UpdateService.exe
2026-07-29 10:31:52.938 -05:00 [DBG] (Thread 2) sc.exe create "CapTGUpdateService" binPath= "C:\Program Files\CapTG Updater\UpdateService.exe" DisplayName= "CapTG Automatic Update Service" start= delayed-auto obj= LocalSystem
2026-07-29 10:31:53.004 -05:00 [DBG] (Thread 2) sc.exe stdout: [SC] CreateService SUCCESS
2026-07-29 10:31:53.007 -05:00 [DBG] (Thread 2) sc.exe description "CapTGUpdateService" "Automatically applies Windows Updates, driver updates, and winget package upgrades hourly. Notifies the logged-in user when a reboot is required."
2026-07-29 10:31:53.053 -05:00 [DBG] (Thread 2) sc.exe stdout: [SC] ChangeServiceConfig2 SUCCESS
2026-07-29 10:31:53.053 -05:00 [DBG] (Thread 2) sc.exe failure "CapTGUpdateService" reset= 86400 actions= restart/0/restart/60000/restart/300000
2026-07-29 10:31:53.095 -05:00 [DBG] (Thread 2) sc.exe stdout: [SC] ChangeServiceConfig2 SUCCESS
2026-07-29 10:31:53.097 -05:00 [DBG] (Thread 2) sc.exe start "CapTGUpdateService"
2026-07-29 10:31:53.586 -05:00 [DBG] (Thread 2) sc.exe stdout: SERVICE_NAME: CapTGUpdateService 
        TYPE               : 10  WIN32_OWN_PROCESS  
        STATE              : 2  START_PENDING 
                                (NOT_STOPPABLE, NOT_PAUSABLE, IGNORES_SHUTDOWN)
        WIN32_EXIT_CODE    : 0  (0x0)
        SERVICE_EXIT_CODE  : 0  (0x0)
        CHECKPOINT         : 0x0
        WAIT_HINT          : 0x7d0
        PID                : 12948
        FLAGS              :
