2026-07-09 16:04:44.547 -05:00 [INF] (Thread 2) Logging initialized. Directory: C:\ProgramData\CapTG\UpdateService\logs
2026-07-09 16:04:44.615 -05:00 [INF] (Thread 2) CapTG UpdateService starting. Args: []
2026-07-09 16:04:44.617 -05:00 [INF] (Thread 2) Detected InstallationType 'Client', wrote InstType = Client.
2026-07-09 16:04:44.620 -05:00 [INF] (Thread 2) Notifier path: C:\Program Files\CapTG Updater\UpdateNotifier.exe
2026-07-09 16:04:44.794 -05:00 [INF] (Thread 2) Host built — handing control to the SCM.
2026-07-09 16:04:44.867 -05:00 [INF] (Thread 9) UpdateBackgroundService: update interval = "01:00:00"
2026-07-09 16:04:44.877 -05:00 [INF] (Thread 9) UpdateBackgroundService: StartAsync called by SCM.
2026-07-09 16:04:44.880 -05:00 [INF] (Thread 7) UpdateBackgroundService: service started. Initial delay = "00:02:00".
2026-07-09 16:06:44.888 -05:00 [INF] (Thread 3) SelfUpdater: checking for updates. Current version: 1.26.505.690
2026-07-09 16:06:45.125 -05:00 [INF] (Thread 3) SelfUpdater: remote version = 0.26.230.591.
2026-07-09 16:06:45.125 -05:00 [INF] (Thread 3) SelfUpdater: already up to date.
2026-07-09 16:06:45.126 -05:00 [INF] (Thread 3) UpdateOrchestrator: === Update cycle starting ===
2026-07-09 16:06:45.126 -05:00 [INF] (Thread 3) WindowsUpdateWorker: starting update pass.
2026-07-09 16:06:45.127 -05:00 [INF] (Thread 3) WindowsUpdateWorker: verifying PSWindowsUpdate module.
2026-07-09 16:06:45.131 -05:00 [DBG] (Thread 12) WindowsUpdateWorker: running PS script: $ProgressPreference = 'SilentlyContinue'
            $ErrorActionPreference = 'Stop'
            try {
                if (-not (Get-PackageProvider -Name NuGet -ListAvailable -ErrorAction SilentlyContinue)) {
                    Install-PackageProvider -Name NuGet -MinimumVersion 2.8.5.201 -Force -Scope AllUsers | Out-Null
                }
                Set-PSRepository -Name PSGallery -InstallationPolicy Trusted -ErrorAction SilentlyContinue
                if (-not (Get-Module -ListAvailable -Name PSWindowsUpdate -ErrorAction SilentlyContinue)) {
                    Install-Module PSWindowsUpdate -Force -SkipPublisherCheck -Scope AllUsers | Out-Null
                }
                Import-Module PSWindowsUpdate -Force -ErrorAction Stop
                try {
                    Add-WUServiceManager -MicrosoftUpdate -Confirm:$false -ErrorAction SilentlyContinue | Out-Null
                } catch {}
                Write-Output 'OK'
            } catch {
                Write-Output ('ERROR: ' + $_.Exception.Message)
            }
2026-07-09 16:07:14.271 -05:00 [INF] (Thread 14) WindowsUpdateWorker: PSWindowsUpdate module OK.
2026-07-09 16:07:14.272 -05:00 [DBG] (Thread 3) WindowsUpdateWorker: running PS script: Import-Module PSWindowsUpdate -ErrorAction Stop
        $ProgressPreference = 'SilentlyContinue'

        # Force the Windows Update Agent to scan before installing.
        # Fixes 0x80248007 (WU_E_DS_NODATA) on fresh builds or machines
        # whose update data store has not been initialised yet.
        try {
            Start-Process -FilePath 'UsoClient.exe' `
                -ArgumentList 'StartScan' `
                -Wait -NoNewWindow -ErrorAction SilentlyContinue
            Start-Sleep -Seconds 30
        } catch {}

        # 2>&1 merges stderr into the pipeline mixing strings with update
        # objects -- we filter them out in the foreach loop below.
        $rawOutput = Install-WindowsUpdate `
            -MicrosoftUpdate `
            -AcceptAll `
            -IgnoreReboot `
            -Install `
            -ErrorAction Continue 2>&1

        # Use a hashtable keyed on Title to keep only the LAST result per update.
        # PSWindowsUpdate emits objects at multiple pipeline stages (search, download,
        # install); overwriting ensures we capture the final post-install ResultCode
        # rather than an early ResultCode=0 (NotStarted).
        $byKey = @{}

        foreach ($u in $rawOutput) {
            if ($null -eq $u -or $u -isnot [PSObject]) { continue }
            if (-not ($u.PSObject.Properties.Name -contains 'Title')) { continue }
            if ([string]::IsNullOrWhiteSpace($u.Title)) { continue }

            $resultCode = 0
            try { $resultCode = [int]$u.ResultCode } catch { $resultCode = 4 }
            $succeeded = ($resultCode -eq 2 -or $resultCode -eq 3)

            # ResultCode=0 means NotStarted — treat as Skipped, not Failed.
            $status = if ($succeeded) { 'Succeeded' } elseif ($resultCode -eq 0) { 'Skipped' } else { 'Failed' }

            $kb = ''
            try {
                if ($u.KBArticleIDs -and $u.KBArticleIDs.Count -gt 0) {
                    $kb = 'KB' + $u.KBArticleIDs[0]
                }
            } catch {}

            $needsReboot = $false
            try { $needsReboot = [bool]$u.RebootRequired } catch {}

            $byKey[$u.Title] = [PSCustomObject]@{
                Identifier     = $kb
                Title          = [string]$u.Title
                Status         = $status
                ErrorMessage   = if ($succeeded -or $resultCode -eq 0) { '' } else { 'ResultCode=' + $resultCode }
                RebootRequired = $needsReboot
                AttemptedAt    = (Get-Date -Format 'o')
            }
        }

        $results = @($byKey.Values)

        if ($results.Count -eq 0) {
            Write-Output '[]'
        } else {
            $results | ConvertTo-Json -Compress
        }
2026-07-09 16:11:22.195 -05:00 [INF] (Thread 18) WindowsUpdateWorker: no updates installed — system reboot is already pending.
2026-07-09 16:11:22.196 -05:00 [INF] (Thread 18) WindowsUpdateWorker: pass complete. Total=3 Succeeded=1 Failed=0 Skipped=2
2026-07-09 16:11:22.202 -05:00 [INF] (Thread 18) WingetWorker: starting upgrade pass.
2026-07-09 16:11:22.270 -05:00 [DBG] (Thread 18) WingetWorker: using winget at C:\Program Files\WindowsApps\Microsoft.DesktopAppInstaller_1.29.280.0_x64__8wekyb3d8bbwe\winget.exe
2026-07-09 16:11:22.271 -05:00 [DBG] (Thread 18) WingetWorker: winget upgrade --include-unknown --accept-source-agreements
2026-07-09 16:11:23.678 -05:00 [WRN] (Thread 14) WingetWorker: listing upgrades returned exit code -1073741515. Stderr: 
2026-07-09 16:11:23.679 -05:00 [INF] (Thread 14) WingetWorker: no winget upgrades available.
2026-07-09 16:11:23.679 -05:00 [INF] (Thread 14) UpdateOrchestrator: cycle complete. Total=3 Succeeded=1 Failed=0 RebootRequired=true
2026-07-09 16:11:23.679 -05:00 [INF] (Thread 14) UpdateOrchestrator: reboot required but last reboot was 27.0 hours ago — skipping notification until 2-day minimum has elapsed.
2026-07-09 16:11:23.680 -05:00 [INF] (Thread 14) UpdateBackgroundService: next cycle in "01:00:00".
