2026-05-26 09:33:34 | INF | WINDOWS-UPDATE | KB= | Title=Realtek Driver Update (12.0.6000.384) | Status=Skipped | 2026-05-26T09:33:34.2119706-05:00
2026-05-26 09:33:34 | INF | WINDOWS-UPDATE | KB= | Title=Realtek Driver Update (13.4437.2277.720) | Status=Skipped | 2026-05-26T09:33:34.2059795-05:00
2026-05-26 09:33:34 | INF | WINDOWS-UPDATE | KB= | Title=Realtek Semiconductor Corp. Driver Update (6.0.9927.1) | Status=Skipped | 2026-05-26T09:33:34.2179952-05:00
2026-05-26 09:33:34 | INF | WINDOWS-UPDATE | KB= | Title=Realtek Driver Update (1.0.937.7) | Status=Skipped | 2026-05-26T09:33:34.2315631-05:00
2026-05-26 09:33:34 | INF | WINDOWS-UPDATE | KB=PendingReboot | Title=Reboot pending from a previous update cycle | RebootRequired=true | 2026-05-26T14:33:34.4179760Z
2026-05-26 09:33:39 | WRN | WINGET | \ | Status="Failed" | Error=winget exit code -1978335212:  | 2026-05-26T14:33:39.1765153Z
2026-05-26 09:33:40 | WRN | WINGET | winget | Status="Failed" | Error=winget exit code -1978335212:  | 2026-05-26T14:33:40.4510067Z
2026-05-26 10:34:36 | INF | WINDOWS-UPDATE | KB=PendingReboot | Title=Reboot pending from a previous update cycle | RebootRequired=true | 2026-05-26T15:34:36.1706602Z
2026-05-26 11:35:32 | INF | WINDOWS-UPDATE | KB=PendingReboot | Title=Reboot pending from a previous update cycle | RebootRequired=true | 2026-05-26T16:35:32.7571625Z
2026-05-26 12:36:30 | INF | WINDOWS-UPDATE | KB=PendingReboot | Title=Reboot pending from a previous update cycle | RebootRequired=true | 2026-05-26T17:36:30.7890447Z
2026-05-26 13:37:27 | INF | WINDOWS-UPDATE | KB=PendingReboot | Title=Reboot pending from a previous update cycle | RebootRequired=true | 2026-05-26T18:37:27.1650084Z
2026-05-26 14:38:27 | INF | WINDOWS-UPDATE | KB=PendingReboot | Title=Reboot pending from a previous update cycle | RebootRequired=true | 2026-05-26T19:38:27.5469903Z
2026-05-26 15:39:23 | INF | WINDOWS-UPDATE | KB=PendingReboot | Title=Reboot pending from a previous update cycle | RebootRequired=true | 2026-05-26T20:39:23.9497478Z
2026-05-26 16:40:30 | INF | WINDOWS-UPDATE | KB=PendingReboot | Title=Reboot pending from a previous update cycle | RebootRequired=true | 2026-05-26T21:40:30.4312582Z
2026-05-26 17:41:28 | INF | WINDOWS-UPDATE | KB=PendingReboot | Title=Reboot pending from a previous update cycle | RebootRequired=true | 2026-05-26T22:41:28.2705328Z
2026-05-26 18:42:27 | INF | WINDOWS-UPDATE | KB=PendingReboot | Title=Reboot pending from a previous update cycle | RebootRequired=true | 2026-05-26T23:42:27.5080223Z
2026-05-26 19:43:25 | INF | WINDOWS-UPDATE | KB=PendingReboot | Title=Reboot pending from a previous update cycle | RebootRequired=true | 2026-05-27T00:43:25.7830248Z
2026-05-26 20:44:25 | INF | WINDOWS-UPDATE | KB=PendingReboot | Title=Reboot pending from a previous update cycle | RebootRequired=true | 2026-05-27T01:44:25.3669560Z
2026-05-26 21:45:23 | INF | WINDOWS-UPDATE | KB=PendingReboot | Title=Reboot pending from a previous update cycle | RebootRequired=true | 2026-05-27T02:45:23.6243046Z
2026-05-26 22:46:22 | INF | WINDOWS-UPDATE | KB=PendingReboot | Title=Reboot pending from a previous update cycle | RebootRequired=true | 2026-05-27T03:46:22.6065363Z
2026-05-26 23:47:19 | INF | WINDOWS-UPDATE | KB=PendingReboot | Title=Reboot pending from a previous update cycle | RebootRequired=true | 2026-05-27T04:47:19.3089348Z
