2026-07-06 01:27:58.785 -05:00 [INF] (Thread 2) UpdateNotifier logging initialised. Directory: C:\ProgramData\CapTG\Logs
2026-07-06 01:27:58.811 -05:00 [INF] (Thread 2) UpdateNotifier: application starting.
2026-07-06 01:27:58.812 -05:00 [INF] (Thread 2) UpdateNotifier: args=C:\Program Files\CapTG Updater\UpdateNotifier.exe
2026-07-06 01:27:58.822 -05:00 [INF] (Thread 2) PipeClient: connecting to pipe 'CapTG_UpdatePipe'.
2026-07-06 01:27:58.828 -05:00 [INF] (Thread 2) PipeClient: connected.
2026-07-06 01:27:58.866 -05:00 [INF] (Thread 2) PipeClient: received message type="RebootRequired".
2026-07-06 01:27:58.894 -05:00 [INF] (Thread 2) SnoozeManager initialised with 6 options (previousSnoozeCount=0).
2026-07-06 01:27:58.895 -05:00 [DBG] (Thread 2) MainViewModel: options refreshed. Count=6
2026-07-06 01:27:58.895 -05:00 [INF] (Thread 2) MainViewModel: loading message. KBs=0 Pkgs=0
2026-07-06 01:27:59.083 -05:00 [INF] (Thread 2) MainWindow: constructor complete.
2026-07-06 01:27:59.175 -05:00 [INF] (Thread 2) MainWindow: logo loaded from C:\Program Files\CapTG Updater\CompanyLogo.png.
2026-07-06 01:27:59.175 -05:00 [DBG] (Thread 2) MainWindow: position locked at (700, 146).
2026-07-06 01:27:59.190 -05:00 [DBG] (Thread 2) MainWindow: move attempt blocked.
2026-07-06 01:27:59.193 -05:00 [DBG] (Thread 2) MainWindow: Topmost re-asserted.
2026-07-06 09:30:02.588 -05:00 [INF] (Thread 2) MainViewModel: user confirmed choice: 'Snooze for 6 Hours' ("06:00:00").
2026-07-06 09:30:02.590 -05:00 [INF] (Thread 2) SnoozeManager: user snoozed for "06:00:00". Options before removal: 6
2026-07-06 09:30:02.590 -05:00 [INF] (Thread 2) SnoozeManager: removed option 'Snooze for 6 Hours'. Remaining: 5
2026-07-06 09:30:02.592 -05:00 [INF] (Thread 2) App: user chose 'Snooze for 6 Hours' (360 min).
2026-07-06 09:30:02.592 -05:00 [INF] (Thread 2) PipeClient: sending UserResponse — SnoozeMinutes=360.
2026-07-06 09:30:02.608 -05:00 [ERR] (Thread 2) Failed to send response to service.
System.IO.IOException: Pipe is broken.
   at System.IO.Pipes.PipeStream.WriteAsyncCore(ReadOnlyMemory`1 buffer, CancellationToken cancellationToken)
   at System.IO.Pipes.PipeStream.WriteAsync(ReadOnlyMemory`1 buffer, CancellationToken cancellationToken)
   at UpdateNotifier.Pipes.PipeClient.WriteMessageAsync(PipeStream pipe, PipeMessage message, CancellationToken ct) in C:\Users\sbutski\Documents\VSCode Solutions Folder\UpdateSolution\UpdateNotifier\Pipes\PipeClient.cs:line 126
   at System.Runtime.CompilerServices.AsyncMethodBuilderCore.Start[TStateMachine](TStateMachine& stateMachine)
   at UpdateNotifier.Pipes.PipeClient.WriteMessageAsync(PipeStream pipe, PipeMessage message, CancellationToken ct)
   at UpdateNotifier.Pipes.PipeClient.SendResponseAsync(Int32 snoozeMinutes, CancellationToken ct) in C:\Users\sbutski\Documents\VSCode Solutions Folder\UpdateSolution\UpdateNotifier\Pipes\PipeClient.cs:line 81
   at System.Runtime.CompilerServices.AsyncMethodBuilderCore.Start[TStateMachine](TStateMachine& stateMachine)
   at UpdateNotifier.Pipes.PipeClient.SendResponseAsync(Int32 snoozeMinutes, CancellationToken ct)
   at UpdateNotifier.App.HandleUserDecisionAsync(SnoozeOption choice) in C:\Users\sbutski\Documents\VSCode Solutions Folder\UpdateSolution\UpdateNotifier\App.xaml.cs:line 182
   at System.Runtime.CompilerServices.AsyncMethodBuilderCore.Start[TStateMachine](TStateMachine& stateMachine)
   at UpdateNotifier.App.HandleUserDecisionAsync(SnoozeOption choice)
   at UpdateNotifier.App.<RunNormalModeAsync>b__5_0(Object _, SnoozeOption choice) in C:\Users\sbutski\Documents\VSCode Solutions Folder\UpdateSolution\UpdateNotifier\App.xaml.cs:line 164
   at System.Runtime.CompilerServices.AsyncMethodBuilderCore.Start[TStateMachine](TStateMachine& stateMachine)
   at UpdateNotifier.App.<RunNormalModeAsync>b__5_0(Object _, SnoozeOption choice)
   at UpdateNotifier.ViewModels.MainViewModel.OnConfirm() in C:\Users\sbutski\Documents\VSCode Solutions Folder\UpdateSolution\UpdateNotifier\ViewModels\MainViewModel.cs:line 129
   at UpdateNotifier.ViewModels.<MainViewModel>F37370FAE82C782900F40875049C067CCBC587A9D3897B05A345F8518FE3D32BE__RelayCommand.Execute(Object parameter) in C:\Users\sbutski\Documents\VSCode Solutions Folder\UpdateSolution\UpdateNotifier\ViewModels\MainViewModel.cs:line 160
   at System.Windows.Controls.Button.OnClick()
   at System.Windows.Controls.Primitives.ButtonBase.OnMouseLeftButtonUp(MouseButtonEventArgs e)
   at System.Windows.EventRoute.InvokeHandlersImpl(Object source, RoutedEventArgs args, Boolean reRaised)
   at System.Windows.UIElement.ReRaiseEventAs(DependencyObject sender, RoutedEventArgs args, RoutedEvent newEvent)
   at System.Windows.EventRoute.InvokeHandlersImpl(Object source, RoutedEventArgs args, Boolean reRaised)
   at System.Windows.UIElement.RaiseEventImpl(DependencyObject sender, RoutedEventArgs args)
   at System.Windows.Input.InputManager.ProcessStagingArea()
   at System.Windows.Interop.HwndMouseInputProvider.ReportInput(IntPtr hwnd, InputMode mode, Int32 timestamp, RawMouseActions actions, Int32 x, Int32 y, Int32 wheel)
   at System.Windows.Interop.HwndMouseInputProvider.FilterMessage(IntPtr hwnd, WindowMessage msg, IntPtr wParam, IntPtr lParam, Boolean& handled)
   at System.Windows.Interop.HwndSource.InputFilterMessage(IntPtr hwnd, Int32 msg, IntPtr wParam, IntPtr lParam, Boolean& handled)
   at System.Windows.Threading.ExceptionWrapper.InternalRealCall(Delegate callback, Object args, Int32 numArgs)
   at System.Windows.Threading.ExceptionWrapper.TryCatchWhen(Object source, Delegate callback, Object args, Int32 numArgs, Delegate catchHandler)
   at MS.Win32.HwndSubclass.SubclassWndProc(IntPtr hwnd, Int32 msg, IntPtr wParam, IntPtr lParam)
   at MS.Win32.UnsafeNativeMethods.DispatchMessage(MSG& msg)
   at MS.Win32.UnsafeNativeMethods.DispatchMessage(MSG& msg)
   at System.Windows.Threading.Dispatcher.PushFrameImpl(DispatcherFrame frame)
   at System.Windows.Window.ShowHelper(Object booleanBox)
   at System.Windows.Window.Show()
   at System.Windows.Window.ShowDialog()
   at UpdateNotifier.App.RunNormalModeAsync() in C:\Users\sbutski\Documents\VSCode Solutions Folder\UpdateSolution\UpdateNotifier\App.xaml.cs:line 168
   at System.Runtime.CompilerServices.AsyncTaskMethodBuilder`1.AsyncStateMachineBox`1.ExecutionContextCallback(Object s)
   at System.Threading.ExecutionContext.RunInternal(ExecutionContext executionContext, ContextCallback callback, Object state)
   at System.Runtime.CompilerServices.AsyncTaskMethodBuilder`1.AsyncStateMachineBox`1.MoveNext(Thread threadPoolThread)
   at System.Runtime.CompilerServices.AsyncTaskMethodBuilder`1.AsyncStateMachineBox`1.MoveNext()
   at System.Windows.Threading.ExceptionWrapper.InternalRealCall(Delegate callback, Object args, Int32 numArgs)
   at System.Windows.Threading.ExceptionWrapper.TryCatchWhen(Object source, Delegate callback, Object args, Int32 numArgs, Delegate catchHandler)
   at System.Windows.Threading.DispatcherOperation.InvokeImpl()
   at MS.Internal.CulturePreservingExecutionContext.CallbackWrapper(Object obj)
   at System.Threading.ExecutionContext.RunInternal(ExecutionContext executionContext, ContextCallback callback, Object state)
   at MS.Internal.CulturePreservingExecutionContext.Run(CulturePreservingExecutionContext executionContext, ContextCallback callback, Object state)
   at System.Windows.Threading.DispatcherOperation.Invoke()
   at System.Windows.Threading.Dispatcher.ProcessQueue()
   at System.Windows.Threading.Dispatcher.WndProcHook(IntPtr hwnd, Int32 msg, IntPtr wParam, IntPtr lParam, Boolean& handled)
   at MS.Win32.HwndWrapper.WndProc(IntPtr hwnd, Int32 msg, IntPtr wParam, IntPtr lParam, Boolean& handled)
   at MS.Win32.HwndSubclass.DispatcherCallbackOperation(Object o)
   at System.Windows.Threading.ExceptionWrapper.InternalRealCall(Delegate callback, Object args, Int32 numArgs)
   at System.Windows.Threading.ExceptionWrapper.TryCatchWhen(Object source, Delegate callback, Object args, Int32 numArgs, Delegate catchHandler)
   at System.Windows.Threading.Dispatcher.LegacyInvokeImpl(DispatcherPriority priority, TimeSpan timeout, Delegate method, Object args, Int32 numArgs)
   at System.Windows.Threading.Dispatcher.Invoke(DispatcherPriority priority, Delegate method, Object arg)
   at MS.Win32.HwndSubclass.SubclassWndProc(IntPtr hwnd, Int32 msg, IntPtr wParam, IntPtr lParam)
   at MS.Win32.UnsafeNativeMethods.DispatchMessage(MSG& msg)
   at MS.Win32.UnsafeNativeMethods.DispatchMessage(MSG& msg)
   at System.Windows.Threading.Dispatcher.PushFrameImpl(DispatcherFrame frame)
   at System.Windows.Application.RunDispatcher(Object ignore)
   at System.Windows.Application.RunInternal(Window window)
   at UpdateNotifier.App.Main() in C:\Users\sbutski\Documents\VSCode Solutions Folder\UpdateSolution\UpdateNotifier\obj\Release\net10.0-windows\win-x64\App.g.cs:line 50
--- End of stack trace from previous location ---
   at UpdateNotifier.Pipes.PipeClient.WriteMessageAsync(PipeStream pipe, PipeMessage message, CancellationToken ct) in C:\Users\sbutski\Documents\VSCode Solutions Folder\UpdateSolution\UpdateNotifier\Pipes\PipeClient.cs:line 126
   at UpdateNotifier.Pipes.PipeClient.SendResponseAsync(Int32 snoozeMinutes, CancellationToken ct) in C:\Users\sbutski\Documents\VSCode Solutions Folder\UpdateSolution\UpdateNotifier\Pipes\PipeClient.cs:line 81
   at UpdateNotifier.App.HandleUserDecisionAsync(SnoozeOption choice) in C:\Users\sbutski\Documents\VSCode Solutions Folder\UpdateSolution\UpdateNotifier\App.xaml.cs:line 182
2026-07-06 09:30:02.608 -05:00 [DBG] (Thread 2) PipeClient: disposed.
2026-07-06 09:30:02.609 -05:00 [INF] (Thread 2) MainWindow: user decided 'Snooze for 6 Hours'. Closing window.
2026-07-06 09:30:02.615 -05:00 [INF] (Thread 2) UpdateNotifier: exiting with code 0.
2026-07-06 09:42:59.610 -05:00 [INF] (Thread 2) UpdateNotifier logging initialised. Directory: C:\ProgramData\CapTG\Logs
2026-07-06 09:42:59.631 -05:00 [INF] (Thread 2) UpdateNotifier: application starting.
2026-07-06 09:42:59.631 -05:00 [INF] (Thread 2) UpdateNotifier: args=C:\Program Files\CapTG Updater\UpdateNotifier.exe
2026-07-06 09:42:59.640 -05:00 [INF] (Thread 2) PipeClient: connecting to pipe 'CapTG_UpdatePipe'.
2026-07-06 09:42:59.646 -05:00 [INF] (Thread 2) PipeClient: connected.
2026-07-06 09:42:59.683 -05:00 [INF] (Thread 2) PipeClient: received message type="RebootRequired".
2026-07-06 09:42:59.685 -05:00 [INF] (Thread 2) SnoozeManager initialised with 6 options (previousSnoozeCount=0).
2026-07-06 09:42:59.686 -05:00 [DBG] (Thread 2) MainViewModel: options refreshed. Count=6
2026-07-06 09:42:59.686 -05:00 [INF] (Thread 2) MainViewModel: loading message. KBs=0 Pkgs=0
2026-07-06 09:42:59.870 -05:00 [INF] (Thread 2) MainWindow: constructor complete.
2026-07-06 09:42:59.963 -05:00 [INF] (Thread 2) MainWindow: logo loaded from C:\Program Files\CapTG Updater\CompanyLogo.png.
2026-07-06 09:42:59.963 -05:00 [DBG] (Thread 2) MainWindow: position locked at (700, 146).
2026-07-06 09:42:59.978 -05:00 [DBG] (Thread 2) MainWindow: move attempt blocked.
2026-07-06 09:42:59.981 -05:00 [DBG] (Thread 2) MainWindow: Topmost re-asserted.
2026-07-06 09:43:05.952 -05:00 [INF] (Thread 2) MainViewModel: user confirmed choice: 'Snooze for 6 Hours' ("06:00:00").
2026-07-06 09:43:05.953 -05:00 [INF] (Thread 2) SnoozeManager: user snoozed for "06:00:00". Options before removal: 6
2026-07-06 09:43:05.954 -05:00 [INF] (Thread 2) SnoozeManager: removed option 'Snooze for 6 Hours'. Remaining: 5
2026-07-06 09:43:05.956 -05:00 [INF] (Thread 2) App: user chose 'Snooze for 6 Hours' (360 min).
2026-07-06 09:43:05.957 -05:00 [INF] (Thread 2) PipeClient: sending UserResponse — SnoozeMinutes=360.
2026-07-06 09:43:05.963 -05:00 [INF] (Thread 2) MainWindow: user decided 'Snooze for 6 Hours'. Closing window.
2026-07-06 09:43:05.971 -05:00 [DBG] (Thread 2) PipeClient: wrote 144 bytes to pipe.
2026-07-06 09:43:05.972 -05:00 [DBG] (Thread 2) PipeClient: disposed.
2026-07-06 09:43:05.973 -05:00 [INF] (Thread 2) UpdateNotifier: exiting with code 0.
2026-07-06 15:43:06.841 -05:00 [INF] (Thread 2) UpdateNotifier logging initialised. Directory: C:\ProgramData\CapTG\Logs
2026-07-06 15:43:06.863 -05:00 [INF] (Thread 2) UpdateNotifier: application starting.
2026-07-06 15:43:06.864 -05:00 [INF] (Thread 2) UpdateNotifier: args=C:\Program Files\CapTG Updater\UpdateNotifier.exe
2026-07-06 15:43:06.872 -05:00 [INF] (Thread 2) PipeClient: connecting to pipe 'CapTG_UpdatePipe'.
2026-07-06 15:43:06.876 -05:00 [INF] (Thread 2) PipeClient: connected.
2026-07-06 15:43:06.913 -05:00 [INF] (Thread 2) PipeClient: received message type="RebootRequired".
2026-07-06 15:43:06.915 -05:00 [INF] (Thread 2) SnoozeManager initialised with 5 options (previousSnoozeCount=1).
2026-07-06 15:43:06.916 -05:00 [DBG] (Thread 2) MainViewModel: options refreshed. Count=5
2026-07-06 15:43:06.916 -05:00 [INF] (Thread 2) MainViewModel: loading message. KBs=0 Pkgs=0
2026-07-06 15:43:07.113 -05:00 [INF] (Thread 2) MainWindow: constructor complete.
2026-07-06 15:43:07.203 -05:00 [INF] (Thread 2) MainWindow: logo loaded from C:\Program Files\CapTG Updater\CompanyLogo.png.
2026-07-06 15:43:07.204 -05:00 [DBG] (Thread 2) MainWindow: position locked at (700, 146).
2026-07-06 15:43:07.219 -05:00 [DBG] (Thread 2) MainWindow: move attempt blocked.
2026-07-06 15:43:07.222 -05:00 [DBG] (Thread 2) MainWindow: Topmost re-asserted.
2026-07-06 15:43:24.656 -05:00 [INF] (Thread 2) MainViewModel: user confirmed choice: 'Snooze for 30 Minutes' ("00:30:00").
2026-07-06 15:43:24.657 -05:00 [INF] (Thread 2) SnoozeManager: user snoozed for "00:30:00". Options before removal: 5
2026-07-06 15:43:24.657 -05:00 [INF] (Thread 2) SnoozeManager: removed option 'Snooze for 3 Hours'. Remaining: 4
2026-07-06 15:43:24.658 -05:00 [INF] (Thread 2) App: user chose 'Snooze for 30 Minutes' (30 min).
2026-07-06 15:43:24.658 -05:00 [INF] (Thread 2) PipeClient: sending UserResponse — SnoozeMinutes=30.
2026-07-06 15:43:24.663 -05:00 [INF] (Thread 2) MainWindow: user decided 'Snooze for 30 Minutes'. Closing window.
2026-07-06 15:43:24.673 -05:00 [DBG] (Thread 2) PipeClient: wrote 143 bytes to pipe.
2026-07-06 15:43:24.674 -05:00 [DBG] (Thread 2) PipeClient: disposed.
2026-07-06 15:43:24.675 -05:00 [INF] (Thread 2) UpdateNotifier: exiting with code 0.
2026-07-06 16:13:24.944 -05:00 [INF] (Thread 2) UpdateNotifier logging initialised. Directory: C:\ProgramData\CapTG\Logs
2026-07-06 16:13:24.966 -05:00 [INF] (Thread 2) UpdateNotifier: application starting.
2026-07-06 16:13:24.966 -05:00 [INF] (Thread 2) UpdateNotifier: args=C:\Program Files\CapTG Updater\UpdateNotifier.exe
2026-07-06 16:13:24.975 -05:00 [INF] (Thread 2) PipeClient: connecting to pipe 'CapTG_UpdatePipe'.
2026-07-06 16:13:24.979 -05:00 [INF] (Thread 2) PipeClient: connected.
2026-07-06 16:13:25.014 -05:00 [INF] (Thread 2) PipeClient: received message type="RebootRequired".
2026-07-06 16:13:25.017 -05:00 [INF] (Thread 2) SnoozeManager initialised with 4 options (previousSnoozeCount=2).
2026-07-06 16:13:25.018 -05:00 [DBG] (Thread 2) MainViewModel: options refreshed. Count=4
2026-07-06 16:13:25.018 -05:00 [INF] (Thread 2) MainViewModel: loading message. KBs=0 Pkgs=0
2026-07-06 16:13:25.205 -05:00 [INF] (Thread 2) MainWindow: constructor complete.
2026-07-06 16:13:25.294 -05:00 [INF] (Thread 2) MainWindow: logo loaded from C:\Program Files\CapTG Updater\CompanyLogo.png.
2026-07-06 16:13:25.294 -05:00 [DBG] (Thread 2) MainWindow: position locked at (700, 146).
2026-07-06 16:13:25.310 -05:00 [DBG] (Thread 2) MainWindow: move attempt blocked.
2026-07-06 16:13:25.314 -05:00 [DBG] (Thread 2) MainWindow: Topmost re-asserted.
2026-07-06 16:13:30.642 -05:00 [INF] (Thread 2) MainViewModel: user confirmed choice: 'Snooze for 15 Minutes' ("00:15:00").
2026-07-06 16:13:30.643 -05:00 [INF] (Thread 2) SnoozeManager: user snoozed for "00:15:00". Options before removal: 4
2026-07-06 16:13:30.644 -05:00 [INF] (Thread 2) SnoozeManager: removed option 'Snooze for 1 Hour'. Remaining: 3
2026-07-06 16:13:30.645 -05:00 [INF] (Thread 2) App: user chose 'Snooze for 15 Minutes' (15 min).
2026-07-06 16:13:30.646 -05:00 [INF] (Thread 2) PipeClient: sending UserResponse — SnoozeMinutes=15.
2026-07-06 16:13:30.651 -05:00 [INF] (Thread 2) MainWindow: user decided 'Snooze for 15 Minutes'. Closing window.
2026-07-06 16:13:30.661 -05:00 [DBG] (Thread 2) PipeClient: wrote 143 bytes to pipe.
2026-07-06 16:13:30.662 -05:00 [DBG] (Thread 2) PipeClient: disposed.
2026-07-06 16:13:30.663 -05:00 [INF] (Thread 2) UpdateNotifier: exiting with code 0.
2026-07-06 16:28:30.908 -05:00 [INF] (Thread 2) UpdateNotifier logging initialised. Directory: C:\ProgramData\CapTG\Logs
2026-07-06 16:28:30.929 -05:00 [INF] (Thread 2) UpdateNotifier: application starting.
2026-07-06 16:28:30.929 -05:00 [INF] (Thread 2) UpdateNotifier: args=C:\Program Files\CapTG Updater\UpdateNotifier.exe
2026-07-06 16:28:30.937 -05:00 [INF] (Thread 2) PipeClient: connecting to pipe 'CapTG_UpdatePipe'.
2026-07-06 16:28:30.941 -05:00 [INF] (Thread 2) PipeClient: connected.
2026-07-06 16:28:30.976 -05:00 [INF] (Thread 2) PipeClient: received message type="RebootRequired".
2026-07-06 16:28:30.978 -05:00 [INF] (Thread 2) SnoozeManager initialised with 3 options (previousSnoozeCount=3).
2026-07-06 16:28:30.979 -05:00 [DBG] (Thread 2) MainViewModel: options refreshed. Count=3
2026-07-06 16:28:30.980 -05:00 [INF] (Thread 2) MainViewModel: loading message. KBs=0 Pkgs=0
2026-07-06 16:28:31.161 -05:00 [INF] (Thread 2) MainWindow: constructor complete.
2026-07-06 16:28:31.254 -05:00 [INF] (Thread 2) MainWindow: logo loaded from C:\Program Files\CapTG Updater\CompanyLogo.png.
2026-07-06 16:28:31.254 -05:00 [DBG] (Thread 2) MainWindow: position locked at (700, 146).
2026-07-06 16:28:31.269 -05:00 [DBG] (Thread 2) MainWindow: move attempt blocked.
2026-07-06 16:28:31.271 -05:00 [DBG] (Thread 2) MainWindow: Topmost re-asserted.
