2026-06-13 00:28:39.061 -05:00 [INF] (Thread 2) UpdateNotifier logging initialised. Directory: C:\ProgramData\CapTG\Logs
2026-06-13 00:28:39.082 -05:00 [INF] (Thread 2) UpdateNotifier: application starting.
2026-06-13 00:28:39.082 -05:00 [INF] (Thread 2) UpdateNotifier: args=C:\Program Files\CapTG Updater\UpdateNotifier.exe
2026-06-13 00:28:39.090 -05:00 [INF] (Thread 2) PipeClient: connecting to pipe 'CapTG_UpdatePipe'.
2026-06-13 00:28:39.095 -05:00 [INF] (Thread 2) PipeClient: connected.
2026-06-13 00:28:39.131 -05:00 [INF] (Thread 2) PipeClient: received message type="RebootRequired".
2026-06-13 00:28:39.170 -05:00 [INF] (Thread 2) SnoozeManager initialised with 4 options (previousSnoozeCount=2).
2026-06-13 00:28:39.171 -05:00 [DBG] (Thread 2) MainViewModel: options refreshed. Count=4
2026-06-13 00:28:39.171 -05:00 [INF] (Thread 2) MainViewModel: loading message. KBs=0 Pkgs=0
2026-06-13 00:28:39.766 -05:00 [INF] (Thread 2) MainWindow: constructor complete.
2026-06-13 00:28:39.851 -05:00 [INF] (Thread 2) MainWindow: logo loaded from C:\Program Files\CapTG Updater\CompanyLogo.png.
2026-06-13 00:28:39.851 -05:00 [DBG] (Thread 2) MainWindow: position locked at (700, 146).
2026-06-13 00:28:39.866 -05:00 [DBG] (Thread 2) MainWindow: move attempt blocked.
2026-06-13 00:28:39.869 -05:00 [DBG] (Thread 2) MainWindow: Topmost re-asserted.
2026-06-13 08:43:39.795 -05:00 [INF] (Thread 2) UpdateNotifier logging initialised. Directory: C:\ProgramData\CapTG\Logs
2026-06-13 08:43:39.818 -05:00 [INF] (Thread 2) UpdateNotifier: application starting.
2026-06-13 08:43:39.819 -05:00 [INF] (Thread 2) UpdateNotifier: args=C:\Program Files\CapTG Updater\UpdateNotifier.exe
2026-06-13 08:43:39.828 -05:00 [INF] (Thread 2) PipeClient: connecting to pipe 'CapTG_UpdatePipe'.
2026-06-13 08:43:39.833 -05:00 [INF] (Thread 2) PipeClient: connected.
2026-06-13 08:43:39.871 -05:00 [INF] (Thread 2) PipeClient: received message type="RebootRequired".
2026-06-13 08:43:39.874 -05:00 [INF] (Thread 2) SnoozeManager initialised with 4 options (previousSnoozeCount=2).
2026-06-13 08:43:39.875 -05:00 [DBG] (Thread 2) MainViewModel: options refreshed. Count=4
2026-06-13 08:43:39.875 -05:00 [INF] (Thread 2) MainViewModel: loading message. KBs=0 Pkgs=0
2026-06-13 08:43:40.060 -05:00 [INF] (Thread 2) MainWindow: constructor complete.
2026-06-13 08:43:40.152 -05:00 [INF] (Thread 2) MainWindow: logo loaded from C:\Program Files\CapTG Updater\CompanyLogo.png.
2026-06-13 08:43:40.152 -05:00 [DBG] (Thread 2) MainWindow: position locked at (700, 146).
2026-06-13 08:43:40.167 -05:00 [DBG] (Thread 2) MainWindow: move attempt blocked.
2026-06-13 08:43:40.170 -05:00 [DBG] (Thread 2) MainWindow: Topmost re-asserted.
2026-06-13 16:58:40.591 -05:00 [INF] (Thread 2) UpdateNotifier logging initialised. Directory: C:\ProgramData\CapTG\Logs
2026-06-13 16:58:40.612 -05:00 [INF] (Thread 2) UpdateNotifier: application starting.
2026-06-13 16:58:40.612 -05:00 [INF] (Thread 2) UpdateNotifier: args=C:\Program Files\CapTG Updater\UpdateNotifier.exe
2026-06-13 16:58:40.621 -05:00 [INF] (Thread 2) PipeClient: connecting to pipe 'CapTG_UpdatePipe'.
2026-06-13 16:58:40.625 -05:00 [INF] (Thread 2) PipeClient: connected.
2026-06-13 16:58:40.661 -05:00 [INF] (Thread 2) PipeClient: received message type="RebootRequired".
2026-06-13 16:58:40.664 -05:00 [INF] (Thread 2) SnoozeManager initialised with 4 options (previousSnoozeCount=2).
2026-06-13 16:58:40.665 -05:00 [DBG] (Thread 2) MainViewModel: options refreshed. Count=4
2026-06-13 16:58:40.665 -05:00 [INF] (Thread 2) MainViewModel: loading message. KBs=0 Pkgs=0
2026-06-13 16:58:41.259 -05:00 [INF] (Thread 2) MainWindow: constructor complete.
2026-06-13 16:58:41.355 -05:00 [INF] (Thread 2) MainWindow: logo loaded from C:\Program Files\CapTG Updater\CompanyLogo.png.
2026-06-13 16:58:41.355 -05:00 [DBG] (Thread 2) MainWindow: position locked at (700, 146).
2026-06-13 16:58:41.371 -05:00 [DBG] (Thread 2) MainWindow: move attempt blocked.
2026-06-13 16:58:41.373 -05:00 [DBG] (Thread 2) MainWindow: Topmost re-asserted.
