2026-06-28 00:44:56.351 -05:00 [INF] (Thread 2) UpdateNotifier logging initialised. Directory: C:\ProgramData\CapTG\Logs
2026-06-28 00:44:56.410 -05:00 [INF] (Thread 2) UpdateNotifier: application starting.
2026-06-28 00:44:56.410 -05:00 [INF] (Thread 2) UpdateNotifier: args=C:\Program Files\CapTG Updater\UpdateNotifier.exe
2026-06-28 00:44:56.418 -05:00 [INF] (Thread 2) PipeClient: connecting to pipe 'CapTG_UpdatePipe'.
2026-06-28 00:44:56.423 -05:00 [INF] (Thread 2) PipeClient: connected.
2026-06-28 00:44:56.459 -05:00 [INF] (Thread 2) PipeClient: received message type="RebootRequired".
2026-06-28 00:44:56.461 -05:00 [INF] (Thread 2) SnoozeManager initialised with 6 options (previousSnoozeCount=0).
2026-06-28 00:44:56.462 -05:00 [DBG] (Thread 2) MainViewModel: options refreshed. Count=6
2026-06-28 00:44:56.462 -05:00 [INF] (Thread 2) MainViewModel: loading message. KBs=0 Pkgs=0
2026-06-28 00:44:57.067 -05:00 [INF] (Thread 2) MainWindow: constructor complete.
2026-06-28 00:44:57.161 -05:00 [INF] (Thread 2) MainWindow: logo loaded from C:\Program Files\CapTG Updater\CompanyLogo.png.
2026-06-28 00:44:57.161 -05:00 [DBG] (Thread 2) MainWindow: position locked at (700, 146).
2026-06-28 00:44:57.176 -05:00 [DBG] (Thread 2) MainWindow: move attempt blocked.
2026-06-28 00:44:57.179 -05:00 [DBG] (Thread 2) MainWindow: Topmost re-asserted.
2026-06-28 08:59:57.274 -05:00 [INF] (Thread 2) UpdateNotifier logging initialised. Directory: C:\ProgramData\CapTG\Logs
2026-06-28 08:59:57.296 -05:00 [INF] (Thread 2) UpdateNotifier: application starting.
2026-06-28 08:59:57.296 -05:00 [INF] (Thread 2) UpdateNotifier: args=C:\Program Files\CapTG Updater\UpdateNotifier.exe
2026-06-28 08:59:57.304 -05:00 [INF] (Thread 2) PipeClient: connecting to pipe 'CapTG_UpdatePipe'.
2026-06-28 08:59:57.309 -05:00 [INF] (Thread 2) PipeClient: connected.
2026-06-28 08:59:57.345 -05:00 [INF] (Thread 2) PipeClient: received message type="RebootRequired".
2026-06-28 08:59:57.347 -05:00 [INF] (Thread 2) SnoozeManager initialised with 6 options (previousSnoozeCount=0).
2026-06-28 08:59:57.348 -05:00 [DBG] (Thread 2) MainViewModel: options refreshed. Count=6
2026-06-28 08:59:57.348 -05:00 [INF] (Thread 2) MainViewModel: loading message. KBs=0 Pkgs=0
2026-06-28 08:59:57.904 -05:00 [INF] (Thread 2) MainWindow: constructor complete.
2026-06-28 08:59:57.997 -05:00 [INF] (Thread 2) MainWindow: logo loaded from C:\Program Files\CapTG Updater\CompanyLogo.png.
2026-06-28 08:59:57.998 -05:00 [DBG] (Thread 2) MainWindow: position locked at (700, 146).
2026-06-28 08:59:58.013 -05:00 [DBG] (Thread 2) MainWindow: move attempt blocked.
2026-06-28 08:59:58.016 -05:00 [DBG] (Thread 2) MainWindow: Topmost re-asserted.
