2026-06-25 02:26:01.635 -05:00 [INF] (Thread 2) UpdateNotifier logging initialised. Directory: C:\ProgramData\CapTG\Logs
2026-06-25 02:26:01.656 -05:00 [INF] (Thread 2) UpdateNotifier: application starting.
2026-06-25 02:26:01.657 -05:00 [INF] (Thread 2) UpdateNotifier: args=C:\Program Files\CapTG Updater\UpdateNotifier.exe
2026-06-25 02:26:01.665 -05:00 [INF] (Thread 2) PipeClient: connecting to pipe 'CapTG_UpdatePipe'.
2026-06-25 02:26:01.669 -05:00 [INF] (Thread 2) PipeClient: connected.
2026-06-25 02:26:01.705 -05:00 [INF] (Thread 2) PipeClient: received message type="RebootRequired".
2026-06-25 02:26:01.759 -05:00 [INF] (Thread 2) SnoozeManager initialised with 5 options (previousSnoozeCount=1).
2026-06-25 02:26:01.761 -05:00 [DBG] (Thread 2) MainViewModel: options refreshed. Count=5
2026-06-25 02:26:01.762 -05:00 [INF] (Thread 2) MainViewModel: loading message. KBs=0 Pkgs=0
2026-06-25 02:26:02.302 -05:00 [INF] (Thread 2) MainWindow: constructor complete.
2026-06-25 02:26:02.394 -05:00 [INF] (Thread 2) MainWindow: logo loaded from C:\Program Files\CapTG Updater\CompanyLogo.png.
2026-06-25 02:26:02.394 -05:00 [DBG] (Thread 2) MainWindow: position locked at (700, 146).
2026-06-25 02:26:02.410 -05:00 [DBG] (Thread 2) MainWindow: move attempt blocked.
2026-06-25 02:26:02.414 -05:00 [DBG] (Thread 2) MainWindow: Topmost re-asserted.
2026-06-25 07:17:18.112 -05:00 [INF] (Thread 2) MainViewModel: user confirmed choice: 'Snooze for 3 Hours' ("03:00:00").
2026-06-25 07:17:18.112 -05:00 [INF] (Thread 2) SnoozeManager: user snoozed for "03:00:00". Options before removal: 5
2026-06-25 07:17:18.113 -05:00 [INF] (Thread 2) SnoozeManager: removed option 'Snooze for 3 Hours'. Remaining: 4
2026-06-25 07:17:18.113 -05:00 [INF] (Thread 2) App: user chose 'Snooze for 3 Hours' (180 min).
2026-06-25 07:17:18.114 -05:00 [INF] (Thread 2) PipeClient: sending UserResponse — SnoozeMinutes=180.
2026-06-25 07:17:18.119 -05:00 [INF] (Thread 2) MainWindow: user decided 'Snooze for 3 Hours'. Closing window.
2026-06-25 07:17:18.130 -05:00 [DBG] (Thread 2) PipeClient: wrote 144 bytes to pipe.
2026-06-25 07:17:18.131 -05:00 [DBG] (Thread 2) PipeClient: disposed.
2026-06-25 07:17:18.132 -05:00 [INF] (Thread 2) UpdateNotifier: exiting with code 0.
