2026-07-06 01:12:58.440 -05:00 [ERR] (Thread 35) PipeServer: error reading user response from notifier.
System.OperationCanceledException: The operation was canceled.
   at System.IO.Pipes.PipeStream.PipeValueTaskSource.GetResult(Int16 token)
   at System.IO.Stream.ReadAtLeastAsyncCore(Memory`1 buffer, Int32 minimumBytes, Boolean throwOnEndOfStream, CancellationToken cancellationToken)
   at System.Runtime.CompilerServices.PoolingAsyncValueTaskMethodBuilder`1.StateMachineBox`1.System.Threading.Tasks.Sources.IValueTaskSource.GetResult(Int16 token)
   at UpdateService.Pipes.PipeServer.ReadMessageAsync(PipeStream pipe, CancellationToken ct) in C:\Users\sbutski\Documents\VSCode Solutions Folder\UpdateSolution\UpdateService\Pipes\PipeServer.cs:line 224
   at UpdateService.Pipes.PipeServer.RunOneNotificationCycleAsync(PipeMessage outbound, CancellationToken cancellationToken) in C:\Users\sbutski\Documents\VSCode Solutions Folder\UpdateSolution\UpdateService\Pipes\PipeServer.cs:line 190
2026-07-06 01:12:58.483 -05:00 [WRN] (Thread 35) PipeServer: no response received — retrying notification in 15 minutes.
2026-07-06 01:27:58.539 -05:00 [INF] (Thread 35) PipeServer: pipe created — launching notifier.
2026-07-06 01:27:58.547 -05:00 [WRN] (Thread 35) PipeServer: killed stale notifier process (PID 29996).
2026-07-06 01:27:58.547 -05:00 [INF] (Thread 35) UserProcessLauncher: launching 'C:\Program Files\CapTG Updater\UpdateNotifier.exe' as active user.
2026-07-06 01:27:58.547 -05:00 [DBG] (Thread 35) UserProcessLauncher: console session 1 has a valid user token.
2026-07-06 01:27:58.547 -05:00 [DBG] (Thread 35) UserProcessLauncher: using session ID = 1.
2026-07-06 01:27:58.559 -05:00 [INF] (Thread 35) UserProcessLauncher: 'C:\Program Files\CapTG Updater\UpdateNotifier.exe' launched in session 1.
2026-07-06 01:27:58.559 -05:00 [DBG] (Thread 35) PipeServer: waiting for notifier to connect.
2026-07-06 01:27:58.823 -05:00 [INF] (Thread 35) PipeServer: notifier connected.
2026-07-06 01:27:58.835 -05:00 [DBG] (Thread 36) PipeServer: RebootRequired message sent.
2026-07-06 09:27:59.338 -05:00 [ERR] (Thread 44) PipeServer: error reading user response from notifier.
System.OperationCanceledException: The operation was canceled.
   at System.IO.Pipes.PipeStream.PipeValueTaskSource.GetResult(Int16 token)
   at System.IO.Stream.ReadAtLeastAsyncCore(Memory`1 buffer, Int32 minimumBytes, Boolean throwOnEndOfStream, CancellationToken cancellationToken)
   at System.Runtime.CompilerServices.PoolingAsyncValueTaskMethodBuilder`1.StateMachineBox`1.System.Threading.Tasks.Sources.IValueTaskSource.GetResult(Int16 token)
   at UpdateService.Pipes.PipeServer.ReadMessageAsync(PipeStream pipe, CancellationToken ct) in C:\Users\sbutski\Documents\VSCode Solutions Folder\UpdateSolution\UpdateService\Pipes\PipeServer.cs:line 224
   at UpdateService.Pipes.PipeServer.RunOneNotificationCycleAsync(PipeMessage outbound, CancellationToken cancellationToken) in C:\Users\sbutski\Documents\VSCode Solutions Folder\UpdateSolution\UpdateService\Pipes\PipeServer.cs:line 190
2026-07-06 09:27:59.340 -05:00 [WRN] (Thread 44) PipeServer: no response received — retrying notification in 15 minutes.
2026-07-06 09:42:59.359 -05:00 [INF] (Thread 45) PipeServer: pipe created — launching notifier.
2026-07-06 09:42:59.367 -05:00 [INF] (Thread 45) UserProcessLauncher: launching 'C:\Program Files\CapTG Updater\UpdateNotifier.exe' as active user.
2026-07-06 09:42:59.367 -05:00 [DBG] (Thread 45) UserProcessLauncher: console session 1 has a valid user token.
2026-07-06 09:42:59.367 -05:00 [DBG] (Thread 45) UserProcessLauncher: using session ID = 1.
2026-07-06 09:42:59.378 -05:00 [INF] (Thread 45) UserProcessLauncher: 'C:\Program Files\CapTG Updater\UpdateNotifier.exe' launched in session 1.
2026-07-06 09:42:59.378 -05:00 [DBG] (Thread 45) PipeServer: waiting for notifier to connect.
2026-07-06 09:42:59.643 -05:00 [INF] (Thread 45) PipeServer: notifier connected.
2026-07-06 09:42:59.652 -05:00 [DBG] (Thread 34) PipeServer: RebootRequired message sent.
2026-07-06 09:43:05.974 -05:00 [INF] (Thread 45) PipeServer: received UserResponse — SnoozeMinutes=360
2026-07-06 09:43:05.975 -05:00 [INF] (Thread 45) PipeServer: user snoozed for 360 minutes (snoozeCount=1).
2026-07-06 15:43:06.550 -05:00 [INF] (Thread 43) PipeServer: pipe created — launching notifier.
2026-07-06 15:43:06.563 -05:00 [INF] (Thread 43) UserProcessLauncher: launching 'C:\Program Files\CapTG Updater\UpdateNotifier.exe' as active user.
2026-07-06 15:43:06.564 -05:00 [DBG] (Thread 43) UserProcessLauncher: console session 1 has a valid user token.
2026-07-06 15:43:06.564 -05:00 [DBG] (Thread 43) UserProcessLauncher: using session ID = 1.
2026-07-06 15:43:06.573 -05:00 [INF] (Thread 43) UserProcessLauncher: 'C:\Program Files\CapTG Updater\UpdateNotifier.exe' launched in session 1.
2026-07-06 15:43:06.573 -05:00 [DBG] (Thread 43) PipeServer: waiting for notifier to connect.
2026-07-06 15:43:06.873 -05:00 [INF] (Thread 43) PipeServer: notifier connected.
2026-07-06 15:43:06.882 -05:00 [DBG] (Thread 50) PipeServer: RebootRequired message sent.
2026-07-06 15:43:24.672 -05:00 [INF] (Thread 43) PipeServer: received UserResponse — SnoozeMinutes=30
2026-07-06 15:43:24.672 -05:00 [INF] (Thread 43) PipeServer: user snoozed for 30 minutes (snoozeCount=2).
2026-07-06 16:13:24.703 -05:00 [INF] (Thread 43) PipeServer: pipe created — launching notifier.
2026-07-06 16:13:24.708 -05:00 [INF] (Thread 43) UserProcessLauncher: launching 'C:\Program Files\CapTG Updater\UpdateNotifier.exe' as active user.
2026-07-06 16:13:24.708 -05:00 [DBG] (Thread 43) UserProcessLauncher: console session 1 has a valid user token.
2026-07-06 16:13:24.708 -05:00 [DBG] (Thread 43) UserProcessLauncher: using session ID = 1.
2026-07-06 16:13:24.717 -05:00 [INF] (Thread 43) UserProcessLauncher: 'C:\Program Files\CapTG Updater\UpdateNotifier.exe' launched in session 1.
2026-07-06 16:13:24.717 -05:00 [DBG] (Thread 43) PipeServer: waiting for notifier to connect.
2026-07-06 16:13:24.976 -05:00 [INF] (Thread 43) PipeServer: notifier connected.
2026-07-06 16:13:24.985 -05:00 [DBG] (Thread 50) PipeServer: RebootRequired message sent.
2026-07-06 16:13:30.661 -05:00 [INF] (Thread 47) PipeServer: received UserResponse — SnoozeMinutes=15
2026-07-06 16:13:30.661 -05:00 [INF] (Thread 47) PipeServer: user snoozed for 15 minutes (snoozeCount=3).
2026-07-06 16:28:30.670 -05:00 [INF] (Thread 47) PipeServer: pipe created — launching notifier.
2026-07-06 16:28:30.674 -05:00 [INF] (Thread 47) UserProcessLauncher: launching 'C:\Program Files\CapTG Updater\UpdateNotifier.exe' as active user.
2026-07-06 16:28:30.674 -05:00 [DBG] (Thread 47) UserProcessLauncher: console session 1 has a valid user token.
2026-07-06 16:28:30.674 -05:00 [DBG] (Thread 47) UserProcessLauncher: using session ID = 1.
2026-07-06 16:28:30.683 -05:00 [INF] (Thread 47) UserProcessLauncher: 'C:\Program Files\CapTG Updater\UpdateNotifier.exe' launched in session 1.
2026-07-06 16:28:30.683 -05:00 [DBG] (Thread 47) PipeServer: waiting for notifier to connect.
2026-07-06 16:28:30.939 -05:00 [INF] (Thread 47) PipeServer: notifier connected.
2026-07-06 16:28:30.947 -05:00 [DBG] (Thread 47) PipeServer: RebootRequired message sent.
