2026-06-28 00:29:56.062 -05:00 [ERR] (Thread 25) PipeServer: error reading user response from notifier.
System.OperationCanceledException: The operation was canceled.
   at System.IO.Pipes.PipeStream.PipeValueTaskSource.GetResult(Int16 token)
   at System.IO.Stream.ReadAtLeastAsyncCore(Memory`1 buffer, Int32 minimumBytes, Boolean throwOnEndOfStream, CancellationToken cancellationToken)
   at System.Runtime.CompilerServices.PoolingAsyncValueTaskMethodBuilder`1.StateMachineBox`1.System.Threading.Tasks.Sources.IValueTaskSource.GetResult(Int16 token)
   at UpdateService.Pipes.PipeServer.ReadMessageAsync(PipeStream pipe, CancellationToken ct) in C:\Users\sbutski\Documents\VSCode Solutions Folder\UpdateSolution\UpdateService\Pipes\PipeServer.cs:line 224
   at UpdateService.Pipes.PipeServer.RunOneNotificationCycleAsync(PipeMessage outbound, CancellationToken cancellationToken) in C:\Users\sbutski\Documents\VSCode Solutions Folder\UpdateSolution\UpdateService\Pipes\PipeServer.cs:line 190
2026-06-28 00:29:56.067 -05:00 [WRN] (Thread 25) PipeServer: no response received — retrying notification in 15 minutes.
2026-06-28 00:44:56.090 -05:00 [INF] (Thread 25) PipeServer: pipe created — launching notifier.
2026-06-28 00:44:56.104 -05:00 [WRN] (Thread 25) PipeServer: killed stale notifier process (PID 32916).
2026-06-28 00:44:56.104 -05:00 [INF] (Thread 25) UserProcessLauncher: launching 'C:\Program Files\CapTG Updater\UpdateNotifier.exe' as active user.
2026-06-28 00:44:56.104 -05:00 [DBG] (Thread 25) UserProcessLauncher: console session 1 has a valid user token.
2026-06-28 00:44:56.104 -05:00 [DBG] (Thread 25) UserProcessLauncher: using session ID = 1.
2026-06-28 00:44:56.118 -05:00 [INF] (Thread 25) UserProcessLauncher: 'C:\Program Files\CapTG Updater\UpdateNotifier.exe' launched in session 1.
2026-06-28 00:44:56.118 -05:00 [DBG] (Thread 25) PipeServer: waiting for notifier to connect.
2026-06-28 00:44:56.420 -05:00 [INF] (Thread 25) PipeServer: notifier connected.
2026-06-28 00:44:56.429 -05:00 [DBG] (Thread 23) PipeServer: RebootRequired message sent.
2026-06-28 08:44:56.993 -05:00 [ERR] (Thread 32) PipeServer: error reading user response from notifier.
System.OperationCanceledException: The operation was canceled.
   at System.IO.Pipes.PipeStream.PipeValueTaskSource.GetResult(Int16 token)
   at System.IO.Stream.ReadAtLeastAsyncCore(Memory`1 buffer, Int32 minimumBytes, Boolean throwOnEndOfStream, CancellationToken cancellationToken)
   at System.Runtime.CompilerServices.PoolingAsyncValueTaskMethodBuilder`1.StateMachineBox`1.System.Threading.Tasks.Sources.IValueTaskSource.GetResult(Int16 token)
   at UpdateService.Pipes.PipeServer.ReadMessageAsync(PipeStream pipe, CancellationToken ct) in C:\Users\sbutski\Documents\VSCode Solutions Folder\UpdateSolution\UpdateService\Pipes\PipeServer.cs:line 224
   at UpdateService.Pipes.PipeServer.RunOneNotificationCycleAsync(PipeMessage outbound, CancellationToken cancellationToken) in C:\Users\sbutski\Documents\VSCode Solutions Folder\UpdateSolution\UpdateService\Pipes\PipeServer.cs:line 190
2026-06-28 08:44:56.995 -05:00 [WRN] (Thread 32) PipeServer: no response received — retrying notification in 15 minutes.
2026-06-28 08:59:57.027 -05:00 [INF] (Thread 36) PipeServer: pipe created — launching notifier.
2026-06-28 08:59:57.032 -05:00 [WRN] (Thread 36) PipeServer: killed stale notifier process (PID 10120).
2026-06-28 08:59:57.032 -05:00 [INF] (Thread 36) UserProcessLauncher: launching 'C:\Program Files\CapTG Updater\UpdateNotifier.exe' as active user.
2026-06-28 08:59:57.032 -05:00 [DBG] (Thread 36) UserProcessLauncher: console session 1 has a valid user token.
2026-06-28 08:59:57.032 -05:00 [DBG] (Thread 36) UserProcessLauncher: using session ID = 1.
2026-06-28 08:59:57.042 -05:00 [INF] (Thread 36) UserProcessLauncher: 'C:\Program Files\CapTG Updater\UpdateNotifier.exe' launched in session 1.
2026-06-28 08:59:57.042 -05:00 [DBG] (Thread 36) PipeServer: waiting for notifier to connect.
2026-06-28 08:59:57.306 -05:00 [INF] (Thread 36) PipeServer: notifier connected.
2026-06-28 08:59:57.315 -05:00 [DBG] (Thread 36) PipeServer: RebootRequired message sent.
2026-06-28 16:59:57.842 -05:00 [ERR] (Thread 34) PipeServer: error reading user response from notifier.
System.OperationCanceledException: The operation was canceled.
   at System.IO.Pipes.PipeStream.PipeValueTaskSource.GetResult(Int16 token)
   at System.IO.Stream.ReadAtLeastAsyncCore(Memory`1 buffer, Int32 minimumBytes, Boolean throwOnEndOfStream, CancellationToken cancellationToken)
   at System.Runtime.CompilerServices.PoolingAsyncValueTaskMethodBuilder`1.StateMachineBox`1.System.Threading.Tasks.Sources.IValueTaskSource.GetResult(Int16 token)
   at UpdateService.Pipes.PipeServer.ReadMessageAsync(PipeStream pipe, CancellationToken ct) in C:\Users\sbutski\Documents\VSCode Solutions Folder\UpdateSolution\UpdateService\Pipes\PipeServer.cs:line 224
   at UpdateService.Pipes.PipeServer.RunOneNotificationCycleAsync(PipeMessage outbound, CancellationToken cancellationToken) in C:\Users\sbutski\Documents\VSCode Solutions Folder\UpdateSolution\UpdateService\Pipes\PipeServer.cs:line 190
2026-06-28 16:59:57.843 -05:00 [WRN] (Thread 34) PipeServer: no response received — retrying notification in 15 minutes.
2026-06-28 17:14:57.880 -05:00 [INF] (Thread 34) PipeServer: pipe created — launching notifier.
2026-06-28 17:14:57.885 -05:00 [WRN] (Thread 34) PipeServer: killed stale notifier process (PID 29652).
2026-06-28 17:14:57.885 -05:00 [INF] (Thread 34) UserProcessLauncher: launching 'C:\Program Files\CapTG Updater\UpdateNotifier.exe' as active user.
2026-06-28 17:14:57.886 -05:00 [DBG] (Thread 34) UserProcessLauncher: console session 1 has a valid user token.
2026-06-28 17:14:57.886 -05:00 [DBG] (Thread 34) UserProcessLauncher: using session ID = 1.
2026-06-28 17:14:57.896 -05:00 [INF] (Thread 34) UserProcessLauncher: 'C:\Program Files\CapTG Updater\UpdateNotifier.exe' launched in session 1.
2026-06-28 17:14:57.896 -05:00 [DBG] (Thread 34) PipeServer: waiting for notifier to connect.
2026-06-28 17:14:58.153 -05:00 [INF] (Thread 34) PipeServer: notifier connected.
2026-06-28 17:14:58.162 -05:00 [DBG] (Thread 39) PipeServer: RebootRequired message sent.
