2026-06-14 09:28:42.294 -05:00 [INF] (Thread 2) UpdateNotifier logging initialised. Directory: C:\ProgramData\CapTG\Logs
2026-06-14 09:28:42.315 -05:00 [INF] (Thread 2) UpdateNotifier: application starting.
2026-06-14 09:28:42.315 -05:00 [INF] (Thread 2) UpdateNotifier: args=C:\Program Files\CapTG Updater\UpdateNotifier.exe
2026-06-14 09:28:42.324 -05:00 [INF] (Thread 2) PipeClient: connecting to pipe 'CapTG_UpdatePipe'.
2026-06-14 09:28:42.328 -05:00 [INF] (Thread 2) PipeClient: connected.
2026-06-14 09:28:42.363 -05:00 [INF] (Thread 2) PipeClient: received message type="RebootRequired".
2026-06-14 09:28:42.405 -05:00 [INF] (Thread 2) SnoozeManager initialised with 4 options (previousSnoozeCount=2).
2026-06-14 09:28:42.407 -05:00 [DBG] (Thread 2) MainViewModel: options refreshed. Count=4
2026-06-14 09:28:42.407 -05:00 [INF] (Thread 2) MainViewModel: loading message. KBs=0 Pkgs=0
2026-06-14 09:28:42.598 -05:00 [INF] (Thread 2) MainWindow: constructor complete.
2026-06-14 09:28:42.690 -05:00 [INF] (Thread 2) MainWindow: logo loaded from C:\Program Files\CapTG Updater\CompanyLogo.png.
2026-06-14 09:28:42.690 -05:00 [DBG] (Thread 2) MainWindow: position locked at (700, 146).
2026-06-14 09:28:42.705 -05:00 [DBG] (Thread 2) MainWindow: move attempt blocked.
2026-06-14 09:28:42.707 -05:00 [DBG] (Thread 2) MainWindow: Topmost re-asserted.
2026-06-14 17:43:43.143 -05:00 [INF] (Thread 2) UpdateNotifier logging initialised. Directory: C:\ProgramData\CapTG\Logs
2026-06-14 17:43:43.164 -05:00 [INF] (Thread 2) UpdateNotifier: application starting.
2026-06-14 17:43:43.164 -05:00 [INF] (Thread 2) UpdateNotifier: args=C:\Program Files\CapTG Updater\UpdateNotifier.exe
2026-06-14 17:43:43.172 -05:00 [INF] (Thread 2) PipeClient: connecting to pipe 'CapTG_UpdatePipe'.
2026-06-14 17:43:43.176 -05:00 [INF] (Thread 2) PipeClient: connected.
2026-06-14 17:43:43.212 -05:00 [INF] (Thread 2) PipeClient: received message type="RebootRequired".
2026-06-14 17:43:43.214 -05:00 [INF] (Thread 2) SnoozeManager initialised with 4 options (previousSnoozeCount=2).
2026-06-14 17:43:43.215 -05:00 [DBG] (Thread 2) MainViewModel: options refreshed. Count=4
2026-06-14 17:43:43.216 -05:00 [INF] (Thread 2) MainViewModel: loading message. KBs=0 Pkgs=0
2026-06-14 17:43:43.916 -05:00 [INF] (Thread 2) MainWindow: constructor complete.
2026-06-14 17:43:44.008 -05:00 [INF] (Thread 2) MainWindow: logo loaded from C:\Program Files\CapTG Updater\CompanyLogo.png.
2026-06-14 17:43:44.008 -05:00 [DBG] (Thread 2) MainWindow: position locked at (700, 146).
2026-06-14 17:43:44.023 -05:00 [DBG] (Thread 2) MainWindow: move attempt blocked.
2026-06-14 17:43:44.026 -05:00 [DBG] (Thread 2) MainWindow: Topmost re-asserted.
