2026-06-10 07:37:24.576 -05:00 [INF] (Thread 2) UpdateNotifier logging initialised. Directory: C:\ProgramData\CapTG\Logs
2026-06-10 07:37:24.597 -05:00 [INF] (Thread 2) UpdateNotifier: application starting.
2026-06-10 07:37:24.597 -05:00 [INF] (Thread 2) UpdateNotifier: args=C:\Program Files\CapTG Updater\UpdateNotifier.exe
2026-06-10 07:37:24.605 -05:00 [INF] (Thread 2) PipeClient: connecting to pipe 'CapTG_UpdatePipe'.
2026-06-10 07:37:24.612 -05:00 [INF] (Thread 2) PipeClient: connected.
2026-06-10 07:37:24.652 -05:00 [INF] (Thread 2) PipeClient: received message type="RebootRequired".
2026-06-10 07:37:24.654 -05:00 [INF] (Thread 2) SnoozeManager initialised with 6 options (previousSnoozeCount=0).
2026-06-10 07:37:24.655 -05:00 [DBG] (Thread 2) MainViewModel: options refreshed. Count=6
2026-06-10 07:37:24.656 -05:00 [INF] (Thread 2) MainViewModel: loading message. KBs=0 Pkgs=0
2026-06-10 07:37:25.265 -05:00 [INF] (Thread 2) MainWindow: constructor complete.
2026-06-10 07:37:25.359 -05:00 [INF] (Thread 2) MainWindow: logo loaded from C:\Program Files\CapTG Updater\CompanyLogo.png.
2026-06-10 07:37:25.359 -05:00 [DBG] (Thread 2) MainWindow: position locked at (700, 146).
2026-06-10 07:37:25.375 -05:00 [DBG] (Thread 2) MainWindow: move attempt blocked.
2026-06-10 07:37:25.378 -05:00 [DBG] (Thread 2) MainWindow: Topmost re-asserted.
2026-06-10 09:03:23.736 -05:00 [DBG] (Thread 2) MainWindow: Topmost re-asserted.
2026-06-10 09:03:36.141 -05:00 [DBG] (Thread 2) MainWindow: Topmost re-asserted.
2026-06-10 09:03:36.197 -05:00 [INF] (Thread 2) MainViewModel: user confirmed choice: 'Reboot Now' ("00:00:00").
2026-06-10 09:03:36.199 -05:00 [INF] (Thread 2) App: user chose 'Reboot Now' (0 min).
2026-06-10 09:03:36.200 -05:00 [INF] (Thread 2) PipeClient: sending UserResponse — SnoozeMinutes=0.
2026-06-10 09:03:36.206 -05:00 [INF] (Thread 2) MainWindow: user decided 'Reboot Now'. Closing window.
2026-06-10 09:03:36.217 -05:00 [INF] (Thread 2) UpdateNotifier: exiting with code 0.
2026-06-10 09:03:36.217 -05:00 [DBG] (Thread 2) PipeClient: disposed.
