2026-08-13 07:17:40.455 -05:00 [INF] (Thread 18) SelfUpdater: checking for updates. Current version: 1.26.586.697
2026-08-13 07:17:40.964 -05:00 [INF] (Thread 18) SelfUpdater: remote version = 1.26.586.697.
2026-08-13 07:17:40.965 -05:00 [INF] (Thread 18) SelfUpdater: already up to date.
2026-08-13 07:17:40.965 -05:00 [INF] (Thread 18) UpdateOrchestrator: === Update cycle starting ===
2026-08-13 07:17:40.965 -05:00 [INF] (Thread 18) WindowsUpdateWorker: starting update pass.
2026-08-13 07:17:40.965 -05:00 [INF] (Thread 18) WindowsUpdateWorker: verifying PSWindowsUpdate module.
2026-08-13 07:17:40.966 -05:00 [DBG] (Thread 16) WindowsUpdateWorker: running PS script: $ProgressPreference = 'SilentlyContinue'
            $ErrorActionPreference = 'Stop'
            try {
                if (-not (Get-PackageProvider -Name NuGet -ListAvailable -ErrorAction SilentlyContinue)) {
                    Install-PackageProvider -Name NuGet -MinimumVersion 2.8.5.201 -Force -Scope AllUsers | Out-Null
                }
                Set-PSRepository -Name PSGallery -InstallationPolicy Trusted -ErrorAction SilentlyContinue
                if (-not (Get-Module -ListAvailable -Name PSWindowsUpdate -ErrorAction SilentlyContinue)) {
                    Install-Module PSWindowsUpdate -Force -SkipPublisherCheck -Scope AllUsers | Out-Null
                }
                Import-Module PSWindowsUpdate -Force -ErrorAction Stop
                try {
                    Add-WUServiceManager -MicrosoftUpdate -Confirm:$false -ErrorAction SilentlyContinue | Out-Null
                } catch {}
                Write-Output 'OK'
            } catch {
                Write-Output ('ERROR: ' + $_.Exception.Message)
            }
2026-08-13 07:18:03.518 -05:00 [INF] (Thread 6) WindowsUpdateWorker: PSWindowsUpdate module OK.
2026-08-13 07:18:03.519 -05:00 [DBG] (Thread 6) WindowsUpdateWorker: running PS script: Import-Module PSWindowsUpdate -ErrorAction Stop
        $ProgressPreference = 'SilentlyContinue'

        # Force the Windows Update Agent to scan before installing.
        # Fixes 0x80248007 (WU_E_DS_NODATA) on fresh builds or machines
        # whose update data store has not been initialised yet.
        try {
            Start-Process -FilePath 'UsoClient.exe' `
                -ArgumentList 'StartScan' `
                -Wait -NoNewWindow -ErrorAction SilentlyContinue
            Start-Sleep -Seconds 30
        } catch {}

        # 2>&1 merges stderr into the pipeline mixing strings with update
        # objects -- we filter them out in the foreach loop below.
        $rawOutput = Install-WindowsUpdate `
            -MicrosoftUpdate `
            -AcceptAll `
            -IgnoreReboot `
            -Install `
            -ErrorAction Continue 2>&1

        # Use a hashtable keyed on Title to keep only the LAST result per update.
        # PSWindowsUpdate emits objects at multiple pipeline stages (search, download,
        # install); overwriting ensures we capture the final post-install ResultCode
        # rather than an early ResultCode=0 (NotStarted).
        $byKey = @{}

        foreach ($u in $rawOutput) {
            if ($null -eq $u -or $u -isnot [PSObject]) { continue }
            if (-not ($u.PSObject.Properties.Name -contains 'Title')) { continue }
            if ([string]::IsNullOrWhiteSpace($u.Title)) { continue }

            $resultCode = 0
            try { $resultCode = [int]$u.ResultCode } catch { $resultCode = 4 }
            $succeeded = ($resultCode -eq 2 -or $resultCode -eq 3)

            # ResultCode=0 means NotStarted — treat as Skipped, not Failed.
            $status = if ($succeeded) { 'Succeeded' } elseif ($resultCode -eq 0) { 'Skipped' } else { 'Failed' }

            $kb = ''
            try {
                if ($u.KBArticleIDs -and $u.KBArticleIDs.Count -gt 0) {
                    $kb = 'KB' + $u.KBArticleIDs[0]
                }
            } catch {}

            $needsReboot = $false
            try { $needsReboot = [bool]$u.RebootRequired } catch {}

            $byKey[$u.Title] = [PSCustomObject]@{
                Identifier     = $kb
                Title          = [string]$u.Title
                Status         = $status
                ErrorMessage   = if ($succeeded -or $resultCode -eq 0) { '' } else { 'ResultCode=' + $resultCode }
                RebootRequired = $needsReboot
                AttemptedAt    = (Get-Date -Format 'o')
            }
        }

        $results = @($byKey.Values)

        if ($results.Count -eq 0) {
            Write-Output '[]'
        } else {
            $results | ConvertTo-Json -Compress
        }
2026-08-13 07:25:17.166 -05:00 [INF] (Thread 16) WindowsUpdateWorker: no updates installed — system reboot is already pending.
2026-08-13 07:25:17.166 -05:00 [INF] (Thread 16) WindowsUpdateWorker: pass complete. Total=3 Succeeded=1 Failed=0 Skipped=2
2026-08-13 07:25:17.170 -05:00 [INF] (Thread 16) WingetWorker: skipping — last run was 2026-08-12T16:51:42.7357675Z (less than 7 days ago).
2026-08-13 07:25:17.170 -05:00 [INF] (Thread 16) UpdateOrchestrator: cycle complete. Total=3 Succeeded=1 Failed=0 RebootRequired=true
2026-08-13 07:25:17.170 -05:00 [INF] (Thread 16) UpdateOrchestrator: reboot required but last reboot was 70.6 hours ago — skipping notification until 3-day minimum has elapsed.
2026-08-13 07:25:17.171 -05:00 [INF] (Thread 16) UpdateBackgroundService: next cycle in "01:00:00".
2026-08-13 08:25:17.176 -05:00 [INF] (Thread 18) SelfUpdater: checking for updates. Current version: 1.26.586.697
2026-08-13 08:25:17.659 -05:00 [INF] (Thread 16) SelfUpdater: remote version = 1.26.586.697.
2026-08-13 08:25:17.659 -05:00 [INF] (Thread 16) SelfUpdater: already up to date.
2026-08-13 08:25:17.659 -05:00 [INF] (Thread 16) UpdateOrchestrator: === Update cycle starting ===
2026-08-13 08:25:17.659 -05:00 [INF] (Thread 16) WindowsUpdateWorker: starting update pass.
2026-08-13 08:25:17.659 -05:00 [INF] (Thread 16) WindowsUpdateWorker: verifying PSWindowsUpdate module.
2026-08-13 08:25:17.660 -05:00 [DBG] (Thread 16) WindowsUpdateWorker: running PS script: $ProgressPreference = 'SilentlyContinue'
            $ErrorActionPreference = 'Stop'
            try {
                if (-not (Get-PackageProvider -Name NuGet -ListAvailable -ErrorAction SilentlyContinue)) {
                    Install-PackageProvider -Name NuGet -MinimumVersion 2.8.5.201 -Force -Scope AllUsers | Out-Null
                }
                Set-PSRepository -Name PSGallery -InstallationPolicy Trusted -ErrorAction SilentlyContinue
                if (-not (Get-Module -ListAvailable -Name PSWindowsUpdate -ErrorAction SilentlyContinue)) {
                    Install-Module PSWindowsUpdate -Force -SkipPublisherCheck -Scope AllUsers | Out-Null
                }
                Import-Module PSWindowsUpdate -Force -ErrorAction Stop
                try {
                    Add-WUServiceManager -MicrosoftUpdate -Confirm:$false -ErrorAction SilentlyContinue | Out-Null
                } catch {}
                Write-Output 'OK'
            } catch {
                Write-Output ('ERROR: ' + $_.Exception.Message)
            }
2026-08-13 08:25:39.582 -05:00 [INF] (Thread 7) WindowsUpdateWorker: PSWindowsUpdate module OK.
2026-08-13 08:25:39.584 -05:00 [DBG] (Thread 7) WindowsUpdateWorker: running PS script: Import-Module PSWindowsUpdate -ErrorAction Stop
        $ProgressPreference = 'SilentlyContinue'

        # Force the Windows Update Agent to scan before installing.
        # Fixes 0x80248007 (WU_E_DS_NODATA) on fresh builds or machines
        # whose update data store has not been initialised yet.
        try {
            Start-Process -FilePath 'UsoClient.exe' `
                -ArgumentList 'StartScan' `
                -Wait -NoNewWindow -ErrorAction SilentlyContinue
            Start-Sleep -Seconds 30
        } catch {}

        # 2>&1 merges stderr into the pipeline mixing strings with update
        # objects -- we filter them out in the foreach loop below.
        $rawOutput = Install-WindowsUpdate `
            -MicrosoftUpdate `
            -AcceptAll `
            -IgnoreReboot `
            -Install `
            -ErrorAction Continue 2>&1

        # Use a hashtable keyed on Title to keep only the LAST result per update.
        # PSWindowsUpdate emits objects at multiple pipeline stages (search, download,
        # install); overwriting ensures we capture the final post-install ResultCode
        # rather than an early ResultCode=0 (NotStarted).
        $byKey = @{}

        foreach ($u in $rawOutput) {
            if ($null -eq $u -or $u -isnot [PSObject]) { continue }
            if (-not ($u.PSObject.Properties.Name -contains 'Title')) { continue }
            if ([string]::IsNullOrWhiteSpace($u.Title)) { continue }

            $resultCode = 0
            try { $resultCode = [int]$u.ResultCode } catch { $resultCode = 4 }
            $succeeded = ($resultCode -eq 2 -or $resultCode -eq 3)

            # ResultCode=0 means NotStarted — treat as Skipped, not Failed.
            $status = if ($succeeded) { 'Succeeded' } elseif ($resultCode -eq 0) { 'Skipped' } else { 'Failed' }

            $kb = ''
            try {
                if ($u.KBArticleIDs -and $u.KBArticleIDs.Count -gt 0) {
                    $kb = 'KB' + $u.KBArticleIDs[0]
                }
            } catch {}

            $needsReboot = $false
            try { $needsReboot = [bool]$u.RebootRequired } catch {}

            $byKey[$u.Title] = [PSCustomObject]@{
                Identifier     = $kb
                Title          = [string]$u.Title
                Status         = $status
                ErrorMessage   = if ($succeeded -or $resultCode -eq 0) { '' } else { 'ResultCode=' + $resultCode }
                RebootRequired = $needsReboot
                AttemptedAt    = (Get-Date -Format 'o')
            }
        }

        $results = @($byKey.Values)

        if ($results.Count -eq 0) {
            Write-Output '[]'
        } else {
            $results | ConvertTo-Json -Compress
        }
2026-08-13 08:34:02.754 -05:00 [INF] (Thread 18) WindowsUpdateWorker: no updates installed — system reboot is already pending.
2026-08-13 08:34:02.755 -05:00 [INF] (Thread 18) WindowsUpdateWorker: pass complete. Total=3 Succeeded=1 Failed=0 Skipped=2
2026-08-13 08:34:02.755 -05:00 [INF] (Thread 18) WingetWorker: skipping — last run was 2026-08-12T16:51:42.7357675Z (less than 7 days ago).
2026-08-13 08:34:02.755 -05:00 [INF] (Thread 18) UpdateOrchestrator: cycle complete. Total=3 Succeeded=1 Failed=0 RebootRequired=true
2026-08-13 08:34:02.755 -05:00 [INF] (Thread 18) UpdateOrchestrator: reboot required but last reboot was 71.7 hours ago — skipping notification until 3-day minimum has elapsed.
2026-08-13 08:34:02.755 -05:00 [INF] (Thread 18) UpdateBackgroundService: next cycle in "01:00:00".
2026-08-13 10:48:54.794 -05:00 [INF] (Thread 18) SelfUpdater: checking for updates. Current version: 1.26.586.697
2026-08-13 10:48:54.946 -05:00 [INF] (Thread 12) SelfUpdater: remote version = 1.26.586.697.
2026-08-13 10:48:54.946 -05:00 [INF] (Thread 12) SelfUpdater: already up to date.
2026-08-13 10:48:54.946 -05:00 [INF] (Thread 12) UpdateOrchestrator: === Update cycle starting ===
2026-08-13 10:48:54.946 -05:00 [INF] (Thread 12) WindowsUpdateWorker: starting update pass.
2026-08-13 10:48:54.946 -05:00 [INF] (Thread 12) WindowsUpdateWorker: verifying PSWindowsUpdate module.
2026-08-13 10:48:54.947 -05:00 [DBG] (Thread 17) WindowsUpdateWorker: running PS script: $ProgressPreference = 'SilentlyContinue'
            $ErrorActionPreference = 'Stop'
            try {
                if (-not (Get-PackageProvider -Name NuGet -ListAvailable -ErrorAction SilentlyContinue)) {
                    Install-PackageProvider -Name NuGet -MinimumVersion 2.8.5.201 -Force -Scope AllUsers | Out-Null
                }
                Set-PSRepository -Name PSGallery -InstallationPolicy Trusted -ErrorAction SilentlyContinue
                if (-not (Get-Module -ListAvailable -Name PSWindowsUpdate -ErrorAction SilentlyContinue)) {
                    Install-Module PSWindowsUpdate -Force -SkipPublisherCheck -Scope AllUsers | Out-Null
                }
                Import-Module PSWindowsUpdate -Force -ErrorAction Stop
                try {
                    Add-WUServiceManager -MicrosoftUpdate -Confirm:$false -ErrorAction SilentlyContinue | Out-Null
                } catch {}
                Write-Output 'OK'
            } catch {
                Write-Output ('ERROR: ' + $_.Exception.Message)
            }
2026-08-13 10:49:13.771 -05:00 [INF] (Thread 12) WindowsUpdateWorker: PSWindowsUpdate module OK.
2026-08-13 10:49:13.772 -05:00 [DBG] (Thread 12) WindowsUpdateWorker: running PS script: Import-Module PSWindowsUpdate -ErrorAction Stop
        $ProgressPreference = 'SilentlyContinue'

        # Force the Windows Update Agent to scan before installing.
        # Fixes 0x80248007 (WU_E_DS_NODATA) on fresh builds or machines
        # whose update data store has not been initialised yet.
        try {
            Start-Process -FilePath 'UsoClient.exe' `
                -ArgumentList 'StartScan' `
                -Wait -NoNewWindow -ErrorAction SilentlyContinue
            Start-Sleep -Seconds 30
        } catch {}

        # 2>&1 merges stderr into the pipeline mixing strings with update
        # objects -- we filter them out in the foreach loop below.
        $rawOutput = Install-WindowsUpdate `
            -MicrosoftUpdate `
            -AcceptAll `
            -IgnoreReboot `
            -Install `
            -ErrorAction Continue 2>&1

        # Use a hashtable keyed on Title to keep only the LAST result per update.
        # PSWindowsUpdate emits objects at multiple pipeline stages (search, download,
        # install); overwriting ensures we capture the final post-install ResultCode
        # rather than an early ResultCode=0 (NotStarted).
        $byKey = @{}

        foreach ($u in $rawOutput) {
            if ($null -eq $u -or $u -isnot [PSObject]) { continue }
            if (-not ($u.PSObject.Properties.Name -contains 'Title')) { continue }
            if ([string]::IsNullOrWhiteSpace($u.Title)) { continue }

            $resultCode = 0
            try { $resultCode = [int]$u.ResultCode } catch { $resultCode = 4 }
            $succeeded = ($resultCode -eq 2 -or $resultCode -eq 3)

            # ResultCode=0 means NotStarted — treat as Skipped, not Failed.
            $status = if ($succeeded) { 'Succeeded' } elseif ($resultCode -eq 0) { 'Skipped' } else { 'Failed' }

            $kb = ''
            try {
                if ($u.KBArticleIDs -and $u.KBArticleIDs.Count -gt 0) {
                    $kb = 'KB' + $u.KBArticleIDs[0]
                }
            } catch {}

            $needsReboot = $false
            try { $needsReboot = [bool]$u.RebootRequired } catch {}

            $byKey[$u.Title] = [PSCustomObject]@{
                Identifier     = $kb
                Title          = [string]$u.Title
                Status         = $status
                ErrorMessage   = if ($succeeded -or $resultCode -eq 0) { '' } else { 'ResultCode=' + $resultCode }
                RebootRequired = $needsReboot
                AttemptedAt    = (Get-Date -Format 'o')
            }
        }

        $results = @($byKey.Values)

        if ($results.Count -eq 0) {
            Write-Output '[]'
        } else {
            $results | ConvertTo-Json -Compress
        }
2026-08-13 10:56:36.839 -05:00 [INF] (Thread 18) WindowsUpdateWorker: no updates installed — system reboot is already pending.
2026-08-13 10:56:36.839 -05:00 [INF] (Thread 18) WindowsUpdateWorker: pass complete. Total=3 Succeeded=1 Failed=0 Skipped=2
2026-08-13 10:56:36.839 -05:00 [INF] (Thread 18) WingetWorker: skipping — last run was 2026-08-12T16:51:42.7357675Z (less than 7 days ago).
2026-08-13 10:56:36.839 -05:00 [INF] (Thread 18) UpdateOrchestrator: cycle complete. Total=3 Succeeded=1 Failed=0 RebootRequired=true
2026-08-13 10:56:36.840 -05:00 [INF] (Thread 18) UpdateOrchestrator: reboot is required — notifying logged-in user.
2026-08-13 10:56:36.947 -05:00 [INF] (Thread 18) PipeServer: pipe created — launching notifier.
2026-08-13 10:56:36.965 -05:00 [INF] (Thread 18) UserProcessLauncher: launching 'C:\Program Files\CapTG Updater\UpdateNotifier.exe' as active user.
2026-08-13 10:56:36.976 -05:00 [DBG] (Thread 18) UserProcessLauncher: console session 1 has a valid user token.
2026-08-13 10:56:36.979 -05:00 [DBG] (Thread 18) UserProcessLauncher: using session ID = 1.
2026-08-13 10:56:37.090 -05:00 [INF] (Thread 18) UserProcessLauncher: 'C:\Program Files\CapTG Updater\UpdateNotifier.exe' launched in session 1.
2026-08-13 10:56:37.092 -05:00 [DBG] (Thread 18) PipeServer: waiting for notifier to connect.
2026-08-13 10:56:37.526 -05:00 [INF] (Thread 18) PipeServer: notifier connected.
2026-08-13 10:56:37.627 -05:00 [DBG] (Thread 18) PipeServer: "RebootRequired" message sent.
2026-08-13 10:56:46.925 -05:00 [INF] (Thread 17) PipeServer: received UserResponse — SnoozeMinutes=360
2026-08-13 10:56:46.927 -05:00 [INF] (Thread 17) PipeServer: user snoozed for 360 minutes (snoozeCount=1).
