2026-08-05 11:07:36.942 -05:00 [INF] (Thread 2) Logging initialized. Directory: C:\ProgramData\CapTG\UpdateService\logs
2026-08-05 11:07:36.992 -05:00 [INF] (Thread 2) CapTG UpdateService starting. Args: []
2026-08-05 11:07:36.993 -05:00 [INF] (Thread 2) InstType = Client
2026-08-05 11:07:36.994 -05:00 [INF] (Thread 2) Wrote default RebootDoW = 0x3E (Mon-Fri).
2026-08-05 11:07:36.998 -05:00 [INF] (Thread 2) Notifier path: C:\Program Files\CapTG Updater\UpdateNotifier.exe
2026-08-05 11:07:37.111 -05:00 [INF] (Thread 2) Host built — handing control to the SCM.
2026-08-05 11:07:37.171 -05:00 [INF] (Thread 9) UpdateBackgroundService: update interval = "01:00:00"
2026-08-05 11:07:37.178 -05:00 [INF] (Thread 9) UpdateBackgroundService: StartAsync called by SCM.
2026-08-05 11:07:37.180 -05:00 [INF] (Thread 7) UpdateBackgroundService: service started. Initial delay = "00:02:00".
2026-08-05 11:07:37.182 -05:00 [INF] (Thread 7) WindowsUpdateWorker: pending-reboot baseline captured at service start. WU-RebootRequired=absent CBS-RebootPending=absent PendingFileRenameOperations=present
2026-08-05 11:09:37.191 -05:00 [INF] (Thread 3) SelfUpdater: checking for updates. Current version: 1.26.586.441
2026-08-05 11:09:37.486 -05:00 [INF] (Thread 12) SelfUpdater: remote version = 1.26.586.441.
2026-08-05 11:09:37.486 -05:00 [INF] (Thread 12) SelfUpdater: already up to date.
2026-08-05 11:09:37.488 -05:00 [INF] (Thread 12) UpdateOrchestrator: === Update cycle starting ===
2026-08-05 11:09:37.490 -05:00 [INF] (Thread 12) WindowsUpdateWorker: starting update pass.
2026-08-05 11:09:37.491 -05:00 [INF] (Thread 12) WindowsUpdateWorker: verifying PSWindowsUpdate module.
2026-08-05 11:09:37.498 -05:00 [DBG] (Thread 3) WindowsUpdateWorker: running PS script: $ProgressPreference = 'SilentlyContinue'
            $ErrorActionPreference = 'Stop'
            try {
                if (-not (Get-PackageProvider -Name NuGet -ListAvailable -ErrorAction SilentlyContinue)) {
                    Install-PackageProvider -Name NuGet -MinimumVersion 2.8.5.201 -Force -Scope AllUsers | Out-Null
                }
                Set-PSRepository -Name PSGallery -InstallationPolicy Trusted -ErrorAction SilentlyContinue
                if (-not (Get-Module -ListAvailable -Name PSWindowsUpdate -ErrorAction SilentlyContinue)) {
                    Install-Module PSWindowsUpdate -Force -SkipPublisherCheck -Scope AllUsers | Out-Null
                }
                Import-Module PSWindowsUpdate -Force -ErrorAction Stop
                try {
                    Add-WUServiceManager -MicrosoftUpdate -Confirm:$false -ErrorAction SilentlyContinue | Out-Null
                } catch {}
                Write-Output 'OK'
            } catch {
                Write-Output ('ERROR: ' + $_.Exception.Message)
            }
2026-08-05 11:09:55.110 -05:00 [INF] (Thread 12) WindowsUpdateWorker: PSWindowsUpdate module OK.
2026-08-05 11:09:55.112 -05:00 [DBG] (Thread 3) WindowsUpdateWorker: running PS script: Import-Module PSWindowsUpdate -ErrorAction Stop
        $ProgressPreference = 'SilentlyContinue'

        # Force the Windows Update Agent to scan before installing.
        # Fixes 0x80248007 (WU_E_DS_NODATA) on fresh builds or machines
        # whose update data store has not been initialised yet.
        try {
            Start-Process -FilePath 'UsoClient.exe' `
                -ArgumentList 'StartScan' `
                -Wait -NoNewWindow -ErrorAction SilentlyContinue
            Start-Sleep -Seconds 30
        } catch {}

        # 2>&1 merges stderr into the pipeline mixing strings with update
        # objects -- we filter them out in the foreach loop below.
        $rawOutput = Install-WindowsUpdate `
            -MicrosoftUpdate `
            -AcceptAll `
            -IgnoreReboot `
            -Install `
            -ErrorAction Continue 2>&1

        # Use a hashtable keyed on Title to keep only the LAST result per update.
        # PSWindowsUpdate emits objects at multiple pipeline stages (search, download,
        # install); overwriting ensures we capture the final post-install ResultCode
        # rather than an early ResultCode=0 (NotStarted).
        $byKey = @{}

        foreach ($u in $rawOutput) {
            if ($null -eq $u -or $u -isnot [PSObject]) { continue }
            if (-not ($u.PSObject.Properties.Name -contains 'Title')) { continue }
            if ([string]::IsNullOrWhiteSpace($u.Title)) { continue }

            $resultCode = 0
            try { $resultCode = [int]$u.ResultCode } catch { $resultCode = 4 }
            $succeeded = ($resultCode -eq 2 -or $resultCode -eq 3)

            # ResultCode=0 means NotStarted — treat as Skipped, not Failed.
            $status = if ($succeeded) { 'Succeeded' } elseif ($resultCode -eq 0) { 'Skipped' } else { 'Failed' }

            $kb = ''
            try {
                if ($u.KBArticleIDs -and $u.KBArticleIDs.Count -gt 0) {
                    $kb = 'KB' + $u.KBArticleIDs[0]
                }
            } catch {}

            $needsReboot = $false
            try { $needsReboot = [bool]$u.RebootRequired } catch {}

            $byKey[$u.Title] = [PSCustomObject]@{
                Identifier     = $kb
                Title          = [string]$u.Title
                Status         = $status
                ErrorMessage   = if ($succeeded -or $resultCode -eq 0) { '' } else { 'ResultCode=' + $resultCode }
                RebootRequired = $needsReboot
                AttemptedAt    = (Get-Date -Format 'o')
            }
        }

        $results = @($byKey.Values)

        if ($results.Count -eq 0) {
            Write-Output '[]'
        } else {
            $results | ConvertTo-Json -Compress
        }
2026-08-05 11:10:42.019 -05:00 [INF] (Thread 14) WindowsUpdateWorker: PendingFileRenameOperations present but unchanged since service start — ignoring as stale.
2026-08-05 11:10:42.019 -05:00 [INF] (Thread 14) WindowsUpdateWorker: pass complete. Total=0 Succeeded=0 Failed=0 Skipped=0
2026-08-05 11:10:42.037 -05:00 [INF] (Thread 14) WingetWorker: starting upgrade pass.
2026-08-05 11:10:42.215 -05:00 [DBG] (Thread 14) WingetWorker: using winget at C:\Program Files\WindowsApps\Microsoft.DesktopAppInstaller_1.29.280.0_x64__8wekyb3d8bbwe\winget.exe
2026-08-05 11:10:42.215 -05:00 [DBG] (Thread 14) WingetWorker: winget upgrade --include-unknown --accept-source-agreements
2026-08-05 11:10:46.145 -05:00 [INF] (Thread 3) WingetWorker: 3 package(s) queued for upgrade.
2026-08-05 11:10:46.146 -05:00 [INF] (Thread 3) WingetWorker: upgrading package 'HP.ConnectionOptimizer'.
2026-08-05 11:10:46.232 -05:00 [DBG] (Thread 3) WingetWorker: using winget at C:\Program Files\WindowsApps\Microsoft.DesktopAppInstaller_1.29.280.0_x64__8wekyb3d8bbwe\winget.exe
2026-08-05 11:10:46.232 -05:00 [DBG] (Thread 3) WingetWorker: winget upgrade --id "HP.ConnectionOptimizer" --silent --accept-source-agreements --accept-package-agreements --include-unknown
2026-08-05 11:11:33.484 -05:00 [INF] (Thread 14) WingetWorker: 'HP.ConnectionOptimizer' upgraded successfully. RebootRequired=false
2026-08-05 11:11:33.499 -05:00 [INF] (Thread 14) WingetWorker: upgrading package 'Microsoft.VCLibs.14'.
2026-08-05 11:11:33.585 -05:00 [DBG] (Thread 14) WingetWorker: using winget at C:\Program Files\WindowsApps\Microsoft.DesktopAppInstaller_1.29.280.0_x64__8wekyb3d8bbwe\winget.exe
2026-08-05 11:11:33.586 -05:00 [DBG] (Thread 14) WingetWorker: winget upgrade --id "Microsoft.VCLibs.14" --silent --accept-source-agreements --accept-package-agreements --include-unknown
2026-08-05 11:11:37.392 -05:00 [WRN] (Thread 10) WingetWorker: 'Microsoft.VCLibs.14' upgrade failed (exit -2147024809). Stderr: 
2026-08-05 11:11:37.393 -05:00 [INF] (Thread 10) WingetWorker: upgrading package 'Microsoft.PowerShell'.
2026-08-05 11:11:37.489 -05:00 [DBG] (Thread 10) WingetWorker: using winget at C:\Program Files\WindowsApps\Microsoft.DesktopAppInstaller_1.29.280.0_x64__8wekyb3d8bbwe\winget.exe
2026-08-05 11:11:37.489 -05:00 [DBG] (Thread 10) WingetWorker: winget upgrade --id "Microsoft.PowerShell" --silent --accept-source-agreements --accept-package-agreements --include-unknown
2026-08-05 11:11:39.197 -05:00 [WRN] (Thread 14) WingetWorker: 'Microsoft.PowerShell' upgrade failed (exit -1978335090). Stderr: 
2026-08-05 11:11:39.198 -05:00 [INF] (Thread 14) WingetWorker: pass complete. Succeeded=1 Failed=2 Skipped=0
2026-08-05 11:11:39.199 -05:00 [INF] (Thread 14) UpdateOrchestrator: cycle complete. Total=3 Succeeded=1 Failed=2 RebootRequired=false
2026-08-05 11:11:39.199 -05:00 [INF] (Thread 14) UpdateOrchestrator: no reboot required — cycle complete.
2026-08-05 11:11:39.199 -05:00 [INF] (Thread 14) UpdateBackgroundService: next cycle in "01:00:00".
2026-08-05 12:11:39.208 -05:00 [INF] (Thread 14) SelfUpdater: checking for updates. Current version: 1.26.586.441
2026-08-05 12:11:39.384 -05:00 [INF] (Thread 3) SelfUpdater: remote version = 1.26.586.441.
2026-08-05 12:11:39.384 -05:00 [INF] (Thread 3) SelfUpdater: already up to date.
2026-08-05 12:11:39.384 -05:00 [INF] (Thread 3) UpdateOrchestrator: === Update cycle starting ===
2026-08-05 12:11:39.384 -05:00 [INF] (Thread 3) WindowsUpdateWorker: starting update pass.
2026-08-05 12:11:39.384 -05:00 [INF] (Thread 3) WindowsUpdateWorker: verifying PSWindowsUpdate module.
2026-08-05 12:11:39.385 -05:00 [DBG] (Thread 3) WindowsUpdateWorker: running PS script: $ProgressPreference = 'SilentlyContinue'
            $ErrorActionPreference = 'Stop'
            try {
                if (-not (Get-PackageProvider -Name NuGet -ListAvailable -ErrorAction SilentlyContinue)) {
                    Install-PackageProvider -Name NuGet -MinimumVersion 2.8.5.201 -Force -Scope AllUsers | Out-Null
                }
                Set-PSRepository -Name PSGallery -InstallationPolicy Trusted -ErrorAction SilentlyContinue
                if (-not (Get-Module -ListAvailable -Name PSWindowsUpdate -ErrorAction SilentlyContinue)) {
                    Install-Module PSWindowsUpdate -Force -SkipPublisherCheck -Scope AllUsers | Out-Null
                }
                Import-Module PSWindowsUpdate -Force -ErrorAction Stop
                try {
                    Add-WUServiceManager -MicrosoftUpdate -Confirm:$false -ErrorAction SilentlyContinue | Out-Null
                } catch {}
                Write-Output 'OK'
            } catch {
                Write-Output ('ERROR: ' + $_.Exception.Message)
            }
2026-08-05 12:11:56.760 -05:00 [INF] (Thread 10) WindowsUpdateWorker: PSWindowsUpdate module OK.
2026-08-05 12:11:56.762 -05:00 [DBG] (Thread 10) WindowsUpdateWorker: running PS script: Import-Module PSWindowsUpdate -ErrorAction Stop
        $ProgressPreference = 'SilentlyContinue'

        # Force the Windows Update Agent to scan before installing.
        # Fixes 0x80248007 (WU_E_DS_NODATA) on fresh builds or machines
        # whose update data store has not been initialised yet.
        try {
            Start-Process -FilePath 'UsoClient.exe' `
                -ArgumentList 'StartScan' `
                -Wait -NoNewWindow -ErrorAction SilentlyContinue
            Start-Sleep -Seconds 30
        } catch {}

        # 2>&1 merges stderr into the pipeline mixing strings with update
        # objects -- we filter them out in the foreach loop below.
        $rawOutput = Install-WindowsUpdate `
            -MicrosoftUpdate `
            -AcceptAll `
            -IgnoreReboot `
            -Install `
            -ErrorAction Continue 2>&1

        # Use a hashtable keyed on Title to keep only the LAST result per update.
        # PSWindowsUpdate emits objects at multiple pipeline stages (search, download,
        # install); overwriting ensures we capture the final post-install ResultCode
        # rather than an early ResultCode=0 (NotStarted).
        $byKey = @{}

        foreach ($u in $rawOutput) {
            if ($null -eq $u -or $u -isnot [PSObject]) { continue }
            if (-not ($u.PSObject.Properties.Name -contains 'Title')) { continue }
            if ([string]::IsNullOrWhiteSpace($u.Title)) { continue }

            $resultCode = 0
            try { $resultCode = [int]$u.ResultCode } catch { $resultCode = 4 }
            $succeeded = ($resultCode -eq 2 -or $resultCode -eq 3)

            # ResultCode=0 means NotStarted — treat as Skipped, not Failed.
            $status = if ($succeeded) { 'Succeeded' } elseif ($resultCode -eq 0) { 'Skipped' } else { 'Failed' }

            $kb = ''
            try {
                if ($u.KBArticleIDs -and $u.KBArticleIDs.Count -gt 0) {
                    $kb = 'KB' + $u.KBArticleIDs[0]
                }
            } catch {}

            $needsReboot = $false
            try { $needsReboot = [bool]$u.RebootRequired } catch {}

            $byKey[$u.Title] = [PSCustomObject]@{
                Identifier     = $kb
                Title          = [string]$u.Title
                Status         = $status
                ErrorMessage   = if ($succeeded -or $resultCode -eq 0) { '' } else { 'ResultCode=' + $resultCode }
                RebootRequired = $needsReboot
                AttemptedAt    = (Get-Date -Format 'o')
            }
        }

        $results = @($byKey.Values)

        if ($results.Count -eq 0) {
            Write-Output '[]'
        } else {
            $results | ConvertTo-Json -Compress
        }
2026-08-05 12:13:05.546 -05:00 [INF] (Thread 3) WindowsUpdateWorker: PendingFileRenameOperations present but unchanged since service start — ignoring as stale.
2026-08-05 12:13:05.546 -05:00 [INF] (Thread 3) WindowsUpdateWorker: pass complete. Total=0 Succeeded=0 Failed=0 Skipped=0
2026-08-05 12:13:05.546 -05:00 [INF] (Thread 3) WingetWorker: skipping — last run was 2026-08-05T16:11:39.1982346Z (less than 7 days ago).
2026-08-05 12:13:05.546 -05:00 [INF] (Thread 3) UpdateOrchestrator: cycle complete. Total=0 Succeeded=0 Failed=0 RebootRequired=false
2026-08-05 12:13:05.546 -05:00 [INF] (Thread 3) UpdateOrchestrator: no reboot required — cycle complete.
2026-08-05 12:13:05.546 -05:00 [INF] (Thread 3) UpdateBackgroundService: next cycle in "01:00:00".
2026-08-05 13:13:05.552 -05:00 [INF] (Thread 10) SelfUpdater: checking for updates. Current version: 1.26.586.441
2026-08-05 13:13:05.660 -05:00 [INF] (Thread 3) SelfUpdater: remote version = 1.26.586.441.
2026-08-05 13:13:05.660 -05:00 [INF] (Thread 3) SelfUpdater: already up to date.
2026-08-05 13:13:05.660 -05:00 [INF] (Thread 3) UpdateOrchestrator: === Update cycle starting ===
2026-08-05 13:13:05.660 -05:00 [INF] (Thread 3) WindowsUpdateWorker: starting update pass.
2026-08-05 13:13:05.660 -05:00 [INF] (Thread 3) WindowsUpdateWorker: verifying PSWindowsUpdate module.
2026-08-05 13:13:05.662 -05:00 [DBG] (Thread 3) WindowsUpdateWorker: running PS script: $ProgressPreference = 'SilentlyContinue'
            $ErrorActionPreference = 'Stop'
            try {
                if (-not (Get-PackageProvider -Name NuGet -ListAvailable -ErrorAction SilentlyContinue)) {
                    Install-PackageProvider -Name NuGet -MinimumVersion 2.8.5.201 -Force -Scope AllUsers | Out-Null
                }
                Set-PSRepository -Name PSGallery -InstallationPolicy Trusted -ErrorAction SilentlyContinue
                if (-not (Get-Module -ListAvailable -Name PSWindowsUpdate -ErrorAction SilentlyContinue)) {
                    Install-Module PSWindowsUpdate -Force -SkipPublisherCheck -Scope AllUsers | Out-Null
                }
                Import-Module PSWindowsUpdate -Force -ErrorAction Stop
                try {
                    Add-WUServiceManager -MicrosoftUpdate -Confirm:$false -ErrorAction SilentlyContinue | Out-Null
                } catch {}
                Write-Output 'OK'
            } catch {
                Write-Output ('ERROR: ' + $_.Exception.Message)
            }
2026-08-05 13:13:21.334 -05:00 [INF] (Thread 13) WindowsUpdateWorker: PSWindowsUpdate module OK.
2026-08-05 13:13:21.335 -05:00 [DBG] (Thread 13) WindowsUpdateWorker: running PS script: Import-Module PSWindowsUpdate -ErrorAction Stop
        $ProgressPreference = 'SilentlyContinue'

        # Force the Windows Update Agent to scan before installing.
        # Fixes 0x80248007 (WU_E_DS_NODATA) on fresh builds or machines
        # whose update data store has not been initialised yet.
        try {
            Start-Process -FilePath 'UsoClient.exe' `
                -ArgumentList 'StartScan' `
                -Wait -NoNewWindow -ErrorAction SilentlyContinue
            Start-Sleep -Seconds 30
        } catch {}

        # 2>&1 merges stderr into the pipeline mixing strings with update
        # objects -- we filter them out in the foreach loop below.
        $rawOutput = Install-WindowsUpdate `
            -MicrosoftUpdate `
            -AcceptAll `
            -IgnoreReboot `
            -Install `
            -ErrorAction Continue 2>&1

        # Use a hashtable keyed on Title to keep only the LAST result per update.
        # PSWindowsUpdate emits objects at multiple pipeline stages (search, download,
        # install); overwriting ensures we capture the final post-install ResultCode
        # rather than an early ResultCode=0 (NotStarted).
        $byKey = @{}

        foreach ($u in $rawOutput) {
            if ($null -eq $u -or $u -isnot [PSObject]) { continue }
            if (-not ($u.PSObject.Properties.Name -contains 'Title')) { continue }
            if ([string]::IsNullOrWhiteSpace($u.Title)) { continue }

            $resultCode = 0
            try { $resultCode = [int]$u.ResultCode } catch { $resultCode = 4 }
            $succeeded = ($resultCode -eq 2 -or $resultCode -eq 3)

            # ResultCode=0 means NotStarted — treat as Skipped, not Failed.
            $status = if ($succeeded) { 'Succeeded' } elseif ($resultCode -eq 0) { 'Skipped' } else { 'Failed' }

            $kb = ''
            try {
                if ($u.KBArticleIDs -and $u.KBArticleIDs.Count -gt 0) {
                    $kb = 'KB' + $u.KBArticleIDs[0]
                }
            } catch {}

            $needsReboot = $false
            try { $needsReboot = [bool]$u.RebootRequired } catch {}

            $byKey[$u.Title] = [PSCustomObject]@{
                Identifier     = $kb
                Title          = [string]$u.Title
                Status         = $status
                ErrorMessage   = if ($succeeded -or $resultCode -eq 0) { '' } else { 'ResultCode=' + $resultCode }
                RebootRequired = $needsReboot
                AttemptedAt    = (Get-Date -Format 'o')
            }
        }

        $results = @($byKey.Values)

        if ($results.Count -eq 0) {
            Write-Output '[]'
        } else {
            $results | ConvertTo-Json -Compress
        }
2026-08-05 13:14:06.674 -05:00 [INF] (Thread 3) WindowsUpdateWorker: PendingFileRenameOperations present but unchanged since service start — ignoring as stale.
2026-08-05 13:14:06.675 -05:00 [INF] (Thread 3) WindowsUpdateWorker: pass complete. Total=0 Succeeded=0 Failed=0 Skipped=0
2026-08-05 13:14:06.675 -05:00 [INF] (Thread 3) WingetWorker: skipping — last run was 2026-08-05T16:11:39.1982346Z (less than 7 days ago).
2026-08-05 13:14:06.675 -05:00 [INF] (Thread 3) UpdateOrchestrator: cycle complete. Total=0 Succeeded=0 Failed=0 RebootRequired=false
2026-08-05 13:14:06.675 -05:00 [INF] (Thread 3) UpdateOrchestrator: no reboot required — cycle complete.
2026-08-05 13:14:06.675 -05:00 [INF] (Thread 3) UpdateBackgroundService: next cycle in "01:00:00".
2026-08-05 14:14:06.679 -05:00 [INF] (Thread 10) SelfUpdater: checking for updates. Current version: 1.26.586.441
2026-08-05 14:14:06.844 -05:00 [INF] (Thread 3) SelfUpdater: remote version = 1.26.586.441.
2026-08-05 14:14:06.844 -05:00 [INF] (Thread 3) SelfUpdater: already up to date.
2026-08-05 14:14:06.844 -05:00 [INF] (Thread 3) UpdateOrchestrator: === Update cycle starting ===
2026-08-05 14:14:06.844 -05:00 [INF] (Thread 3) WindowsUpdateWorker: starting update pass.
2026-08-05 14:14:06.844 -05:00 [INF] (Thread 3) WindowsUpdateWorker: verifying PSWindowsUpdate module.
2026-08-05 14:14:06.846 -05:00 [DBG] (Thread 6) WindowsUpdateWorker: running PS script: $ProgressPreference = 'SilentlyContinue'
            $ErrorActionPreference = 'Stop'
            try {
                if (-not (Get-PackageProvider -Name NuGet -ListAvailable -ErrorAction SilentlyContinue)) {
                    Install-PackageProvider -Name NuGet -MinimumVersion 2.8.5.201 -Force -Scope AllUsers | Out-Null
                }
                Set-PSRepository -Name PSGallery -InstallationPolicy Trusted -ErrorAction SilentlyContinue
                if (-not (Get-Module -ListAvailable -Name PSWindowsUpdate -ErrorAction SilentlyContinue)) {
                    Install-Module PSWindowsUpdate -Force -SkipPublisherCheck -Scope AllUsers | Out-Null
                }
                Import-Module PSWindowsUpdate -Force -ErrorAction Stop
                try {
                    Add-WUServiceManager -MicrosoftUpdate -Confirm:$false -ErrorAction SilentlyContinue | Out-Null
                } catch {}
                Write-Output 'OK'
            } catch {
                Write-Output ('ERROR: ' + $_.Exception.Message)
            }
2026-08-05 14:14:29.799 -05:00 [INF] (Thread 3) WindowsUpdateWorker: PSWindowsUpdate module OK.
2026-08-05 14:14:29.800 -05:00 [DBG] (Thread 3) WindowsUpdateWorker: running PS script: Import-Module PSWindowsUpdate -ErrorAction Stop
        $ProgressPreference = 'SilentlyContinue'

        # Force the Windows Update Agent to scan before installing.
        # Fixes 0x80248007 (WU_E_DS_NODATA) on fresh builds or machines
        # whose update data store has not been initialised yet.
        try {
            Start-Process -FilePath 'UsoClient.exe' `
                -ArgumentList 'StartScan' `
                -Wait -NoNewWindow -ErrorAction SilentlyContinue
            Start-Sleep -Seconds 30
        } catch {}

        # 2>&1 merges stderr into the pipeline mixing strings with update
        # objects -- we filter them out in the foreach loop below.
        $rawOutput = Install-WindowsUpdate `
            -MicrosoftUpdate `
            -AcceptAll `
            -IgnoreReboot `
            -Install `
            -ErrorAction Continue 2>&1

        # Use a hashtable keyed on Title to keep only the LAST result per update.
        # PSWindowsUpdate emits objects at multiple pipeline stages (search, download,
        # install); overwriting ensures we capture the final post-install ResultCode
        # rather than an early ResultCode=0 (NotStarted).
        $byKey = @{}

        foreach ($u in $rawOutput) {
            if ($null -eq $u -or $u -isnot [PSObject]) { continue }
            if (-not ($u.PSObject.Properties.Name -contains 'Title')) { continue }
            if ([string]::IsNullOrWhiteSpace($u.Title)) { continue }

            $resultCode = 0
            try { $resultCode = [int]$u.ResultCode } catch { $resultCode = 4 }
            $succeeded = ($resultCode -eq 2 -or $resultCode -eq 3)

            # ResultCode=0 means NotStarted — treat as Skipped, not Failed.
            $status = if ($succeeded) { 'Succeeded' } elseif ($resultCode -eq 0) { 'Skipped' } else { 'Failed' }

            $kb = ''
            try {
                if ($u.KBArticleIDs -and $u.KBArticleIDs.Count -gt 0) {
                    $kb = 'KB' + $u.KBArticleIDs[0]
                }
            } catch {}

            $needsReboot = $false
            try { $needsReboot = [bool]$u.RebootRequired } catch {}

            $byKey[$u.Title] = [PSCustomObject]@{
                Identifier     = $kb
                Title          = [string]$u.Title
                Status         = $status
                ErrorMessage   = if ($succeeded -or $resultCode -eq 0) { '' } else { 'ResultCode=' + $resultCode }
                RebootRequired = $needsReboot
                AttemptedAt    = (Get-Date -Format 'o')
            }
        }

        $results = @($byKey.Values)

        if ($results.Count -eq 0) {
            Write-Output '[]'
        } else {
            $results | ConvertTo-Json -Compress
        }
2026-08-05 14:15:17.781 -05:00 [INF] (Thread 9) WindowsUpdateWorker: no updates installed — system reboot is already pending.
2026-08-05 14:15:17.782 -05:00 [INF] (Thread 9) WindowsUpdateWorker: pass complete. Total=1 Succeeded=1 Failed=0 Skipped=0
2026-08-05 14:15:17.783 -05:00 [INF] (Thread 9) WingetWorker: skipping — last run was 2026-08-05T16:11:39.1982346Z (less than 7 days ago).
2026-08-05 14:15:17.783 -05:00 [INF] (Thread 9) UpdateOrchestrator: cycle complete. Total=1 Succeeded=1 Failed=0 RebootRequired=true
2026-08-05 14:15:17.784 -05:00 [INF] (Thread 9) UpdateOrchestrator: reboot required but last reboot was 6.3 hours ago — skipping notification until 3-day minimum has elapsed.
2026-08-05 14:15:17.785 -05:00 [INF] (Thread 9) UpdateBackgroundService: next cycle in "01:00:00".
2026-08-05 15:15:17.788 -05:00 [INF] (Thread 10) SelfUpdater: checking for updates. Current version: 1.26.586.441
2026-08-05 15:15:17.973 -05:00 [INF] (Thread 9) SelfUpdater: remote version = 1.26.586.441.
2026-08-05 15:15:17.973 -05:00 [INF] (Thread 9) SelfUpdater: already up to date.
2026-08-05 15:15:17.973 -05:00 [INF] (Thread 9) UpdateOrchestrator: === Update cycle starting ===
2026-08-05 15:15:17.973 -05:00 [INF] (Thread 9) WindowsUpdateWorker: starting update pass.
2026-08-05 15:15:17.973 -05:00 [INF] (Thread 9) WindowsUpdateWorker: verifying PSWindowsUpdate module.
2026-08-05 15:15:17.975 -05:00 [DBG] (Thread 13) WindowsUpdateWorker: running PS script: $ProgressPreference = 'SilentlyContinue'
            $ErrorActionPreference = 'Stop'
            try {
                if (-not (Get-PackageProvider -Name NuGet -ListAvailable -ErrorAction SilentlyContinue)) {
                    Install-PackageProvider -Name NuGet -MinimumVersion 2.8.5.201 -Force -Scope AllUsers | Out-Null
                }
                Set-PSRepository -Name PSGallery -InstallationPolicy Trusted -ErrorAction SilentlyContinue
                if (-not (Get-Module -ListAvailable -Name PSWindowsUpdate -ErrorAction SilentlyContinue)) {
                    Install-Module PSWindowsUpdate -Force -SkipPublisherCheck -Scope AllUsers | Out-Null
                }
                Import-Module PSWindowsUpdate -Force -ErrorAction Stop
                try {
                    Add-WUServiceManager -MicrosoftUpdate -Confirm:$false -ErrorAction SilentlyContinue | Out-Null
                } catch {}
                Write-Output 'OK'
            } catch {
                Write-Output ('ERROR: ' + $_.Exception.Message)
            }
2026-08-05 15:15:33.743 -05:00 [INF] (Thread 13) WindowsUpdateWorker: PSWindowsUpdate module OK.
2026-08-05 15:15:33.744 -05:00 [DBG] (Thread 9) WindowsUpdateWorker: running PS script: Import-Module PSWindowsUpdate -ErrorAction Stop
        $ProgressPreference = 'SilentlyContinue'

        # Force the Windows Update Agent to scan before installing.
        # Fixes 0x80248007 (WU_E_DS_NODATA) on fresh builds or machines
        # whose update data store has not been initialised yet.
        try {
            Start-Process -FilePath 'UsoClient.exe' `
                -ArgumentList 'StartScan' `
                -Wait -NoNewWindow -ErrorAction SilentlyContinue
            Start-Sleep -Seconds 30
        } catch {}

        # 2>&1 merges stderr into the pipeline mixing strings with update
        # objects -- we filter them out in the foreach loop below.
        $rawOutput = Install-WindowsUpdate `
            -MicrosoftUpdate `
            -AcceptAll `
            -IgnoreReboot `
            -Install `
            -ErrorAction Continue 2>&1

        # Use a hashtable keyed on Title to keep only the LAST result per update.
        # PSWindowsUpdate emits objects at multiple pipeline stages (search, download,
        # install); overwriting ensures we capture the final post-install ResultCode
        # rather than an early ResultCode=0 (NotStarted).
        $byKey = @{}

        foreach ($u in $rawOutput) {
            if ($null -eq $u -or $u -isnot [PSObject]) { continue }
            if (-not ($u.PSObject.Properties.Name -contains 'Title')) { continue }
            if ([string]::IsNullOrWhiteSpace($u.Title)) { continue }

            $resultCode = 0
            try { $resultCode = [int]$u.ResultCode } catch { $resultCode = 4 }
            $succeeded = ($resultCode -eq 2 -or $resultCode -eq 3)

            # ResultCode=0 means NotStarted — treat as Skipped, not Failed.
            $status = if ($succeeded) { 'Succeeded' } elseif ($resultCode -eq 0) { 'Skipped' } else { 'Failed' }

            $kb = ''
            try {
                if ($u.KBArticleIDs -and $u.KBArticleIDs.Count -gt 0) {
                    $kb = 'KB' + $u.KBArticleIDs[0]
                }
            } catch {}

            $needsReboot = $false
            try { $needsReboot = [bool]$u.RebootRequired } catch {}

            $byKey[$u.Title] = [PSCustomObject]@{
                Identifier     = $kb
                Title          = [string]$u.Title
                Status         = $status
                ErrorMessage   = if ($succeeded -or $resultCode -eq 0) { '' } else { 'ResultCode=' + $resultCode }
                RebootRequired = $needsReboot
                AttemptedAt    = (Get-Date -Format 'o')
            }
        }

        $results = @($byKey.Values)

        if ($results.Count -eq 0) {
            Write-Output '[]'
        } else {
            $results | ConvertTo-Json -Compress
        }
2026-08-05 15:16:20.937 -05:00 [INF] (Thread 12) WindowsUpdateWorker: no updates installed — system reboot is already pending.
2026-08-05 15:16:20.937 -05:00 [INF] (Thread 12) WindowsUpdateWorker: pass complete. Total=1 Succeeded=1 Failed=0 Skipped=0
2026-08-05 15:16:20.937 -05:00 [INF] (Thread 12) WingetWorker: skipping — last run was 2026-08-05T16:11:39.1982346Z (less than 7 days ago).
2026-08-05 15:16:20.937 -05:00 [INF] (Thread 12) UpdateOrchestrator: cycle complete. Total=1 Succeeded=1 Failed=0 RebootRequired=true
2026-08-05 15:16:20.937 -05:00 [INF] (Thread 12) UpdateOrchestrator: reboot required but last reboot was 7.3 hours ago — skipping notification until 3-day minimum has elapsed.
2026-08-05 15:16:20.937 -05:00 [INF] (Thread 12) UpdateBackgroundService: next cycle in "01:00:00".
2026-08-05 16:16:20.950 -05:00 [INF] (Thread 13) SelfUpdater: checking for updates. Current version: 1.26.586.441
2026-08-05 16:16:21.117 -05:00 [INF] (Thread 7) SelfUpdater: remote version = 1.26.586.441.
2026-08-05 16:16:21.117 -05:00 [INF] (Thread 7) SelfUpdater: already up to date.
2026-08-05 16:16:21.117 -05:00 [INF] (Thread 7) UpdateOrchestrator: === Update cycle starting ===
2026-08-05 16:16:21.117 -05:00 [INF] (Thread 7) WindowsUpdateWorker: starting update pass.
2026-08-05 16:16:21.117 -05:00 [INF] (Thread 7) WindowsUpdateWorker: verifying PSWindowsUpdate module.
2026-08-05 16:16:21.118 -05:00 [DBG] (Thread 7) WindowsUpdateWorker: running PS script: $ProgressPreference = 'SilentlyContinue'
            $ErrorActionPreference = 'Stop'
            try {
                if (-not (Get-PackageProvider -Name NuGet -ListAvailable -ErrorAction SilentlyContinue)) {
                    Install-PackageProvider -Name NuGet -MinimumVersion 2.8.5.201 -Force -Scope AllUsers | Out-Null
                }
                Set-PSRepository -Name PSGallery -InstallationPolicy Trusted -ErrorAction SilentlyContinue
                if (-not (Get-Module -ListAvailable -Name PSWindowsUpdate -ErrorAction SilentlyContinue)) {
                    Install-Module PSWindowsUpdate -Force -SkipPublisherCheck -Scope AllUsers | Out-Null
                }
                Import-Module PSWindowsUpdate -Force -ErrorAction Stop
                try {
                    Add-WUServiceManager -MicrosoftUpdate -Confirm:$false -ErrorAction SilentlyContinue | Out-Null
                } catch {}
                Write-Output 'OK'
            } catch {
                Write-Output ('ERROR: ' + $_.Exception.Message)
            }
2026-08-05 16:16:38.800 -05:00 [INF] (Thread 13) WindowsUpdateWorker: PSWindowsUpdate module OK.
2026-08-05 16:16:38.801 -05:00 [DBG] (Thread 13) WindowsUpdateWorker: running PS script: Import-Module PSWindowsUpdate -ErrorAction Stop
        $ProgressPreference = 'SilentlyContinue'

        # Force the Windows Update Agent to scan before installing.
        # Fixes 0x80248007 (WU_E_DS_NODATA) on fresh builds or machines
        # whose update data store has not been initialised yet.
        try {
            Start-Process -FilePath 'UsoClient.exe' `
                -ArgumentList 'StartScan' `
                -Wait -NoNewWindow -ErrorAction SilentlyContinue
            Start-Sleep -Seconds 30
        } catch {}

        # 2>&1 merges stderr into the pipeline mixing strings with update
        # objects -- we filter them out in the foreach loop below.
        $rawOutput = Install-WindowsUpdate `
            -MicrosoftUpdate `
            -AcceptAll `
            -IgnoreReboot `
            -Install `
            -ErrorAction Continue 2>&1

        # Use a hashtable keyed on Title to keep only the LAST result per update.
        # PSWindowsUpdate emits objects at multiple pipeline stages (search, download,
        # install); overwriting ensures we capture the final post-install ResultCode
        # rather than an early ResultCode=0 (NotStarted).
        $byKey = @{}

        foreach ($u in $rawOutput) {
            if ($null -eq $u -or $u -isnot [PSObject]) { continue }
            if (-not ($u.PSObject.Properties.Name -contains 'Title')) { continue }
            if ([string]::IsNullOrWhiteSpace($u.Title)) { continue }

            $resultCode = 0
            try { $resultCode = [int]$u.ResultCode } catch { $resultCode = 4 }
            $succeeded = ($resultCode -eq 2 -or $resultCode -eq 3)

            # ResultCode=0 means NotStarted — treat as Skipped, not Failed.
            $status = if ($succeeded) { 'Succeeded' } elseif ($resultCode -eq 0) { 'Skipped' } else { 'Failed' }

            $kb = ''
            try {
                if ($u.KBArticleIDs -and $u.KBArticleIDs.Count -gt 0) {
                    $kb = 'KB' + $u.KBArticleIDs[0]
                }
            } catch {}

            $needsReboot = $false
            try { $needsReboot = [bool]$u.RebootRequired } catch {}

            $byKey[$u.Title] = [PSCustomObject]@{
                Identifier     = $kb
                Title          = [string]$u.Title
                Status         = $status
                ErrorMessage   = if ($succeeded -or $resultCode -eq 0) { '' } else { 'ResultCode=' + $resultCode }
                RebootRequired = $needsReboot
                AttemptedAt    = (Get-Date -Format 'o')
            }
        }

        $results = @($byKey.Values)

        if ($results.Count -eq 0) {
            Write-Output '[]'
        } else {
            $results | ConvertTo-Json -Compress
        }
2026-08-05 16:17:22.879 -05:00 [INF] (Thread 18) WindowsUpdateWorker: no updates installed — system reboot is already pending.
2026-08-05 16:17:22.879 -05:00 [INF] (Thread 18) WindowsUpdateWorker: pass complete. Total=1 Succeeded=1 Failed=0 Skipped=0
2026-08-05 16:17:22.879 -05:00 [INF] (Thread 18) WingetWorker: skipping — last run was 2026-08-05T16:11:39.1982346Z (less than 7 days ago).
2026-08-05 16:17:22.879 -05:00 [INF] (Thread 18) UpdateOrchestrator: cycle complete. Total=1 Succeeded=1 Failed=0 RebootRequired=true
2026-08-05 16:17:22.879 -05:00 [INF] (Thread 18) UpdateOrchestrator: reboot required but last reboot was 8.3 hours ago — skipping notification until 3-day minimum has elapsed.
2026-08-05 16:17:22.880 -05:00 [INF] (Thread 18) UpdateBackgroundService: next cycle in "01:00:00".
2026-08-05 17:17:22.895 -05:00 [INF] (Thread 7) SelfUpdater: checking for updates. Current version: 1.26.586.441
2026-08-05 17:17:23.066 -05:00 [INF] (Thread 18) SelfUpdater: remote version = 1.26.586.697.
2026-08-05 17:17:23.066 -05:00 [INF] (Thread 18) SelfUpdater: new version 1.26.586.697 available — downloading installer.
2026-08-05 17:17:23.088 -05:00 [INF] (Thread 18) SelfUpdater: downloading installer from https://github.com/Coldmiser/UpdateSolution/releases/latest/download/__CapTG_Updater_Latest.exe
2026-08-05 17:17:31.426 -05:00 [INF] (Thread 7) SelfUpdater: launching installer at C:\ProgramData\CapTG\UpdateStaging\__CapTG_Updater_Latest.exe
2026-08-05 17:17:31.447 -05:00 [INF] (Thread 7) SelfUpdater: installer launched. Service will be replaced momentarily.
2026-08-05 17:17:31.447 -05:00 [INF] (Thread 7) UpdateOrchestrator: === Update cycle starting ===
2026-08-05 17:17:31.447 -05:00 [INF] (Thread 7) WindowsUpdateWorker: starting update pass.
2026-08-05 17:17:31.447 -05:00 [INF] (Thread 7) WindowsUpdateWorker: verifying PSWindowsUpdate module.
2026-08-05 17:17:31.449 -05:00 [DBG] (Thread 6) WindowsUpdateWorker: running PS script: $ProgressPreference = 'SilentlyContinue'
            $ErrorActionPreference = 'Stop'
            try {
                if (-not (Get-PackageProvider -Name NuGet -ListAvailable -ErrorAction SilentlyContinue)) {
                    Install-PackageProvider -Name NuGet -MinimumVersion 2.8.5.201 -Force -Scope AllUsers | Out-Null
                }
                Set-PSRepository -Name PSGallery -InstallationPolicy Trusted -ErrorAction SilentlyContinue
                if (-not (Get-Module -ListAvailable -Name PSWindowsUpdate -ErrorAction SilentlyContinue)) {
                    Install-Module PSWindowsUpdate -Force -SkipPublisherCheck -Scope AllUsers | Out-Null
                }
                Import-Module PSWindowsUpdate -Force -ErrorAction Stop
                try {
                    Add-WUServiceManager -MicrosoftUpdate -Confirm:$false -ErrorAction SilentlyContinue | Out-Null
                } catch {}
                Write-Output 'OK'
            } catch {
                Write-Output ('ERROR: ' + $_.Exception.Message)
            }
2026-08-05 17:17:38.009 -05:00 [INF] (Thread 6) UpdateBackgroundService: StopAsync called by SCM.
2026-08-05 17:17:38.014 -05:00 [WRN] (Thread 19) UpdateOrchestrator: Windows Update cancelled.
2026-08-05 17:17:38.014 -05:00 [INF] (Thread 19) UpdateBackgroundService: stopping.
2026-08-05 17:17:46.229 -05:00 [INF] (Thread 2) Logging initialized. Directory: C:\ProgramData\CapTG\UpdateService\logs
2026-08-05 17:17:46.306 -05:00 [INF] (Thread 2) CapTG UpdateService starting. Args: [--install]
2026-08-05 17:17:46.310 -05:00 [INF] (Thread 2) Installing service from: C:\Program Files\CapTG Updater\UpdateService.exe
2026-08-05 17:17:46.404 -05:00 [INF] (Thread 2) Service 'CapTGUpdateService' already exists — stopping for upgrade.
2026-08-05 17:17:46.405 -05:00 [DBG] (Thread 2) sc.exe stop "CapTGUpdateService"
2026-08-05 17:17:46.465 -05:00 [DBG] (Thread 2) sc.exe stdout: [SC] ControlService FAILED 1062:

The service has not been started.
2026-08-05 17:17:47.547 -05:00 [INF] (Thread 2) WaitForServiceStop: service is stopped.
2026-08-05 17:17:47.549 -05:00 [DBG] (Thread 2) sc.exe config "CapTGUpdateService" binPath= "C:\Program Files\CapTG Updater\UpdateService.exe" start= delayed-auto obj= LocalSystem
2026-08-05 17:17:47.617 -05:00 [DBG] (Thread 2) sc.exe stdout: [SC] ChangeServiceConfig SUCCESS
2026-08-05 17:17:47.620 -05:00 [DBG] (Thread 2) sc.exe description "CapTGUpdateService" "Automatically applies Windows Updates, driver updates, and winget package upgrades hourly. Notifies the logged-in user when a reboot is required."
2026-08-05 17:17:47.696 -05:00 [DBG] (Thread 2) sc.exe stdout: [SC] ChangeServiceConfig2 SUCCESS
2026-08-05 17:17:47.697 -05:00 [DBG] (Thread 2) sc.exe failure "CapTGUpdateService" reset= 86400 actions= restart/0/restart/60000/restart/300000
2026-08-05 17:17:47.769 -05:00 [DBG] (Thread 2) sc.exe stdout: [SC] ChangeServiceConfig2 SUCCESS
2026-08-05 17:17:47.776 -05:00 [DBG] (Thread 2) sc.exe start "CapTGUpdateService"
2026-08-05 17:17:48.309 -05:00 [DBG] (Thread 2) sc.exe stdout: SERVICE_NAME: CapTGUpdateService 
        TYPE               : 10  WIN32_OWN_PROCESS  
        STATE              : 2  START_PENDING 
                                (NOT_STOPPABLE, NOT_PAUSABLE, IGNORES_SHUTDOWN)
        WIN32_EXIT_CODE    : 0  (0x0)
        SERVICE_EXIT_CODE  : 0  (0x0)
        CHECKPOINT         : 0x0
        WAIT_HINT          : 0x7d0
        PID                : 11072
        FLAGS              :
