2026-08-03 07:22:59.619 -05:00 [INF] (Thread 19) SelfUpdater: checking for updates. Current version: 1.26.524.632
2026-08-03 07:22:59.833 -05:00 [INF] (Thread 21) SelfUpdater: remote version = 1.26.524.632.
2026-08-03 07:22:59.833 -05:00 [INF] (Thread 21) SelfUpdater: already up to date.
2026-08-03 07:22:59.833 -05:00 [INF] (Thread 21) UpdateOrchestrator: === Update cycle starting ===
2026-08-03 07:22:59.833 -05:00 [INF] (Thread 21) WindowsUpdateWorker: starting update pass.
2026-08-03 07:22:59.833 -05:00 [INF] (Thread 21) WindowsUpdateWorker: verifying PSWindowsUpdate module.
2026-08-03 07:22:59.836 -05:00 [DBG] (Thread 20) WindowsUpdateWorker: running PS script: $ProgressPreference = 'SilentlyContinue'
            $ErrorActionPreference = 'Stop'
            try {
                if (-not (Get-PackageProvider -Name NuGet -ListAvailable -ErrorAction SilentlyContinue)) {
                    Install-PackageProvider -Name NuGet -MinimumVersion 2.8.5.201 -Force -Scope AllUsers | Out-Null
                }
                Set-PSRepository -Name PSGallery -InstallationPolicy Trusted -ErrorAction SilentlyContinue
                if (-not (Get-Module -ListAvailable -Name PSWindowsUpdate -ErrorAction SilentlyContinue)) {
                    Install-Module PSWindowsUpdate -Force -SkipPublisherCheck -Scope AllUsers | Out-Null
                }
                Import-Module PSWindowsUpdate -Force -ErrorAction Stop
                try {
                    Add-WUServiceManager -MicrosoftUpdate -Confirm:$false -ErrorAction SilentlyContinue | Out-Null
                } catch {}
                Write-Output 'OK'
            } catch {
                Write-Output ('ERROR: ' + $_.Exception.Message)
            }
2026-08-03 07:23:23.998 -05:00 [INF] (Thread 19) WindowsUpdateWorker: PSWindowsUpdate module OK.
2026-08-03 07:23:24.000 -05:00 [DBG] (Thread 19) WindowsUpdateWorker: running PS script: Import-Module PSWindowsUpdate -ErrorAction Stop
        $ProgressPreference = 'SilentlyContinue'

        # Force the Windows Update Agent to scan before installing.
        # Fixes 0x80248007 (WU_E_DS_NODATA) on fresh builds or machines
        # whose update data store has not been initialised yet.
        try {
            Start-Process -FilePath 'UsoClient.exe' `
                -ArgumentList 'StartScan' `
                -Wait -NoNewWindow -ErrorAction SilentlyContinue
            Start-Sleep -Seconds 30
        } catch {}

        # 2>&1 merges stderr into the pipeline mixing strings with update
        # objects -- we filter them out in the foreach loop below.
        $rawOutput = Install-WindowsUpdate `
            -MicrosoftUpdate `
            -AcceptAll `
            -IgnoreReboot `
            -Install `
            -ErrorAction Continue 2>&1

        # Use a hashtable keyed on Title to keep only the LAST result per update.
        # PSWindowsUpdate emits objects at multiple pipeline stages (search, download,
        # install); overwriting ensures we capture the final post-install ResultCode
        # rather than an early ResultCode=0 (NotStarted).
        $byKey = @{}

        foreach ($u in $rawOutput) {
            if ($null -eq $u -or $u -isnot [PSObject]) { continue }
            if (-not ($u.PSObject.Properties.Name -contains 'Title')) { continue }
            if ([string]::IsNullOrWhiteSpace($u.Title)) { continue }

            $resultCode = 0
            try { $resultCode = [int]$u.ResultCode } catch { $resultCode = 4 }
            $succeeded = ($resultCode -eq 2 -or $resultCode -eq 3)

            # ResultCode=0 means NotStarted — treat as Skipped, not Failed.
            $status = if ($succeeded) { 'Succeeded' } elseif ($resultCode -eq 0) { 'Skipped' } else { 'Failed' }

            $kb = ''
            try {
                if ($u.KBArticleIDs -and $u.KBArticleIDs.Count -gt 0) {
                    $kb = 'KB' + $u.KBArticleIDs[0]
                }
            } catch {}

            $needsReboot = $false
            try { $needsReboot = [bool]$u.RebootRequired } catch {}

            $byKey[$u.Title] = [PSCustomObject]@{
                Identifier     = $kb
                Title          = [string]$u.Title
                Status         = $status
                ErrorMessage   = if ($succeeded -or $resultCode -eq 0) { '' } else { 'ResultCode=' + $resultCode }
                RebootRequired = $needsReboot
                AttemptedAt    = (Get-Date -Format 'o')
            }
        }

        $results = @($byKey.Values)

        if ($results.Count -eq 0) {
            Write-Output '[]'
        } else {
            $results | ConvertTo-Json -Compress
        }
2026-08-03 07:24:57.531 -05:00 [WRN] (Thread 21) WindowsUpdateWorker: PS stderr: Install-WindowsUpdate : Value does not fall within the expected range.
At C:\windows\SystemTemp\wuworker_d39b92867b284a9dbdaa8f0cc00610cf.ps1:17 char:22
+         $rawOutput = Install-WindowsUpdate `
+                      ~~~~~~~~~~~~~~~~~~~~~~~
    + CategoryInfo          : NotSpecified: (:) [Get-WindowsUpdate], ArgumentException
    + FullyQualifiedErrorId : System.ArgumentException,PSWindowsUpdate.GetWindowsUpdate
2026-08-03 07:24:57.538 -05:00 [INF] (Thread 21) WindowsUpdateWorker: no updates installed — system reboot is already pending.
2026-08-03 07:24:57.538 -05:00 [INF] (Thread 21) WindowsUpdateWorker: pass complete. Total=1 Succeeded=1 Failed=0 Skipped=0
2026-08-03 07:24:57.539 -05:00 [INF] (Thread 21) WingetWorker: skipping — last run was 2026-07-29T15:09:00.5863937Z (less than 7 days ago).
2026-08-03 07:24:57.539 -05:00 [INF] (Thread 21) UpdateOrchestrator: cycle complete. Total=1 Succeeded=1 Failed=0 RebootRequired=true
2026-08-03 07:24:57.539 -05:00 [INF] (Thread 21) UpdateOrchestrator: reboot is required — notifying logged-in user.
2026-08-03 07:24:57.553 -05:00 [INF] (Thread 21) PipeServer: pipe created — launching notifier.
2026-08-03 07:24:57.558 -05:00 [INF] (Thread 21) UserProcessLauncher: launching 'C:\Program Files\CapTG Updater\UpdateNotifier.exe' as active user.
2026-08-03 07:24:57.563 -05:00 [DBG] (Thread 21) UserProcessLauncher: console session 3 has a valid user token.
2026-08-03 07:24:57.564 -05:00 [DBG] (Thread 21) UserProcessLauncher: using session ID = 3.
2026-08-03 07:24:57.663 -05:00 [INF] (Thread 21) UserProcessLauncher: 'C:\Program Files\CapTG Updater\UpdateNotifier.exe' launched in session 3.
2026-08-03 07:24:57.663 -05:00 [DBG] (Thread 21) PipeServer: waiting for notifier to connect.
2026-08-03 07:24:58.055 -05:00 [INF] (Thread 21) PipeServer: notifier connected.
2026-08-03 07:24:58.116 -05:00 [DBG] (Thread 21) PipeServer: "RebootRequired" message sent.
2026-08-03 07:25:59.632 -05:00 [INF] (Thread 19) PipeServer: received UserResponse — SnoozeMinutes=-1
2026-08-03 07:25:59.641 -05:00 [INF] (Thread 19) PipeServer: user scheduled reboot for "2026-08-03T17:30:00.0000000-05:00" — persisted to registry.
