2026-07-31 10:36:34.239 -05:00 [INF] (Thread 29) SelfUpdater: checking for updates. Current version: 1.26.524.632
2026-07-31 10:36:36.533 -05:00 [INF] (Thread 3) SelfUpdater: remote version = 1.26.524.632.
2026-07-31 10:36:36.534 -05:00 [INF] (Thread 3) SelfUpdater: already up to date.
2026-07-31 10:36:36.534 -05:00 [INF] (Thread 3) UpdateOrchestrator: === Update cycle starting ===
2026-07-31 10:36:36.534 -05:00 [INF] (Thread 3) WindowsUpdateWorker: starting update pass.
2026-07-31 10:36:36.534 -05:00 [INF] (Thread 3) WindowsUpdateWorker: verifying PSWindowsUpdate module.
2026-07-31 10:36:36.552 -05:00 [DBG] (Thread 3) WindowsUpdateWorker: running PS script: $ProgressPreference = 'SilentlyContinue'
            $ErrorActionPreference = 'Stop'
            try {
                if (-not (Get-PackageProvider -Name NuGet -ListAvailable -ErrorAction SilentlyContinue)) {
                    Install-PackageProvider -Name NuGet -MinimumVersion 2.8.5.201 -Force -Scope AllUsers | Out-Null
                }
                Set-PSRepository -Name PSGallery -InstallationPolicy Trusted -ErrorAction SilentlyContinue
                if (-not (Get-Module -ListAvailable -Name PSWindowsUpdate -ErrorAction SilentlyContinue)) {
                    Install-Module PSWindowsUpdate -Force -SkipPublisherCheck -Scope AllUsers | Out-Null
                }
                Import-Module PSWindowsUpdate -Force -ErrorAction Stop
                try {
                    Add-WUServiceManager -MicrosoftUpdate -Confirm:$false -ErrorAction SilentlyContinue | Out-Null
                } catch {}
                Write-Output 'OK'
            } catch {
                Write-Output ('ERROR: ' + $_.Exception.Message)
            }
2026-07-31 10:37:02.825 -05:00 [INF] (Thread 29) WindowsUpdateWorker: PSWindowsUpdate module OK.
2026-07-31 10:37:02.827 -05:00 [DBG] (Thread 29) WindowsUpdateWorker: running PS script: Import-Module PSWindowsUpdate -ErrorAction Stop
        $ProgressPreference = 'SilentlyContinue'

        # Force the Windows Update Agent to scan before installing.
        # Fixes 0x80248007 (WU_E_DS_NODATA) on fresh builds or machines
        # whose update data store has not been initialised yet.
        try {
            Start-Process -FilePath 'UsoClient.exe' `
                -ArgumentList 'StartScan' `
                -Wait -NoNewWindow -ErrorAction SilentlyContinue
            Start-Sleep -Seconds 30
        } catch {}

        # 2>&1 merges stderr into the pipeline mixing strings with update
        # objects -- we filter them out in the foreach loop below.
        $rawOutput = Install-WindowsUpdate `
            -MicrosoftUpdate `
            -AcceptAll `
            -IgnoreReboot `
            -Install `
            -ErrorAction Continue 2>&1

        # Use a hashtable keyed on Title to keep only the LAST result per update.
        # PSWindowsUpdate emits objects at multiple pipeline stages (search, download,
        # install); overwriting ensures we capture the final post-install ResultCode
        # rather than an early ResultCode=0 (NotStarted).
        $byKey = @{}

        foreach ($u in $rawOutput) {
            if ($null -eq $u -or $u -isnot [PSObject]) { continue }
            if (-not ($u.PSObject.Properties.Name -contains 'Title')) { continue }
            if ([string]::IsNullOrWhiteSpace($u.Title)) { continue }

            $resultCode = 0
            try { $resultCode = [int]$u.ResultCode } catch { $resultCode = 4 }
            $succeeded = ($resultCode -eq 2 -or $resultCode -eq 3)

            # ResultCode=0 means NotStarted — treat as Skipped, not Failed.
            $status = if ($succeeded) { 'Succeeded' } elseif ($resultCode -eq 0) { 'Skipped' } else { 'Failed' }

            $kb = ''
            try {
                if ($u.KBArticleIDs -and $u.KBArticleIDs.Count -gt 0) {
                    $kb = 'KB' + $u.KBArticleIDs[0]
                }
            } catch {}

            $needsReboot = $false
            try { $needsReboot = [bool]$u.RebootRequired } catch {}

            $byKey[$u.Title] = [PSCustomObject]@{
                Identifier     = $kb
                Title          = [string]$u.Title
                Status         = $status
                ErrorMessage   = if ($succeeded -or $resultCode -eq 0) { '' } else { 'ResultCode=' + $resultCode }
                RebootRequired = $needsReboot
                AttemptedAt    = (Get-Date -Format 'o')
            }
        }

        $results = @($byKey.Values)

        if ($results.Count -eq 0) {
            Write-Output '[]'
        } else {
            $results | ConvertTo-Json -Compress
        }
2026-07-31 10:38:23.425 -05:00 [WRN] (Thread 29) WindowsUpdateWorker: PS stderr: Install-WindowsUpdate : Value does not fall within the expected range.
At C:\windows\SystemTemp\wuworker_fa2182b0bbef4bc8af7077c5fca13247.ps1:17 char:22
+         $rawOutput = Install-WindowsUpdate `
+                      ~~~~~~~~~~~~~~~~~~~~~~~
    + CategoryInfo          : NotSpecified: (:) [Get-WindowsUpdate], ArgumentException
    + FullyQualifiedErrorId : System.ArgumentException,PSWindowsUpdate.GetWindowsUpdate
2026-07-31 10:38:23.436 -05:00 [INF] (Thread 29) WindowsUpdateWorker: no updates installed — system reboot is already pending.
2026-07-31 10:38:23.436 -05:00 [INF] (Thread 29) WindowsUpdateWorker: pass complete. Total=1 Succeeded=1 Failed=0 Skipped=0
2026-07-31 10:38:23.439 -05:00 [INF] (Thread 29) WingetWorker: skipping — last run was 2026-07-29T15:09:00.5863937Z (less than 7 days ago).
2026-07-31 10:38:23.439 -05:00 [INF] (Thread 29) UpdateOrchestrator: cycle complete. Total=1 Succeeded=1 Failed=0 RebootRequired=true
2026-07-31 10:38:23.439 -05:00 [INF] (Thread 29) UpdateOrchestrator: reboot required but last reboot was 23.7 hours ago — skipping notification until 3-day minimum has elapsed.
2026-07-31 10:38:23.439 -05:00 [INF] (Thread 29) UpdateBackgroundService: next cycle in "01:00:00".
2026-07-31 14:39:23.367 -05:00 [INF] (Thread 22) SelfUpdater: checking for updates. Current version: 1.26.524.632
2026-07-31 14:39:23.549 -05:00 [INF] (Thread 23) SelfUpdater: remote version = 1.26.524.632.
2026-07-31 14:39:23.549 -05:00 [INF] (Thread 23) SelfUpdater: already up to date.
2026-07-31 14:39:23.549 -05:00 [INF] (Thread 23) UpdateOrchestrator: === Update cycle starting ===
2026-07-31 14:39:23.549 -05:00 [INF] (Thread 23) WindowsUpdateWorker: starting update pass.
2026-07-31 14:39:23.549 -05:00 [INF] (Thread 23) WindowsUpdateWorker: verifying PSWindowsUpdate module.
2026-07-31 14:39:23.552 -05:00 [DBG] (Thread 23) WindowsUpdateWorker: running PS script: $ProgressPreference = 'SilentlyContinue'
            $ErrorActionPreference = 'Stop'
            try {
                if (-not (Get-PackageProvider -Name NuGet -ListAvailable -ErrorAction SilentlyContinue)) {
                    Install-PackageProvider -Name NuGet -MinimumVersion 2.8.5.201 -Force -Scope AllUsers | Out-Null
                }
                Set-PSRepository -Name PSGallery -InstallationPolicy Trusted -ErrorAction SilentlyContinue
                if (-not (Get-Module -ListAvailable -Name PSWindowsUpdate -ErrorAction SilentlyContinue)) {
                    Install-Module PSWindowsUpdate -Force -SkipPublisherCheck -Scope AllUsers | Out-Null
                }
                Import-Module PSWindowsUpdate -Force -ErrorAction Stop
                try {
                    Add-WUServiceManager -MicrosoftUpdate -Confirm:$false -ErrorAction SilentlyContinue | Out-Null
                } catch {}
                Write-Output 'OK'
            } catch {
                Write-Output ('ERROR: ' + $_.Exception.Message)
            }
2026-07-31 14:39:51.731 -05:00 [INF] (Thread 20) WindowsUpdateWorker: PSWindowsUpdate module OK.
2026-07-31 14:39:51.733 -05:00 [DBG] (Thread 20) WindowsUpdateWorker: running PS script: Import-Module PSWindowsUpdate -ErrorAction Stop
        $ProgressPreference = 'SilentlyContinue'

        # Force the Windows Update Agent to scan before installing.
        # Fixes 0x80248007 (WU_E_DS_NODATA) on fresh builds or machines
        # whose update data store has not been initialised yet.
        try {
            Start-Process -FilePath 'UsoClient.exe' `
                -ArgumentList 'StartScan' `
                -Wait -NoNewWindow -ErrorAction SilentlyContinue
            Start-Sleep -Seconds 30
        } catch {}

        # 2>&1 merges stderr into the pipeline mixing strings with update
        # objects -- we filter them out in the foreach loop below.
        $rawOutput = Install-WindowsUpdate `
            -MicrosoftUpdate `
            -AcceptAll `
            -IgnoreReboot `
            -Install `
            -ErrorAction Continue 2>&1

        # Use a hashtable keyed on Title to keep only the LAST result per update.
        # PSWindowsUpdate emits objects at multiple pipeline stages (search, download,
        # install); overwriting ensures we capture the final post-install ResultCode
        # rather than an early ResultCode=0 (NotStarted).
        $byKey = @{}

        foreach ($u in $rawOutput) {
            if ($null -eq $u -or $u -isnot [PSObject]) { continue }
            if (-not ($u.PSObject.Properties.Name -contains 'Title')) { continue }
            if ([string]::IsNullOrWhiteSpace($u.Title)) { continue }

            $resultCode = 0
            try { $resultCode = [int]$u.ResultCode } catch { $resultCode = 4 }
            $succeeded = ($resultCode -eq 2 -or $resultCode -eq 3)

            # ResultCode=0 means NotStarted — treat as Skipped, not Failed.
            $status = if ($succeeded) { 'Succeeded' } elseif ($resultCode -eq 0) { 'Skipped' } else { 'Failed' }

            $kb = ''
            try {
                if ($u.KBArticleIDs -and $u.KBArticleIDs.Count -gt 0) {
                    $kb = 'KB' + $u.KBArticleIDs[0]
                }
            } catch {}

            $needsReboot = $false
            try { $needsReboot = [bool]$u.RebootRequired } catch {}

            $byKey[$u.Title] = [PSCustomObject]@{
                Identifier     = $kb
                Title          = [string]$u.Title
                Status         = $status
                ErrorMessage   = if ($succeeded -or $resultCode -eq 0) { '' } else { 'ResultCode=' + $resultCode }
                RebootRequired = $needsReboot
                AttemptedAt    = (Get-Date -Format 'o')
            }
        }

        $results = @($byKey.Values)

        if ($results.Count -eq 0) {
            Write-Output '[]'
        } else {
            $results | ConvertTo-Json -Compress
        }
2026-07-31 14:41:13.077 -05:00 [WRN] (Thread 22) WindowsUpdateWorker: PS stderr: Install-WindowsUpdate : Value does not fall within the expected range.
At C:\windows\SystemTemp\wuworker_e2b0306f4f444de1afa0f7da96df3001.ps1:17 char:22
+         $rawOutput = Install-WindowsUpdate `
+                      ~~~~~~~~~~~~~~~~~~~~~~~
    + CategoryInfo          : NotSpecified: (:) [Get-WindowsUpdate], ArgumentException
    + FullyQualifiedErrorId : System.ArgumentException,PSWindowsUpdate.GetWindowsUpdate
2026-07-31 14:41:13.079 -05:00 [INF] (Thread 22) WindowsUpdateWorker: no updates installed — system reboot is already pending.
2026-07-31 14:41:13.079 -05:00 [INF] (Thread 22) WindowsUpdateWorker: pass complete. Total=1 Succeeded=1 Failed=0 Skipped=0
2026-07-31 14:41:13.080 -05:00 [INF] (Thread 22) WingetWorker: skipping — last run was 2026-07-29T15:09:00.5863937Z (less than 7 days ago).
2026-07-31 14:41:13.080 -05:00 [INF] (Thread 22) UpdateOrchestrator: cycle complete. Total=1 Succeeded=1 Failed=0 RebootRequired=true
2026-07-31 14:41:13.080 -05:00 [INF] (Thread 22) UpdateOrchestrator: reboot required but last reboot was 27.8 hours ago — skipping notification until 3-day minimum has elapsed.
2026-07-31 14:41:13.080 -05:00 [INF] (Thread 22) UpdateBackgroundService: next cycle in "01:00:00".
