2026-07-30 07:22:10.038 -05:00 [INF] (Thread 10) PipeServer: pipe created — launching notifier.
2026-07-30 07:22:10.111 -05:00 [INF] (Thread 10) UserProcessLauncher: launching 'C:\Program Files\CapTG Updater\UpdateNotifier.exe' as active user.
2026-07-30 07:22:10.114 -05:00 [DBG] (Thread 10) UserProcessLauncher: console session 3 has a valid user token.
2026-07-30 07:22:10.114 -05:00 [DBG] (Thread 10) UserProcessLauncher: using session ID = 3.
2026-07-30 07:22:10.139 -05:00 [INF] (Thread 10) UserProcessLauncher: 'C:\Program Files\CapTG Updater\UpdateNotifier.exe' launched in session 3.
2026-07-30 07:22:10.140 -05:00 [DBG] (Thread 10) PipeServer: waiting for notifier to connect.
2026-07-30 07:22:10.543 -05:00 [INF] (Thread 10) PipeServer: notifier connected.
2026-07-30 07:22:10.554 -05:00 [DBG] (Thread 14) PipeServer: "RebootRequired" message sent.
2026-07-30 07:22:20.114 -05:00 [INF] (Thread 14) PipeServer: received UserResponse — SnoozeMinutes=180
2026-07-30 07:22:20.115 -05:00 [INF] (Thread 14) PipeServer: user snoozed for 180 minutes (snoozeCount=2).
2026-07-30 10:22:20.140 -05:00 [INF] (Thread 3) PipeServer: pipe created — launching notifier.
2026-07-30 10:22:20.163 -05:00 [INF] (Thread 3) UserProcessLauncher: launching 'C:\Program Files\CapTG Updater\UpdateNotifier.exe' as active user.
2026-07-30 10:22:20.165 -05:00 [DBG] (Thread 3) UserProcessLauncher: console session 3 has a valid user token.
2026-07-30 10:22:20.166 -05:00 [DBG] (Thread 3) UserProcessLauncher: using session ID = 3.
2026-07-30 10:22:20.187 -05:00 [INF] (Thread 3) UserProcessLauncher: 'C:\Program Files\CapTG Updater\UpdateNotifier.exe' launched in session 3.
2026-07-30 10:22:20.188 -05:00 [DBG] (Thread 3) PipeServer: waiting for notifier to connect.
2026-07-30 10:22:20.590 -05:00 [INF] (Thread 3) PipeServer: notifier connected.
2026-07-30 10:22:20.601 -05:00 [DBG] (Thread 3) PipeServer: "RebootRequired" message sent.
2026-07-30 10:54:26.072 -05:00 [INF] (Thread 3) PipeServer: received UserResponse — SnoozeMinutes=0
2026-07-30 10:54:26.073 -05:00 [INF] (Thread 3) PipeServer: user accepted reboot — initiating shutdown.
2026-07-30 10:54:26.078 -05:00 [WRN] (Thread 3) PipeServer: executing system reboot in 5 seconds.
2026-07-30 10:54:26.094 -05:00 [INF] (Thread 3) UpdateBackgroundService: next cycle in "01:00:00".
2026-07-30 10:54:50.562 -05:00 [INF] (Thread 14) UpdateBackgroundService: StopAsync called by SCM.
2026-07-30 10:54:50.592 -05:00 [INF] (Thread 7) UpdateBackgroundService: stopping.
2026-07-30 10:57:33.567 -05:00 [INF] (Thread 2) Logging initialized. Directory: C:\ProgramData\CapTG\UpdateService\logs
2026-07-30 10:57:33.617 -05:00 [INF] (Thread 2) CapTG UpdateService starting. Args: []
2026-07-30 10:57:33.618 -05:00 [INF] (Thread 2) InstType = Client
2026-07-30 10:57:33.621 -05:00 [INF] (Thread 2) Notifier path: C:\Program Files\CapTG Updater\UpdateNotifier.exe
2026-07-30 10:57:33.732 -05:00 [INF] (Thread 2) Host built — handing control to the SCM.
2026-07-30 10:57:33.786 -05:00 [INF] (Thread 10) UpdateBackgroundService: update interval = "01:00:00"
2026-07-30 10:57:33.793 -05:00 [INF] (Thread 10) UpdateBackgroundService: StartAsync called by SCM.
2026-07-30 10:57:33.794 -05:00 [INF] (Thread 8) UpdateBackgroundService: service started. Initial delay = "00:02:00".
2026-07-30 10:57:33.796 -05:00 [INF] (Thread 8) WindowsUpdateWorker: pending-reboot baseline captured at service start. WU-RebootRequired=absent CBS-RebootPending=absent PendingFileRenameOperations=absent
2026-07-30 10:59:33.805 -05:00 [INF] (Thread 14) SelfUpdater: checking for updates. Current version: 1.26.524.632
2026-07-30 10:59:34.311 -05:00 [INF] (Thread 13) SelfUpdater: remote version = 1.26.524.632.
2026-07-30 10:59:34.312 -05:00 [INF] (Thread 13) SelfUpdater: already up to date.
2026-07-30 10:59:34.315 -05:00 [INF] (Thread 13) UpdateOrchestrator: === Update cycle starting ===
2026-07-30 10:59:34.318 -05:00 [INF] (Thread 13) WindowsUpdateWorker: starting update pass.
2026-07-30 10:59:34.319 -05:00 [INF] (Thread 13) WindowsUpdateWorker: verifying PSWindowsUpdate module.
2026-07-30 10:59:34.330 -05:00 [DBG] (Thread 14) WindowsUpdateWorker: running PS script: $ProgressPreference = 'SilentlyContinue'
            $ErrorActionPreference = 'Stop'
            try {
                if (-not (Get-PackageProvider -Name NuGet -ListAvailable -ErrorAction SilentlyContinue)) {
                    Install-PackageProvider -Name NuGet -MinimumVersion 2.8.5.201 -Force -Scope AllUsers | Out-Null
                }
                Set-PSRepository -Name PSGallery -InstallationPolicy Trusted -ErrorAction SilentlyContinue
                if (-not (Get-Module -ListAvailable -Name PSWindowsUpdate -ErrorAction SilentlyContinue)) {
                    Install-Module PSWindowsUpdate -Force -SkipPublisherCheck -Scope AllUsers | Out-Null
                }
                Import-Module PSWindowsUpdate -Force -ErrorAction Stop
                try {
                    Add-WUServiceManager -MicrosoftUpdate -Confirm:$false -ErrorAction SilentlyContinue | Out-Null
                } catch {}
                Write-Output 'OK'
            } catch {
                Write-Output ('ERROR: ' + $_.Exception.Message)
            }
2026-07-30 10:59:57.896 -05:00 [INF] (Thread 15) WindowsUpdateWorker: PSWindowsUpdate module OK.
2026-07-30 10:59:57.901 -05:00 [DBG] (Thread 18) WindowsUpdateWorker: running PS script: Import-Module PSWindowsUpdate -ErrorAction Stop
        $ProgressPreference = 'SilentlyContinue'

        # Force the Windows Update Agent to scan before installing.
        # Fixes 0x80248007 (WU_E_DS_NODATA) on fresh builds or machines
        # whose update data store has not been initialised yet.
        try {
            Start-Process -FilePath 'UsoClient.exe' `
                -ArgumentList 'StartScan' `
                -Wait -NoNewWindow -ErrorAction SilentlyContinue
            Start-Sleep -Seconds 30
        } catch {}

        # 2>&1 merges stderr into the pipeline mixing strings with update
        # objects -- we filter them out in the foreach loop below.
        $rawOutput = Install-WindowsUpdate `
            -MicrosoftUpdate `
            -AcceptAll `
            -IgnoreReboot `
            -Install `
            -ErrorAction Continue 2>&1

        # Use a hashtable keyed on Title to keep only the LAST result per update.
        # PSWindowsUpdate emits objects at multiple pipeline stages (search, download,
        # install); overwriting ensures we capture the final post-install ResultCode
        # rather than an early ResultCode=0 (NotStarted).
        $byKey = @{}

        foreach ($u in $rawOutput) {
            if ($null -eq $u -or $u -isnot [PSObject]) { continue }
            if (-not ($u.PSObject.Properties.Name -contains 'Title')) { continue }
            if ([string]::IsNullOrWhiteSpace($u.Title)) { continue }

            $resultCode = 0
            try { $resultCode = [int]$u.ResultCode } catch { $resultCode = 4 }
            $succeeded = ($resultCode -eq 2 -or $resultCode -eq 3)

            # ResultCode=0 means NotStarted — treat as Skipped, not Failed.
            $status = if ($succeeded) { 'Succeeded' } elseif ($resultCode -eq 0) { 'Skipped' } else { 'Failed' }

            $kb = ''
            try {
                if ($u.KBArticleIDs -and $u.KBArticleIDs.Count -gt 0) {
                    $kb = 'KB' + $u.KBArticleIDs[0]
                }
            } catch {}

            $needsReboot = $false
            try { $needsReboot = [bool]$u.RebootRequired } catch {}

            $byKey[$u.Title] = [PSCustomObject]@{
                Identifier     = $kb
                Title          = [string]$u.Title
                Status         = $status
                ErrorMessage   = if ($succeeded -or $resultCode -eq 0) { '' } else { 'ResultCode=' + $resultCode }
                RebootRequired = $needsReboot
                AttemptedAt    = (Get-Date -Format 'o')
            }
        }

        $results = @($byKey.Values)

        if ($results.Count -eq 0) {
            Write-Output '[]'
        } else {
            $results | ConvertTo-Json -Compress
        }
2026-07-30 11:00:52.545 -05:00 [WRN] (Thread 18) WindowsUpdateWorker: PS stderr: Install-WindowsUpdate : Value does not fall within the expected range.
At C:\windows\SystemTemp\wuworker_12dc70ff07324ab288cf7d19d5940f92.ps1:17 char:22
+         $rawOutput = Install-WindowsUpdate `
+                      ~~~~~~~~~~~~~~~~~~~~~~~
    + CategoryInfo          : NotSpecified: (:) [Get-WindowsUpdate], ArgumentException
    + FullyQualifiedErrorId : System.ArgumentException,PSWindowsUpdate.GetWindowsUpdate
2026-07-30 11:00:52.565 -05:00 [INF] (Thread 18) WindowsUpdateWorker: pass complete. Total=0 Succeeded=0 Failed=0 Skipped=0
2026-07-30 11:00:52.580 -05:00 [INF] (Thread 18) WingetWorker: skipping — last run was 2026-07-29T15:09:00.5863937Z (less than 7 days ago).
2026-07-30 11:00:52.581 -05:00 [INF] (Thread 18) UpdateOrchestrator: cycle complete. Total=0 Succeeded=0 Failed=0 RebootRequired=false
2026-07-30 11:00:52.581 -05:00 [INF] (Thread 18) UpdateOrchestrator: no reboot required — cycle complete.
2026-07-30 11:00:52.581 -05:00 [INF] (Thread 18) UpdateBackgroundService: next cycle in "01:00:00".
2026-07-30 12:00:52.589 -05:00 [INF] (Thread 18) SelfUpdater: checking for updates. Current version: 1.26.524.632
2026-07-30 12:00:52.799 -05:00 [INF] (Thread 17) SelfUpdater: remote version = 1.26.524.632.
2026-07-30 12:00:52.799 -05:00 [INF] (Thread 17) SelfUpdater: already up to date.
2026-07-30 12:00:52.799 -05:00 [INF] (Thread 17) UpdateOrchestrator: === Update cycle starting ===
2026-07-30 12:00:52.799 -05:00 [INF] (Thread 17) WindowsUpdateWorker: starting update pass.
2026-07-30 12:00:52.799 -05:00 [INF] (Thread 17) WindowsUpdateWorker: verifying PSWindowsUpdate module.
2026-07-30 12:00:52.802 -05:00 [DBG] (Thread 14) WindowsUpdateWorker: running PS script: $ProgressPreference = 'SilentlyContinue'
            $ErrorActionPreference = 'Stop'
            try {
                if (-not (Get-PackageProvider -Name NuGet -ListAvailable -ErrorAction SilentlyContinue)) {
                    Install-PackageProvider -Name NuGet -MinimumVersion 2.8.5.201 -Force -Scope AllUsers | Out-Null
                }
                Set-PSRepository -Name PSGallery -InstallationPolicy Trusted -ErrorAction SilentlyContinue
                if (-not (Get-Module -ListAvailable -Name PSWindowsUpdate -ErrorAction SilentlyContinue)) {
                    Install-Module PSWindowsUpdate -Force -SkipPublisherCheck -Scope AllUsers | Out-Null
                }
                Import-Module PSWindowsUpdate -Force -ErrorAction Stop
                try {
                    Add-WUServiceManager -MicrosoftUpdate -Confirm:$false -ErrorAction SilentlyContinue | Out-Null
                } catch {}
                Write-Output 'OK'
            } catch {
                Write-Output ('ERROR: ' + $_.Exception.Message)
            }
2026-07-30 12:01:13.421 -05:00 [INF] (Thread 18) WindowsUpdateWorker: PSWindowsUpdate module OK.
2026-07-30 12:01:13.422 -05:00 [DBG] (Thread 18) WindowsUpdateWorker: running PS script: Import-Module PSWindowsUpdate -ErrorAction Stop
        $ProgressPreference = 'SilentlyContinue'

        # Force the Windows Update Agent to scan before installing.
        # Fixes 0x80248007 (WU_E_DS_NODATA) on fresh builds or machines
        # whose update data store has not been initialised yet.
        try {
            Start-Process -FilePath 'UsoClient.exe' `
                -ArgumentList 'StartScan' `
                -Wait -NoNewWindow -ErrorAction SilentlyContinue
            Start-Sleep -Seconds 30
        } catch {}

        # 2>&1 merges stderr into the pipeline mixing strings with update
        # objects -- we filter them out in the foreach loop below.
        $rawOutput = Install-WindowsUpdate `
            -MicrosoftUpdate `
            -AcceptAll `
            -IgnoreReboot `
            -Install `
            -ErrorAction Continue 2>&1

        # Use a hashtable keyed on Title to keep only the LAST result per update.
        # PSWindowsUpdate emits objects at multiple pipeline stages (search, download,
        # install); overwriting ensures we capture the final post-install ResultCode
        # rather than an early ResultCode=0 (NotStarted).
        $byKey = @{}

        foreach ($u in $rawOutput) {
            if ($null -eq $u -or $u -isnot [PSObject]) { continue }
            if (-not ($u.PSObject.Properties.Name -contains 'Title')) { continue }
            if ([string]::IsNullOrWhiteSpace($u.Title)) { continue }

            $resultCode = 0
            try { $resultCode = [int]$u.ResultCode } catch { $resultCode = 4 }
            $succeeded = ($resultCode -eq 2 -or $resultCode -eq 3)

            # ResultCode=0 means NotStarted — treat as Skipped, not Failed.
            $status = if ($succeeded) { 'Succeeded' } elseif ($resultCode -eq 0) { 'Skipped' } else { 'Failed' }

            $kb = ''
            try {
                if ($u.KBArticleIDs -and $u.KBArticleIDs.Count -gt 0) {
                    $kb = 'KB' + $u.KBArticleIDs[0]
                }
            } catch {}

            $needsReboot = $false
            try { $needsReboot = [bool]$u.RebootRequired } catch {}

            $byKey[$u.Title] = [PSCustomObject]@{
                Identifier     = $kb
                Title          = [string]$u.Title
                Status         = $status
                ErrorMessage   = if ($succeeded -or $resultCode -eq 0) { '' } else { 'ResultCode=' + $resultCode }
                RebootRequired = $needsReboot
                AttemptedAt    = (Get-Date -Format 'o')
            }
        }

        $results = @($byKey.Values)

        if ($results.Count -eq 0) {
            Write-Output '[]'
        } else {
            $results | ConvertTo-Json -Compress
        }
2026-07-30 12:02:08.908 -05:00 [WRN] (Thread 18) WindowsUpdateWorker: PS stderr: Install-WindowsUpdate : Value does not fall within the expected range.
At C:\windows\SystemTemp\wuworker_88fc7b4027524b2cadd609e9085021aa.ps1:17 char:22
+         $rawOutput = Install-WindowsUpdate `
+                      ~~~~~~~~~~~~~~~~~~~~~~~
    + CategoryInfo          : NotSpecified: (:) [Get-WindowsUpdate], ArgumentException
    + FullyQualifiedErrorId : System.ArgumentException,PSWindowsUpdate.GetWindowsUpdate
2026-07-30 12:02:08.910 -05:00 [INF] (Thread 18) WindowsUpdateWorker: no updates installed — system reboot is already pending.
2026-07-30 12:02:08.911 -05:00 [INF] (Thread 18) WindowsUpdateWorker: pass complete. Total=1 Succeeded=1 Failed=0 Skipped=0
2026-07-30 12:02:08.923 -05:00 [INF] (Thread 18) WingetWorker: skipping — last run was 2026-07-29T15:09:00.5863937Z (less than 7 days ago).
2026-07-30 12:02:08.924 -05:00 [INF] (Thread 18) UpdateOrchestrator: cycle complete. Total=1 Succeeded=1 Failed=0 RebootRequired=true
2026-07-30 12:02:08.924 -05:00 [INF] (Thread 18) UpdateOrchestrator: reboot required but last reboot was 1.1 hours ago — skipping notification until 3-day minimum has elapsed.
2026-07-30 12:02:08.925 -05:00 [INF] (Thread 18) UpdateBackgroundService: next cycle in "01:00:00".
2026-07-30 13:02:08.931 -05:00 [INF] (Thread 19) SelfUpdater: checking for updates. Current version: 1.26.524.632
2026-07-30 13:02:09.121 -05:00 [INF] (Thread 19) SelfUpdater: remote version = 1.26.524.632.
2026-07-30 13:02:09.122 -05:00 [INF] (Thread 19) SelfUpdater: already up to date.
2026-07-30 13:02:09.122 -05:00 [INF] (Thread 19) UpdateOrchestrator: === Update cycle starting ===
2026-07-30 13:02:09.122 -05:00 [INF] (Thread 19) WindowsUpdateWorker: starting update pass.
2026-07-30 13:02:09.122 -05:00 [INF] (Thread 19) WindowsUpdateWorker: verifying PSWindowsUpdate module.
2026-07-30 13:02:09.124 -05:00 [DBG] (Thread 14) WindowsUpdateWorker: running PS script: $ProgressPreference = 'SilentlyContinue'
            $ErrorActionPreference = 'Stop'
            try {
                if (-not (Get-PackageProvider -Name NuGet -ListAvailable -ErrorAction SilentlyContinue)) {
                    Install-PackageProvider -Name NuGet -MinimumVersion 2.8.5.201 -Force -Scope AllUsers | Out-Null
                }
                Set-PSRepository -Name PSGallery -InstallationPolicy Trusted -ErrorAction SilentlyContinue
                if (-not (Get-Module -ListAvailable -Name PSWindowsUpdate -ErrorAction SilentlyContinue)) {
                    Install-Module PSWindowsUpdate -Force -SkipPublisherCheck -Scope AllUsers | Out-Null
                }
                Import-Module PSWindowsUpdate -Force -ErrorAction Stop
                try {
                    Add-WUServiceManager -MicrosoftUpdate -Confirm:$false -ErrorAction SilentlyContinue | Out-Null
                } catch {}
                Write-Output 'OK'
            } catch {
                Write-Output ('ERROR: ' + $_.Exception.Message)
            }
2026-07-30 13:02:30.378 -05:00 [INF] (Thread 14) WindowsUpdateWorker: PSWindowsUpdate module OK.
2026-07-30 13:02:30.380 -05:00 [DBG] (Thread 14) WindowsUpdateWorker: running PS script: Import-Module PSWindowsUpdate -ErrorAction Stop
        $ProgressPreference = 'SilentlyContinue'

        # Force the Windows Update Agent to scan before installing.
        # Fixes 0x80248007 (WU_E_DS_NODATA) on fresh builds or machines
        # whose update data store has not been initialised yet.
        try {
            Start-Process -FilePath 'UsoClient.exe' `
                -ArgumentList 'StartScan' `
                -Wait -NoNewWindow -ErrorAction SilentlyContinue
            Start-Sleep -Seconds 30
        } catch {}

        # 2>&1 merges stderr into the pipeline mixing strings with update
        # objects -- we filter them out in the foreach loop below.
        $rawOutput = Install-WindowsUpdate `
            -MicrosoftUpdate `
            -AcceptAll `
            -IgnoreReboot `
            -Install `
            -ErrorAction Continue 2>&1

        # Use a hashtable keyed on Title to keep only the LAST result per update.
        # PSWindowsUpdate emits objects at multiple pipeline stages (search, download,
        # install); overwriting ensures we capture the final post-install ResultCode
        # rather than an early ResultCode=0 (NotStarted).
        $byKey = @{}

        foreach ($u in $rawOutput) {
            if ($null -eq $u -or $u -isnot [PSObject]) { continue }
            if (-not ($u.PSObject.Properties.Name -contains 'Title')) { continue }
            if ([string]::IsNullOrWhiteSpace($u.Title)) { continue }

            $resultCode = 0
            try { $resultCode = [int]$u.ResultCode } catch { $resultCode = 4 }
            $succeeded = ($resultCode -eq 2 -or $resultCode -eq 3)

            # ResultCode=0 means NotStarted — treat as Skipped, not Failed.
            $status = if ($succeeded) { 'Succeeded' } elseif ($resultCode -eq 0) { 'Skipped' } else { 'Failed' }

            $kb = ''
            try {
                if ($u.KBArticleIDs -and $u.KBArticleIDs.Count -gt 0) {
                    $kb = 'KB' + $u.KBArticleIDs[0]
                }
            } catch {}

            $needsReboot = $false
            try { $needsReboot = [bool]$u.RebootRequired } catch {}

            $byKey[$u.Title] = [PSCustomObject]@{
                Identifier     = $kb
                Title          = [string]$u.Title
                Status         = $status
                ErrorMessage   = if ($succeeded -or $resultCode -eq 0) { '' } else { 'ResultCode=' + $resultCode }
                RebootRequired = $needsReboot
                AttemptedAt    = (Get-Date -Format 'o')
            }
        }

        $results = @($byKey.Values)

        if ($results.Count -eq 0) {
            Write-Output '[]'
        } else {
            $results | ConvertTo-Json -Compress
        }
2026-07-30 13:03:24.807 -05:00 [WRN] (Thread 23) WindowsUpdateWorker: PS stderr: Install-WindowsUpdate : Value does not fall within the expected range.
At C:\windows\SystemTemp\wuworker_abf01cbc36fb476fafee67c8e57d79a3.ps1:17 char:22
+         $rawOutput = Install-WindowsUpdate `
+                      ~~~~~~~~~~~~~~~~~~~~~~~
    + CategoryInfo          : NotSpecified: (:) [Get-WindowsUpdate], ArgumentException
    + FullyQualifiedErrorId : System.ArgumentException,PSWindowsUpdate.GetWindowsUpdate
2026-07-30 13:03:24.807 -05:00 [INF] (Thread 23) WindowsUpdateWorker: no updates installed — system reboot is already pending.
2026-07-30 13:03:24.808 -05:00 [INF] (Thread 23) WindowsUpdateWorker: pass complete. Total=1 Succeeded=1 Failed=0 Skipped=0
2026-07-30 13:03:24.808 -05:00 [INF] (Thread 23) WingetWorker: skipping — last run was 2026-07-29T15:09:00.5863937Z (less than 7 days ago).
2026-07-30 13:03:24.808 -05:00 [INF] (Thread 23) UpdateOrchestrator: cycle complete. Total=1 Succeeded=1 Failed=0 RebootRequired=true
2026-07-30 13:03:24.809 -05:00 [INF] (Thread 23) UpdateOrchestrator: reboot required but last reboot was 2.1 hours ago — skipping notification until 3-day minimum has elapsed.
2026-07-30 13:03:24.809 -05:00 [INF] (Thread 23) UpdateBackgroundService: next cycle in "01:00:00".
2026-07-30 14:03:24.818 -05:00 [INF] (Thread 19) SelfUpdater: checking for updates. Current version: 1.26.524.632
2026-07-30 14:03:24.946 -05:00 [INF] (Thread 22) SelfUpdater: remote version = 1.26.524.632.
2026-07-30 14:03:24.946 -05:00 [INF] (Thread 22) SelfUpdater: already up to date.
2026-07-30 14:03:24.947 -05:00 [INF] (Thread 22) UpdateOrchestrator: === Update cycle starting ===
2026-07-30 14:03:24.947 -05:00 [INF] (Thread 22) WindowsUpdateWorker: starting update pass.
2026-07-30 14:03:24.947 -05:00 [INF] (Thread 22) WindowsUpdateWorker: verifying PSWindowsUpdate module.
2026-07-30 14:03:24.949 -05:00 [DBG] (Thread 19) WindowsUpdateWorker: running PS script: $ProgressPreference = 'SilentlyContinue'
            $ErrorActionPreference = 'Stop'
            try {
                if (-not (Get-PackageProvider -Name NuGet -ListAvailable -ErrorAction SilentlyContinue)) {
                    Install-PackageProvider -Name NuGet -MinimumVersion 2.8.5.201 -Force -Scope AllUsers | Out-Null
                }
                Set-PSRepository -Name PSGallery -InstallationPolicy Trusted -ErrorAction SilentlyContinue
                if (-not (Get-Module -ListAvailable -Name PSWindowsUpdate -ErrorAction SilentlyContinue)) {
                    Install-Module PSWindowsUpdate -Force -SkipPublisherCheck -Scope AllUsers | Out-Null
                }
                Import-Module PSWindowsUpdate -Force -ErrorAction Stop
                try {
                    Add-WUServiceManager -MicrosoftUpdate -Confirm:$false -ErrorAction SilentlyContinue | Out-Null
                } catch {}
                Write-Output 'OK'
            } catch {
                Write-Output ('ERROR: ' + $_.Exception.Message)
            }
2026-07-30 14:03:47.231 -05:00 [INF] (Thread 22) WindowsUpdateWorker: PSWindowsUpdate module OK.
2026-07-30 14:03:47.233 -05:00 [DBG] (Thread 22) WindowsUpdateWorker: running PS script: Import-Module PSWindowsUpdate -ErrorAction Stop
        $ProgressPreference = 'SilentlyContinue'

        # Force the Windows Update Agent to scan before installing.
        # Fixes 0x80248007 (WU_E_DS_NODATA) on fresh builds or machines
        # whose update data store has not been initialised yet.
        try {
            Start-Process -FilePath 'UsoClient.exe' `
                -ArgumentList 'StartScan' `
                -Wait -NoNewWindow -ErrorAction SilentlyContinue
            Start-Sleep -Seconds 30
        } catch {}

        # 2>&1 merges stderr into the pipeline mixing strings with update
        # objects -- we filter them out in the foreach loop below.
        $rawOutput = Install-WindowsUpdate `
            -MicrosoftUpdate `
            -AcceptAll `
            -IgnoreReboot `
            -Install `
            -ErrorAction Continue 2>&1

        # Use a hashtable keyed on Title to keep only the LAST result per update.
        # PSWindowsUpdate emits objects at multiple pipeline stages (search, download,
        # install); overwriting ensures we capture the final post-install ResultCode
        # rather than an early ResultCode=0 (NotStarted).
        $byKey = @{}

        foreach ($u in $rawOutput) {
            if ($null -eq $u -or $u -isnot [PSObject]) { continue }
            if (-not ($u.PSObject.Properties.Name -contains 'Title')) { continue }
            if ([string]::IsNullOrWhiteSpace($u.Title)) { continue }

            $resultCode = 0
            try { $resultCode = [int]$u.ResultCode } catch { $resultCode = 4 }
            $succeeded = ($resultCode -eq 2 -or $resultCode -eq 3)

            # ResultCode=0 means NotStarted — treat as Skipped, not Failed.
            $status = if ($succeeded) { 'Succeeded' } elseif ($resultCode -eq 0) { 'Skipped' } else { 'Failed' }

            $kb = ''
            try {
                if ($u.KBArticleIDs -and $u.KBArticleIDs.Count -gt 0) {
                    $kb = 'KB' + $u.KBArticleIDs[0]
                }
            } catch {}

            $needsReboot = $false
            try { $needsReboot = [bool]$u.RebootRequired } catch {}

            $byKey[$u.Title] = [PSCustomObject]@{
                Identifier     = $kb
                Title          = [string]$u.Title
                Status         = $status
                ErrorMessage   = if ($succeeded -or $resultCode -eq 0) { '' } else { 'ResultCode=' + $resultCode }
                RebootRequired = $needsReboot
                AttemptedAt    = (Get-Date -Format 'o')
            }
        }

        $results = @($byKey.Values)

        if ($results.Count -eq 0) {
            Write-Output '[]'
        } else {
            $results | ConvertTo-Json -Compress
        }
2026-07-30 14:04:41.887 -05:00 [WRN] (Thread 26) WindowsUpdateWorker: PS stderr: Install-WindowsUpdate : Value does not fall within the expected range.
At C:\windows\SystemTemp\wuworker_1f6fcd32f3d9408bb19931ac405e4246.ps1:17 char:22
+         $rawOutput = Install-WindowsUpdate `
+                      ~~~~~~~~~~~~~~~~~~~~~~~
    + CategoryInfo          : NotSpecified: (:) [Get-WindowsUpdate], ArgumentException
    + FullyQualifiedErrorId : System.ArgumentException,PSWindowsUpdate.GetWindowsUpdate
2026-07-30 14:04:41.888 -05:00 [INF] (Thread 26) WindowsUpdateWorker: no updates installed — system reboot is already pending.
2026-07-30 14:04:41.889 -05:00 [INF] (Thread 26) WindowsUpdateWorker: pass complete. Total=1 Succeeded=1 Failed=0 Skipped=0
2026-07-30 14:04:41.890 -05:00 [INF] (Thread 26) WingetWorker: skipping — last run was 2026-07-29T15:09:00.5863937Z (less than 7 days ago).
2026-07-30 14:04:41.890 -05:00 [INF] (Thread 26) UpdateOrchestrator: cycle complete. Total=1 Succeeded=1 Failed=0 RebootRequired=true
2026-07-30 14:04:41.890 -05:00 [INF] (Thread 26) UpdateOrchestrator: reboot required but last reboot was 3.2 hours ago — skipping notification until 3-day minimum has elapsed.
2026-07-30 14:04:41.890 -05:00 [INF] (Thread 26) UpdateBackgroundService: next cycle in "01:00:00".
