2026-07-29 10:05:13.419 -05:00 [INF] (Thread 2) Logging initialized. Directory: C:\ProgramData\CapTG\UpdateService\logs
2026-07-29 10:05:13.480 -05:00 [INF] (Thread 2) CapTG UpdateService starting. Args: []
2026-07-29 10:05:13.483 -05:00 [INF] (Thread 2) Detected InstallationType 'Client', wrote InstType = Client.
2026-07-29 10:05:13.488 -05:00 [INF] (Thread 2) Notifier path: C:\Program Files\CapTG Updater\UpdateNotifier.exe
2026-07-29 10:05:13.684 -05:00 [INF] (Thread 2) Host built — handing control to the SCM.
2026-07-29 10:05:13.759 -05:00 [INF] (Thread 10) UpdateBackgroundService: update interval = "01:00:00"
2026-07-29 10:05:13.770 -05:00 [INF] (Thread 10) UpdateBackgroundService: StartAsync called by SCM.
2026-07-29 10:05:13.773 -05:00 [INF] (Thread 11) UpdateBackgroundService: service started. Initial delay = "00:02:00".
2026-07-29 10:05:13.776 -05:00 [INF] (Thread 11) WindowsUpdateWorker: pending-reboot baseline captured at service start. WU-RebootRequired=absent CBS-RebootPending=absent PendingFileRenameOperations=present
2026-07-29 10:07:13.791 -05:00 [INF] (Thread 3) SelfUpdater: checking for updates. Current version: 1.26.524.632
2026-07-29 10:07:14.449 -05:00 [INF] (Thread 7) SelfUpdater: remote version = 1.26.524.632.
2026-07-29 10:07:14.449 -05:00 [INF] (Thread 7) SelfUpdater: already up to date.
2026-07-29 10:07:14.453 -05:00 [INF] (Thread 7) UpdateOrchestrator: === Update cycle starting ===
2026-07-29 10:07:14.458 -05:00 [INF] (Thread 7) WindowsUpdateWorker: starting update pass.
2026-07-29 10:07:14.459 -05:00 [INF] (Thread 7) WindowsUpdateWorker: verifying PSWindowsUpdate module.
2026-07-29 10:07:14.473 -05:00 [DBG] (Thread 3) WindowsUpdateWorker: running PS script: $ProgressPreference = 'SilentlyContinue'
            $ErrorActionPreference = 'Stop'
            try {
                if (-not (Get-PackageProvider -Name NuGet -ListAvailable -ErrorAction SilentlyContinue)) {
                    Install-PackageProvider -Name NuGet -MinimumVersion 2.8.5.201 -Force -Scope AllUsers | Out-Null
                }
                Set-PSRepository -Name PSGallery -InstallationPolicy Trusted -ErrorAction SilentlyContinue
                if (-not (Get-Module -ListAvailable -Name PSWindowsUpdate -ErrorAction SilentlyContinue)) {
                    Install-Module PSWindowsUpdate -Force -SkipPublisherCheck -Scope AllUsers | Out-Null
                }
                Import-Module PSWindowsUpdate -Force -ErrorAction Stop
                try {
                    Add-WUServiceManager -MicrosoftUpdate -Confirm:$false -ErrorAction SilentlyContinue | Out-Null
                } catch {}
                Write-Output 'OK'
            } catch {
                Write-Output ('ERROR: ' + $_.Exception.Message)
            }
2026-07-29 10:07:57.102 -05:00 [INF] (Thread 13) WindowsUpdateWorker: PSWindowsUpdate module OK.
2026-07-29 10:07:57.107 -05:00 [DBG] (Thread 3) WindowsUpdateWorker: running PS script: Import-Module PSWindowsUpdate -ErrorAction Stop
        $ProgressPreference = 'SilentlyContinue'

        # Force the Windows Update Agent to scan before installing.
        # Fixes 0x80248007 (WU_E_DS_NODATA) on fresh builds or machines
        # whose update data store has not been initialised yet.
        try {
            Start-Process -FilePath 'UsoClient.exe' `
                -ArgumentList 'StartScan' `
                -Wait -NoNewWindow -ErrorAction SilentlyContinue
            Start-Sleep -Seconds 30
        } catch {}

        # 2>&1 merges stderr into the pipeline mixing strings with update
        # objects -- we filter them out in the foreach loop below.
        $rawOutput = Install-WindowsUpdate `
            -MicrosoftUpdate `
            -AcceptAll `
            -IgnoreReboot `
            -Install `
            -ErrorAction Continue 2>&1

        # Use a hashtable keyed on Title to keep only the LAST result per update.
        # PSWindowsUpdate emits objects at multiple pipeline stages (search, download,
        # install); overwriting ensures we capture the final post-install ResultCode
        # rather than an early ResultCode=0 (NotStarted).
        $byKey = @{}

        foreach ($u in $rawOutput) {
            if ($null -eq $u -or $u -isnot [PSObject]) { continue }
            if (-not ($u.PSObject.Properties.Name -contains 'Title')) { continue }
            if ([string]::IsNullOrWhiteSpace($u.Title)) { continue }

            $resultCode = 0
            try { $resultCode = [int]$u.ResultCode } catch { $resultCode = 4 }
            $succeeded = ($resultCode -eq 2 -or $resultCode -eq 3)

            # ResultCode=0 means NotStarted — treat as Skipped, not Failed.
            $status = if ($succeeded) { 'Succeeded' } elseif ($resultCode -eq 0) { 'Skipped' } else { 'Failed' }

            $kb = ''
            try {
                if ($u.KBArticleIDs -and $u.KBArticleIDs.Count -gt 0) {
                    $kb = 'KB' + $u.KBArticleIDs[0]
                }
            } catch {}

            $needsReboot = $false
            try { $needsReboot = [bool]$u.RebootRequired } catch {}

            $byKey[$u.Title] = [PSCustomObject]@{
                Identifier     = $kb
                Title          = [string]$u.Title
                Status         = $status
                ErrorMessage   = if ($succeeded -or $resultCode -eq 0) { '' } else { 'ResultCode=' + $resultCode }
                RebootRequired = $needsReboot
                AttemptedAt    = (Get-Date -Format 'o')
            }
        }

        $results = @($byKey.Values)

        if ($results.Count -eq 0) {
            Write-Output '[]'
        } else {
            $results | ConvertTo-Json -Compress
        }
2026-07-29 10:08:54.233 -05:00 [WRN] (Thread 7) WindowsUpdateWorker: PS stderr: Install-WindowsUpdate : Value does not fall within the expected range.
At C:\windows\SystemTemp\wuworker_d2d83988db774be49b2b1196a4161f64.ps1:17 char:22
+         $rawOutput = Install-WindowsUpdate `
+                      ~~~~~~~~~~~~~~~~~~~~~~~
    + CategoryInfo          : NotSpecified: (:) [Get-WindowsUpdate], ArgumentException
    + FullyQualifiedErrorId : System.ArgumentException,PSWindowsUpdate.GetWindowsUpdate
2026-07-29 10:08:54.312 -05:00 [INF] (Thread 7) WindowsUpdateWorker: PendingFileRenameOperations present but unchanged since service start — ignoring as stale.
2026-07-29 10:08:54.312 -05:00 [INF] (Thread 7) WindowsUpdateWorker: pass complete. Total=0 Succeeded=0 Failed=0 Skipped=0
2026-07-29 10:08:54.320 -05:00 [INF] (Thread 7) WingetWorker: starting upgrade pass.
2026-07-29 10:08:54.438 -05:00 [DBG] (Thread 7) WingetWorker: using winget at C:\Program Files\WindowsApps\Microsoft.DesktopAppInstaller_1.29.280.0_x64__8wekyb3d8bbwe\winget.exe
2026-07-29 10:08:54.438 -05:00 [DBG] (Thread 7) WingetWorker: winget upgrade --include-unknown --accept-source-agreements
2026-07-29 10:08:58.535 -05:00 [INF] (Thread 7) WingetWorker: 1 package(s) queued for upgrade.
2026-07-29 10:08:58.536 -05:00 [INF] (Thread 7) WingetWorker: upgrading package '10.0.10'.
2026-07-29 10:08:58.633 -05:00 [DBG] (Thread 7) WingetWorker: using winget at C:\Program Files\WindowsApps\Microsoft.DesktopAppInstaller_1.29.280.0_x64__8wekyb3d8bbwe\winget.exe
2026-07-29 10:08:58.633 -05:00 [DBG] (Thread 7) WingetWorker: winget upgrade --id "10.0.10" --silent --accept-source-agreements --accept-package-agreements --include-unknown
2026-07-29 10:09:00.563 -05:00 [WRN] (Thread 8) WingetWorker: '10.0.10' upgrade failed (exit -1978335212). Stderr: 
2026-07-29 10:09:00.586 -05:00 [INF] (Thread 8) WingetWorker: pass complete. Succeeded=0 Failed=1 Skipped=0
2026-07-29 10:09:00.588 -05:00 [INF] (Thread 8) UpdateOrchestrator: cycle complete. Total=1 Succeeded=0 Failed=1 RebootRequired=false
2026-07-29 10:09:00.589 -05:00 [INF] (Thread 8) UpdateOrchestrator: no reboot required — cycle complete.
2026-07-29 10:09:00.589 -05:00 [INF] (Thread 8) UpdateBackgroundService: next cycle in "01:00:00".
2026-07-29 11:09:00.602 -05:00 [INF] (Thread 7) SelfUpdater: checking for updates. Current version: 1.26.524.632
2026-07-29 11:09:00.767 -05:00 [INF] (Thread 8) SelfUpdater: remote version = 1.26.524.632.
2026-07-29 11:09:00.767 -05:00 [INF] (Thread 8) SelfUpdater: already up to date.
2026-07-29 11:09:00.767 -05:00 [INF] (Thread 8) UpdateOrchestrator: === Update cycle starting ===
2026-07-29 11:09:00.767 -05:00 [INF] (Thread 8) WindowsUpdateWorker: starting update pass.
2026-07-29 11:09:00.768 -05:00 [INF] (Thread 8) WindowsUpdateWorker: verifying PSWindowsUpdate module.
2026-07-29 11:09:00.770 -05:00 [DBG] (Thread 8) WindowsUpdateWorker: running PS script: $ProgressPreference = 'SilentlyContinue'
            $ErrorActionPreference = 'Stop'
            try {
                if (-not (Get-PackageProvider -Name NuGet -ListAvailable -ErrorAction SilentlyContinue)) {
                    Install-PackageProvider -Name NuGet -MinimumVersion 2.8.5.201 -Force -Scope AllUsers | Out-Null
                }
                Set-PSRepository -Name PSGallery -InstallationPolicy Trusted -ErrorAction SilentlyContinue
                if (-not (Get-Module -ListAvailable -Name PSWindowsUpdate -ErrorAction SilentlyContinue)) {
                    Install-Module PSWindowsUpdate -Force -SkipPublisherCheck -Scope AllUsers | Out-Null
                }
                Import-Module PSWindowsUpdate -Force -ErrorAction Stop
                try {
                    Add-WUServiceManager -MicrosoftUpdate -Confirm:$false -ErrorAction SilentlyContinue | Out-Null
                } catch {}
                Write-Output 'OK'
            } catch {
                Write-Output ('ERROR: ' + $_.Exception.Message)
            }
2026-07-29 11:09:25.750 -05:00 [INF] (Thread 3) WindowsUpdateWorker: PSWindowsUpdate module OK.
2026-07-29 11:09:25.752 -05:00 [DBG] (Thread 3) WindowsUpdateWorker: running PS script: Import-Module PSWindowsUpdate -ErrorAction Stop
        $ProgressPreference = 'SilentlyContinue'

        # Force the Windows Update Agent to scan before installing.
        # Fixes 0x80248007 (WU_E_DS_NODATA) on fresh builds or machines
        # whose update data store has not been initialised yet.
        try {
            Start-Process -FilePath 'UsoClient.exe' `
                -ArgumentList 'StartScan' `
                -Wait -NoNewWindow -ErrorAction SilentlyContinue
            Start-Sleep -Seconds 30
        } catch {}

        # 2>&1 merges stderr into the pipeline mixing strings with update
        # objects -- we filter them out in the foreach loop below.
        $rawOutput = Install-WindowsUpdate `
            -MicrosoftUpdate `
            -AcceptAll `
            -IgnoreReboot `
            -Install `
            -ErrorAction Continue 2>&1

        # Use a hashtable keyed on Title to keep only the LAST result per update.
        # PSWindowsUpdate emits objects at multiple pipeline stages (search, download,
        # install); overwriting ensures we capture the final post-install ResultCode
        # rather than an early ResultCode=0 (NotStarted).
        $byKey = @{}

        foreach ($u in $rawOutput) {
            if ($null -eq $u -or $u -isnot [PSObject]) { continue }
            if (-not ($u.PSObject.Properties.Name -contains 'Title')) { continue }
            if ([string]::IsNullOrWhiteSpace($u.Title)) { continue }

            $resultCode = 0
            try { $resultCode = [int]$u.ResultCode } catch { $resultCode = 4 }
            $succeeded = ($resultCode -eq 2 -or $resultCode -eq 3)

            # ResultCode=0 means NotStarted — treat as Skipped, not Failed.
            $status = if ($succeeded) { 'Succeeded' } elseif ($resultCode -eq 0) { 'Skipped' } else { 'Failed' }

            $kb = ''
            try {
                if ($u.KBArticleIDs -and $u.KBArticleIDs.Count -gt 0) {
                    $kb = 'KB' + $u.KBArticleIDs[0]
                }
            } catch {}

            $needsReboot = $false
            try { $needsReboot = [bool]$u.RebootRequired } catch {}

            $byKey[$u.Title] = [PSCustomObject]@{
                Identifier     = $kb
                Title          = [string]$u.Title
                Status         = $status
                ErrorMessage   = if ($succeeded -or $resultCode -eq 0) { '' } else { 'ResultCode=' + $resultCode }
                RebootRequired = $needsReboot
                AttemptedAt    = (Get-Date -Format 'o')
            }
        }

        $results = @($byKey.Values)

        if ($results.Count -eq 0) {
            Write-Output '[]'
        } else {
            $results | ConvertTo-Json -Compress
        }
2026-07-29 11:10:22.950 -05:00 [WRN] (Thread 14) WindowsUpdateWorker: PS stderr: Install-WindowsUpdate : Value does not fall within the expected range.
At C:\windows\SystemTemp\wuworker_ae63b7b1a56942f2b1fd2ef8a942ddfe.ps1:17 char:22
+         $rawOutput = Install-WindowsUpdate `
+                      ~~~~~~~~~~~~~~~~~~~~~~~
    + CategoryInfo          : NotSpecified: (:) [Get-WindowsUpdate], ArgumentException
    + FullyQualifiedErrorId : System.ArgumentException,PSWindowsUpdate.GetWindowsUpdate
2026-07-29 11:10:22.963 -05:00 [INF] (Thread 14) WindowsUpdateWorker: PendingFileRenameOperations present but unchanged since service start — ignoring as stale.
2026-07-29 11:10:22.963 -05:00 [INF] (Thread 14) WindowsUpdateWorker: pass complete. Total=0 Succeeded=0 Failed=0 Skipped=0
2026-07-29 11:10:23.031 -05:00 [INF] (Thread 14) WingetWorker: skipping — last run was 2026-07-29T15:09:00.5863937Z (less than 7 days ago).
2026-07-29 11:10:23.032 -05:00 [INF] (Thread 14) UpdateOrchestrator: cycle complete. Total=0 Succeeded=0 Failed=0 RebootRequired=false
2026-07-29 11:10:23.032 -05:00 [INF] (Thread 14) UpdateOrchestrator: no reboot required — cycle complete.
2026-07-29 11:10:23.032 -05:00 [INF] (Thread 14) UpdateBackgroundService: next cycle in "01:00:00".
2026-07-29 12:10:23.036 -05:00 [INF] (Thread 14) SelfUpdater: checking for updates. Current version: 1.26.524.632
2026-07-29 12:10:23.207 -05:00 [INF] (Thread 3) SelfUpdater: remote version = 1.26.524.632.
2026-07-29 12:10:23.207 -05:00 [INF] (Thread 3) SelfUpdater: already up to date.
2026-07-29 12:10:23.207 -05:00 [INF] (Thread 3) UpdateOrchestrator: === Update cycle starting ===
2026-07-29 12:10:23.207 -05:00 [INF] (Thread 3) WindowsUpdateWorker: starting update pass.
2026-07-29 12:10:23.207 -05:00 [INF] (Thread 3) WindowsUpdateWorker: verifying PSWindowsUpdate module.
2026-07-29 12:10:23.209 -05:00 [DBG] (Thread 3) WindowsUpdateWorker: running PS script: $ProgressPreference = 'SilentlyContinue'
            $ErrorActionPreference = 'Stop'
            try {
                if (-not (Get-PackageProvider -Name NuGet -ListAvailable -ErrorAction SilentlyContinue)) {
                    Install-PackageProvider -Name NuGet -MinimumVersion 2.8.5.201 -Force -Scope AllUsers | Out-Null
                }
                Set-PSRepository -Name PSGallery -InstallationPolicy Trusted -ErrorAction SilentlyContinue
                if (-not (Get-Module -ListAvailable -Name PSWindowsUpdate -ErrorAction SilentlyContinue)) {
                    Install-Module PSWindowsUpdate -Force -SkipPublisherCheck -Scope AllUsers | Out-Null
                }
                Import-Module PSWindowsUpdate -Force -ErrorAction Stop
                try {
                    Add-WUServiceManager -MicrosoftUpdate -Confirm:$false -ErrorAction SilentlyContinue | Out-Null
                } catch {}
                Write-Output 'OK'
            } catch {
                Write-Output ('ERROR: ' + $_.Exception.Message)
            }
2026-07-29 12:10:46.705 -05:00 [INF] (Thread 14) WindowsUpdateWorker: PSWindowsUpdate module OK.
2026-07-29 12:10:46.706 -05:00 [DBG] (Thread 14) WindowsUpdateWorker: running PS script: Import-Module PSWindowsUpdate -ErrorAction Stop
        $ProgressPreference = 'SilentlyContinue'

        # Force the Windows Update Agent to scan before installing.
        # Fixes 0x80248007 (WU_E_DS_NODATA) on fresh builds or machines
        # whose update data store has not been initialised yet.
        try {
            Start-Process -FilePath 'UsoClient.exe' `
                -ArgumentList 'StartScan' `
                -Wait -NoNewWindow -ErrorAction SilentlyContinue
            Start-Sleep -Seconds 30
        } catch {}

        # 2>&1 merges stderr into the pipeline mixing strings with update
        # objects -- we filter them out in the foreach loop below.
        $rawOutput = Install-WindowsUpdate `
            -MicrosoftUpdate `
            -AcceptAll `
            -IgnoreReboot `
            -Install `
            -ErrorAction Continue 2>&1

        # Use a hashtable keyed on Title to keep only the LAST result per update.
        # PSWindowsUpdate emits objects at multiple pipeline stages (search, download,
        # install); overwriting ensures we capture the final post-install ResultCode
        # rather than an early ResultCode=0 (NotStarted).
        $byKey = @{}

        foreach ($u in $rawOutput) {
            if ($null -eq $u -or $u -isnot [PSObject]) { continue }
            if (-not ($u.PSObject.Properties.Name -contains 'Title')) { continue }
            if ([string]::IsNullOrWhiteSpace($u.Title)) { continue }

            $resultCode = 0
            try { $resultCode = [int]$u.ResultCode } catch { $resultCode = 4 }
            $succeeded = ($resultCode -eq 2 -or $resultCode -eq 3)

            # ResultCode=0 means NotStarted — treat as Skipped, not Failed.
            $status = if ($succeeded) { 'Succeeded' } elseif ($resultCode -eq 0) { 'Skipped' } else { 'Failed' }

            $kb = ''
            try {
                if ($u.KBArticleIDs -and $u.KBArticleIDs.Count -gt 0) {
                    $kb = 'KB' + $u.KBArticleIDs[0]
                }
            } catch {}

            $needsReboot = $false
            try { $needsReboot = [bool]$u.RebootRequired } catch {}

            $byKey[$u.Title] = [PSCustomObject]@{
                Identifier     = $kb
                Title          = [string]$u.Title
                Status         = $status
                ErrorMessage   = if ($succeeded -or $resultCode -eq 0) { '' } else { 'ResultCode=' + $resultCode }
                RebootRequired = $needsReboot
                AttemptedAt    = (Get-Date -Format 'o')
            }
        }

        $results = @($byKey.Values)

        if ($results.Count -eq 0) {
            Write-Output '[]'
        } else {
            $results | ConvertTo-Json -Compress
        }
2026-07-29 12:11:41.397 -05:00 [WRN] (Thread 10) WindowsUpdateWorker: PS stderr: Install-WindowsUpdate : Value does not fall within the expected range.
At C:\windows\SystemTemp\wuworker_cf8cd0e2756845f383da84ef7b4a0278.ps1:17 char:22
+         $rawOutput = Install-WindowsUpdate `
+                      ~~~~~~~~~~~~~~~~~~~~~~~
    + CategoryInfo          : NotSpecified: (:) [Get-WindowsUpdate], ArgumentException
    + FullyQualifiedErrorId : System.ArgumentException,PSWindowsUpdate.GetWindowsUpdate
2026-07-29 12:11:41.402 -05:00 [INF] (Thread 10) WindowsUpdateWorker: PendingFileRenameOperations present but unchanged since service start — ignoring as stale.
2026-07-29 12:11:41.402 -05:00 [INF] (Thread 10) WindowsUpdateWorker: pass complete. Total=0 Succeeded=0 Failed=0 Skipped=0
2026-07-29 12:11:41.404 -05:00 [INF] (Thread 10) WingetWorker: skipping — last run was 2026-07-29T15:09:00.5863937Z (less than 7 days ago).
2026-07-29 12:11:41.404 -05:00 [INF] (Thread 10) UpdateOrchestrator: cycle complete. Total=0 Succeeded=0 Failed=0 RebootRequired=false
2026-07-29 12:11:41.404 -05:00 [INF] (Thread 10) UpdateOrchestrator: no reboot required — cycle complete.
2026-07-29 12:11:41.404 -05:00 [INF] (Thread 10) UpdateBackgroundService: next cycle in "01:00:00".
2026-07-29 13:11:41.410 -05:00 [INF] (Thread 13) SelfUpdater: checking for updates. Current version: 1.26.524.632
2026-07-29 13:11:41.543 -05:00 [INF] (Thread 13) SelfUpdater: remote version = 1.26.524.632.
2026-07-29 13:11:41.543 -05:00 [INF] (Thread 13) SelfUpdater: already up to date.
2026-07-29 13:11:41.543 -05:00 [INF] (Thread 13) UpdateOrchestrator: === Update cycle starting ===
2026-07-29 13:11:41.543 -05:00 [INF] (Thread 13) WindowsUpdateWorker: starting update pass.
2026-07-29 13:11:41.544 -05:00 [INF] (Thread 13) WindowsUpdateWorker: verifying PSWindowsUpdate module.
2026-07-29 13:11:41.546 -05:00 [DBG] (Thread 13) WindowsUpdateWorker: running PS script: $ProgressPreference = 'SilentlyContinue'
            $ErrorActionPreference = 'Stop'
            try {
                if (-not (Get-PackageProvider -Name NuGet -ListAvailable -ErrorAction SilentlyContinue)) {
                    Install-PackageProvider -Name NuGet -MinimumVersion 2.8.5.201 -Force -Scope AllUsers | Out-Null
                }
                Set-PSRepository -Name PSGallery -InstallationPolicy Trusted -ErrorAction SilentlyContinue
                if (-not (Get-Module -ListAvailable -Name PSWindowsUpdate -ErrorAction SilentlyContinue)) {
                    Install-Module PSWindowsUpdate -Force -SkipPublisherCheck -Scope AllUsers | Out-Null
                }
                Import-Module PSWindowsUpdate -Force -ErrorAction Stop
                try {
                    Add-WUServiceManager -MicrosoftUpdate -Confirm:$false -ErrorAction SilentlyContinue | Out-Null
                } catch {}
                Write-Output 'OK'
            } catch {
                Write-Output ('ERROR: ' + $_.Exception.Message)
            }
2026-07-29 13:12:06.258 -05:00 [INF] (Thread 10) WindowsUpdateWorker: PSWindowsUpdate module OK.
2026-07-29 13:12:06.261 -05:00 [DBG] (Thread 10) WindowsUpdateWorker: running PS script: Import-Module PSWindowsUpdate -ErrorAction Stop
        $ProgressPreference = 'SilentlyContinue'

        # Force the Windows Update Agent to scan before installing.
        # Fixes 0x80248007 (WU_E_DS_NODATA) on fresh builds or machines
        # whose update data store has not been initialised yet.
        try {
            Start-Process -FilePath 'UsoClient.exe' `
                -ArgumentList 'StartScan' `
                -Wait -NoNewWindow -ErrorAction SilentlyContinue
            Start-Sleep -Seconds 30
        } catch {}

        # 2>&1 merges stderr into the pipeline mixing strings with update
        # objects -- we filter them out in the foreach loop below.
        $rawOutput = Install-WindowsUpdate `
            -MicrosoftUpdate `
            -AcceptAll `
            -IgnoreReboot `
            -Install `
            -ErrorAction Continue 2>&1

        # Use a hashtable keyed on Title to keep only the LAST result per update.
        # PSWindowsUpdate emits objects at multiple pipeline stages (search, download,
        # install); overwriting ensures we capture the final post-install ResultCode
        # rather than an early ResultCode=0 (NotStarted).
        $byKey = @{}

        foreach ($u in $rawOutput) {
            if ($null -eq $u -or $u -isnot [PSObject]) { continue }
            if (-not ($u.PSObject.Properties.Name -contains 'Title')) { continue }
            if ([string]::IsNullOrWhiteSpace($u.Title)) { continue }

            $resultCode = 0
            try { $resultCode = [int]$u.ResultCode } catch { $resultCode = 4 }
            $succeeded = ($resultCode -eq 2 -or $resultCode -eq 3)

            # ResultCode=0 means NotStarted — treat as Skipped, not Failed.
            $status = if ($succeeded) { 'Succeeded' } elseif ($resultCode -eq 0) { 'Skipped' } else { 'Failed' }

            $kb = ''
            try {
                if ($u.KBArticleIDs -and $u.KBArticleIDs.Count -gt 0) {
                    $kb = 'KB' + $u.KBArticleIDs[0]
                }
            } catch {}

            $needsReboot = $false
            try { $needsReboot = [bool]$u.RebootRequired } catch {}

            $byKey[$u.Title] = [PSCustomObject]@{
                Identifier     = $kb
                Title          = [string]$u.Title
                Status         = $status
                ErrorMessage   = if ($succeeded -or $resultCode -eq 0) { '' } else { 'ResultCode=' + $resultCode }
                RebootRequired = $needsReboot
                AttemptedAt    = (Get-Date -Format 'o')
            }
        }

        $results = @($byKey.Values)

        if ($results.Count -eq 0) {
            Write-Output '[]'
        } else {
            $results | ConvertTo-Json -Compress
        }
2026-07-29 13:13:01.587 -05:00 [WRN] (Thread 15) WindowsUpdateWorker: PS stderr: Install-WindowsUpdate : Value does not fall within the expected range.
At C:\windows\SystemTemp\wuworker_5f892a8bc83e4bbc9ac0e2ab573f7210.ps1:17 char:22
+         $rawOutput = Install-WindowsUpdate `
+                      ~~~~~~~~~~~~~~~~~~~~~~~
    + CategoryInfo          : NotSpecified: (:) [Get-WindowsUpdate], ArgumentException
    + FullyQualifiedErrorId : System.ArgumentException,PSWindowsUpdate.GetWindowsUpdate
2026-07-29 13:13:01.593 -05:00 [INF] (Thread 15) WindowsUpdateWorker: PendingFileRenameOperations present but unchanged since service start — ignoring as stale.
2026-07-29 13:13:01.593 -05:00 [INF] (Thread 15) WindowsUpdateWorker: pass complete. Total=0 Succeeded=0 Failed=0 Skipped=0
2026-07-29 13:13:01.594 -05:00 [INF] (Thread 15) WingetWorker: skipping — last run was 2026-07-29T15:09:00.5863937Z (less than 7 days ago).
2026-07-29 13:13:01.594 -05:00 [INF] (Thread 15) UpdateOrchestrator: cycle complete. Total=0 Succeeded=0 Failed=0 RebootRequired=false
2026-07-29 13:13:01.594 -05:00 [INF] (Thread 15) UpdateOrchestrator: no reboot required — cycle complete.
2026-07-29 13:13:01.594 -05:00 [INF] (Thread 15) UpdateBackgroundService: next cycle in "01:00:00".
2026-07-29 14:13:01.606 -05:00 [INF] (Thread 13) SelfUpdater: checking for updates. Current version: 1.26.524.632
2026-07-29 14:13:01.793 -05:00 [INF] (Thread 15) SelfUpdater: remote version = 1.26.524.632.
2026-07-29 14:13:01.794 -05:00 [INF] (Thread 15) SelfUpdater: already up to date.
2026-07-29 14:13:01.794 -05:00 [INF] (Thread 15) UpdateOrchestrator: === Update cycle starting ===
2026-07-29 14:13:01.794 -05:00 [INF] (Thread 15) WindowsUpdateWorker: starting update pass.
2026-07-29 14:13:01.794 -05:00 [INF] (Thread 15) WindowsUpdateWorker: verifying PSWindowsUpdate module.
2026-07-29 14:13:01.796 -05:00 [DBG] (Thread 15) WindowsUpdateWorker: running PS script: $ProgressPreference = 'SilentlyContinue'
            $ErrorActionPreference = 'Stop'
            try {
                if (-not (Get-PackageProvider -Name NuGet -ListAvailable -ErrorAction SilentlyContinue)) {
                    Install-PackageProvider -Name NuGet -MinimumVersion 2.8.5.201 -Force -Scope AllUsers | Out-Null
                }
                Set-PSRepository -Name PSGallery -InstallationPolicy Trusted -ErrorAction SilentlyContinue
                if (-not (Get-Module -ListAvailable -Name PSWindowsUpdate -ErrorAction SilentlyContinue)) {
                    Install-Module PSWindowsUpdate -Force -SkipPublisherCheck -Scope AllUsers | Out-Null
                }
                Import-Module PSWindowsUpdate -Force -ErrorAction Stop
                try {
                    Add-WUServiceManager -MicrosoftUpdate -Confirm:$false -ErrorAction SilentlyContinue | Out-Null
                } catch {}
                Write-Output 'OK'
            } catch {
                Write-Output ('ERROR: ' + $_.Exception.Message)
            }
2026-07-29 14:13:25.286 -05:00 [INF] (Thread 13) WindowsUpdateWorker: PSWindowsUpdate module OK.
2026-07-29 14:13:25.287 -05:00 [DBG] (Thread 13) WindowsUpdateWorker: running PS script: Import-Module PSWindowsUpdate -ErrorAction Stop
        $ProgressPreference = 'SilentlyContinue'

        # Force the Windows Update Agent to scan before installing.
        # Fixes 0x80248007 (WU_E_DS_NODATA) on fresh builds or machines
        # whose update data store has not been initialised yet.
        try {
            Start-Process -FilePath 'UsoClient.exe' `
                -ArgumentList 'StartScan' `
                -Wait -NoNewWindow -ErrorAction SilentlyContinue
            Start-Sleep -Seconds 30
        } catch {}

        # 2>&1 merges stderr into the pipeline mixing strings with update
        # objects -- we filter them out in the foreach loop below.
        $rawOutput = Install-WindowsUpdate `
            -MicrosoftUpdate `
            -AcceptAll `
            -IgnoreReboot `
            -Install `
            -ErrorAction Continue 2>&1

        # Use a hashtable keyed on Title to keep only the LAST result per update.
        # PSWindowsUpdate emits objects at multiple pipeline stages (search, download,
        # install); overwriting ensures we capture the final post-install ResultCode
        # rather than an early ResultCode=0 (NotStarted).
        $byKey = @{}

        foreach ($u in $rawOutput) {
            if ($null -eq $u -or $u -isnot [PSObject]) { continue }
            if (-not ($u.PSObject.Properties.Name -contains 'Title')) { continue }
            if ([string]::IsNullOrWhiteSpace($u.Title)) { continue }

            $resultCode = 0
            try { $resultCode = [int]$u.ResultCode } catch { $resultCode = 4 }
            $succeeded = ($resultCode -eq 2 -or $resultCode -eq 3)

            # ResultCode=0 means NotStarted — treat as Skipped, not Failed.
            $status = if ($succeeded) { 'Succeeded' } elseif ($resultCode -eq 0) { 'Skipped' } else { 'Failed' }

            $kb = ''
            try {
                if ($u.KBArticleIDs -and $u.KBArticleIDs.Count -gt 0) {
                    $kb = 'KB' + $u.KBArticleIDs[0]
                }
            } catch {}

            $needsReboot = $false
            try { $needsReboot = [bool]$u.RebootRequired } catch {}

            $byKey[$u.Title] = [PSCustomObject]@{
                Identifier     = $kb
                Title          = [string]$u.Title
                Status         = $status
                ErrorMessage   = if ($succeeded -or $resultCode -eq 0) { '' } else { 'ResultCode=' + $resultCode }
                RebootRequired = $needsReboot
                AttemptedAt    = (Get-Date -Format 'o')
            }
        }

        $results = @($byKey.Values)

        if ($results.Count -eq 0) {
            Write-Output '[]'
        } else {
            $results | ConvertTo-Json -Compress
        }
2026-07-29 14:14:17.236 -05:00 [WRN] (Thread 10) WindowsUpdateWorker: PS stderr: Install-WindowsUpdate : Value does not fall within the expected range.
At C:\windows\SystemTemp\wuworker_8e2dc27faf9d4d31a8cd0ed93c35e06b.ps1:17 char:22
+         $rawOutput = Install-WindowsUpdate `
+                      ~~~~~~~~~~~~~~~~~~~~~~~
    + CategoryInfo          : NotSpecified: (:) [Get-WindowsUpdate], ArgumentException
    + FullyQualifiedErrorId : System.ArgumentException,PSWindowsUpdate.GetWindowsUpdate
2026-07-29 14:14:17.245 -05:00 [INF] (Thread 10) WindowsUpdateWorker: no updates installed — system reboot is already pending.
2026-07-29 14:14:17.246 -05:00 [INF] (Thread 10) WindowsUpdateWorker: pass complete. Total=1 Succeeded=1 Failed=0 Skipped=0
2026-07-29 14:14:17.248 -05:00 [INF] (Thread 10) WingetWorker: skipping — last run was 2026-07-29T15:09:00.5863937Z (less than 7 days ago).
2026-07-29 14:14:17.248 -05:00 [INF] (Thread 10) UpdateOrchestrator: cycle complete. Total=1 Succeeded=1 Failed=0 RebootRequired=true
2026-07-29 14:14:17.249 -05:00 [INF] (Thread 10) UpdateOrchestrator: reboot is required — notifying logged-in user.
2026-07-29 14:14:17.274 -05:00 [INF] (Thread 10) PipeServer: pipe created — launching notifier.
2026-07-29 14:14:17.290 -05:00 [INF] (Thread 10) UserProcessLauncher: launching 'C:\Program Files\CapTG Updater\UpdateNotifier.exe' as active user.
2026-07-29 14:14:17.299 -05:00 [DBG] (Thread 10) UserProcessLauncher: console session 3 has a valid user token.
2026-07-29 14:14:17.300 -05:00 [DBG] (Thread 10) UserProcessLauncher: using session ID = 3.
2026-07-29 14:14:17.342 -05:00 [INF] (Thread 10) UserProcessLauncher: 'C:\Program Files\CapTG Updater\UpdateNotifier.exe' launched in session 3.
2026-07-29 14:14:17.342 -05:00 [DBG] (Thread 10) PipeServer: waiting for notifier to connect.
2026-07-29 14:14:17.813 -05:00 [INF] (Thread 10) PipeServer: notifier connected.
2026-07-29 14:14:17.871 -05:00 [DBG] (Thread 10) PipeServer: "RebootRequired" message sent.
2026-07-29 14:14:38.893 -05:00 [INF] (Thread 10) PipeServer: received UserResponse — SnoozeMinutes=180
2026-07-29 14:14:38.894 -05:00 [INF] (Thread 10) PipeServer: user snoozed for 180 minutes (snoozeCount=1).
