2026-08-06 13:22:17.406 -05:00 [INF] (Thread 2) UpdateNotifier logging initialised. Directory: C:\ProgramData\CapTG\UpdateService\logs
2026-08-06 13:22:17.458 -05:00 [INF] (Thread 2) UpdateNotifier: application starting.
2026-08-06 13:22:17.459 -05:00 [INF] (Thread 2) UpdateNotifier: args=C:\Program Files\CapTG Updater\UpdateNotifier.exe
2026-08-06 13:22:17.469 -05:00 [INF] (Thread 2) PipeClient: connecting to pipe 'CapTG_UpdatePipe'.
2026-08-06 13:22:17.478 -05:00 [INF] (Thread 2) PipeClient: connected.
2026-08-06 13:22:17.578 -05:00 [INF] (Thread 2) PipeClient: received message type="RebootRequired".
2026-08-06 13:22:17.584 -05:00 [INF] (Thread 2) SnoozeManager initialised with 7 options (previousSnoozeCount=0).
2026-08-06 13:22:17.585 -05:00 [DBG] (Thread 2) MainViewModel: options refreshed. Count=7
2026-08-06 13:22:17.586 -05:00 [INF] (Thread 2) MainViewModel: loading message. KBs=0 Pkgs=0
2026-08-06 13:22:18.024 -05:00 [INF] (Thread 2) MainWindow: constructor complete.
2026-08-06 13:22:18.071 -05:00 [DBG] (Thread 2) MainWindow: Topmost re-asserted.
2026-08-06 13:22:18.372 -05:00 [INF] (Thread 2) MainWindow: logo loaded from C:\Program Files\CapTG Updater\CompanyLogo.png.
2026-08-06 13:22:18.372 -05:00 [DBG] (Thread 2) MainWindow: position locked at (-457, -979).
2026-08-06 13:22:18.429 -05:00 [DBG] (Thread 2) MainWindow: move attempt blocked.
2026-08-06 13:22:18.429 -05:00 [DBG] (Thread 2) MainWindow: move attempt blocked.
2026-08-06 13:22:28.241 -05:00 [INF] (Thread 2) MainViewModel: user confirmed choice: 'Reboot at 5:30 PM' ("00:00:00").
2026-08-06 13:22:28.241 -05:00 [INF] (Thread 2) MainWindow: user decided 'Reboot at 5:30 PM'. Closing window.
2026-08-06 13:22:28.307 -05:00 [DBG] (Thread 2) MainWindow: move attempt blocked.
2026-08-06 13:22:28.308 -05:00 [DBG] (Thread 2) MainWindow: move attempt blocked.
2026-08-06 13:22:28.309 -05:00 [DBG] (Thread 2) MainWindow: move attempt blocked.
2026-08-06 13:22:28.310 -05:00 [DBG] (Thread 2) MainWindow: move attempt blocked.
2026-08-06 13:22:28.326 -05:00 [INF] (Thread 2) App: user chose 'Reboot at 5:30 PM' (-1 min).
2026-08-06 13:22:28.327 -05:00 [INF] (Thread 2) PipeClient: sending UserResponse — SnoozeMinutes=-1.
2026-08-06 13:22:28.341 -05:00 [DBG] (Thread 2) PipeClient: wrote 178 bytes to pipe.
2026-08-06 13:22:28.343 -05:00 [DBG] (Thread 2) PipeClient: disposed.
2026-08-06 13:22:28.345 -05:00 [INF] (Thread 2) UpdateNotifier: exiting with code 0.
