2026-08-18 08:02:30.074 -05:00 [INF] (Thread 7) PipeServer: pipe created — launching notifier.
2026-08-18 08:02:30.212 -05:00 [INF] (Thread 7) UserProcessLauncher: launching 'C:\Program Files\CapTG Updater\UpdateNotifier.exe' as active user.
2026-08-18 08:02:30.216 -05:00 [DBG] (Thread 7) UserProcessLauncher: console session 4 has a valid user token.
2026-08-18 08:02:30.218 -05:00 [DBG] (Thread 7) UserProcessLauncher: using session ID = 4.
2026-08-18 08:02:30.255 -05:00 [INF] (Thread 7) UserProcessLauncher: 'C:\Program Files\CapTG Updater\UpdateNotifier.exe' launched in session 4.
2026-08-18 08:02:30.259 -05:00 [DBG] (Thread 7) PipeServer: waiting for notifier to connect.
2026-08-18 08:02:30.733 -05:00 [INF] (Thread 7) PipeServer: notifier connected.
2026-08-18 08:02:30.767 -05:00 [DBG] (Thread 17) PipeServer: "RebootImminent" message sent.
2026-08-18 08:02:31.224 -05:00 [ERR] (Thread 15) PipeServer: error reading user response from notifier.
System.IO.EndOfStreamException: Unable to read beyond the end of the stream.
   at System.IO.Stream.ReadAtLeastAsyncCore(Memory`1 buffer, Int32 minimumBytes, Boolean throwOnEndOfStream, CancellationToken cancellationToken)
   at System.Runtime.CompilerServices.PoolingAsyncValueTaskMethodBuilder`1.StateMachineBox`1.System.Threading.Tasks.Sources.IValueTaskSource.GetResult(Int16 token)
   at UpdateService.Pipes.PipeServer.ReadMessageAsync(PipeStream pipe, CancellationToken ct) in C:\Users\sbutski\Documents\VSCode Solutions Folder\UpdateSolution\UpdateService\Pipes\PipeServer.cs:line 390
   at UpdateService.Pipes.PipeServer.RunOneNotificationCycleAsync(PipeMessage outbound, CancellationToken cancellationToken, Nullable`1 responseTimeout) in C:\Users\sbutski\Documents\VSCode Solutions Folder\UpdateSolution\UpdateService\Pipes\PipeServer.cs:line 356
2026-08-18 08:02:31.282 -05:00 [INF] (Thread 15) PipeServer: no delay requested (response=none) — reboot proceeds at "2026-08-17T17:30:00.0000000-05:00".
2026-08-18 08:02:31.289 -05:00 [INF] (Thread 15) PipeServer: scheduled reboot time reached — initiating reboot.
2026-08-18 08:02:31.294 -05:00 [WRN] (Thread 15) PipeServer: executing system reboot in 5 seconds.
2026-08-18 08:02:31.317 -05:00 [INF] (Thread 15) UpdateBackgroundService: next cycle in "01:00:00".
2026-08-18 08:03:06.922 -05:00 [INF] (Thread 15) UpdateBackgroundService: StopAsync called by SCM.
2026-08-18 08:03:06.931 -05:00 [INF] (Thread 16) UpdateBackgroundService: stopping.
2026-08-18 08:06:10.185 -05:00 [INF] (Thread 2) Logging initialized. Directory: C:\ProgramData\CapTG\UpdateService\logs
2026-08-18 08:06:10.240 -05:00 [INF] (Thread 2) CapTG UpdateService starting. Args: []
2026-08-18 08:06:10.241 -05:00 [INF] (Thread 2) InstType = Client
2026-08-18 08:06:10.244 -05:00 [INF] (Thread 2) Notifier path: C:\Program Files\CapTG Updater\UpdateNotifier.exe
2026-08-18 08:06:10.403 -05:00 [INF] (Thread 2) Host built — handing control to the SCM.
2026-08-18 08:06:10.464 -05:00 [INF] (Thread 10) UpdateBackgroundService: update interval = "01:00:00"
2026-08-18 08:06:10.472 -05:00 [INF] (Thread 10) UpdateBackgroundService: StartAsync called by SCM.
2026-08-18 08:06:10.474 -05:00 [INF] (Thread 8) UpdateBackgroundService: service started. Initial delay = "00:02:00".
2026-08-18 08:06:10.476 -05:00 [INF] (Thread 8) WindowsUpdateWorker: pending-reboot baseline captured at service start. WU-RebootRequired=absent CBS-RebootPending=absent PendingFileRenameOperations=absent
2026-08-18 08:08:10.490 -05:00 [INF] (Thread 10) SelfUpdater: checking for updates. Current version: 1.26.586.697
2026-08-18 08:08:11.006 -05:00 [INF] (Thread 8) SelfUpdater: remote version = 1.26.586.697.
2026-08-18 08:08:11.006 -05:00 [INF] (Thread 8) SelfUpdater: already up to date.
2026-08-18 08:08:11.008 -05:00 [INF] (Thread 8) UpdateOrchestrator: === Update cycle starting ===
2026-08-18 08:08:11.011 -05:00 [INF] (Thread 8) WindowsUpdateWorker: starting update pass.
2026-08-18 08:08:11.012 -05:00 [INF] (Thread 8) WindowsUpdateWorker: verifying PSWindowsUpdate module.
2026-08-18 08:08:11.022 -05:00 [DBG] (Thread 10) WindowsUpdateWorker: running PS script: $ProgressPreference = 'SilentlyContinue'
            $ErrorActionPreference = 'Stop'
            try {
                if (-not (Get-PackageProvider -Name NuGet -ListAvailable -ErrorAction SilentlyContinue)) {
                    Install-PackageProvider -Name NuGet -MinimumVersion 2.8.5.201 -Force -Scope AllUsers | Out-Null
                }
                Set-PSRepository -Name PSGallery -InstallationPolicy Trusted -ErrorAction SilentlyContinue
                if (-not (Get-Module -ListAvailable -Name PSWindowsUpdate -ErrorAction SilentlyContinue)) {
                    Install-Module PSWindowsUpdate -Force -SkipPublisherCheck -Scope AllUsers | Out-Null
                }
                Import-Module PSWindowsUpdate -Force -ErrorAction Stop
                try {
                    Add-WUServiceManager -MicrosoftUpdate -Confirm:$false -ErrorAction SilentlyContinue | Out-Null
                } catch {}
                Write-Output 'OK'
            } catch {
                Write-Output ('ERROR: ' + $_.Exception.Message)
            }
2026-08-18 08:08:43.219 -05:00 [INF] (Thread 8) WindowsUpdateWorker: PSWindowsUpdate module OK.
2026-08-18 08:08:43.222 -05:00 [DBG] (Thread 10) WindowsUpdateWorker: running PS script: Import-Module PSWindowsUpdate -ErrorAction Stop
        $ProgressPreference = 'SilentlyContinue'

        # Force the Windows Update Agent to scan before installing.
        # Fixes 0x80248007 (WU_E_DS_NODATA) on fresh builds or machines
        # whose update data store has not been initialised yet.
        try {
            Start-Process -FilePath 'UsoClient.exe' `
                -ArgumentList 'StartScan' `
                -Wait -NoNewWindow -ErrorAction SilentlyContinue
            Start-Sleep -Seconds 30
        } catch {}

        # 2>&1 merges stderr into the pipeline mixing strings with update
        # objects -- we filter them out in the foreach loop below.
        $rawOutput = Install-WindowsUpdate `
            -MicrosoftUpdate `
            -AcceptAll `
            -IgnoreReboot `
            -Install `
            -ErrorAction Continue 2>&1

        # Use a hashtable keyed on Title to keep only the LAST result per update.
        # PSWindowsUpdate emits objects at multiple pipeline stages (search, download,
        # install); overwriting ensures we capture the final post-install ResultCode
        # rather than an early ResultCode=0 (NotStarted).
        $byKey = @{}

        foreach ($u in $rawOutput) {
            if ($null -eq $u -or $u -isnot [PSObject]) { continue }
            if (-not ($u.PSObject.Properties.Name -contains 'Title')) { continue }
            if ([string]::IsNullOrWhiteSpace($u.Title)) { continue }

            $resultCode = 0
            try { $resultCode = [int]$u.ResultCode } catch { $resultCode = 4 }
            $succeeded = ($resultCode -eq 2 -or $resultCode -eq 3)

            # ResultCode=0 means NotStarted — treat as Skipped, not Failed.
            $status = if ($succeeded) { 'Succeeded' } elseif ($resultCode -eq 0) { 'Skipped' } else { 'Failed' }

            $kb = ''
            try {
                if ($u.KBArticleIDs -and $u.KBArticleIDs.Count -gt 0) {
                    $kb = 'KB' + $u.KBArticleIDs[0]
                }
            } catch {}

            $needsReboot = $false
            try { $needsReboot = [bool]$u.RebootRequired } catch {}

            $byKey[$u.Title] = [PSCustomObject]@{
                Identifier     = $kb
                Title          = [string]$u.Title
                Status         = $status
                ErrorMessage   = if ($succeeded -or $resultCode -eq 0) { '' } else { 'ResultCode=' + $resultCode }
                RebootRequired = $needsReboot
                AttemptedAt    = (Get-Date -Format 'o')
            }
        }

        $results = @($byKey.Values)

        if ($results.Count -eq 0) {
            Write-Output '[]'
        } else {
            $results | ConvertTo-Json -Compress
        }
2026-08-18 08:09:35.080 -05:00 [INF] (Thread 14) WindowsUpdateWorker: pass complete. Total=0 Succeeded=0 Failed=0 Skipped=0
2026-08-18 08:09:35.105 -05:00 [INF] (Thread 14) WingetWorker: skipping — last run was 2026-08-12T16:40:07.5425771Z (less than 7 days ago).
2026-08-18 08:09:35.106 -05:00 [INF] (Thread 14) UpdateOrchestrator: cycle complete. Total=0 Succeeded=0 Failed=0 RebootRequired=false
2026-08-18 08:09:35.106 -05:00 [INF] (Thread 14) UpdateOrchestrator: no reboot required — cycle complete.
2026-08-18 08:09:35.106 -05:00 [INF] (Thread 14) UpdateBackgroundService: next cycle in "01:00:00".
2026-08-18 09:09:35.156 -05:00 [INF] (Thread 14) SelfUpdater: checking for updates. Current version: 1.26.586.697
2026-08-18 09:09:35.469 -05:00 [INF] (Thread 3) SelfUpdater: remote version = 1.26.586.697.
2026-08-18 09:09:35.555 -05:00 [INF] (Thread 3) SelfUpdater: already up to date.
2026-08-18 09:09:35.555 -05:00 [INF] (Thread 3) UpdateOrchestrator: === Update cycle starting ===
2026-08-18 09:09:35.555 -05:00 [INF] (Thread 3) WindowsUpdateWorker: starting update pass.
2026-08-18 09:09:35.555 -05:00 [INF] (Thread 3) WindowsUpdateWorker: verifying PSWindowsUpdate module.
2026-08-18 09:09:35.558 -05:00 [DBG] (Thread 14) WindowsUpdateWorker: running PS script: $ProgressPreference = 'SilentlyContinue'
            $ErrorActionPreference = 'Stop'
            try {
                if (-not (Get-PackageProvider -Name NuGet -ListAvailable -ErrorAction SilentlyContinue)) {
                    Install-PackageProvider -Name NuGet -MinimumVersion 2.8.5.201 -Force -Scope AllUsers | Out-Null
                }
                Set-PSRepository -Name PSGallery -InstallationPolicy Trusted -ErrorAction SilentlyContinue
                if (-not (Get-Module -ListAvailable -Name PSWindowsUpdate -ErrorAction SilentlyContinue)) {
                    Install-Module PSWindowsUpdate -Force -SkipPublisherCheck -Scope AllUsers | Out-Null
                }
                Import-Module PSWindowsUpdate -Force -ErrorAction Stop
                try {
                    Add-WUServiceManager -MicrosoftUpdate -Confirm:$false -ErrorAction SilentlyContinue | Out-Null
                } catch {}
                Write-Output 'OK'
            } catch {
                Write-Output ('ERROR: ' + $_.Exception.Message)
            }
2026-08-18 09:10:06.777 -05:00 [INF] (Thread 8) WindowsUpdateWorker: PSWindowsUpdate module OK.
2026-08-18 09:10:06.778 -05:00 [DBG] (Thread 8) WindowsUpdateWorker: running PS script: Import-Module PSWindowsUpdate -ErrorAction Stop
        $ProgressPreference = 'SilentlyContinue'

        # Force the Windows Update Agent to scan before installing.
        # Fixes 0x80248007 (WU_E_DS_NODATA) on fresh builds or machines
        # whose update data store has not been initialised yet.
        try {
            Start-Process -FilePath 'UsoClient.exe' `
                -ArgumentList 'StartScan' `
                -Wait -NoNewWindow -ErrorAction SilentlyContinue
            Start-Sleep -Seconds 30
        } catch {}

        # 2>&1 merges stderr into the pipeline mixing strings with update
        # objects -- we filter them out in the foreach loop below.
        $rawOutput = Install-WindowsUpdate `
            -MicrosoftUpdate `
            -AcceptAll `
            -IgnoreReboot `
            -Install `
            -ErrorAction Continue 2>&1

        # Use a hashtable keyed on Title to keep only the LAST result per update.
        # PSWindowsUpdate emits objects at multiple pipeline stages (search, download,
        # install); overwriting ensures we capture the final post-install ResultCode
        # rather than an early ResultCode=0 (NotStarted).
        $byKey = @{}

        foreach ($u in $rawOutput) {
            if ($null -eq $u -or $u -isnot [PSObject]) { continue }
            if (-not ($u.PSObject.Properties.Name -contains 'Title')) { continue }
            if ([string]::IsNullOrWhiteSpace($u.Title)) { continue }

            $resultCode = 0
            try { $resultCode = [int]$u.ResultCode } catch { $resultCode = 4 }
            $succeeded = ($resultCode -eq 2 -or $resultCode -eq 3)

            # ResultCode=0 means NotStarted — treat as Skipped, not Failed.
            $status = if ($succeeded) { 'Succeeded' } elseif ($resultCode -eq 0) { 'Skipped' } else { 'Failed' }

            $kb = ''
            try {
                if ($u.KBArticleIDs -and $u.KBArticleIDs.Count -gt 0) {
                    $kb = 'KB' + $u.KBArticleIDs[0]
                }
            } catch {}

            $needsReboot = $false
            try { $needsReboot = [bool]$u.RebootRequired } catch {}

            $byKey[$u.Title] = [PSCustomObject]@{
                Identifier     = $kb
                Title          = [string]$u.Title
                Status         = $status
                ErrorMessage   = if ($succeeded -or $resultCode -eq 0) { '' } else { 'ResultCode=' + $resultCode }
                RebootRequired = $needsReboot
                AttemptedAt    = (Get-Date -Format 'o')
            }
        }

        $results = @($byKey.Values)

        if ($results.Count -eq 0) {
            Write-Output '[]'
        } else {
            $results | ConvertTo-Json -Compress
        }
2026-08-18 09:11:00.615 -05:00 [INF] (Thread 13) WindowsUpdateWorker: pass complete. Total=0 Succeeded=0 Failed=0 Skipped=0
2026-08-18 09:11:00.615 -05:00 [INF] (Thread 13) WingetWorker: skipping — last run was 2026-08-12T16:40:07.5425771Z (less than 7 days ago).
2026-08-18 09:11:00.615 -05:00 [INF] (Thread 13) UpdateOrchestrator: cycle complete. Total=0 Succeeded=0 Failed=0 RebootRequired=false
2026-08-18 09:11:00.615 -05:00 [INF] (Thread 13) UpdateOrchestrator: no reboot required — cycle complete.
2026-08-18 09:11:00.615 -05:00 [INF] (Thread 13) UpdateBackgroundService: next cycle in "01:00:00".
2026-08-18 09:48:59.547 -05:00 [INF] (Thread 3) UpdateBackgroundService: StopAsync called by SCM.
2026-08-18 09:48:59.550 -05:00 [INF] (Thread 8) UpdateBackgroundService: stopping.
