2026-08-12 11:40:08.365 -05:00 [INF] (Thread 2) UpdateNotifier logging initialised. Directory: C:\ProgramData\CapTG\UpdateService\logs
2026-08-12 11:40:08.408 -05:00 [INF] (Thread 2) UpdateNotifier: application starting.
2026-08-12 11:40:08.409 -05:00 [INF] (Thread 2) UpdateNotifier: args=C:\Program Files\CapTG Updater\UpdateNotifier.exe
2026-08-12 11:40:08.439 -05:00 [INF] (Thread 2) PipeClient: connecting to pipe 'CapTG_UpdatePipe'.
2026-08-12 11:40:08.450 -05:00 [INF] (Thread 2) PipeClient: connected.
2026-08-12 11:40:08.598 -05:00 [INF] (Thread 2) PipeClient: received message type="RebootRequired".
2026-08-12 11:40:08.601 -05:00 [INF] (Thread 2) SnoozeManager initialised with 7 options (previousSnoozeCount=0).
2026-08-12 11:40:08.602 -05:00 [DBG] (Thread 2) MainViewModel: options refreshed. Count=7
2026-08-12 11:40:08.603 -05:00 [INF] (Thread 2) MainViewModel: loading message. KBs=0 Pkgs=0
2026-08-12 11:40:09.243 -05:00 [INF] (Thread 2) MainWindow: constructor complete.
2026-08-12 11:40:09.306 -05:00 [DBG] (Thread 2) MainWindow: Topmost re-asserted.
2026-08-12 11:40:09.721 -05:00 [INF] (Thread 2) MainWindow: logo loaded from C:\Program Files\CapTG Updater\CompanyLogo.png.
2026-08-12 11:40:09.721 -05:00 [DBG] (Thread 2) MainWindow: position locked at (1463, -987).
2026-08-12 11:40:09.788 -05:00 [DBG] (Thread 2) MainWindow: move attempt blocked.
2026-08-12 11:40:09.788 -05:00 [DBG] (Thread 2) MainWindow: move attempt blocked.
2026-08-12 11:40:17.166 -05:00 [INF] (Thread 2) MainViewModel: user confirmed choice: 'Reboot at 5:30 PM' ("00:00:00").
2026-08-12 11:40:17.166 -05:00 [INF] (Thread 2) MainWindow: user decided 'Reboot at 5:30 PM'. Closing window.
2026-08-12 11:40:17.179 -05:00 [DBG] (Thread 2) MainWindow: move attempt blocked.
2026-08-12 11:40:17.179 -05:00 [DBG] (Thread 2) MainWindow: move attempt blocked.
2026-08-12 11:40:17.180 -05:00 [DBG] (Thread 2) MainWindow: move attempt blocked.
2026-08-12 11:40:17.181 -05:00 [DBG] (Thread 2) MainWindow: move attempt blocked.
2026-08-12 11:40:17.216 -05:00 [INF] (Thread 2) App: user chose 'Reboot at 5:30 PM' (-1 min).
2026-08-12 11:40:17.216 -05:00 [INF] (Thread 2) PipeClient: sending UserResponse — SnoozeMinutes=-1.
2026-08-12 11:40:17.227 -05:00 [DBG] (Thread 2) PipeClient: wrote 179 bytes to pipe.
2026-08-12 11:40:17.229 -05:00 [DBG] (Thread 2) PipeClient: disposed.
2026-08-12 11:40:17.231 -05:00 [INF] (Thread 2) UpdateNotifier: exiting with code 0.
