2026-08-17 00:55:38.340 -05:00 [INF] (Thread 2) UpdateNotifier logging initialised. Directory: C:\ProgramData\CapTG\UpdateService\logs
2026-08-17 00:55:38.366 -05:00 [INF] (Thread 2) UpdateNotifier: application starting.
2026-08-17 00:55:38.366 -05:00 [INF] (Thread 2) UpdateNotifier: args=C:\Program Files\CapTG Updater\UpdateNotifier.exe
2026-08-17 00:55:38.374 -05:00 [INF] (Thread 2) PipeClient: connecting to pipe 'CapTG_UpdatePipe'.
2026-08-17 00:55:38.380 -05:00 [INF] (Thread 2) PipeClient: connected.
2026-08-17 00:55:38.484 -05:00 [INF] (Thread 2) PipeClient: received message type="RebootRequired".
2026-08-17 00:55:38.572 -05:00 [INF] (Thread 2) SnoozeManager initialised with 7 options (previousSnoozeCount=0).
2026-08-17 00:55:38.573 -05:00 [DBG] (Thread 2) MainViewModel: options refreshed. Count=7
2026-08-17 00:55:38.573 -05:00 [INF] (Thread 2) MainViewModel: loading message. KBs=0 Pkgs=0
2026-08-17 00:55:38.795 -05:00 [INF] (Thread 2) MainWindow: constructor complete.
2026-08-17 00:55:39.039 -05:00 [INF] (Thread 2) MainWindow: logo loaded from C:\Program Files\CapTG Updater\CompanyLogo.png.
2026-08-17 00:55:39.039 -05:00 [DBG] (Thread 2) MainWindow: position locked at (508, 124).
2026-08-17 00:55:39.064 -05:00 [DBG] (Thread 2) MainWindow: move attempt blocked.
2026-08-17 00:55:39.069 -05:00 [DBG] (Thread 2) MainWindow: Topmost re-asserted.
2026-08-17 08:00:28.839 -05:00 [DBG] (Thread 2) MainWindow: Topmost re-asserted.
2026-08-17 08:00:38.276 -05:00 [INF] (Thread 2) MainViewModel: user confirmed choice: 'Reboot at 5:30 PM' ("00:00:00").
2026-08-17 08:00:38.279 -05:00 [INF] (Thread 2) MainWindow: user decided 'Reboot at 5:30 PM'. Closing window.
2026-08-17 08:00:38.303 -05:00 [INF] (Thread 2) App: user chose 'Reboot at 5:30 PM' (-1 min).
2026-08-17 08:00:38.317 -05:00 [INF] (Thread 2) PipeClient: sending UserResponse — SnoozeMinutes=-1.
2026-08-17 08:00:38.464 -05:00 [DBG] (Thread 2) PipeClient: wrote 179 bytes to pipe.
2026-08-17 08:00:38.466 -05:00 [DBG] (Thread 2) PipeClient: disposed.
2026-08-17 08:00:38.470 -05:00 [INF] (Thread 2) UpdateNotifier: exiting with code 0.
