2026-06-05 07:14:52.568 -05:00 [INF] (Thread 2) UpdateNotifier logging initialised. Directory: C:\ProgramData\CapTG\Logs
2026-06-05 07:14:52.588 -05:00 [INF] (Thread 2) UpdateNotifier: application starting.
2026-06-05 07:14:52.589 -05:00 [INF] (Thread 2) UpdateNotifier: args=C:\Program Files\CapTG Updater\UpdateNotifier.exe
2026-06-05 07:14:52.597 -05:00 [INF] (Thread 2) PipeClient: connecting to pipe 'CapTG_UpdatePipe'.
2026-06-05 07:14:52.601 -05:00 [INF] (Thread 2) PipeClient: connected.
2026-06-05 07:14:52.637 -05:00 [INF] (Thread 2) PipeClient: received message type="RebootRequired".
2026-06-05 07:14:52.642 -05:00 [INF] (Thread 2) SnoozeManager initialised with 5 options (previousSnoozeCount=1).
2026-06-05 07:14:52.643 -05:00 [DBG] (Thread 2) MainViewModel: options refreshed. Count=5
2026-06-05 07:14:52.644 -05:00 [INF] (Thread 2) MainViewModel: loading message. KBs=0 Pkgs=0
2026-06-05 07:14:52.859 -05:00 [INF] (Thread 2) MainWindow: constructor complete.
2026-06-05 07:14:52.946 -05:00 [INF] (Thread 2) MainWindow: logo loaded from C:\Program Files\CapTG Updater\CompanyLogo.png.
2026-06-05 07:14:52.946 -05:00 [DBG] (Thread 2) MainWindow: position locked at (700, 140).
2026-06-05 07:14:52.962 -05:00 [DBG] (Thread 2) MainWindow: move attempt blocked.
2026-06-05 07:14:53.246 -05:00 [DBG] (Thread 2) MainWindow: Topmost re-asserted.
2026-06-05 11:05:22.797 -05:00 [DBG] (Thread 2) MainWindow: close attempt blocked.
2026-06-05 11:05:27.007 -05:00 [INF] (Thread 2) MainViewModel: user confirmed choice: 'Snooze for 3 Hours' ("03:00:00").
2026-06-05 11:05:27.008 -05:00 [INF] (Thread 2) SnoozeManager: user snoozed for "03:00:00". Options before removal: 5
2026-06-05 11:05:27.009 -05:00 [INF] (Thread 2) SnoozeManager: removed option 'Snooze for 3 Hours'. Remaining: 4
2026-06-05 11:05:27.010 -05:00 [INF] (Thread 2) App: user chose 'Snooze for 3 Hours' (180 min).
2026-06-05 11:05:27.011 -05:00 [INF] (Thread 2) PipeClient: sending UserResponse — SnoozeMinutes=180.
2026-06-05 11:05:27.026 -05:00 [INF] (Thread 2) MainWindow: user decided 'Snooze for 3 Hours'. Closing window.
2026-06-05 11:05:27.045 -05:00 [DBG] (Thread 2) PipeClient: wrote 143 bytes to pipe.
2026-06-05 11:05:27.047 -05:00 [DBG] (Thread 2) PipeClient: disposed.
2026-06-05 11:05:27.049 -05:00 [INF] (Thread 2) UpdateNotifier: exiting with code 0.
2026-06-05 14:05:27.330 -05:00 [INF] (Thread 2) UpdateNotifier logging initialised. Directory: C:\ProgramData\CapTG\Logs
2026-06-05 14:05:27.352 -05:00 [INF] (Thread 2) UpdateNotifier: application starting.
2026-06-05 14:05:27.352 -05:00 [INF] (Thread 2) UpdateNotifier: args=C:\Program Files\CapTG Updater\UpdateNotifier.exe
2026-06-05 14:05:27.360 -05:00 [INF] (Thread 2) PipeClient: connecting to pipe 'CapTG_UpdatePipe'.
2026-06-05 14:05:27.364 -05:00 [INF] (Thread 2) PipeClient: connected.
2026-06-05 14:05:27.401 -05:00 [INF] (Thread 2) PipeClient: received message type="RebootRequired".
2026-06-05 14:05:27.404 -05:00 [INF] (Thread 2) SnoozeManager initialised with 4 options (previousSnoozeCount=2).
2026-06-05 14:05:27.405 -05:00 [DBG] (Thread 2) MainViewModel: options refreshed. Count=4
2026-06-05 14:05:27.405 -05:00 [INF] (Thread 2) MainViewModel: loading message. KBs=0 Pkgs=0
2026-06-05 14:05:27.631 -05:00 [INF] (Thread 2) MainWindow: constructor complete.
2026-06-05 14:05:27.727 -05:00 [INF] (Thread 2) MainWindow: logo loaded from C:\Program Files\CapTG Updater\CompanyLogo.png.
2026-06-05 14:05:27.728 -05:00 [DBG] (Thread 2) MainWindow: position locked at (700, 140).
2026-06-05 14:05:27.744 -05:00 [DBG] (Thread 2) MainWindow: move attempt blocked.
2026-06-05 14:05:27.749 -05:00 [DBG] (Thread 2) MainWindow: Topmost re-asserted.
2026-06-05 22:20:27.737 -05:00 [INF] (Thread 2) UpdateNotifier logging initialised. Directory: C:\ProgramData\CapTG\Logs
2026-06-05 22:20:27.758 -05:00 [INF] (Thread 2) UpdateNotifier: application starting.
2026-06-05 22:20:27.758 -05:00 [INF] (Thread 2) UpdateNotifier: args=C:\Program Files\CapTG Updater\UpdateNotifier.exe
2026-06-05 22:20:27.766 -05:00 [INF] (Thread 2) PipeClient: connecting to pipe 'CapTG_UpdatePipe'.
2026-06-05 22:20:27.770 -05:00 [INF] (Thread 2) PipeClient: connected.
2026-06-05 22:20:27.806 -05:00 [INF] (Thread 2) PipeClient: received message type="RebootRequired".
2026-06-05 22:20:27.809 -05:00 [INF] (Thread 2) SnoozeManager initialised with 4 options (previousSnoozeCount=2).
2026-06-05 22:20:27.810 -05:00 [DBG] (Thread 2) MainViewModel: options refreshed. Count=4
2026-06-05 22:20:27.810 -05:00 [INF] (Thread 2) MainViewModel: loading message. KBs=0 Pkgs=0
2026-06-05 22:20:28.025 -05:00 [INF] (Thread 2) MainWindow: constructor complete.
2026-06-05 22:20:28.115 -05:00 [INF] (Thread 2) MainWindow: logo loaded from C:\Program Files\CapTG Updater\CompanyLogo.png.
2026-06-05 22:20:28.115 -05:00 [DBG] (Thread 2) MainWindow: position locked at (700, 140).
2026-06-05 22:20:28.132 -05:00 [DBG] (Thread 2) MainWindow: move attempt blocked.
2026-06-05 22:20:28.135 -05:00 [DBG] (Thread 2) MainWindow: Topmost re-asserted.
