2026-06-19 08:13:25.047 -05:00 [INF] (Thread 2) UpdateNotifier logging initialised. Directory: C:\ProgramData\CapTG\Logs
2026-06-19 08:13:25.068 -05:00 [INF] (Thread 2) UpdateNotifier: application starting.
2026-06-19 08:13:25.069 -05:00 [INF] (Thread 2) UpdateNotifier: args=C:\Program Files\CapTG Updater\UpdateNotifier.exe
2026-06-19 08:13:25.077 -05:00 [INF] (Thread 2) PipeClient: connecting to pipe 'CapTG_UpdatePipe'.
2026-06-19 08:13:25.081 -05:00 [INF] (Thread 2) PipeClient: connected.
2026-06-19 08:13:25.116 -05:00 [INF] (Thread 2) PipeClient: received message type="RebootRequired".
2026-06-19 08:13:25.121 -05:00 [INF] (Thread 2) SnoozeManager initialised with 6 options (previousSnoozeCount=0).
2026-06-19 08:13:25.122 -05:00 [DBG] (Thread 2) MainViewModel: options refreshed. Count=6
2026-06-19 08:13:25.122 -05:00 [INF] (Thread 2) MainViewModel: loading message. KBs=0 Pkgs=0
2026-06-19 08:13:25.343 -05:00 [INF] (Thread 2) MainWindow: constructor complete.
2026-06-19 08:13:25.442 -05:00 [INF] (Thread 2) MainWindow: logo loaded from C:\Program Files\CapTG Updater\CompanyLogo.png.
2026-06-19 08:13:25.442 -05:00 [DBG] (Thread 2) MainWindow: position locked at (700, 140).
2026-06-19 08:13:25.460 -05:00 [DBG] (Thread 2) MainWindow: move attempt blocked.
2026-06-19 08:13:25.650 -05:00 [DBG] (Thread 2) MainWindow: Topmost re-asserted.
2026-06-19 08:19:11.400 -05:00 [INF] (Thread 2) MainViewModel: user confirmed choice: 'Snooze for 6 Hours' ("06:00:00").
2026-06-19 08:19:11.400 -05:00 [INF] (Thread 2) SnoozeManager: user snoozed for "06:00:00". Options before removal: 6
2026-06-19 08:19:11.401 -05:00 [INF] (Thread 2) SnoozeManager: removed option 'Snooze for 6 Hours'. Remaining: 5
2026-06-19 08:19:11.401 -05:00 [INF] (Thread 2) App: user chose 'Snooze for 6 Hours' (360 min).
2026-06-19 08:19:11.402 -05:00 [INF] (Thread 2) PipeClient: sending UserResponse — SnoozeMinutes=360.
2026-06-19 08:19:11.414 -05:00 [INF] (Thread 2) MainWindow: user decided 'Snooze for 6 Hours'. Closing window.
2026-06-19 08:19:11.439 -05:00 [DBG] (Thread 2) PipeClient: wrote 144 bytes to pipe.
2026-06-19 08:19:11.441 -05:00 [DBG] (Thread 2) PipeClient: disposed.
2026-06-19 08:19:11.442 -05:00 [INF] (Thread 2) UpdateNotifier: exiting with code 0.
2026-06-19 14:19:11.806 -05:00 [INF] (Thread 2) UpdateNotifier logging initialised. Directory: C:\ProgramData\CapTG\Logs
2026-06-19 14:19:11.829 -05:00 [INF] (Thread 2) UpdateNotifier: application starting.
2026-06-19 14:19:11.829 -05:00 [INF] (Thread 2) UpdateNotifier: args=C:\Program Files\CapTG Updater\UpdateNotifier.exe
2026-06-19 14:19:11.837 -05:00 [INF] (Thread 2) PipeClient: connecting to pipe 'CapTG_UpdatePipe'.
2026-06-19 14:19:11.842 -05:00 [INF] (Thread 2) PipeClient: connected.
2026-06-19 14:19:11.881 -05:00 [INF] (Thread 2) PipeClient: received message type="RebootRequired".
2026-06-19 14:19:11.883 -05:00 [INF] (Thread 2) SnoozeManager initialised with 5 options (previousSnoozeCount=1).
2026-06-19 14:19:11.885 -05:00 [DBG] (Thread 2) MainViewModel: options refreshed. Count=5
2026-06-19 14:19:11.885 -05:00 [INF] (Thread 2) MainViewModel: loading message. KBs=0 Pkgs=0
2026-06-19 14:19:12.106 -05:00 [INF] (Thread 2) MainWindow: constructor complete.
2026-06-19 14:19:12.205 -05:00 [INF] (Thread 2) MainWindow: logo loaded from C:\Program Files\CapTG Updater\CompanyLogo.png.
2026-06-19 14:19:12.205 -05:00 [DBG] (Thread 2) MainWindow: position locked at (700, 140).
2026-06-19 14:19:12.223 -05:00 [DBG] (Thread 2) MainWindow: move attempt blocked.
2026-06-19 14:19:12.226 -05:00 [DBG] (Thread 2) MainWindow: Topmost re-asserted.
2026-06-19 14:19:18.244 -05:00 [INF] (Thread 2) MainViewModel: user confirmed choice: 'Snooze for 3 Hours' ("03:00:00").
2026-06-19 14:19:18.245 -05:00 [INF] (Thread 2) SnoozeManager: user snoozed for "03:00:00". Options before removal: 5
2026-06-19 14:19:18.246 -05:00 [INF] (Thread 2) SnoozeManager: removed option 'Snooze for 3 Hours'. Remaining: 4
2026-06-19 14:19:18.247 -05:00 [INF] (Thread 2) App: user chose 'Snooze for 3 Hours' (180 min).
2026-06-19 14:19:18.248 -05:00 [INF] (Thread 2) PipeClient: sending UserResponse — SnoozeMinutes=180.
2026-06-19 14:19:18.253 -05:00 [INF] (Thread 2) MainWindow: user decided 'Snooze for 3 Hours'. Closing window.
2026-06-19 14:19:18.272 -05:00 [DBG] (Thread 2) PipeClient: wrote 144 bytes to pipe.
2026-06-19 14:19:18.274 -05:00 [DBG] (Thread 2) PipeClient: disposed.
2026-06-19 14:19:18.274 -05:00 [INF] (Thread 2) UpdateNotifier: exiting with code 0.
2026-06-19 17:19:18.566 -05:00 [INF] (Thread 2) UpdateNotifier logging initialised. Directory: C:\ProgramData\CapTG\Logs
2026-06-19 17:19:18.588 -05:00 [INF] (Thread 2) UpdateNotifier: application starting.
2026-06-19 17:19:18.588 -05:00 [INF] (Thread 2) UpdateNotifier: args=C:\Program Files\CapTG Updater\UpdateNotifier.exe
2026-06-19 17:19:18.596 -05:00 [INF] (Thread 2) PipeClient: connecting to pipe 'CapTG_UpdatePipe'.
2026-06-19 17:19:18.602 -05:00 [INF] (Thread 2) PipeClient: connected.
2026-06-19 17:19:18.638 -05:00 [INF] (Thread 2) PipeClient: received message type="RebootRequired".
2026-06-19 17:19:18.640 -05:00 [INF] (Thread 2) SnoozeManager initialised with 4 options (previousSnoozeCount=2).
2026-06-19 17:19:18.641 -05:00 [DBG] (Thread 2) MainViewModel: options refreshed. Count=4
2026-06-19 17:19:18.642 -05:00 [INF] (Thread 2) MainViewModel: loading message. KBs=0 Pkgs=0
2026-06-19 17:19:18.869 -05:00 [INF] (Thread 2) MainWindow: constructor complete.
2026-06-19 17:19:18.964 -05:00 [INF] (Thread 2) MainWindow: logo loaded from C:\Program Files\CapTG Updater\CompanyLogo.png.
2026-06-19 17:19:18.964 -05:00 [DBG] (Thread 2) MainWindow: position locked at (700, 140).
2026-06-19 17:19:18.986 -05:00 [DBG] (Thread 2) MainWindow: move attempt blocked.
2026-06-19 17:19:18.991 -05:00 [DBG] (Thread 2) MainWindow: Topmost re-asserted.
