2026-07-08 01:58:59.548 -05:00 [INF] (Thread 2) UpdateNotifier logging initialised. Directory: C:\ProgramData\CapTG\Logs
2026-07-08 01:58:59.572 -05:00 [INF] (Thread 2) UpdateNotifier: application starting.
2026-07-08 01:58:59.572 -05:00 [INF] (Thread 2) UpdateNotifier: args=C:\Program Files\CapTG Updater\UpdateNotifier.exe
2026-07-08 01:58:59.580 -05:00 [INF] (Thread 2) PipeClient: connecting to pipe 'CapTG_UpdatePipe'.
2026-07-08 01:58:59.585 -05:00 [INF] (Thread 2) PipeClient: connected.
2026-07-08 01:58:59.643 -05:00 [INF] (Thread 2) PipeClient: received message type="RebootRequired".
2026-07-08 01:58:59.645 -05:00 [INF] (Thread 2) SnoozeManager initialised with 6 options (previousSnoozeCount=0).
2026-07-08 01:58:59.646 -05:00 [DBG] (Thread 2) MainViewModel: options refreshed. Count=6
2026-07-08 01:58:59.647 -05:00 [INF] (Thread 2) MainViewModel: loading message. KBs=0 Pkgs=0
2026-07-08 01:58:59.857 -05:00 [INF] (Thread 2) MainWindow: constructor complete.
2026-07-08 01:58:59.953 -05:00 [INF] (Thread 2) MainWindow: logo loaded from C:\Program Files\CapTG Updater\CompanyLogo.png.
2026-07-08 01:58:59.954 -05:00 [DBG] (Thread 2) MainWindow: position locked at (700, 140).
2026-07-08 01:58:59.971 -05:00 [DBG] (Thread 2) MainWindow: move attempt blocked.
2026-07-08 01:58:59.976 -05:00 [DBG] (Thread 2) MainWindow: Topmost re-asserted.
2026-07-08 07:48:00.214 -05:00 [DBG] (Thread 2) MainWindow: Topmost re-asserted.
2026-07-08 07:48:02.850 -05:00 [INF] (Thread 2) MainViewModel: user confirmed choice: 'Snooze for 6 Hours' ("06:00:00").
2026-07-08 07:48:02.852 -05:00 [INF] (Thread 2) SnoozeManager: user snoozed for "06:00:00". Options before removal: 6
2026-07-08 07:48:02.852 -05:00 [INF] (Thread 2) SnoozeManager: removed option 'Snooze for 6 Hours'. Remaining: 5
2026-07-08 07:48:02.854 -05:00 [INF] (Thread 2) App: user chose 'Snooze for 6 Hours' (360 min).
2026-07-08 07:48:02.855 -05:00 [INF] (Thread 2) PipeClient: sending UserResponse — SnoozeMinutes=360.
2026-07-08 07:48:02.861 -05:00 [INF] (Thread 2) MainWindow: user decided 'Snooze for 6 Hours'. Closing window.
2026-07-08 07:48:02.883 -05:00 [DBG] (Thread 2) PipeClient: wrote 144 bytes to pipe.
2026-07-08 07:48:02.884 -05:00 [DBG] (Thread 2) PipeClient: disposed.
2026-07-08 07:48:02.884 -05:00 [INF] (Thread 2) UpdateNotifier: exiting with code 0.
2026-07-08 13:48:03.354 -05:00 [INF] (Thread 2) UpdateNotifier logging initialised. Directory: C:\ProgramData\CapTG\Logs
2026-07-08 13:48:03.379 -05:00 [INF] (Thread 2) UpdateNotifier: application starting.
2026-07-08 13:48:03.379 -05:00 [INF] (Thread 2) UpdateNotifier: args=C:\Program Files\CapTG Updater\UpdateNotifier.exe
2026-07-08 13:48:03.389 -05:00 [INF] (Thread 2) PipeClient: connecting to pipe 'CapTG_UpdatePipe'.
2026-07-08 13:48:03.395 -05:00 [INF] (Thread 2) PipeClient: connected.
2026-07-08 13:48:03.443 -05:00 [INF] (Thread 2) PipeClient: received message type="RebootRequired".
2026-07-08 13:48:03.445 -05:00 [INF] (Thread 2) SnoozeManager initialised with 5 options (previousSnoozeCount=1).
2026-07-08 13:48:03.447 -05:00 [DBG] (Thread 2) MainViewModel: options refreshed. Count=5
2026-07-08 13:48:03.447 -05:00 [INF] (Thread 2) MainViewModel: loading message. KBs=0 Pkgs=0
2026-07-08 13:48:03.723 -05:00 [INF] (Thread 2) MainWindow: constructor complete.
2026-07-08 13:48:03.903 -05:00 [INF] (Thread 2) MainWindow: logo loaded from C:\Program Files\CapTG Updater\CompanyLogo.png.
2026-07-08 13:48:03.904 -05:00 [DBG] (Thread 2) MainWindow: position locked at (700, 140).
2026-07-08 13:48:03.928 -05:00 [DBG] (Thread 2) MainWindow: move attempt blocked.
2026-07-08 13:48:03.933 -05:00 [DBG] (Thread 2) MainWindow: Topmost re-asserted.
2026-07-08 14:00:46.577 -05:00 [INF] (Thread 2) MainViewModel: user confirmed choice: 'Snooze for 3 Hours' ("03:00:00").
2026-07-08 14:00:46.578 -05:00 [INF] (Thread 2) SnoozeManager: user snoozed for "03:00:00". Options before removal: 5
2026-07-08 14:00:46.578 -05:00 [INF] (Thread 2) SnoozeManager: removed option 'Snooze for 3 Hours'. Remaining: 4
2026-07-08 14:00:46.580 -05:00 [INF] (Thread 2) App: user chose 'Snooze for 3 Hours' (180 min).
2026-07-08 14:00:46.581 -05:00 [INF] (Thread 2) PipeClient: sending UserResponse — SnoozeMinutes=180.
2026-07-08 14:00:46.591 -05:00 [INF] (Thread 2) MainWindow: user decided 'Snooze for 3 Hours'. Closing window.
2026-07-08 14:00:46.620 -05:00 [DBG] (Thread 2) PipeClient: wrote 144 bytes to pipe.
2026-07-08 14:00:46.620 -05:00 [DBG] (Thread 2) PipeClient: disposed.
2026-07-08 14:00:46.623 -05:00 [INF] (Thread 2) UpdateNotifier: exiting with code 0.
2026-07-08 17:00:47.008 -05:00 [INF] (Thread 2) UpdateNotifier logging initialised. Directory: C:\ProgramData\CapTG\Logs
2026-07-08 17:00:47.035 -05:00 [INF] (Thread 2) UpdateNotifier: application starting.
2026-07-08 17:00:47.035 -05:00 [INF] (Thread 2) UpdateNotifier: args=C:\Program Files\CapTG Updater\UpdateNotifier.exe
2026-07-08 17:00:47.044 -05:00 [INF] (Thread 2) PipeClient: connecting to pipe 'CapTG_UpdatePipe'.
2026-07-08 17:00:47.048 -05:00 [INF] (Thread 2) PipeClient: connected.
2026-07-08 17:00:47.086 -05:00 [INF] (Thread 2) PipeClient: received message type="RebootRequired".
2026-07-08 17:00:47.089 -05:00 [INF] (Thread 2) SnoozeManager initialised with 4 options (previousSnoozeCount=2).
2026-07-08 17:00:47.090 -05:00 [DBG] (Thread 2) MainViewModel: options refreshed. Count=4
2026-07-08 17:00:47.090 -05:00 [INF] (Thread 2) MainViewModel: loading message. KBs=0 Pkgs=0
2026-07-08 17:00:47.295 -05:00 [INF] (Thread 2) MainWindow: constructor complete.
2026-07-08 17:00:47.402 -05:00 [INF] (Thread 2) MainWindow: logo loaded from C:\Program Files\CapTG Updater\CompanyLogo.png.
2026-07-08 17:00:47.402 -05:00 [DBG] (Thread 2) MainWindow: position locked at (700, 140).
2026-07-08 17:00:47.422 -05:00 [DBG] (Thread 2) MainWindow: move attempt blocked.
2026-07-08 17:00:47.426 -05:00 [DBG] (Thread 2) MainWindow: Topmost re-asserted.
