2026-06-22 03:04:21.265 -05:00 [INF] (Thread 2) UpdateNotifier logging initialised. Directory: C:\ProgramData\CapTG\Logs
2026-06-22 03:04:21.292 -05:00 [INF] (Thread 2) UpdateNotifier: application starting.
2026-06-22 03:04:21.293 -05:00 [INF] (Thread 2) UpdateNotifier: args=C:\Program Files\CapTG Updater\UpdateNotifier.exe
2026-06-22 03:04:21.301 -05:00 [INF] (Thread 2) PipeClient: connecting to pipe 'CapTG_UpdatePipe'.
2026-06-22 03:04:21.307 -05:00 [INF] (Thread 2) PipeClient: connected.
2026-06-22 03:04:21.345 -05:00 [INF] (Thread 2) PipeClient: received message type="RebootRequired".
2026-06-22 03:04:21.347 -05:00 [INF] (Thread 2) SnoozeManager initialised with 4 options (previousSnoozeCount=2).
2026-06-22 03:04:21.348 -05:00 [DBG] (Thread 2) MainViewModel: options refreshed. Count=4
2026-06-22 03:04:21.349 -05:00 [INF] (Thread 2) MainViewModel: loading message. KBs=0 Pkgs=0
2026-06-22 03:04:21.547 -05:00 [INF] (Thread 2) MainWindow: constructor complete.
2026-06-22 03:04:21.637 -05:00 [INF] (Thread 2) MainWindow: logo loaded from C:\Program Files\CapTG Updater\CompanyLogo.png.
2026-06-22 03:04:21.637 -05:00 [DBG] (Thread 2) MainWindow: position locked at (700, 140).
2026-06-22 03:04:21.655 -05:00 [DBG] (Thread 2) MainWindow: move attempt blocked.
2026-06-22 03:04:21.660 -05:00 [DBG] (Thread 2) MainWindow: Topmost re-asserted.
2026-06-22 07:20:20.455 -05:00 [INF] (Thread 2) MainViewModel: user confirmed choice: 'Snooze for 1 Hour' ("01:00:00").
2026-06-22 07:20:20.457 -05:00 [INF] (Thread 2) SnoozeManager: user snoozed for "01:00:00". Options before removal: 4
2026-06-22 07:20:20.457 -05:00 [INF] (Thread 2) SnoozeManager: removed option 'Snooze for 1 Hour'. Remaining: 3
2026-06-22 07:20:20.459 -05:00 [INF] (Thread 2) App: user chose 'Snooze for 1 Hour' (60 min).
2026-06-22 07:20:20.460 -05:00 [INF] (Thread 2) PipeClient: sending UserResponse — SnoozeMinutes=60.
2026-06-22 07:20:20.472 -05:00 [INF] (Thread 2) MainWindow: user decided 'Snooze for 1 Hour'. Closing window.
2026-06-22 07:20:20.493 -05:00 [DBG] (Thread 2) PipeClient: wrote 142 bytes to pipe.
2026-06-22 07:20:20.495 -05:00 [DBG] (Thread 2) PipeClient: disposed.
2026-06-22 07:20:20.497 -05:00 [INF] (Thread 2) UpdateNotifier: exiting with code 0.
2026-06-22 08:20:20.761 -05:00 [INF] (Thread 2) UpdateNotifier logging initialised. Directory: C:\ProgramData\CapTG\Logs
2026-06-22 08:20:20.782 -05:00 [INF] (Thread 2) UpdateNotifier: application starting.
2026-06-22 08:20:20.783 -05:00 [INF] (Thread 2) UpdateNotifier: args=C:\Program Files\CapTG Updater\UpdateNotifier.exe
2026-06-22 08:20:20.791 -05:00 [INF] (Thread 2) PipeClient: connecting to pipe 'CapTG_UpdatePipe'.
2026-06-22 08:20:20.795 -05:00 [INF] (Thread 2) PipeClient: connected.
2026-06-22 08:20:20.831 -05:00 [INF] (Thread 2) PipeClient: received message type="RebootRequired".
2026-06-22 08:20:20.833 -05:00 [INF] (Thread 2) SnoozeManager initialised with 3 options (previousSnoozeCount=3).
2026-06-22 08:20:20.834 -05:00 [DBG] (Thread 2) MainViewModel: options refreshed. Count=3
2026-06-22 08:20:20.834 -05:00 [INF] (Thread 2) MainViewModel: loading message. KBs=0 Pkgs=0
2026-06-22 08:20:21.054 -05:00 [INF] (Thread 2) MainWindow: constructor complete.
2026-06-22 08:20:21.151 -05:00 [INF] (Thread 2) MainWindow: logo loaded from C:\Program Files\CapTG Updater\CompanyLogo.png.
2026-06-22 08:20:21.151 -05:00 [DBG] (Thread 2) MainWindow: position locked at (700, 140).
2026-06-22 08:20:21.170 -05:00 [DBG] (Thread 2) MainWindow: move attempt blocked.
2026-06-22 08:20:21.173 -05:00 [DBG] (Thread 2) MainWindow: Topmost re-asserted.
2026-06-22 08:26:36.996 -05:00 [INF] (Thread 2) MainViewModel: user confirmed choice: 'Snooze for 30 Minutes' ("00:30:00").
2026-06-22 08:26:36.997 -05:00 [INF] (Thread 2) SnoozeManager: user snoozed for "00:30:00". Options before removal: 3
2026-06-22 08:26:36.998 -05:00 [INF] (Thread 2) SnoozeManager: removed option 'Snooze for 30 Minutes'. Remaining: 2
2026-06-22 08:26:36.999 -05:00 [INF] (Thread 2) App: user chose 'Snooze for 30 Minutes' (30 min).
2026-06-22 08:26:37.000 -05:00 [INF] (Thread 2) PipeClient: sending UserResponse — SnoozeMinutes=30.
2026-06-22 08:26:37.005 -05:00 [INF] (Thread 2) MainWindow: user decided 'Snooze for 30 Minutes'. Closing window.
2026-06-22 08:26:37.026 -05:00 [DBG] (Thread 2) PipeClient: wrote 142 bytes to pipe.
2026-06-22 08:26:37.027 -05:00 [DBG] (Thread 2) PipeClient: disposed.
2026-06-22 08:26:37.028 -05:00 [INF] (Thread 2) UpdateNotifier: exiting with code 0.
2026-06-22 08:56:37.323 -05:00 [INF] (Thread 2) UpdateNotifier logging initialised. Directory: C:\ProgramData\CapTG\Logs
2026-06-22 08:56:37.353 -05:00 [INF] (Thread 2) UpdateNotifier: application starting.
2026-06-22 08:56:37.353 -05:00 [INF] (Thread 2) UpdateNotifier: args=C:\Program Files\CapTG Updater\UpdateNotifier.exe
2026-06-22 08:56:37.361 -05:00 [INF] (Thread 2) PipeClient: connecting to pipe 'CapTG_UpdatePipe'.
2026-06-22 08:56:37.366 -05:00 [INF] (Thread 2) PipeClient: connected.
2026-06-22 08:56:37.402 -05:00 [INF] (Thread 2) PipeClient: received message type="RebootRequired".
2026-06-22 08:56:37.404 -05:00 [INF] (Thread 2) SnoozeManager initialised with 2 options (previousSnoozeCount=4).
2026-06-22 08:56:37.405 -05:00 [DBG] (Thread 2) MainViewModel: options refreshed. Count=2
2026-06-22 08:56:37.405 -05:00 [INF] (Thread 2) MainViewModel: loading message. KBs=0 Pkgs=0
2026-06-22 08:56:37.610 -05:00 [INF] (Thread 2) MainWindow: constructor complete.
2026-06-22 08:56:37.705 -05:00 [INF] (Thread 2) MainWindow: logo loaded from C:\Program Files\CapTG Updater\CompanyLogo.png.
2026-06-22 08:56:37.705 -05:00 [DBG] (Thread 2) MainWindow: position locked at (700, 140).
2026-06-22 08:56:37.725 -05:00 [DBG] (Thread 2) MainWindow: move attempt blocked.
2026-06-22 08:56:37.731 -05:00 [DBG] (Thread 2) MainWindow: Topmost re-asserted.
2026-06-22 09:10:56.399 -05:00 [INF] (Thread 2) MainViewModel: user confirmed choice: 'Snooze for 15 Minutes' ("00:15:00").
2026-06-22 09:10:56.400 -05:00 [INF] (Thread 2) SnoozeManager: user snoozed for "00:15:00". Options before removal: 2
2026-06-22 09:10:56.401 -05:00 [DBG] (Thread 2) SnoozeManager: only minimum options remain — nothing removed.
2026-06-22 09:10:56.402 -05:00 [INF] (Thread 2) App: user chose 'Snooze for 15 Minutes' (15 min).
2026-06-22 09:10:56.402 -05:00 [INF] (Thread 2) PipeClient: sending UserResponse — SnoozeMinutes=15.
2026-06-22 09:10:56.408 -05:00 [INF] (Thread 2) MainWindow: user decided 'Snooze for 15 Minutes'. Closing window.
2026-06-22 09:10:56.432 -05:00 [DBG] (Thread 2) PipeClient: wrote 143 bytes to pipe.
2026-06-22 09:10:56.433 -05:00 [DBG] (Thread 2) PipeClient: disposed.
2026-06-22 09:10:56.434 -05:00 [INF] (Thread 2) UpdateNotifier: exiting with code 0.
2026-06-22 09:25:56.707 -05:00 [INF] (Thread 2) UpdateNotifier logging initialised. Directory: C:\ProgramData\CapTG\Logs
2026-06-22 09:25:56.730 -05:00 [INF] (Thread 2) UpdateNotifier: application starting.
2026-06-22 09:25:56.731 -05:00 [INF] (Thread 2) UpdateNotifier: args=C:\Program Files\CapTG Updater\UpdateNotifier.exe
2026-06-22 09:25:56.739 -05:00 [INF] (Thread 2) PipeClient: connecting to pipe 'CapTG_UpdatePipe'.
2026-06-22 09:25:56.744 -05:00 [INF] (Thread 2) PipeClient: connected.
2026-06-22 09:25:56.782 -05:00 [INF] (Thread 2) PipeClient: received message type="RebootRequired".
2026-06-22 09:25:56.792 -05:00 [INF] (Thread 2) SnoozeManager initialised with 2 options (previousSnoozeCount=5).
2026-06-22 09:25:56.793 -05:00 [DBG] (Thread 2) MainViewModel: options refreshed. Count=2
2026-06-22 09:25:56.793 -05:00 [INF] (Thread 2) MainViewModel: loading message. KBs=0 Pkgs=0
2026-06-22 09:25:57.014 -05:00 [INF] (Thread 2) MainWindow: constructor complete.
2026-06-22 09:25:57.111 -05:00 [INF] (Thread 2) MainWindow: logo loaded from C:\Program Files\CapTG Updater\CompanyLogo.png.
2026-06-22 09:25:57.111 -05:00 [DBG] (Thread 2) MainWindow: position locked at (700, 140).
2026-06-22 09:25:57.131 -05:00 [DBG] (Thread 2) MainWindow: move attempt blocked.
2026-06-22 09:25:57.183 -05:00 [DBG] (Thread 2) MainWindow: Topmost re-asserted.
2026-06-22 10:36:14.997 -05:00 [INF] (Thread 2) MainViewModel: user confirmed choice: 'Reboot Now' ("00:00:00").
2026-06-22 10:36:14.998 -05:00 [INF] (Thread 2) App: user chose 'Reboot Now' (0 min).
2026-06-22 10:36:14.999 -05:00 [INF] (Thread 2) PipeClient: sending UserResponse — SnoozeMinutes=0.
2026-06-22 10:36:15.004 -05:00 [INF] (Thread 2) MainWindow: user decided 'Reboot Now'. Closing window.
2026-06-22 10:36:15.030 -05:00 [DBG] (Thread 2) PipeClient: wrote 142 bytes to pipe.
2026-06-22 10:36:15.032 -05:00 [DBG] (Thread 2) PipeClient: disposed.
2026-06-22 10:36:15.033 -05:00 [INF] (Thread 2) UpdateNotifier: exiting with code 0.
