2026-05-31 01:04:04.397 -05:00 [INF] (Thread 2) UpdateNotifier logging initialised. Directory: C:\ProgramData\CapTG\Logs
2026-05-31 01:04:04.418 -05:00 [INF] (Thread 2) UpdateNotifier: application starting.
2026-05-31 01:04:04.419 -05:00 [INF] (Thread 2) UpdateNotifier: args=C:\Program Files\CapTG Updater\UpdateNotifier.exe
2026-05-31 01:04:04.427 -05:00 [INF] (Thread 2) PipeClient: connecting to pipe 'CapTG_UpdatePipe'.
2026-05-31 01:04:04.431 -05:00 [INF] (Thread 2) PipeClient: connected.
2026-05-31 01:04:04.466 -05:00 [INF] (Thread 2) PipeClient: received message type="RebootRequired".
2026-05-31 01:04:04.471 -05:00 [INF] (Thread 2) SnoozeManager initialised with 6 options (previousSnoozeCount=0).
2026-05-31 01:04:04.472 -05:00 [DBG] (Thread 2) MainViewModel: options refreshed. Count=6
2026-05-31 01:04:04.472 -05:00 [INF] (Thread 2) MainViewModel: loading message. KBs=0 Pkgs=0
2026-05-31 01:04:04.698 -05:00 [INF] (Thread 2) MainWindow: constructor complete.
2026-05-31 01:04:04.797 -05:00 [INF] (Thread 2) MainWindow: logo loaded from C:\Program Files\CapTG Updater\CompanyLogo.png.
2026-05-31 01:04:04.797 -05:00 [DBG] (Thread 2) MainWindow: position locked at (700, 140).
2026-05-31 01:04:04.817 -05:00 [DBG] (Thread 2) MainWindow: move attempt blocked.
2026-05-31 01:04:04.823 -05:00 [DBG] (Thread 2) MainWindow: Topmost re-asserted.
2026-05-31 09:19:04.656 -05:00 [INF] (Thread 2) UpdateNotifier logging initialised. Directory: C:\ProgramData\CapTG\Logs
2026-05-31 09:19:04.676 -05:00 [INF] (Thread 2) UpdateNotifier: application starting.
2026-05-31 09:19:04.676 -05:00 [INF] (Thread 2) UpdateNotifier: args=C:\Program Files\CapTG Updater\UpdateNotifier.exe
2026-05-31 09:19:04.684 -05:00 [INF] (Thread 2) PipeClient: connecting to pipe 'CapTG_UpdatePipe'.
2026-05-31 09:19:04.688 -05:00 [INF] (Thread 2) PipeClient: connected.
2026-05-31 09:19:04.724 -05:00 [INF] (Thread 2) PipeClient: received message type="RebootRequired".
2026-05-31 09:19:04.726 -05:00 [INF] (Thread 2) SnoozeManager initialised with 6 options (previousSnoozeCount=0).
2026-05-31 09:19:04.727 -05:00 [DBG] (Thread 2) MainViewModel: options refreshed. Count=6
2026-05-31 09:19:04.727 -05:00 [INF] (Thread 2) MainViewModel: loading message. KBs=0 Pkgs=0
2026-05-31 09:19:04.945 -05:00 [INF] (Thread 2) MainWindow: constructor complete.
2026-05-31 09:19:05.045 -05:00 [INF] (Thread 2) MainWindow: logo loaded from C:\Program Files\CapTG Updater\CompanyLogo.png.
2026-05-31 09:19:05.045 -05:00 [DBG] (Thread 2) MainWindow: position locked at (700, 140).
2026-05-31 09:19:05.066 -05:00 [DBG] (Thread 2) MainWindow: move attempt blocked.
2026-05-31 09:19:05.072 -05:00 [DBG] (Thread 2) MainWindow: Topmost re-asserted.
2026-05-31 17:34:04.892 -05:00 [INF] (Thread 2) UpdateNotifier logging initialised. Directory: C:\ProgramData\CapTG\Logs
2026-05-31 17:34:04.913 -05:00 [INF] (Thread 2) UpdateNotifier: application starting.
2026-05-31 17:34:04.914 -05:00 [INF] (Thread 2) UpdateNotifier: args=C:\Program Files\CapTG Updater\UpdateNotifier.exe
2026-05-31 17:34:04.922 -05:00 [INF] (Thread 2) PipeClient: connecting to pipe 'CapTG_UpdatePipe'.
2026-05-31 17:34:04.927 -05:00 [INF] (Thread 2) PipeClient: connected.
2026-05-31 17:34:04.963 -05:00 [INF] (Thread 2) PipeClient: received message type="RebootRequired".
2026-05-31 17:34:04.965 -05:00 [INF] (Thread 2) SnoozeManager initialised with 6 options (previousSnoozeCount=0).
2026-05-31 17:34:04.966 -05:00 [DBG] (Thread 2) MainViewModel: options refreshed. Count=6
2026-05-31 17:34:04.966 -05:00 [INF] (Thread 2) MainViewModel: loading message. KBs=0 Pkgs=0
2026-05-31 17:34:05.186 -05:00 [INF] (Thread 2) MainWindow: constructor complete.
2026-05-31 17:34:05.283 -05:00 [INF] (Thread 2) MainWindow: logo loaded from C:\Program Files\CapTG Updater\CompanyLogo.png.
2026-05-31 17:34:05.284 -05:00 [DBG] (Thread 2) MainWindow: position locked at (700, 140).
2026-05-31 17:34:05.304 -05:00 [DBG] (Thread 2) MainWindow: move attempt blocked.
2026-05-31 17:34:05.441 -05:00 [DBG] (Thread 2) MainWindow: Topmost re-asserted.
