2026-06-10 11:05:49.880 -05:00 [INF] (Thread 2) UpdateNotifier logging initialised. Directory: C:\ProgramData\CapTG\Logs
2026-06-10 11:05:49.901 -05:00 [INF] (Thread 2) UpdateNotifier: application starting.
2026-06-10 11:05:49.901 -05:00 [INF] (Thread 2) UpdateNotifier: args=C:\Program Files\CapTG Updater\UpdateNotifier.exe
2026-06-10 11:05:49.910 -05:00 [INF] (Thread 2) PipeClient: connecting to pipe 'CapTG_UpdatePipe'.
2026-06-10 11:05:49.914 -05:00 [INF] (Thread 2) PipeClient: connected.
2026-06-10 11:05:49.971 -05:00 [INF] (Thread 2) PipeClient: received message type="RebootRequired".
2026-06-10 11:05:49.974 -05:00 [INF] (Thread 2) SnoozeManager initialised with 6 options (previousSnoozeCount=0).
2026-06-10 11:05:49.975 -05:00 [DBG] (Thread 2) MainViewModel: options refreshed. Count=6
2026-06-10 11:05:49.975 -05:00 [INF] (Thread 2) MainViewModel: loading message. KBs=0 Pkgs=0
2026-06-10 11:05:50.224 -05:00 [INF] (Thread 2) MainWindow: constructor complete.
2026-06-10 11:05:50.348 -05:00 [INF] (Thread 2) MainWindow: logo loaded from C:\Program Files\CapTG Updater\CompanyLogo.png.
2026-06-10 11:05:50.349 -05:00 [DBG] (Thread 2) MainWindow: position locked at (700, 140).
2026-06-10 11:05:50.372 -05:00 [DBG] (Thread 2) MainWindow: move attempt blocked.
2026-06-10 11:05:50.381 -05:00 [DBG] (Thread 2) MainWindow: Topmost re-asserted.
2026-06-10 11:05:55.612 -05:00 [INF] (Thread 2) MainViewModel: user confirmed choice: 'Snooze for 6 Hours' ("06:00:00").
2026-06-10 11:05:55.614 -05:00 [INF] (Thread 2) SnoozeManager: user snoozed for "06:00:00". Options before removal: 6
2026-06-10 11:05:55.614 -05:00 [INF] (Thread 2) SnoozeManager: removed option 'Snooze for 6 Hours'. Remaining: 5
2026-06-10 11:05:55.616 -05:00 [INF] (Thread 2) App: user chose 'Snooze for 6 Hours' (360 min).
2026-06-10 11:05:55.617 -05:00 [INF] (Thread 2) PipeClient: sending UserResponse — SnoozeMinutes=360.
2026-06-10 11:05:55.622 -05:00 [INF] (Thread 2) MainWindow: user decided 'Snooze for 6 Hours'. Closing window.
2026-06-10 11:05:55.652 -05:00 [DBG] (Thread 2) PipeClient: wrote 144 bytes to pipe.
2026-06-10 11:05:55.653 -05:00 [DBG] (Thread 2) PipeClient: disposed.
2026-06-10 11:05:55.654 -05:00 [INF] (Thread 2) UpdateNotifier: exiting with code 0.
2026-06-10 17:05:55.994 -05:00 [INF] (Thread 2) UpdateNotifier logging initialised. Directory: C:\ProgramData\CapTG\Logs
2026-06-10 17:05:56.015 -05:00 [INF] (Thread 2) UpdateNotifier: application starting.
2026-06-10 17:05:56.016 -05:00 [INF] (Thread 2) UpdateNotifier: args=C:\Program Files\CapTG Updater\UpdateNotifier.exe
2026-06-10 17:05:56.024 -05:00 [INF] (Thread 2) PipeClient: connecting to pipe 'CapTG_UpdatePipe'.
2026-06-10 17:05:56.028 -05:00 [INF] (Thread 2) PipeClient: connected.
2026-06-10 17:05:56.065 -05:00 [INF] (Thread 2) PipeClient: received message type="RebootRequired".
2026-06-10 17:05:56.068 -05:00 [INF] (Thread 2) SnoozeManager initialised with 5 options (previousSnoozeCount=1).
2026-06-10 17:05:56.069 -05:00 [DBG] (Thread 2) MainViewModel: options refreshed. Count=5
2026-06-10 17:05:56.069 -05:00 [INF] (Thread 2) MainViewModel: loading message. KBs=0 Pkgs=0
2026-06-10 17:05:56.277 -05:00 [INF] (Thread 2) MainWindow: constructor complete.
2026-06-10 17:05:56.384 -05:00 [INF] (Thread 2) MainWindow: logo loaded from C:\Program Files\CapTG Updater\CompanyLogo.png.
2026-06-10 17:05:56.384 -05:00 [DBG] (Thread 2) MainWindow: position locked at (700, 140).
2026-06-10 17:05:56.404 -05:00 [DBG] (Thread 2) MainWindow: move attempt blocked.
2026-06-10 17:05:56.916 -05:00 [DBG] (Thread 2) MainWindow: Topmost re-asserted.
