2026-06-21 02:04:19.875 -05:00 [ERR] (Thread 54) PipeServer: error reading user response from notifier.
System.OperationCanceledException: The operation was canceled.
   at System.IO.Pipes.PipeStream.PipeValueTaskSource.GetResult(Int16 token)
   at System.IO.Stream.ReadAtLeastAsyncCore(Memory`1 buffer, Int32 minimumBytes, Boolean throwOnEndOfStream, CancellationToken cancellationToken)
   at System.Runtime.CompilerServices.PoolingAsyncValueTaskMethodBuilder`1.StateMachineBox`1.System.Threading.Tasks.Sources.IValueTaskSource.GetResult(Int16 token)
   at UpdateService.Pipes.PipeServer.ReadMessageAsync(PipeStream pipe, CancellationToken ct) in C:\Users\sbutski\Documents\VSCode Solutions Folder\UpdateSolution\UpdateService\Pipes\PipeServer.cs:line 224
   at UpdateService.Pipes.PipeServer.RunOneNotificationCycleAsync(PipeMessage outbound, CancellationToken cancellationToken) in C:\Users\sbutski\Documents\VSCode Solutions Folder\UpdateSolution\UpdateService\Pipes\PipeServer.cs:line 190
2026-06-21 02:04:19.889 -05:00 [WRN] (Thread 54) PipeServer: no response received — retrying notification in 15 minutes.
2026-06-21 02:19:19.902 -05:00 [INF] (Thread 51) PipeServer: pipe created — launching notifier.
2026-06-21 02:19:19.913 -05:00 [WRN] (Thread 51) PipeServer: killed stale notifier process (PID 25532).
2026-06-21 02:19:19.913 -05:00 [INF] (Thread 51) UserProcessLauncher: launching 'C:\Program Files\CapTG Updater\UpdateNotifier.exe' as active user.
2026-06-21 02:19:19.914 -05:00 [DBG] (Thread 51) UserProcessLauncher: console session 1 has a valid user token.
2026-06-21 02:19:19.914 -05:00 [DBG] (Thread 51) UserProcessLauncher: using session ID = 1.
2026-06-21 02:19:19.925 -05:00 [INF] (Thread 51) UserProcessLauncher: 'C:\Program Files\CapTG Updater\UpdateNotifier.exe' launched in session 1.
2026-06-21 02:19:19.925 -05:00 [DBG] (Thread 51) PipeServer: waiting for notifier to connect.
2026-06-21 02:19:20.193 -05:00 [INF] (Thread 51) PipeServer: notifier connected.
2026-06-21 02:19:20.202 -05:00 [DBG] (Thread 51) PipeServer: RebootRequired message sent.
2026-06-21 10:19:20.240 -05:00 [ERR] (Thread 61) PipeServer: error reading user response from notifier.
System.OperationCanceledException: The operation was canceled.
   at System.IO.Pipes.PipeStream.PipeValueTaskSource.GetResult(Int16 token)
   at System.IO.Stream.ReadAtLeastAsyncCore(Memory`1 buffer, Int32 minimumBytes, Boolean throwOnEndOfStream, CancellationToken cancellationToken)
   at System.Runtime.CompilerServices.PoolingAsyncValueTaskMethodBuilder`1.StateMachineBox`1.System.Threading.Tasks.Sources.IValueTaskSource.GetResult(Int16 token)
   at UpdateService.Pipes.PipeServer.ReadMessageAsync(PipeStream pipe, CancellationToken ct) in C:\Users\sbutski\Documents\VSCode Solutions Folder\UpdateSolution\UpdateService\Pipes\PipeServer.cs:line 224
   at UpdateService.Pipes.PipeServer.RunOneNotificationCycleAsync(PipeMessage outbound, CancellationToken cancellationToken) in C:\Users\sbutski\Documents\VSCode Solutions Folder\UpdateSolution\UpdateService\Pipes\PipeServer.cs:line 190
2026-06-21 10:19:20.248 -05:00 [WRN] (Thread 61) PipeServer: no response received — retrying notification in 15 minutes.
2026-06-21 10:34:20.260 -05:00 [INF] (Thread 61) PipeServer: pipe created — launching notifier.
2026-06-21 10:34:20.274 -05:00 [WRN] (Thread 61) PipeServer: killed stale notifier process (PID 25280).
2026-06-21 10:34:20.274 -05:00 [INF] (Thread 61) UserProcessLauncher: launching 'C:\Program Files\CapTG Updater\UpdateNotifier.exe' as active user.
2026-06-21 10:34:20.275 -05:00 [DBG] (Thread 61) UserProcessLauncher: console session 1 has a valid user token.
2026-06-21 10:34:20.275 -05:00 [DBG] (Thread 61) UserProcessLauncher: using session ID = 1.
2026-06-21 10:34:20.286 -05:00 [INF] (Thread 61) UserProcessLauncher: 'C:\Program Files\CapTG Updater\UpdateNotifier.exe' launched in session 1.
2026-06-21 10:34:20.286 -05:00 [DBG] (Thread 61) PipeServer: waiting for notifier to connect.
2026-06-21 10:34:20.546 -05:00 [INF] (Thread 61) PipeServer: notifier connected.
2026-06-21 10:34:20.555 -05:00 [DBG] (Thread 61) PipeServer: RebootRequired message sent.
2026-06-21 18:34:20.608 -05:00 [ERR] (Thread 61) PipeServer: error reading user response from notifier.
System.OperationCanceledException: The operation was canceled.
   at System.IO.Pipes.PipeStream.PipeValueTaskSource.GetResult(Int16 token)
   at System.IO.Stream.ReadAtLeastAsyncCore(Memory`1 buffer, Int32 minimumBytes, Boolean throwOnEndOfStream, CancellationToken cancellationToken)
   at System.Runtime.CompilerServices.PoolingAsyncValueTaskMethodBuilder`1.StateMachineBox`1.System.Threading.Tasks.Sources.IValueTaskSource.GetResult(Int16 token)
   at UpdateService.Pipes.PipeServer.ReadMessageAsync(PipeStream pipe, CancellationToken ct) in C:\Users\sbutski\Documents\VSCode Solutions Folder\UpdateSolution\UpdateService\Pipes\PipeServer.cs:line 224
   at UpdateService.Pipes.PipeServer.RunOneNotificationCycleAsync(PipeMessage outbound, CancellationToken cancellationToken) in C:\Users\sbutski\Documents\VSCode Solutions Folder\UpdateSolution\UpdateService\Pipes\PipeServer.cs:line 190
2026-06-21 18:34:20.616 -05:00 [WRN] (Thread 61) PipeServer: no response received — retrying notification in 15 minutes.
2026-06-21 18:49:20.631 -05:00 [INF] (Thread 61) PipeServer: pipe created — launching notifier.
2026-06-21 18:49:20.636 -05:00 [WRN] (Thread 61) PipeServer: killed stale notifier process (PID 28312).
2026-06-21 18:49:20.636 -05:00 [INF] (Thread 61) UserProcessLauncher: launching 'C:\Program Files\CapTG Updater\UpdateNotifier.exe' as active user.
2026-06-21 18:49:20.637 -05:00 [DBG] (Thread 61) UserProcessLauncher: console session 1 has a valid user token.
2026-06-21 18:49:20.637 -05:00 [DBG] (Thread 61) UserProcessLauncher: using session ID = 1.
2026-06-21 18:49:20.641 -05:00 [INF] (Thread 61) UserProcessLauncher: 'C:\Program Files\CapTG Updater\UpdateNotifier.exe' launched in session 1.
2026-06-21 18:49:20.641 -05:00 [DBG] (Thread 61) PipeServer: waiting for notifier to connect.
2026-06-21 18:49:20.921 -05:00 [INF] (Thread 61) PipeServer: notifier connected.
2026-06-21 18:49:20.929 -05:00 [DBG] (Thread 61) PipeServer: RebootRequired message sent.
