2026-06-21 02:19:20.162 -05:00 [INF] (Thread 2) UpdateNotifier logging initialised. Directory: C:\ProgramData\CapTG\Logs
2026-06-21 02:19:20.183 -05:00 [INF] (Thread 2) UpdateNotifier: application starting.
2026-06-21 02:19:20.183 -05:00 [INF] (Thread 2) UpdateNotifier: args=C:\Program Files\CapTG Updater\UpdateNotifier.exe
2026-06-21 02:19:20.191 -05:00 [INF] (Thread 2) PipeClient: connecting to pipe 'CapTG_UpdatePipe'.
2026-06-21 02:19:20.195 -05:00 [INF] (Thread 2) PipeClient: connected.
2026-06-21 02:19:20.231 -05:00 [INF] (Thread 2) PipeClient: received message type="RebootRequired".
2026-06-21 02:19:20.236 -05:00 [INF] (Thread 2) SnoozeManager initialised with 4 options (previousSnoozeCount=2).
2026-06-21 02:19:20.237 -05:00 [DBG] (Thread 2) MainViewModel: options refreshed. Count=4
2026-06-21 02:19:20.237 -05:00 [INF] (Thread 2) MainViewModel: loading message. KBs=0 Pkgs=0
2026-06-21 02:19:20.462 -05:00 [INF] (Thread 2) MainWindow: constructor complete.
2026-06-21 02:19:20.561 -05:00 [INF] (Thread 2) MainWindow: logo loaded from C:\Program Files\CapTG Updater\CompanyLogo.png.
2026-06-21 02:19:20.562 -05:00 [DBG] (Thread 2) MainWindow: position locked at (700, 140).
2026-06-21 02:19:20.580 -05:00 [DBG] (Thread 2) MainWindow: move attempt blocked.
2026-06-21 02:19:20.585 -05:00 [DBG] (Thread 2) MainWindow: Topmost re-asserted.
2026-06-21 10:34:20.515 -05:00 [INF] (Thread 2) UpdateNotifier logging initialised. Directory: C:\ProgramData\CapTG\Logs
2026-06-21 10:34:20.536 -05:00 [INF] (Thread 2) UpdateNotifier: application starting.
2026-06-21 10:34:20.537 -05:00 [INF] (Thread 2) UpdateNotifier: args=C:\Program Files\CapTG Updater\UpdateNotifier.exe
2026-06-21 10:34:20.545 -05:00 [INF] (Thread 2) PipeClient: connecting to pipe 'CapTG_UpdatePipe'.
2026-06-21 10:34:20.549 -05:00 [INF] (Thread 2) PipeClient: connected.
2026-06-21 10:34:20.585 -05:00 [INF] (Thread 2) PipeClient: received message type="RebootRequired".
2026-06-21 10:34:20.588 -05:00 [INF] (Thread 2) SnoozeManager initialised with 4 options (previousSnoozeCount=2).
2026-06-21 10:34:20.589 -05:00 [DBG] (Thread 2) MainViewModel: options refreshed. Count=4
2026-06-21 10:34:20.589 -05:00 [INF] (Thread 2) MainViewModel: loading message. KBs=0 Pkgs=0
2026-06-21 10:34:20.811 -05:00 [INF] (Thread 2) MainWindow: constructor complete.
2026-06-21 10:34:20.905 -05:00 [INF] (Thread 2) MainWindow: logo loaded from C:\Program Files\CapTG Updater\CompanyLogo.png.
2026-06-21 10:34:20.905 -05:00 [DBG] (Thread 2) MainWindow: position locked at (700, 140).
2026-06-21 10:34:20.924 -05:00 [DBG] (Thread 2) MainWindow: move attempt blocked.
2026-06-21 10:34:20.927 -05:00 [DBG] (Thread 2) MainWindow: Topmost re-asserted.
2026-06-21 18:49:20.890 -05:00 [INF] (Thread 2) UpdateNotifier logging initialised. Directory: C:\ProgramData\CapTG\Logs
2026-06-21 18:49:20.911 -05:00 [INF] (Thread 2) UpdateNotifier: application starting.
2026-06-21 18:49:20.911 -05:00 [INF] (Thread 2) UpdateNotifier: args=C:\Program Files\CapTG Updater\UpdateNotifier.exe
2026-06-21 18:49:20.919 -05:00 [INF] (Thread 2) PipeClient: connecting to pipe 'CapTG_UpdatePipe'.
2026-06-21 18:49:20.923 -05:00 [INF] (Thread 2) PipeClient: connected.
2026-06-21 18:49:20.959 -05:00 [INF] (Thread 2) PipeClient: received message type="RebootRequired".
2026-06-21 18:49:20.962 -05:00 [INF] (Thread 2) SnoozeManager initialised with 4 options (previousSnoozeCount=2).
2026-06-21 18:49:20.963 -05:00 [DBG] (Thread 2) MainViewModel: options refreshed. Count=4
2026-06-21 18:49:20.963 -05:00 [INF] (Thread 2) MainViewModel: loading message. KBs=0 Pkgs=0
2026-06-21 18:49:21.192 -05:00 [INF] (Thread 2) MainWindow: constructor complete.
2026-06-21 18:49:21.285 -05:00 [INF] (Thread 2) MainWindow: logo loaded from C:\Program Files\CapTG Updater\CompanyLogo.png.
2026-06-21 18:49:21.285 -05:00 [DBG] (Thread 2) MainWindow: position locked at (700, 140).
2026-06-21 18:49:21.302 -05:00 [DBG] (Thread 2) MainWindow: move attempt blocked.
2026-06-21 18:49:21.308 -05:00 [DBG] (Thread 2) MainWindow: Topmost re-asserted.
