2026-07-13 01:48:44.171 -05:00 [ERR] (Thread 14) PipeServer: error reading user response from notifier.
System.OperationCanceledException: The operation was canceled.
   at System.IO.Pipes.PipeStream.PipeValueTaskSource.GetResult(Int16 token)
   at System.IO.Stream.ReadAtLeastAsyncCore(Memory`1 buffer, Int32 minimumBytes, Boolean throwOnEndOfStream, CancellationToken cancellationToken)
   at System.Runtime.CompilerServices.PoolingAsyncValueTaskMethodBuilder`1.StateMachineBox`1.System.Threading.Tasks.Sources.IValueTaskSource.GetResult(Int16 token)
   at UpdateService.Pipes.PipeServer.ReadMessageAsync(PipeStream pipe, CancellationToken ct) in C:\Users\sbutski\Documents\VSCode Solutions Folder\UpdateSolution\UpdateService\Pipes\PipeServer.cs:line 224
   at UpdateService.Pipes.PipeServer.RunOneNotificationCycleAsync(PipeMessage outbound, CancellationToken cancellationToken) in C:\Users\sbutski\Documents\VSCode Solutions Folder\UpdateSolution\UpdateService\Pipes\PipeServer.cs:line 190
2026-07-13 01:48:44.176 -05:00 [WRN] (Thread 14) PipeServer: no response received — retrying notification in 15 minutes.
2026-07-13 02:03:44.190 -05:00 [INF] (Thread 19) PipeServer: pipe created — launching notifier.
2026-07-13 02:03:44.197 -05:00 [WRN] (Thread 19) PipeServer: killed stale notifier process (PID 23408).
2026-07-13 02:03:44.197 -05:00 [INF] (Thread 19) UserProcessLauncher: launching 'C:\Program Files\CapTG Updater\UpdateNotifier.exe' as active user.
2026-07-13 02:03:44.199 -05:00 [DBG] (Thread 19) UserProcessLauncher: console session 1 has a valid user token.
2026-07-13 02:03:44.199 -05:00 [DBG] (Thread 19) UserProcessLauncher: using session ID = 1.
2026-07-13 02:03:44.210 -05:00 [INF] (Thread 19) UserProcessLauncher: 'C:\Program Files\CapTG Updater\UpdateNotifier.exe' launched in session 1.
2026-07-13 02:03:44.210 -05:00 [DBG] (Thread 19) PipeServer: waiting for notifier to connect.
2026-07-13 02:03:44.472 -05:00 [INF] (Thread 19) PipeServer: notifier connected.
2026-07-13 02:03:44.481 -05:00 [DBG] (Thread 14) PipeServer: RebootRequired message sent.
2026-07-13 09:37:06.889 -05:00 [INF] (Thread 26) PipeServer: received UserResponse — SnoozeMinutes=360
2026-07-13 09:37:06.889 -05:00 [INF] (Thread 26) PipeServer: user snoozed for 360 minutes (snoozeCount=1).
2026-07-13 12:25:45.984 -05:00 [INF] (Thread 29) UpdateBackgroundService: StopAsync called by SCM.
2026-07-13 12:25:45.984 -05:00 [INF] (Thread 34) UpdateBackgroundService: stopping.
