2026-06-19 07:58:24.728 -05:00 [ERR] (Thread 7) PipeServer: error reading user response from notifier.
System.OperationCanceledException: The operation was canceled.
   at System.IO.Pipes.PipeStream.PipeValueTaskSource.GetResult(Int16 token)
   at System.IO.Stream.ReadAtLeastAsyncCore(Memory`1 buffer, Int32 minimumBytes, Boolean throwOnEndOfStream, CancellationToken cancellationToken)
   at System.Runtime.CompilerServices.PoolingAsyncValueTaskMethodBuilder`1.StateMachineBox`1.System.Threading.Tasks.Sources.IValueTaskSource.GetResult(Int16 token)
   at UpdateService.Pipes.PipeServer.ReadMessageAsync(PipeStream pipe, CancellationToken ct) in C:\Users\sbutski\Documents\VSCode Solutions Folder\UpdateSolution\UpdateService\Pipes\PipeServer.cs:line 224
   at UpdateService.Pipes.PipeServer.RunOneNotificationCycleAsync(PipeMessage outbound, CancellationToken cancellationToken) in C:\Users\sbutski\Documents\VSCode Solutions Folder\UpdateSolution\UpdateService\Pipes\PipeServer.cs:line 190
2026-06-19 07:58:24.775 -05:00 [WRN] (Thread 7) PipeServer: no response received — retrying notification in 15 minutes.
2026-06-19 08:13:24.790 -05:00 [INF] (Thread 7) PipeServer: pipe created — launching notifier.
2026-06-19 08:13:24.810 -05:00 [WRN] (Thread 7) PipeServer: killed stale notifier process (PID 11992).
2026-06-19 08:13:24.810 -05:00 [INF] (Thread 7) UserProcessLauncher: launching 'C:\Program Files\CapTG Updater\UpdateNotifier.exe' as active user.
2026-06-19 08:13:24.811 -05:00 [DBG] (Thread 7) UserProcessLauncher: console session 1 has a valid user token.
2026-06-19 08:13:24.811 -05:00 [DBG] (Thread 7) UserProcessLauncher: using session ID = 1.
2026-06-19 08:13:24.821 -05:00 [INF] (Thread 7) UserProcessLauncher: 'C:\Program Files\CapTG Updater\UpdateNotifier.exe' launched in session 1.
2026-06-19 08:13:24.821 -05:00 [DBG] (Thread 7) PipeServer: waiting for notifier to connect.
2026-06-19 08:13:25.079 -05:00 [INF] (Thread 10) PipeServer: notifier connected.
2026-06-19 08:13:25.087 -05:00 [DBG] (Thread 10) PipeServer: RebootRequired message sent.
2026-06-19 08:19:11.447 -05:00 [INF] (Thread 10) PipeServer: received UserResponse — SnoozeMinutes=360
2026-06-19 08:19:11.447 -05:00 [INF] (Thread 10) PipeServer: user snoozed for 360 minutes (snoozeCount=1).
2026-06-19 14:19:11.502 -05:00 [INF] (Thread 25) PipeServer: pipe created — launching notifier.
2026-06-19 14:19:11.527 -05:00 [INF] (Thread 25) UserProcessLauncher: launching 'C:\Program Files\CapTG Updater\UpdateNotifier.exe' as active user.
2026-06-19 14:19:11.531 -05:00 [DBG] (Thread 25) UserProcessLauncher: console session 1 has a valid user token.
2026-06-19 14:19:11.531 -05:00 [DBG] (Thread 25) UserProcessLauncher: using session ID = 1.
2026-06-19 14:19:11.547 -05:00 [INF] (Thread 25) UserProcessLauncher: 'C:\Program Files\CapTG Updater\UpdateNotifier.exe' launched in session 1.
2026-06-19 14:19:11.547 -05:00 [DBG] (Thread 25) PipeServer: waiting for notifier to connect.
2026-06-19 14:19:11.839 -05:00 [INF] (Thread 25) PipeServer: notifier connected.
2026-06-19 14:19:11.848 -05:00 [DBG] (Thread 20) PipeServer: RebootRequired message sent.
2026-06-19 14:19:18.273 -05:00 [INF] (Thread 22) PipeServer: received UserResponse — SnoozeMinutes=180
2026-06-19 14:19:18.273 -05:00 [INF] (Thread 22) PipeServer: user snoozed for 180 minutes (snoozeCount=2).
2026-06-19 17:19:18.310 -05:00 [INF] (Thread 17) PipeServer: pipe created — launching notifier.
2026-06-19 17:19:18.325 -05:00 [INF] (Thread 17) UserProcessLauncher: launching 'C:\Program Files\CapTG Updater\UpdateNotifier.exe' as active user.
2026-06-19 17:19:18.326 -05:00 [DBG] (Thread 17) UserProcessLauncher: console session 1 has a valid user token.
2026-06-19 17:19:18.326 -05:00 [DBG] (Thread 17) UserProcessLauncher: using session ID = 1.
2026-06-19 17:19:18.332 -05:00 [INF] (Thread 17) UserProcessLauncher: 'C:\Program Files\CapTG Updater\UpdateNotifier.exe' launched in session 1.
2026-06-19 17:19:18.332 -05:00 [DBG] (Thread 17) PipeServer: waiting for notifier to connect.
2026-06-19 17:19:18.599 -05:00 [INF] (Thread 21) PipeServer: notifier connected.
2026-06-19 17:19:18.608 -05:00 [DBG] (Thread 26) PipeServer: RebootRequired message sent.
