2026-06-14 04:14:42.457 -05:00 [INF] (Thread 2) UpdateNotifier logging initialised. Directory: C:\ProgramData\CapTG\Logs
2026-06-14 04:14:42.478 -05:00 [INF] (Thread 2) UpdateNotifier: application starting.
2026-06-14 04:14:42.479 -05:00 [INF] (Thread 2) UpdateNotifier: args=C:\Program Files\CapTG Updater\UpdateNotifier.exe
2026-06-14 04:14:42.487 -05:00 [INF] (Thread 2) PipeClient: connecting to pipe 'CapTG_UpdatePipe'.
2026-06-14 04:14:42.491 -05:00 [INF] (Thread 2) PipeClient: connected.
2026-06-14 04:14:42.528 -05:00 [INF] (Thread 2) PipeClient: received message type="RebootRequired".
2026-06-14 04:14:42.532 -05:00 [INF] (Thread 2) SnoozeManager initialised with 6 options (previousSnoozeCount=0).
2026-06-14 04:14:42.533 -05:00 [DBG] (Thread 2) MainViewModel: options refreshed. Count=6
2026-06-14 04:14:42.534 -05:00 [INF] (Thread 2) MainViewModel: loading message. KBs=0 Pkgs=0
2026-06-14 04:14:42.755 -05:00 [INF] (Thread 2) MainWindow: constructor complete.
2026-06-14 04:14:42.845 -05:00 [INF] (Thread 2) MainWindow: logo loaded from C:\Program Files\CapTG Updater\CompanyLogo.png.
2026-06-14 04:14:42.846 -05:00 [DBG] (Thread 2) MainWindow: position locked at (700, 140).
2026-06-14 04:14:42.861 -05:00 [DBG] (Thread 2) MainWindow: move attempt blocked.
2026-06-14 04:14:42.970 -05:00 [DBG] (Thread 2) MainWindow: Topmost re-asserted.
2026-06-14 12:29:42.689 -05:00 [INF] (Thread 2) UpdateNotifier logging initialised. Directory: C:\ProgramData\CapTG\Logs
2026-06-14 12:29:42.710 -05:00 [INF] (Thread 2) UpdateNotifier: application starting.
2026-06-14 12:29:42.711 -05:00 [INF] (Thread 2) UpdateNotifier: args=C:\Program Files\CapTG Updater\UpdateNotifier.exe
2026-06-14 12:29:42.719 -05:00 [INF] (Thread 2) PipeClient: connecting to pipe 'CapTG_UpdatePipe'.
2026-06-14 12:29:42.723 -05:00 [INF] (Thread 2) PipeClient: connected.
2026-06-14 12:29:42.759 -05:00 [INF] (Thread 2) PipeClient: received message type="RebootRequired".
2026-06-14 12:29:42.761 -05:00 [INF] (Thread 2) SnoozeManager initialised with 6 options (previousSnoozeCount=0).
2026-06-14 12:29:42.762 -05:00 [DBG] (Thread 2) MainViewModel: options refreshed. Count=6
2026-06-14 12:29:42.763 -05:00 [INF] (Thread 2) MainViewModel: loading message. KBs=0 Pkgs=0
2026-06-14 12:29:42.980 -05:00 [INF] (Thread 2) MainWindow: constructor complete.
2026-06-14 12:29:43.066 -05:00 [INF] (Thread 2) MainWindow: logo loaded from C:\Program Files\CapTG Updater\CompanyLogo.png.
2026-06-14 12:29:43.066 -05:00 [DBG] (Thread 2) MainWindow: position locked at (700, 140).
2026-06-14 12:29:43.081 -05:00 [DBG] (Thread 2) MainWindow: move attempt blocked.
2026-06-14 12:29:43.084 -05:00 [DBG] (Thread 2) MainWindow: Topmost re-asserted.
2026-06-14 20:44:42.915 -05:00 [INF] (Thread 2) UpdateNotifier logging initialised. Directory: C:\ProgramData\CapTG\Logs
2026-06-14 20:44:42.936 -05:00 [INF] (Thread 2) UpdateNotifier: application starting.
2026-06-14 20:44:42.936 -05:00 [INF] (Thread 2) UpdateNotifier: args=C:\Program Files\CapTG Updater\UpdateNotifier.exe
2026-06-14 20:44:42.944 -05:00 [INF] (Thread 2) PipeClient: connecting to pipe 'CapTG_UpdatePipe'.
2026-06-14 20:44:42.948 -05:00 [INF] (Thread 2) PipeClient: connected.
2026-06-14 20:44:42.984 -05:00 [INF] (Thread 2) PipeClient: received message type="RebootRequired".
2026-06-14 20:44:42.986 -05:00 [INF] (Thread 2) SnoozeManager initialised with 6 options (previousSnoozeCount=0).
2026-06-14 20:44:42.987 -05:00 [DBG] (Thread 2) MainViewModel: options refreshed. Count=6
2026-06-14 20:44:42.987 -05:00 [INF] (Thread 2) MainViewModel: loading message. KBs=0 Pkgs=0
2026-06-14 20:44:43.201 -05:00 [INF] (Thread 2) MainWindow: constructor complete.
2026-06-14 20:44:43.786 -05:00 [INF] (Thread 2) MainWindow: logo loaded from C:\Program Files\CapTG Updater\CompanyLogo.png.
2026-06-14 20:44:43.786 -05:00 [DBG] (Thread 2) MainWindow: position locked at (700, 140).
2026-06-14 20:44:43.803 -05:00 [DBG] (Thread 2) MainWindow: move attempt blocked.
2026-06-14 20:44:43.807 -05:00 [DBG] (Thread 2) MainWindow: Topmost re-asserted.
