2026-06-13 11:44:41.894 -05:00 [INF] (Thread 2) UpdateNotifier logging initialised. Directory: C:\ProgramData\CapTG\Logs
2026-06-13 11:44:41.920 -05:00 [INF] (Thread 2) UpdateNotifier: application starting.
2026-06-13 11:44:41.920 -05:00 [INF] (Thread 2) UpdateNotifier: args=C:\Program Files\CapTG Updater\UpdateNotifier.exe
2026-06-13 11:44:41.928 -05:00 [INF] (Thread 2) PipeClient: connecting to pipe 'CapTG_UpdatePipe'.
2026-06-13 11:44:41.933 -05:00 [INF] (Thread 2) PipeClient: connected.
2026-06-13 11:44:41.976 -05:00 [INF] (Thread 2) PipeClient: received message type="RebootRequired".
2026-06-13 11:44:41.979 -05:00 [INF] (Thread 2) SnoozeManager initialised with 6 options (previousSnoozeCount=0).
2026-06-13 11:44:41.980 -05:00 [DBG] (Thread 2) MainViewModel: options refreshed. Count=6
2026-06-13 11:44:41.980 -05:00 [INF] (Thread 2) MainViewModel: loading message. KBs=0 Pkgs=0
2026-06-13 11:44:42.181 -05:00 [INF] (Thread 2) MainWindow: constructor complete.
2026-06-13 11:44:42.276 -05:00 [INF] (Thread 2) MainWindow: logo loaded from C:\Program Files\CapTG Updater\CompanyLogo.png.
2026-06-13 11:44:42.276 -05:00 [DBG] (Thread 2) MainWindow: position locked at (700, 140).
2026-06-13 11:44:42.292 -05:00 [DBG] (Thread 2) MainWindow: move attempt blocked.
2026-06-13 11:44:42.295 -05:00 [DBG] (Thread 2) MainWindow: Topmost re-asserted.
2026-06-13 19:59:42.212 -05:00 [INF] (Thread 2) UpdateNotifier logging initialised. Directory: C:\ProgramData\CapTG\Logs
2026-06-13 19:59:42.234 -05:00 [INF] (Thread 2) UpdateNotifier: application starting.
2026-06-13 19:59:42.234 -05:00 [INF] (Thread 2) UpdateNotifier: args=C:\Program Files\CapTG Updater\UpdateNotifier.exe
2026-06-13 19:59:42.243 -05:00 [INF] (Thread 2) PipeClient: connecting to pipe 'CapTG_UpdatePipe'.
2026-06-13 19:59:42.247 -05:00 [INF] (Thread 2) PipeClient: connected.
2026-06-13 19:59:42.285 -05:00 [INF] (Thread 2) PipeClient: received message type="RebootRequired".
2026-06-13 19:59:42.287 -05:00 [INF] (Thread 2) SnoozeManager initialised with 6 options (previousSnoozeCount=0).
2026-06-13 19:59:42.288 -05:00 [DBG] (Thread 2) MainViewModel: options refreshed. Count=6
2026-06-13 19:59:42.288 -05:00 [INF] (Thread 2) MainViewModel: loading message. KBs=0 Pkgs=0
2026-06-13 19:59:42.517 -05:00 [INF] (Thread 2) MainWindow: constructor complete.
2026-06-13 19:59:42.604 -05:00 [INF] (Thread 2) MainWindow: logo loaded from C:\Program Files\CapTG Updater\CompanyLogo.png.
2026-06-13 19:59:42.604 -05:00 [DBG] (Thread 2) MainWindow: position locked at (700, 140).
2026-06-13 19:59:42.619 -05:00 [DBG] (Thread 2) MainWindow: move attempt blocked.
2026-06-13 19:59:42.808 -05:00 [DBG] (Thread 2) MainWindow: Topmost re-asserted.
