2026-06-15 04:59:43.155 -05:00 [INF] (Thread 2) UpdateNotifier logging initialised. Directory: C:\ProgramData\CapTG\Logs
2026-06-15 04:59:43.182 -05:00 [INF] (Thread 2) UpdateNotifier: application starting.
2026-06-15 04:59:43.183 -05:00 [INF] (Thread 2) UpdateNotifier: args=C:\Program Files\CapTG Updater\UpdateNotifier.exe
2026-06-15 04:59:43.191 -05:00 [INF] (Thread 2) PipeClient: connecting to pipe 'CapTG_UpdatePipe'.
2026-06-15 04:59:43.195 -05:00 [INF] (Thread 2) PipeClient: connected.
2026-06-15 04:59:43.230 -05:00 [INF] (Thread 2) PipeClient: received message type="RebootRequired".
2026-06-15 04:59:43.235 -05:00 [INF] (Thread 2) SnoozeManager initialised with 6 options (previousSnoozeCount=0).
2026-06-15 04:59:43.236 -05:00 [DBG] (Thread 2) MainViewModel: options refreshed. Count=6
2026-06-15 04:59:43.236 -05:00 [INF] (Thread 2) MainViewModel: loading message. KBs=0 Pkgs=0
2026-06-15 04:59:43.450 -05:00 [INF] (Thread 2) MainWindow: constructor complete.
2026-06-15 04:59:43.540 -05:00 [INF] (Thread 2) MainWindow: logo loaded from C:\Program Files\CapTG Updater\CompanyLogo.png.
2026-06-15 04:59:43.540 -05:00 [DBG] (Thread 2) MainWindow: position locked at (700, 140).
2026-06-15 04:59:43.557 -05:00 [DBG] (Thread 2) MainWindow: move attempt blocked.
2026-06-15 04:59:43.769 -05:00 [DBG] (Thread 2) MainWindow: Topmost re-asserted.
2026-06-15 08:35:55.711 -05:00 [INF] (Thread 2) MainViewModel: user confirmed choice: 'Snooze for 6 Hours' ("06:00:00").
2026-06-15 08:35:55.712 -05:00 [INF] (Thread 2) SnoozeManager: user snoozed for "06:00:00". Options before removal: 6
2026-06-15 08:35:55.713 -05:00 [INF] (Thread 2) SnoozeManager: removed option 'Snooze for 6 Hours'. Remaining: 5
2026-06-15 08:35:55.714 -05:00 [INF] (Thread 2) App: user chose 'Snooze for 6 Hours' (360 min).
2026-06-15 08:35:55.715 -05:00 [INF] (Thread 2) PipeClient: sending UserResponse — SnoozeMinutes=360.
2026-06-15 08:35:55.728 -05:00 [INF] (Thread 2) MainWindow: user decided 'Snooze for 6 Hours'. Closing window.
2026-06-15 08:35:55.747 -05:00 [DBG] (Thread 2) PipeClient: wrote 144 bytes to pipe.
2026-06-15 08:35:55.748 -05:00 [DBG] (Thread 2) PipeClient: disposed.
2026-06-15 08:35:55.749 -05:00 [INF] (Thread 2) UpdateNotifier: exiting with code 0.
2026-06-15 14:35:56.008 -05:00 [INF] (Thread 2) UpdateNotifier logging initialised. Directory: C:\ProgramData\CapTG\Logs
2026-06-15 14:35:56.031 -05:00 [INF] (Thread 2) UpdateNotifier: application starting.
2026-06-15 14:35:56.031 -05:00 [INF] (Thread 2) UpdateNotifier: args=C:\Program Files\CapTG Updater\UpdateNotifier.exe
2026-06-15 14:35:56.040 -05:00 [INF] (Thread 2) PipeClient: connecting to pipe 'CapTG_UpdatePipe'.
2026-06-15 14:35:56.045 -05:00 [INF] (Thread 2) PipeClient: connected.
2026-06-15 14:35:56.086 -05:00 [INF] (Thread 2) PipeClient: received message type="RebootRequired".
2026-06-15 14:35:56.088 -05:00 [INF] (Thread 2) SnoozeManager initialised with 5 options (previousSnoozeCount=1).
2026-06-15 14:35:56.090 -05:00 [DBG] (Thread 2) MainViewModel: options refreshed. Count=5
2026-06-15 14:35:56.090 -05:00 [INF] (Thread 2) MainViewModel: loading message. KBs=0 Pkgs=0
2026-06-15 14:35:56.314 -05:00 [INF] (Thread 2) MainWindow: constructor complete.
2026-06-15 14:35:56.427 -05:00 [INF] (Thread 2) MainWindow: logo loaded from C:\Program Files\CapTG Updater\CompanyLogo.png.
2026-06-15 14:35:56.427 -05:00 [DBG] (Thread 2) MainWindow: position locked at (700, 140).
2026-06-15 14:35:56.449 -05:00 [DBG] (Thread 2) MainWindow: move attempt blocked.
2026-06-15 14:35:56.455 -05:00 [DBG] (Thread 2) MainWindow: Topmost re-asserted.
2026-06-15 14:37:40.320 -05:00 [INF] (Thread 2) MainViewModel: user confirmed choice: 'Snooze for 3 Hours' ("03:00:00").
2026-06-15 14:37:40.321 -05:00 [INF] (Thread 2) SnoozeManager: user snoozed for "03:00:00". Options before removal: 5
2026-06-15 14:37:40.321 -05:00 [INF] (Thread 2) SnoozeManager: removed option 'Snooze for 3 Hours'. Remaining: 4
2026-06-15 14:37:40.323 -05:00 [INF] (Thread 2) App: user chose 'Snooze for 3 Hours' (180 min).
2026-06-15 14:37:40.323 -05:00 [INF] (Thread 2) PipeClient: sending UserResponse — SnoozeMinutes=180.
2026-06-15 14:37:40.328 -05:00 [INF] (Thread 2) MainWindow: user decided 'Snooze for 3 Hours'. Closing window.
2026-06-15 14:37:40.352 -05:00 [DBG] (Thread 2) PipeClient: wrote 144 bytes to pipe.
2026-06-15 14:37:40.354 -05:00 [DBG] (Thread 2) PipeClient: disposed.
2026-06-15 14:37:40.355 -05:00 [INF] (Thread 2) UpdateNotifier: exiting with code 0.
2026-06-15 17:37:40.592 -05:00 [INF] (Thread 2) UpdateNotifier logging initialised. Directory: C:\ProgramData\CapTG\Logs
2026-06-15 17:37:40.614 -05:00 [INF] (Thread 2) UpdateNotifier: application starting.
2026-06-15 17:37:40.614 -05:00 [INF] (Thread 2) UpdateNotifier: args=C:\Program Files\CapTG Updater\UpdateNotifier.exe
2026-06-15 17:37:40.623 -05:00 [INF] (Thread 2) PipeClient: connecting to pipe 'CapTG_UpdatePipe'.
2026-06-15 17:37:40.627 -05:00 [INF] (Thread 2) PipeClient: connected.
2026-06-15 17:37:40.664 -05:00 [INF] (Thread 2) PipeClient: received message type="RebootRequired".
2026-06-15 17:37:40.666 -05:00 [INF] (Thread 2) SnoozeManager initialised with 4 options (previousSnoozeCount=2).
2026-06-15 17:37:40.667 -05:00 [DBG] (Thread 2) MainViewModel: options refreshed. Count=4
2026-06-15 17:37:40.667 -05:00 [INF] (Thread 2) MainViewModel: loading message. KBs=0 Pkgs=0
2026-06-15 17:37:40.881 -05:00 [INF] (Thread 2) MainWindow: constructor complete.
2026-06-15 17:37:40.972 -05:00 [INF] (Thread 2) MainWindow: logo loaded from C:\Program Files\CapTG Updater\CompanyLogo.png.
2026-06-15 17:37:40.973 -05:00 [DBG] (Thread 2) MainWindow: position locked at (700, 140).
2026-06-15 17:37:40.989 -05:00 [DBG] (Thread 2) MainWindow: move attempt blocked.
2026-06-15 17:37:40.993 -05:00 [DBG] (Thread 2) MainWindow: Topmost re-asserted.
