2026-06-29 01:31:14.426 -05:00 [INF] (Thread 2) UpdateNotifier logging initialised. Directory: C:\ProgramData\CapTG\Logs
2026-06-29 01:31:14.447 -05:00 [INF] (Thread 2) UpdateNotifier: application starting.
2026-06-29 01:31:14.448 -05:00 [INF] (Thread 2) UpdateNotifier: args=C:\Program Files\CapTG Updater\UpdateNotifier.exe
2026-06-29 01:31:14.456 -05:00 [INF] (Thread 2) PipeClient: connecting to pipe 'CapTG_UpdatePipe'.
2026-06-29 01:31:14.467 -05:00 [INF] (Thread 2) PipeClient: connected.
2026-06-29 01:31:14.504 -05:00 [INF] (Thread 2) PipeClient: received message type="RebootRequired".
2026-06-29 01:31:14.507 -05:00 [INF] (Thread 2) SnoozeManager initialised with 6 options (previousSnoozeCount=0).
2026-06-29 01:31:14.508 -05:00 [DBG] (Thread 2) MainViewModel: options refreshed. Count=6
2026-06-29 01:31:14.509 -05:00 [INF] (Thread 2) MainViewModel: loading message. KBs=0 Pkgs=0
2026-06-29 01:31:14.722 -05:00 [INF] (Thread 2) MainWindow: constructor complete.
2026-06-29 01:31:14.805 -05:00 [INF] (Thread 2) MainWindow: logo loaded from C:\Program Files\CapTG Updater\CompanyLogo.png.
2026-06-29 01:31:14.805 -05:00 [DBG] (Thread 2) MainWindow: position locked at (700, 140).
2026-06-29 01:31:14.820 -05:00 [DBG] (Thread 2) MainWindow: move attempt blocked.
2026-06-29 01:31:14.824 -05:00 [DBG] (Thread 2) MainWindow: Topmost re-asserted.
2026-06-29 07:45:10.481 -05:00 [INF] (Thread 2) MainViewModel: user confirmed choice: 'Snooze for 6 Hours' ("06:00:00").
2026-06-29 07:45:10.481 -05:00 [INF] (Thread 2) SnoozeManager: user snoozed for "06:00:00". Options before removal: 6
2026-06-29 07:45:10.482 -05:00 [INF] (Thread 2) SnoozeManager: removed option 'Snooze for 6 Hours'. Remaining: 5
2026-06-29 07:45:10.483 -05:00 [INF] (Thread 2) App: user chose 'Snooze for 6 Hours' (360 min).
2026-06-29 07:45:10.483 -05:00 [INF] (Thread 2) PipeClient: sending UserResponse — SnoozeMinutes=360.
2026-06-29 07:45:10.494 -05:00 [INF] (Thread 2) MainWindow: user decided 'Snooze for 6 Hours'. Closing window.
2026-06-29 07:45:10.507 -05:00 [DBG] (Thread 2) PipeClient: wrote 144 bytes to pipe.
2026-06-29 07:45:10.508 -05:00 [DBG] (Thread 2) PipeClient: disposed.
2026-06-29 07:45:10.508 -05:00 [INF] (Thread 2) UpdateNotifier: exiting with code 0.
