2026-06-20 01:34:19.031 -05:00 [INF] (Thread 2) UpdateNotifier logging initialised. Directory: C:\ProgramData\CapTG\Logs
2026-06-20 01:34:19.053 -05:00 [INF] (Thread 2) UpdateNotifier: application starting.
2026-06-20 01:34:19.053 -05:00 [INF] (Thread 2) UpdateNotifier: args=C:\Program Files\CapTG Updater\UpdateNotifier.exe
2026-06-20 01:34:19.061 -05:00 [INF] (Thread 2) PipeClient: connecting to pipe 'CapTG_UpdatePipe'.
2026-06-20 01:34:19.065 -05:00 [INF] (Thread 2) PipeClient: connected.
2026-06-20 01:34:19.103 -05:00 [INF] (Thread 2) PipeClient: received message type="RebootRequired".
2026-06-20 01:34:19.111 -05:00 [INF] (Thread 2) SnoozeManager initialised with 4 options (previousSnoozeCount=2).
2026-06-20 01:34:19.112 -05:00 [DBG] (Thread 2) MainViewModel: options refreshed. Count=4
2026-06-20 01:34:19.112 -05:00 [INF] (Thread 2) MainViewModel: loading message. KBs=0 Pkgs=0
2026-06-20 01:34:19.338 -05:00 [INF] (Thread 2) MainWindow: constructor complete.
2026-06-20 01:34:19.431 -05:00 [INF] (Thread 2) MainWindow: logo loaded from C:\Program Files\CapTG Updater\CompanyLogo.png.
2026-06-20 01:34:19.432 -05:00 [DBG] (Thread 2) MainWindow: position locked at (700, 140).
2026-06-20 01:34:19.450 -05:00 [DBG] (Thread 2) MainWindow: move attempt blocked.
2026-06-20 01:34:19.607 -05:00 [DBG] (Thread 2) MainWindow: Topmost re-asserted.
2026-06-20 09:49:19.421 -05:00 [INF] (Thread 2) UpdateNotifier logging initialised. Directory: C:\ProgramData\CapTG\Logs
2026-06-20 09:49:19.441 -05:00 [INF] (Thread 2) UpdateNotifier: application starting.
2026-06-20 09:49:19.442 -05:00 [INF] (Thread 2) UpdateNotifier: args=C:\Program Files\CapTG Updater\UpdateNotifier.exe
2026-06-20 09:49:19.450 -05:00 [INF] (Thread 2) PipeClient: connecting to pipe 'CapTG_UpdatePipe'.
2026-06-20 09:49:19.454 -05:00 [INF] (Thread 2) PipeClient: connected.
2026-06-20 09:49:19.490 -05:00 [INF] (Thread 2) PipeClient: received message type="RebootRequired".
2026-06-20 09:49:19.493 -05:00 [INF] (Thread 2) SnoozeManager initialised with 4 options (previousSnoozeCount=2).
2026-06-20 09:49:19.494 -05:00 [DBG] (Thread 2) MainViewModel: options refreshed. Count=4
2026-06-20 09:49:19.495 -05:00 [INF] (Thread 2) MainViewModel: loading message. KBs=0 Pkgs=0
2026-06-20 09:49:19.712 -05:00 [INF] (Thread 2) MainWindow: constructor complete.
2026-06-20 09:49:19.803 -05:00 [INF] (Thread 2) MainWindow: logo loaded from C:\Program Files\CapTG Updater\CompanyLogo.png.
2026-06-20 09:49:19.804 -05:00 [DBG] (Thread 2) MainWindow: position locked at (700, 140).
2026-06-20 09:49:19.820 -05:00 [DBG] (Thread 2) MainWindow: move attempt blocked.
2026-06-20 09:49:19.980 -05:00 [DBG] (Thread 2) MainWindow: Topmost re-asserted.
2026-06-20 18:04:19.791 -05:00 [INF] (Thread 2) UpdateNotifier logging initialised. Directory: C:\ProgramData\CapTG\Logs
2026-06-20 18:04:19.812 -05:00 [INF] (Thread 2) UpdateNotifier: application starting.
2026-06-20 18:04:19.813 -05:00 [INF] (Thread 2) UpdateNotifier: args=C:\Program Files\CapTG Updater\UpdateNotifier.exe
2026-06-20 18:04:19.821 -05:00 [INF] (Thread 2) PipeClient: connecting to pipe 'CapTG_UpdatePipe'.
2026-06-20 18:04:19.825 -05:00 [INF] (Thread 2) PipeClient: connected.
2026-06-20 18:04:19.862 -05:00 [INF] (Thread 2) PipeClient: received message type="RebootRequired".
2026-06-20 18:04:19.865 -05:00 [INF] (Thread 2) SnoozeManager initialised with 4 options (previousSnoozeCount=2).
2026-06-20 18:04:19.866 -05:00 [DBG] (Thread 2) MainViewModel: options refreshed. Count=4
2026-06-20 18:04:19.866 -05:00 [INF] (Thread 2) MainViewModel: loading message. KBs=0 Pkgs=0
2026-06-20 18:04:20.085 -05:00 [INF] (Thread 2) MainWindow: constructor complete.
2026-06-20 18:04:20.179 -05:00 [INF] (Thread 2) MainWindow: logo loaded from C:\Program Files\CapTG Updater\CompanyLogo.png.
2026-06-20 18:04:20.180 -05:00 [DBG] (Thread 2) MainWindow: position locked at (700, 140).
2026-06-20 18:04:20.198 -05:00 [DBG] (Thread 2) MainWindow: move attempt blocked.
2026-06-20 18:04:20.203 -05:00 [DBG] (Thread 2) MainWindow: Topmost re-asserted.
