2026-06-27 08:16:12.660 -05:00 [INF] (Thread 2) UpdateNotifier logging initialised. Directory: C:\ProgramData\CapTG\Logs
2026-06-27 08:16:12.681 -05:00 [INF] (Thread 2) UpdateNotifier: application starting.
2026-06-27 08:16:12.681 -05:00 [INF] (Thread 2) UpdateNotifier: args=C:\Program Files\CapTG Updater\UpdateNotifier.exe
2026-06-27 08:16:12.689 -05:00 [INF] (Thread 2) PipeClient: connecting to pipe 'CapTG_UpdatePipe'.
2026-06-27 08:16:12.693 -05:00 [INF] (Thread 2) PipeClient: connected.
2026-06-27 08:16:12.771 -05:00 [INF] (Thread 2) PipeClient: received message type="RebootRequired".
2026-06-27 08:16:12.774 -05:00 [INF] (Thread 2) SnoozeManager initialised with 6 options (previousSnoozeCount=0).
2026-06-27 08:16:12.775 -05:00 [DBG] (Thread 2) MainViewModel: options refreshed. Count=6
2026-06-27 08:16:12.776 -05:00 [INF] (Thread 2) MainViewModel: loading message. KBs=0 Pkgs=0
2026-06-27 08:16:12.975 -05:00 [INF] (Thread 2) MainWindow: constructor complete.
2026-06-27 08:16:13.061 -05:00 [INF] (Thread 2) MainWindow: logo loaded from C:\Program Files\CapTG Updater\CompanyLogo.png.
2026-06-27 08:16:13.061 -05:00 [DBG] (Thread 2) MainWindow: position locked at (700, 140).
2026-06-27 08:16:13.076 -05:00 [DBG] (Thread 2) MainWindow: move attempt blocked.
2026-06-27 08:16:13.080 -05:00 [DBG] (Thread 2) MainWindow: Topmost re-asserted.
2026-06-27 16:31:13.074 -05:00 [INF] (Thread 2) UpdateNotifier logging initialised. Directory: C:\ProgramData\CapTG\Logs
2026-06-27 16:31:13.095 -05:00 [INF] (Thread 2) UpdateNotifier: application starting.
2026-06-27 16:31:13.095 -05:00 [INF] (Thread 2) UpdateNotifier: args=C:\Program Files\CapTG Updater\UpdateNotifier.exe
2026-06-27 16:31:13.103 -05:00 [INF] (Thread 2) PipeClient: connecting to pipe 'CapTG_UpdatePipe'.
2026-06-27 16:31:13.107 -05:00 [INF] (Thread 2) PipeClient: connected.
2026-06-27 16:31:13.144 -05:00 [INF] (Thread 2) PipeClient: received message type="RebootRequired".
2026-06-27 16:31:13.146 -05:00 [INF] (Thread 2) SnoozeManager initialised with 6 options (previousSnoozeCount=0).
2026-06-27 16:31:13.147 -05:00 [DBG] (Thread 2) MainViewModel: options refreshed. Count=6
2026-06-27 16:31:13.147 -05:00 [INF] (Thread 2) MainViewModel: loading message. KBs=0 Pkgs=0
2026-06-27 16:31:13.359 -05:00 [INF] (Thread 2) MainWindow: constructor complete.
2026-06-27 16:31:13.445 -05:00 [INF] (Thread 2) MainWindow: logo loaded from C:\Program Files\CapTG Updater\CompanyLogo.png.
2026-06-27 16:31:13.445 -05:00 [DBG] (Thread 2) MainWindow: position locked at (700, 140).
2026-06-27 16:31:13.461 -05:00 [DBG] (Thread 2) MainWindow: move attempt blocked.
2026-06-27 16:31:13.464 -05:00 [DBG] (Thread 2) MainWindow: Topmost re-asserted.
