2026-07-29 18:13:08.328 -05:00 [INF] (Thread 2) Logging initialized. Directory: C:\ProgramData\CapTG\UpdateService\logs
2026-07-29 18:13:08.366 -05:00 [INF] (Thread 2) CapTG UpdateService starting. Args: []
2026-07-29 18:13:08.367 -05:00 [INF] (Thread 2) Detected InstallationType 'Client', wrote InstType = Client.
2026-07-29 18:13:08.370 -05:00 [INF] (Thread 2) Notifier path: C:\Program Files\CapTG Updater\UpdateNotifier.exe
2026-07-29 18:13:08.463 -05:00 [INF] (Thread 2) Host built — handing control to the SCM.
2026-07-29 18:13:08.512 -05:00 [INF] (Thread 10) UpdateBackgroundService: update interval = "01:00:00"
2026-07-29 18:13:08.518 -05:00 [INF] (Thread 10) UpdateBackgroundService: StartAsync called by SCM.
2026-07-29 18:13:08.520 -05:00 [INF] (Thread 11) UpdateBackgroundService: service started. Initial delay = "00:02:00".
2026-07-29 18:13:08.522 -05:00 [INF] (Thread 11) WindowsUpdateWorker: pending-reboot baseline captured at service start. WU-RebootRequired=present CBS-RebootPending=present PendingFileRenameOperations=present
2026-07-29 19:13:01.890 -05:00 [INF] (Thread 3) SelfUpdater: checking for updates. Current version: 1.26.524.632
2026-07-29 19:13:02.091 -05:00 [INF] (Thread 14) SelfUpdater: remote version = 1.26.524.632.
2026-07-29 19:13:02.091 -05:00 [INF] (Thread 14) SelfUpdater: already up to date.
2026-07-29 19:13:02.092 -05:00 [INF] (Thread 14) UpdateOrchestrator: === Update cycle starting ===
2026-07-29 19:13:02.093 -05:00 [INF] (Thread 14) WindowsUpdateWorker: starting update pass.
2026-07-29 19:13:02.094 -05:00 [INF] (Thread 14) WindowsUpdateWorker: verifying PSWindowsUpdate module.
2026-07-29 19:13:02.099 -05:00 [DBG] (Thread 3) WindowsUpdateWorker: running PS script: $ProgressPreference = 'SilentlyContinue'
            $ErrorActionPreference = 'Stop'
            try {
                if (-not (Get-PackageProvider -Name NuGet -ListAvailable -ErrorAction SilentlyContinue)) {
                    Install-PackageProvider -Name NuGet -MinimumVersion 2.8.5.201 -Force -Scope AllUsers | Out-Null
                }
                Set-PSRepository -Name PSGallery -InstallationPolicy Trusted -ErrorAction SilentlyContinue
                if (-not (Get-Module -ListAvailable -Name PSWindowsUpdate -ErrorAction SilentlyContinue)) {
                    Install-Module PSWindowsUpdate -Force -SkipPublisherCheck -Scope AllUsers | Out-Null
                }
                Import-Module PSWindowsUpdate -Force -ErrorAction Stop
                try {
                    Add-WUServiceManager -MicrosoftUpdate -Confirm:$false -ErrorAction SilentlyContinue | Out-Null
                } catch {}
                Write-Output 'OK'
            } catch {
                Write-Output ('ERROR: ' + $_.Exception.Message)
            }
2026-07-29 19:13:16.947 -05:00 [INF] (Thread 16) WindowsUpdateWorker: PSWindowsUpdate module OK.
2026-07-29 19:13:16.948 -05:00 [DBG] (Thread 3) WindowsUpdateWorker: running PS script: Import-Module PSWindowsUpdate -ErrorAction Stop
        $ProgressPreference = 'SilentlyContinue'

        # Force the Windows Update Agent to scan before installing.
        # Fixes 0x80248007 (WU_E_DS_NODATA) on fresh builds or machines
        # whose update data store has not been initialised yet.
        try {
            Start-Process -FilePath 'UsoClient.exe' `
                -ArgumentList 'StartScan' `
                -Wait -NoNewWindow -ErrorAction SilentlyContinue
            Start-Sleep -Seconds 30
        } catch {}

        # 2>&1 merges stderr into the pipeline mixing strings with update
        # objects -- we filter them out in the foreach loop below.
        $rawOutput = Install-WindowsUpdate `
            -MicrosoftUpdate `
            -AcceptAll `
            -IgnoreReboot `
            -Install `
            -ErrorAction Continue 2>&1

        # Use a hashtable keyed on Title to keep only the LAST result per update.
        # PSWindowsUpdate emits objects at multiple pipeline stages (search, download,
        # install); overwriting ensures we capture the final post-install ResultCode
        # rather than an early ResultCode=0 (NotStarted).
        $byKey = @{}

        foreach ($u in $rawOutput) {
            if ($null -eq $u -or $u -isnot [PSObject]) { continue }
            if (-not ($u.PSObject.Properties.Name -contains 'Title')) { continue }
            if ([string]::IsNullOrWhiteSpace($u.Title)) { continue }

            $resultCode = 0
            try { $resultCode = [int]$u.ResultCode } catch { $resultCode = 4 }
            $succeeded = ($resultCode -eq 2 -or $resultCode -eq 3)

            # ResultCode=0 means NotStarted — treat as Skipped, not Failed.
            $status = if ($succeeded) { 'Succeeded' } elseif ($resultCode -eq 0) { 'Skipped' } else { 'Failed' }

            $kb = ''
            try {
                if ($u.KBArticleIDs -and $u.KBArticleIDs.Count -gt 0) {
                    $kb = 'KB' + $u.KBArticleIDs[0]
                }
            } catch {}

            $needsReboot = $false
            try { $needsReboot = [bool]$u.RebootRequired } catch {}

            $byKey[$u.Title] = [PSCustomObject]@{
                Identifier     = $kb
                Title          = [string]$u.Title
                Status         = $status
                ErrorMessage   = if ($succeeded -or $resultCode -eq 0) { '' } else { 'ResultCode=' + $resultCode }
                RebootRequired = $needsReboot
                AttemptedAt    = (Get-Date -Format 'o')
            }
        }

        $results = @($byKey.Values)

        if ($results.Count -eq 0) {
            Write-Output '[]'
        } else {
            $results | ConvertTo-Json -Compress
        }
2026-07-29 19:19:11.354 -05:00 [INF] (Thread 14) WindowsUpdateWorker: WU RebootRequired key present but unchanged since service start — ignoring as stale.
2026-07-29 19:19:11.355 -05:00 [INF] (Thread 14) WindowsUpdateWorker: CBS RebootPending key present but unchanged since service start — ignoring as stale.
2026-07-29 19:19:11.355 -05:00 [INF] (Thread 14) WindowsUpdateWorker: no updates installed — system reboot is already pending.
2026-07-29 19:19:11.355 -05:00 [INF] (Thread 14) WindowsUpdateWorker: pass complete. Total=6 Succeeded=1 Failed=0 Skipped=5
2026-07-29 19:19:11.363 -05:00 [INF] (Thread 14) WingetWorker: starting upgrade pass.
2026-07-29 19:19:11.460 -05:00 [DBG] (Thread 14) WingetWorker: using winget at C:\Program Files\WindowsApps\Microsoft.DesktopAppInstaller_1.29.280.0_x64__8wekyb3d8bbwe\winget.exe
2026-07-29 19:19:11.460 -05:00 [DBG] (Thread 14) WingetWorker: winget upgrade --include-unknown --accept-source-agreements
2026-07-29 19:21:57.501 -05:00 [WRN] (Thread 19) WingetWorker: listing upgrades returned exit code -1978335157. Stderr: 
2026-07-29 19:21:57.502 -05:00 [INF] (Thread 19) WingetWorker: no winget upgrades available.
2026-07-29 19:21:57.503 -05:00 [INF] (Thread 19) UpdateOrchestrator: cycle complete. Total=6 Succeeded=1 Failed=0 RebootRequired=true
2026-07-29 19:21:57.503 -05:00 [INF] (Thread 19) UpdateOrchestrator: reboot is required — notifying logged-in user.
2026-07-29 19:21:57.511 -05:00 [INF] (Thread 19) PipeServer: pipe created — launching notifier.
2026-07-29 19:21:57.520 -05:00 [INF] (Thread 19) UserProcessLauncher: launching 'C:\Program Files\CapTG Updater\UpdateNotifier.exe' as active user.
2026-07-29 19:21:57.523 -05:00 [DBG] (Thread 19) UserProcessLauncher: console session 3 has a valid user token.
2026-07-29 19:21:57.524 -05:00 [DBG] (Thread 19) UserProcessLauncher: using session ID = 3.
2026-07-29 19:21:57.581 -05:00 [INF] (Thread 19) UserProcessLauncher: 'C:\Program Files\CapTG Updater\UpdateNotifier.exe' launched in session 3.
2026-07-29 19:21:57.581 -05:00 [DBG] (Thread 19) PipeServer: waiting for notifier to connect.
2026-07-29 19:24:28.628 -05:00 [WRN] (Thread 19) PipeServer: notifier did not connect within 60 seconds.
2026-07-29 19:24:28.630 -05:00 [WRN] (Thread 19) PipeServer: no response received — retrying notification in 15 minutes.
