2026-07-29 10:10:12.156 -05:00 [INF] (Thread 2) UpdateNotifier logging initialised. Directory: C:\ProgramData\CapTG\UpdateService\logs
2026-07-29 10:10:12.183 -05:00 [INF] (Thread 2) UpdateNotifier: application starting.
2026-07-29 10:10:12.183 -05:00 [INF] (Thread 2) UpdateNotifier: args=C:\Program Files\CapTG Updater\UpdateNotifier.exe
2026-07-29 10:10:12.193 -05:00 [INF] (Thread 2) PipeClient: connecting to pipe 'CapTG_UpdatePipe'.
2026-07-29 10:10:12.199 -05:00 [INF] (Thread 2) PipeClient: connected.
2026-07-29 10:10:12.268 -05:00 [INF] (Thread 2) PipeClient: received message type="RebootRequired".
2026-07-29 10:10:12.271 -05:00 [INF] (Thread 2) SnoozeManager initialised with 7 options (previousSnoozeCount=0).
2026-07-29 10:10:12.272 -05:00 [DBG] (Thread 2) MainViewModel: options refreshed. Count=7
2026-07-29 10:10:12.273 -05:00 [INF] (Thread 2) MainViewModel: loading message. KBs=0 Pkgs=0
2026-07-29 10:10:12.637 -05:00 [INF] (Thread 2) MainWindow: constructor complete.
2026-07-29 10:10:13.023 -05:00 [INF] (Thread 2) MainWindow: logo loaded from C:\Program Files\CapTG Updater\CompanyLogo.png.
2026-07-29 10:10:13.024 -05:00 [DBG] (Thread 2) MainWindow: position locked at (580, 136).
2026-07-29 10:10:13.049 -05:00 [DBG] (Thread 2) MainWindow: move attempt blocked.
2026-07-29 10:10:13.054 -05:00 [DBG] (Thread 2) MainWindow: Topmost re-asserted.
2026-07-29 10:30:47.226 -05:00 [INF] (Thread 2) MainViewModel: user confirmed choice: 'Reboot Now' ("00:00:00").
2026-07-29 10:30:47.226 -05:00 [INF] (Thread 2) MainWindow: user decided 'Reboot Now'. Closing window.
2026-07-29 10:30:47.255 -05:00 [INF] (Thread 2) App: user chose 'Reboot Now' (0 min).
2026-07-29 10:30:47.256 -05:00 [INF] (Thread 2) PipeClient: sending UserResponse — SnoozeMinutes=0.
2026-07-29 10:30:47.269 -05:00 [DBG] (Thread 2) PipeClient: wrote 178 bytes to pipe.
2026-07-29 10:30:47.271 -05:00 [DBG] (Thread 2) PipeClient: disposed.
2026-07-29 10:30:47.273 -05:00 [INF] (Thread 2) UpdateNotifier: exiting with code 0.
