2026-08-14 10:51:30.748 -05:00 [INF] (Thread 2) UpdateNotifier logging initialised. Directory: C:\ProgramData\CapTG\UpdateService\logs
2026-08-14 10:51:30.784 -05:00 [INF] (Thread 2) UpdateNotifier: application starting.
2026-08-14 10:51:30.784 -05:00 [INF] (Thread 2) UpdateNotifier: args=C:\Program Files\CapTG Updater\UpdateNotifier.exe
2026-08-14 10:51:30.795 -05:00 [INF] (Thread 2) PipeClient: connecting to pipe 'CapTG_UpdatePipe'.
2026-08-14 10:51:30.802 -05:00 [INF] (Thread 2) PipeClient: connected.
2026-08-14 10:51:30.891 -05:00 [INF] (Thread 2) PipeClient: received message type="RebootRequired".
2026-08-14 10:51:30.896 -05:00 [INF] (Thread 2) SnoozeManager initialised with 7 options (previousSnoozeCount=0).
2026-08-14 10:51:30.898 -05:00 [DBG] (Thread 2) MainViewModel: options refreshed. Count=7
2026-08-14 10:51:30.898 -05:00 [INF] (Thread 2) MainViewModel: loading message. KBs=0 Pkgs=0
2026-08-14 10:51:31.358 -05:00 [INF] (Thread 2) MainWindow: constructor complete.
2026-08-14 10:51:31.731 -05:00 [INF] (Thread 2) MainWindow: logo loaded from C:\Program Files\CapTG Updater\CompanyLogo.png.
2026-08-14 10:51:31.731 -05:00 [DBG] (Thread 2) MainWindow: position locked at (580, 136).
2026-08-14 10:51:31.760 -05:00 [DBG] (Thread 2) MainWindow: move attempt blocked.
2026-08-14 10:51:31.766 -05:00 [DBG] (Thread 2) MainWindow: Topmost re-asserted.
2026-08-14 10:57:25.275 -05:00 [INF] (Thread 2) MainViewModel: user confirmed choice: 'Reboot Now' ("00:00:00").
2026-08-14 10:57:25.276 -05:00 [INF] (Thread 2) MainWindow: user decided 'Reboot Now'. Closing window.
2026-08-14 10:57:25.304 -05:00 [INF] (Thread 2) App: user chose 'Reboot Now' (0 min).
2026-08-14 10:57:25.306 -05:00 [INF] (Thread 2) PipeClient: sending UserResponse — SnoozeMinutes=0.
2026-08-14 10:57:25.321 -05:00 [DBG] (Thread 2) PipeClient: wrote 178 bytes to pipe.
2026-08-14 10:57:25.325 -05:00 [DBG] (Thread 2) PipeClient: disposed.
2026-08-14 10:57:25.328 -05:00 [INF] (Thread 2) UpdateNotifier: exiting with code 0.
