2026-08-03 08:39:21.879 -05:00 [INF] (Thread 2) UpdateNotifier logging initialised. Directory: C:\ProgramData\CapTG\UpdateService\logs
2026-08-03 08:39:21.948 -05:00 [INF] (Thread 2) UpdateNotifier: application starting.
2026-08-03 08:39:21.950 -05:00 [INF] (Thread 2) UpdateNotifier: args=C:\Program Files\CapTG Updater\UpdateNotifier.exe
2026-08-03 08:39:21.969 -05:00 [INF] (Thread 2) PipeClient: connecting to pipe 'CapTG_UpdatePipe'.
2026-08-03 08:39:21.985 -05:00 [INF] (Thread 2) PipeClient: connected.
2026-08-03 08:39:23.113 -05:00 [INF] (Thread 2) PipeClient: received message type="RebootRequired".
2026-08-03 08:39:23.121 -05:00 [INF] (Thread 2) SnoozeManager initialised with 7 options (previousSnoozeCount=0).
2026-08-03 08:39:23.124 -05:00 [DBG] (Thread 2) MainViewModel: options refreshed. Count=7
2026-08-03 08:39:23.125 -05:00 [INF] (Thread 2) MainViewModel: loading message. KBs=0 Pkgs=0
2026-08-03 08:39:24.781 -05:00 [INF] (Thread 2) MainWindow: constructor complete.
2026-08-03 08:39:26.860 -05:00 [INF] (Thread 2) MainWindow: logo loaded from C:\Program Files\CapTG Updater\CompanyLogo.png.
2026-08-03 08:39:26.860 -05:00 [DBG] (Thread 2) MainWindow: position locked at (508, 122.4).
2026-08-03 08:39:26.994 -05:00 [DBG] (Thread 2) MainWindow: move attempt blocked.
2026-08-03 08:39:27.006 -05:00 [DBG] (Thread 2) MainWindow: Topmost re-asserted.
2026-08-03 08:39:35.131 -05:00 [INF] (Thread 2) MainViewModel: user confirmed choice: 'Reboot at 5:30 PM' ("00:00:00").
2026-08-03 08:39:35.132 -05:00 [INF] (Thread 2) MainWindow: user decided 'Reboot at 5:30 PM'. Closing window.
2026-08-03 08:39:35.163 -05:00 [INF] (Thread 2) App: user chose 'Reboot at 5:30 PM' (-1 min).
2026-08-03 08:39:35.168 -05:00 [INF] (Thread 2) PipeClient: sending UserResponse — SnoozeMinutes=-1.
2026-08-03 08:39:35.192 -05:00 [DBG] (Thread 2) PipeClient: wrote 179 bytes to pipe.
2026-08-03 08:39:35.195 -05:00 [DBG] (Thread 2) PipeClient: disposed.
2026-08-03 08:39:35.200 -05:00 [INF] (Thread 2) UpdateNotifier: exiting with code 0.
