2026-08-10 03:21:02.431 -05:00 [INF] (Thread 2) UpdateNotifier logging initialised. Directory: C:\ProgramData\CapTG\UpdateService\logs
2026-08-10 03:21:02.563 -05:00 [INF] (Thread 2) UpdateNotifier: application starting.
2026-08-10 03:21:02.568 -05:00 [INF] (Thread 2) UpdateNotifier: args=C:\Program Files\CapTG Updater\UpdateNotifier.exe
2026-08-10 03:21:02.613 -05:00 [INF] (Thread 2) PipeClient: connecting to pipe 'CapTG_UpdatePipe'.
2026-08-10 03:21:15.818 -05:00 [ERR] (Thread 2) PipeClient: connection timed out.
2026-08-10 03:21:15.819 -05:00 [ERR] (Thread 2) No message received from service.
2026-08-10 03:21:15.886 -05:00 [INF] (Thread 2) UpdateNotifier: exiting with code 1.
2026-08-10 03:21:15.888 -05:00 [DBG] (Thread 2) PipeClient: disposed.
2026-08-10 03:32:40.673 -05:00 [INF] (Thread 2) UpdateNotifier logging initialised. Directory: C:\ProgramData\CapTG\UpdateService\logs
2026-08-10 03:32:40.699 -05:00 [INF] (Thread 2) UpdateNotifier: application starting.
2026-08-10 03:32:40.700 -05:00 [INF] (Thread 2) UpdateNotifier: args=C:\Program Files\CapTG Updater\UpdateNotifier.exe
2026-08-10 03:32:40.710 -05:00 [INF] (Thread 2) PipeClient: connecting to pipe 'CapTG_UpdatePipe'.
2026-08-10 03:32:40.717 -05:00 [INF] (Thread 2) PipeClient: connected.
2026-08-10 03:32:41.016 -05:00 [INF] (Thread 2) PipeClient: received message type="RebootRequired".
2026-08-10 03:32:41.019 -05:00 [INF] (Thread 2) SnoozeManager initialised with 7 options (previousSnoozeCount=0).
2026-08-10 03:32:41.020 -05:00 [DBG] (Thread 2) MainViewModel: options refreshed. Count=7
2026-08-10 03:32:41.020 -05:00 [INF] (Thread 2) MainViewModel: loading message. KBs=0 Pkgs=0
2026-08-10 03:32:41.476 -05:00 [INF] (Thread 2) MainWindow: constructor complete.
2026-08-10 03:32:41.808 -05:00 [INF] (Thread 2) MainWindow: logo loaded from C:\Program Files\CapTG Updater\CompanyLogo.png.
2026-08-10 03:32:41.808 -05:00 [DBG] (Thread 2) MainWindow: position locked at (700, 140).
2026-08-10 03:32:41.835 -05:00 [DBG] (Thread 2) MainWindow: move attempt blocked.
2026-08-10 03:32:41.844 -05:00 [DBG] (Thread 2) MainWindow: Topmost re-asserted.
2026-08-10 08:30:52.565 -05:00 [DBG] (Thread 2) MainWindow: move attempt blocked.
2026-08-10 08:31:13.784 -05:00 [DBG] (Thread 2) MainWindow: Topmost re-asserted.
2026-08-10 08:31:14.793 -05:00 [DBG] (Thread 2) MainWindow: Topmost re-asserted.
2026-08-10 08:32:58.164 -05:00 [DBG] (Thread 2) MainWindow: Topmost re-asserted.
2026-08-10 08:33:01.077 -05:00 [INF] (Thread 2) MainViewModel: user confirmed choice: 'Reboot at 5:30 PM' ("00:00:00").
2026-08-10 08:33:01.080 -05:00 [INF] (Thread 2) MainWindow: user decided 'Reboot at 5:30 PM'. Closing window.
2026-08-10 08:33:01.115 -05:00 [INF] (Thread 2) App: user chose 'Reboot at 5:30 PM' (-1 min).
2026-08-10 08:33:01.119 -05:00 [INF] (Thread 2) PipeClient: sending UserResponse — SnoozeMinutes=-1.
2026-08-10 08:33:01.204 -05:00 [DBG] (Thread 2) PipeClient: wrote 179 bytes to pipe.
2026-08-10 08:33:01.210 -05:00 [DBG] (Thread 2) PipeClient: disposed.
2026-08-10 08:33:01.222 -05:00 [INF] (Thread 2) UpdateNotifier: exiting with code 0.
