2026-08-14 13:49:00.298 -05:00 [INF] (Thread 2) UpdateNotifier logging initialised. Directory: C:\ProgramData\CapTG\UpdateService\logs
2026-08-14 13:49:01.209 -05:00 [INF] (Thread 2) UpdateNotifier: application starting.
2026-08-14 13:49:01.210 -05:00 [INF] (Thread 2) UpdateNotifier: args=C:\Program Files\CapTG Updater\UpdateNotifier.exe
2026-08-14 13:49:01.374 -05:00 [INF] (Thread 2) PipeClient: connecting to pipe 'CapTG_UpdatePipe'.
2026-08-14 13:49:11.384 -05:00 [ERR] (Thread 2) PipeClient: connection timed out.
2026-08-14 13:49:11.385 -05:00 [ERR] (Thread 2) No message received from service.
2026-08-14 13:49:11.410 -05:00 [INF] (Thread 2) UpdateNotifier: exiting with code 1.
2026-08-14 13:49:11.412 -05:00 [DBG] (Thread 2) PipeClient: disposed.
2026-08-14 13:49:17.524 -05:00 [INF] (Thread 2) UpdateNotifier logging initialised. Directory: C:\ProgramData\CapTG\UpdateService\logs
2026-08-14 13:49:17.579 -05:00 [INF] (Thread 2) UpdateNotifier: application starting.
2026-08-14 13:49:17.581 -05:00 [INF] (Thread 2) UpdateNotifier: args=C:\Program Files\CapTG Updater\UpdateNotifier.exe
2026-08-14 13:49:17.598 -05:00 [INF] (Thread 2) PipeClient: connecting to pipe 'CapTG_UpdatePipe'.
2026-08-14 13:49:17.611 -05:00 [INF] (Thread 2) PipeClient: connected.
2026-08-14 13:49:17.878 -05:00 [INF] (Thread 2) PipeClient: received message type="RebootRequired".
2026-08-14 13:49:17.881 -05:00 [INF] (Thread 2) SnoozeManager initialised with 7 options (previousSnoozeCount=0).
2026-08-14 13:49:17.883 -05:00 [DBG] (Thread 2) MainViewModel: options refreshed. Count=7
2026-08-14 13:49:17.883 -05:00 [INF] (Thread 2) MainViewModel: loading message. KBs=0 Pkgs=0
2026-08-14 13:49:18.542 -05:00 [INF] (Thread 2) MainWindow: constructor complete.
2026-08-14 13:49:19.218 -05:00 [INF] (Thread 2) MainWindow: logo loaded from C:\Program Files\CapTG Updater\CompanyLogo.png.
2026-08-14 13:49:19.218 -05:00 [DBG] (Thread 2) MainWindow: position locked at (700, 140).
2026-08-14 13:49:19.269 -05:00 [DBG] (Thread 2) MainWindow: move attempt blocked.
2026-08-14 13:49:19.275 -05:00 [DBG] (Thread 2) MainWindow: Topmost re-asserted.
