2026-08-17 06:20:03.863 -05:00 [ERR] (Thread 24) PipeServer: error reading user response from notifier.
System.OperationCanceledException: The operation was canceled.
   at System.IO.Pipes.PipeStream.PipeValueTaskSource.GetResult(Int16 token)
   at System.IO.Stream.ReadAtLeastAsyncCore(Memory`1 buffer, Int32 minimumBytes, Boolean throwOnEndOfStream, CancellationToken cancellationToken)
   at System.Runtime.CompilerServices.PoolingAsyncValueTaskMethodBuilder`1.StateMachineBox`1.System.Threading.Tasks.Sources.IValueTaskSource.GetResult(Int16 token)
   at UpdateService.Pipes.PipeServer.ReadMessageAsync(PipeStream pipe, CancellationToken ct) in C:\Users\sbutski\Documents\VSCode Solutions Folder\UpdateSolution\UpdateService\Pipes\PipeServer.cs:line 390
   at UpdateService.Pipes.PipeServer.RunOneNotificationCycleAsync(PipeMessage outbound, CancellationToken cancellationToken, Nullable`1 responseTimeout) in C:\Users\sbutski\Documents\VSCode Solutions Folder\UpdateSolution\UpdateService\Pipes\PipeServer.cs:line 356
2026-08-17 06:20:03.879 -05:00 [WRN] (Thread 24) PipeServer: no response received — retrying notification in 15 minutes.
2026-08-17 06:40:53.707 -05:00 [INF] (Thread 24) PipeServer: pipe created — launching notifier.
2026-08-17 06:40:53.759 -05:00 [WRN] (Thread 24) PipeServer: killed stale notifier process (PID 28920).
2026-08-17 06:40:53.759 -05:00 [INF] (Thread 24) UserProcessLauncher: launching 'C:\Program Files\CapTG Updater\UpdateNotifier.exe' as active user.
2026-08-17 06:40:53.760 -05:00 [DBG] (Thread 24) UserProcessLauncher: console session 1 has a valid user token.
2026-08-17 06:40:53.760 -05:00 [DBG] (Thread 24) UserProcessLauncher: using session ID = 1.
2026-08-17 06:40:53.820 -05:00 [INF] (Thread 24) UserProcessLauncher: 'C:\Program Files\CapTG Updater\UpdateNotifier.exe' launched in session 1.
2026-08-17 06:40:53.821 -05:00 [DBG] (Thread 24) PipeServer: waiting for notifier to connect.
2026-08-17 06:41:53.835 -05:00 [WRN] (Thread 10) PipeServer: notifier did not connect within 60 seconds.
2026-08-17 06:41:53.835 -05:00 [WRN] (Thread 10) PipeServer: no response received — retrying notification in 15 minutes.
2026-08-17 07:01:39.492 -05:00 [INF] (Thread 10) PipeServer: pipe created — launching notifier.
2026-08-17 07:01:39.530 -05:00 [WRN] (Thread 10) PipeServer: killed stale notifier process (PID 44836).
2026-08-17 07:01:39.530 -05:00 [INF] (Thread 10) UserProcessLauncher: launching 'C:\Program Files\CapTG Updater\UpdateNotifier.exe' as active user.
2026-08-17 07:01:39.531 -05:00 [DBG] (Thread 10) UserProcessLauncher: console session 1 has a valid user token.
2026-08-17 07:01:39.531 -05:00 [DBG] (Thread 10) UserProcessLauncher: using session ID = 1.
2026-08-17 07:01:39.596 -05:00 [INF] (Thread 10) UserProcessLauncher: 'C:\Program Files\CapTG Updater\UpdateNotifier.exe' launched in session 1.
2026-08-17 07:01:39.596 -05:00 [DBG] (Thread 10) PipeServer: waiting for notifier to connect.
2026-08-17 07:02:39.612 -05:00 [WRN] (Thread 24) PipeServer: notifier did not connect within 60 seconds.
2026-08-17 07:02:39.612 -05:00 [WRN] (Thread 24) PipeServer: no response received — retrying notification in 15 minutes.
2026-08-17 07:22:30.067 -05:00 [INF] (Thread 21) PipeServer: pipe created — launching notifier.
2026-08-17 07:22:30.097 -05:00 [WRN] (Thread 21) PipeServer: killed stale notifier process (PID 53316).
2026-08-17 07:22:30.097 -05:00 [INF] (Thread 21) UserProcessLauncher: launching 'C:\Program Files\CapTG Updater\UpdateNotifier.exe' as active user.
2026-08-17 07:22:30.098 -05:00 [DBG] (Thread 21) UserProcessLauncher: console session 1 has a valid user token.
2026-08-17 07:22:30.098 -05:00 [DBG] (Thread 21) UserProcessLauncher: using session ID = 1.
2026-08-17 07:22:30.156 -05:00 [INF] (Thread 21) UserProcessLauncher: 'C:\Program Files\CapTG Updater\UpdateNotifier.exe' launched in session 1.
2026-08-17 07:22:30.156 -05:00 [DBG] (Thread 21) PipeServer: waiting for notifier to connect.
2026-08-17 07:23:30.171 -05:00 [WRN] (Thread 21) PipeServer: notifier did not connect within 60 seconds.
2026-08-17 07:23:30.171 -05:00 [WRN] (Thread 21) PipeServer: no response received — retrying notification in 15 minutes.
2026-08-17 07:45:06.383 -05:00 [INF] (Thread 21) PipeServer: pipe created — launching notifier.
2026-08-17 07:45:06.412 -05:00 [WRN] (Thread 21) PipeServer: killed stale notifier process (PID 35780).
2026-08-17 07:45:06.412 -05:00 [INF] (Thread 21) UserProcessLauncher: launching 'C:\Program Files\CapTG Updater\UpdateNotifier.exe' as active user.
2026-08-17 07:45:06.413 -05:00 [DBG] (Thread 21) UserProcessLauncher: console session 1 has a valid user token.
2026-08-17 07:45:06.413 -05:00 [DBG] (Thread 21) UserProcessLauncher: using session ID = 1.
2026-08-17 07:45:06.484 -05:00 [INF] (Thread 21) UserProcessLauncher: 'C:\Program Files\CapTG Updater\UpdateNotifier.exe' launched in session 1.
2026-08-17 07:45:06.484 -05:00 [DBG] (Thread 21) PipeServer: waiting for notifier to connect.
2026-08-17 07:46:06.493 -05:00 [WRN] (Thread 21) PipeServer: notifier did not connect within 60 seconds.
2026-08-17 07:46:06.493 -05:00 [WRN] (Thread 21) PipeServer: no response received — retrying notification in 15 minutes.
2026-08-17 08:05:44.221 -05:00 [INF] (Thread 21) PipeServer: pipe created — launching notifier.
2026-08-17 08:05:44.256 -05:00 [INF] (Thread 21) UserProcessLauncher: launching 'C:\Program Files\CapTG Updater\UpdateNotifier.exe' as active user.
2026-08-17 08:05:44.257 -05:00 [DBG] (Thread 21) UserProcessLauncher: console session 1 has a valid user token.
2026-08-17 08:05:44.257 -05:00 [DBG] (Thread 21) UserProcessLauncher: using session ID = 1.
2026-08-17 08:05:44.296 -05:00 [INF] (Thread 21) UserProcessLauncher: 'C:\Program Files\CapTG Updater\UpdateNotifier.exe' launched in session 1.
2026-08-17 08:05:44.296 -05:00 [DBG] (Thread 21) PipeServer: waiting for notifier to connect.
2026-08-17 08:05:44.655 -05:00 [INF] (Thread 21) PipeServer: notifier connected.
2026-08-17 08:05:44.673 -05:00 [DBG] (Thread 21) PipeServer: "RebootRequired" message sent.
2026-08-17 08:29:55.845 -05:00 [INF] (Thread 24) PipeServer: received UserResponse — SnoozeMinutes=-1
2026-08-17 08:29:55.857 -05:00 [INF] (Thread 24) PipeServer: user scheduled reboot for "2026-08-17T17:30:00.0000000-05:00" — persisted to registry.
2026-08-17 08:50:29.952 -05:00 [INF] (Thread 7) UpdateBackgroundService: StopAsync called by SCM.
2026-08-17 08:50:29.981 -05:00 [INF] (Thread 14) UpdateBackgroundService: stopping.
2026-08-17 08:55:48.944 -05:00 [INF] (Thread 2) Logging initialized. Directory: C:\ProgramData\CapTG\UpdateService\logs
2026-08-17 08:55:49.044 -05:00 [INF] (Thread 2) CapTG UpdateService starting. Args: []
2026-08-17 08:55:49.045 -05:00 [INF] (Thread 2) InstType = Client
2026-08-17 08:55:49.050 -05:00 [INF] (Thread 2) Notifier path: C:\Program Files\CapTG Updater\UpdateNotifier.exe
2026-08-17 08:55:49.354 -05:00 [INF] (Thread 2) Host built — handing control to the SCM.
2026-08-17 08:55:49.498 -05:00 [INF] (Thread 10) UpdateBackgroundService: update interval = "01:00:00"
2026-08-17 08:55:49.513 -05:00 [INF] (Thread 10) UpdateBackgroundService: StartAsync called by SCM.
2026-08-17 08:55:49.517 -05:00 [INF] (Thread 8) UpdateBackgroundService: service started. Initial delay = "00:02:00".
2026-08-17 08:55:49.522 -05:00 [INF] (Thread 8) WindowsUpdateWorker: pending-reboot baseline captured at service start. WU-RebootRequired=absent CBS-RebootPending=absent PendingFileRenameOperations=present
2026-08-17 08:55:49.547 -05:00 [INF] (Thread 8) PipeServer: pending scheduled reboot found for "2026-08-17T17:30:00.0000000-05:00" (machine was off, asleep, or service restarted) — resuming.
2026-08-17 17:44:31.936 -05:00 [INF] (Thread 8) PipeServer: pipe created — launching notifier.
2026-08-17 17:44:31.966 -05:00 [INF] (Thread 8) UserProcessLauncher: launching 'C:\Program Files\CapTG Updater\UpdateNotifier.exe' as active user.
2026-08-17 17:44:31.983 -05:00 [DBG] (Thread 8) UserProcessLauncher: console session 1 has a valid user token.
2026-08-17 17:44:31.985 -05:00 [DBG] (Thread 8) UserProcessLauncher: using session ID = 1.
2026-08-17 17:44:32.138 -05:00 [INF] (Thread 8) UserProcessLauncher: 'C:\Program Files\CapTG Updater\UpdateNotifier.exe' launched in session 1.
2026-08-17 17:44:32.138 -05:00 [DBG] (Thread 8) PipeServer: waiting for notifier to connect.
2026-08-17 17:44:32.551 -05:00 [INF] (Thread 8) PipeServer: notifier connected.
2026-08-17 17:44:32.691 -05:00 [DBG] (Thread 15) PipeServer: "RebootImminent" message sent.
2026-08-17 17:44:33.175 -05:00 [ERR] (Thread 15) PipeServer: error reading user response from notifier.
System.IO.EndOfStreamException: Unable to read beyond the end of the stream.
   at System.IO.Stream.ReadAtLeastAsyncCore(Memory`1 buffer, Int32 minimumBytes, Boolean throwOnEndOfStream, CancellationToken cancellationToken)
   at System.Runtime.CompilerServices.PoolingAsyncValueTaskMethodBuilder`1.StateMachineBox`1.System.Threading.Tasks.Sources.IValueTaskSource.GetResult(Int16 token)
   at UpdateService.Pipes.PipeServer.ReadMessageAsync(PipeStream pipe, CancellationToken ct) in C:\Users\sbutski\Documents\VSCode Solutions Folder\UpdateSolution\UpdateService\Pipes\PipeServer.cs:line 390
   at UpdateService.Pipes.PipeServer.RunOneNotificationCycleAsync(PipeMessage outbound, CancellationToken cancellationToken, Nullable`1 responseTimeout) in C:\Users\sbutski\Documents\VSCode Solutions Folder\UpdateSolution\UpdateService\Pipes\PipeServer.cs:line 356
2026-08-17 17:44:33.243 -05:00 [INF] (Thread 15) PipeServer: no delay requested (response=none) — reboot proceeds at "2026-08-17T17:30:00.0000000-05:00".
2026-08-17 17:44:33.246 -05:00 [INF] (Thread 15) PipeServer: scheduled reboot time reached — initiating reboot.
2026-08-17 17:44:33.247 -05:00 [WRN] (Thread 15) PipeServer: executing system reboot in 5 seconds.
2026-08-17 17:44:58.276 -05:00 [INF] (Thread 8) UpdateBackgroundService: StopAsync called by SCM.
2026-08-17 17:47:46.158 -05:00 [INF] (Thread 2) Logging initialized. Directory: C:\ProgramData\CapTG\UpdateService\logs
2026-08-17 17:47:46.259 -05:00 [INF] (Thread 2) CapTG UpdateService starting. Args: []
2026-08-17 17:47:46.259 -05:00 [INF] (Thread 2) InstType = Client
2026-08-17 17:47:46.266 -05:00 [INF] (Thread 2) Notifier path: C:\Program Files\CapTG Updater\UpdateNotifier.exe
2026-08-17 17:47:46.525 -05:00 [INF] (Thread 2) Host built — handing control to the SCM.
2026-08-17 17:47:46.617 -05:00 [INF] (Thread 10) UpdateBackgroundService: update interval = "01:00:00"
2026-08-17 17:47:46.628 -05:00 [INF] (Thread 10) UpdateBackgroundService: StartAsync called by SCM.
2026-08-17 17:47:46.630 -05:00 [INF] (Thread 8) UpdateBackgroundService: service started. Initial delay = "00:02:00".
2026-08-17 17:47:46.632 -05:00 [INF] (Thread 8) WindowsUpdateWorker: pending-reboot baseline captured at service start. WU-RebootRequired=absent CBS-RebootPending=absent PendingFileRenameOperations=absent
2026-08-17 17:49:46.654 -05:00 [INF] (Thread 10) SelfUpdater: checking for updates. Current version: 1.26.586.697
2026-08-17 17:49:47.070 -05:00 [INF] (Thread 8) SelfUpdater: remote version = 1.26.586.697.
2026-08-17 17:49:47.070 -05:00 [INF] (Thread 8) SelfUpdater: already up to date.
2026-08-17 17:49:47.073 -05:00 [INF] (Thread 8) UpdateOrchestrator: === Update cycle starting ===
2026-08-17 17:49:47.077 -05:00 [INF] (Thread 8) WindowsUpdateWorker: starting update pass.
2026-08-17 17:49:47.079 -05:00 [INF] (Thread 8) WindowsUpdateWorker: verifying PSWindowsUpdate module.
2026-08-17 17:49:47.093 -05:00 [DBG] (Thread 7) WindowsUpdateWorker: running PS script: $ProgressPreference = 'SilentlyContinue'
            $ErrorActionPreference = 'Stop'
            try {
                if (-not (Get-PackageProvider -Name NuGet -ListAvailable -ErrorAction SilentlyContinue)) {
                    Install-PackageProvider -Name NuGet -MinimumVersion 2.8.5.201 -Force -Scope AllUsers | Out-Null
                }
                Set-PSRepository -Name PSGallery -InstallationPolicy Trusted -ErrorAction SilentlyContinue
                if (-not (Get-Module -ListAvailable -Name PSWindowsUpdate -ErrorAction SilentlyContinue)) {
                    Install-Module PSWindowsUpdate -Force -SkipPublisherCheck -Scope AllUsers | Out-Null
                }
                Import-Module PSWindowsUpdate -Force -ErrorAction Stop
                try {
                    Add-WUServiceManager -MicrosoftUpdate -Confirm:$false -ErrorAction SilentlyContinue | Out-Null
                } catch {}
                Write-Output 'OK'
            } catch {
                Write-Output ('ERROR: ' + $_.Exception.Message)
            }
2026-08-17 17:50:41.145 -05:00 [INF] (Thread 10) WindowsUpdateWorker: PSWindowsUpdate module OK.
2026-08-17 17:50:41.149 -05:00 [DBG] (Thread 14) WindowsUpdateWorker: running PS script: Import-Module PSWindowsUpdate -ErrorAction Stop
        $ProgressPreference = 'SilentlyContinue'

        # Force the Windows Update Agent to scan before installing.
        # Fixes 0x80248007 (WU_E_DS_NODATA) on fresh builds or machines
        # whose update data store has not been initialised yet.
        try {
            Start-Process -FilePath 'UsoClient.exe' `
                -ArgumentList 'StartScan' `
                -Wait -NoNewWindow -ErrorAction SilentlyContinue
            Start-Sleep -Seconds 30
        } catch {}

        # 2>&1 merges stderr into the pipeline mixing strings with update
        # objects -- we filter them out in the foreach loop below.
        $rawOutput = Install-WindowsUpdate `
            -MicrosoftUpdate `
            -AcceptAll `
            -IgnoreReboot `
            -Install `
            -ErrorAction Continue 2>&1

        # Use a hashtable keyed on Title to keep only the LAST result per update.
        # PSWindowsUpdate emits objects at multiple pipeline stages (search, download,
        # install); overwriting ensures we capture the final post-install ResultCode
        # rather than an early ResultCode=0 (NotStarted).
        $byKey = @{}

        foreach ($u in $rawOutput) {
            if ($null -eq $u -or $u -isnot [PSObject]) { continue }
            if (-not ($u.PSObject.Properties.Name -contains 'Title')) { continue }
            if ([string]::IsNullOrWhiteSpace($u.Title)) { continue }

            $resultCode = 0
            try { $resultCode = [int]$u.ResultCode } catch { $resultCode = 4 }
            $succeeded = ($resultCode -eq 2 -or $resultCode -eq 3)

            # ResultCode=0 means NotStarted — treat as Skipped, not Failed.
            $status = if ($succeeded) { 'Succeeded' } elseif ($resultCode -eq 0) { 'Skipped' } else { 'Failed' }

            $kb = ''
            try {
                if ($u.KBArticleIDs -and $u.KBArticleIDs.Count -gt 0) {
                    $kb = 'KB' + $u.KBArticleIDs[0]
                }
            } catch {}

            $needsReboot = $false
            try { $needsReboot = [bool]$u.RebootRequired } catch {}

            $byKey[$u.Title] = [PSCustomObject]@{
                Identifier     = $kb
                Title          = [string]$u.Title
                Status         = $status
                ErrorMessage   = if ($succeeded -or $resultCode -eq 0) { '' } else { 'ResultCode=' + $resultCode }
                RebootRequired = $needsReboot
                AttemptedAt    = (Get-Date -Format 'o')
            }
        }

        $results = @($byKey.Values)

        if ($results.Count -eq 0) {
            Write-Output '[]'
        } else {
            $results | ConvertTo-Json -Compress
        }
2026-08-17 17:52:00.981 -05:00 [INF] (Thread 8) WindowsUpdateWorker: pass complete. Total=1 Succeeded=0 Failed=0 Skipped=1
2026-08-17 17:52:01.003 -05:00 [INF] (Thread 8) WingetWorker: skipping — last run was 2026-08-12T18:07:57.4128982Z (less than 7 days ago).
2026-08-17 17:52:01.004 -05:00 [INF] (Thread 8) UpdateOrchestrator: cycle complete. Total=1 Succeeded=0 Failed=0 RebootRequired=false
2026-08-17 17:52:01.005 -05:00 [INF] (Thread 8) UpdateOrchestrator: no reboot required — cycle complete.
2026-08-17 17:52:01.005 -05:00 [INF] (Thread 8) UpdateBackgroundService: next cycle in "01:00:00".
2026-08-17 18:52:01.016 -05:00 [INF] (Thread 8) SelfUpdater: checking for updates. Current version: 1.26.586.697
2026-08-17 18:52:01.174 -05:00 [INF] (Thread 8) SelfUpdater: remote version = 1.26.586.697.
2026-08-17 18:52:01.174 -05:00 [INF] (Thread 8) SelfUpdater: already up to date.
2026-08-17 18:52:01.174 -05:00 [INF] (Thread 8) UpdateOrchestrator: === Update cycle starting ===
2026-08-17 18:52:01.174 -05:00 [INF] (Thread 8) WindowsUpdateWorker: starting update pass.
2026-08-17 18:52:01.174 -05:00 [INF] (Thread 8) WindowsUpdateWorker: verifying PSWindowsUpdate module.
2026-08-17 18:52:01.176 -05:00 [DBG] (Thread 8) WindowsUpdateWorker: running PS script: $ProgressPreference = 'SilentlyContinue'
            $ErrorActionPreference = 'Stop'
            try {
                if (-not (Get-PackageProvider -Name NuGet -ListAvailable -ErrorAction SilentlyContinue)) {
                    Install-PackageProvider -Name NuGet -MinimumVersion 2.8.5.201 -Force -Scope AllUsers | Out-Null
                }
                Set-PSRepository -Name PSGallery -InstallationPolicy Trusted -ErrorAction SilentlyContinue
                if (-not (Get-Module -ListAvailable -Name PSWindowsUpdate -ErrorAction SilentlyContinue)) {
                    Install-Module PSWindowsUpdate -Force -SkipPublisherCheck -Scope AllUsers | Out-Null
                }
                Import-Module PSWindowsUpdate -Force -ErrorAction Stop
                try {
                    Add-WUServiceManager -MicrosoftUpdate -Confirm:$false -ErrorAction SilentlyContinue | Out-Null
                } catch {}
                Write-Output 'OK'
            } catch {
                Write-Output ('ERROR: ' + $_.Exception.Message)
            }
2026-08-17 18:52:28.037 -05:00 [INF] (Thread 13) WindowsUpdateWorker: PSWindowsUpdate module OK.
2026-08-17 18:52:28.039 -05:00 [DBG] (Thread 13) WindowsUpdateWorker: running PS script: Import-Module PSWindowsUpdate -ErrorAction Stop
        $ProgressPreference = 'SilentlyContinue'

        # Force the Windows Update Agent to scan before installing.
        # Fixes 0x80248007 (WU_E_DS_NODATA) on fresh builds or machines
        # whose update data store has not been initialised yet.
        try {
            Start-Process -FilePath 'UsoClient.exe' `
                -ArgumentList 'StartScan' `
                -Wait -NoNewWindow -ErrorAction SilentlyContinue
            Start-Sleep -Seconds 30
        } catch {}

        # 2>&1 merges stderr into the pipeline mixing strings with update
        # objects -- we filter them out in the foreach loop below.
        $rawOutput = Install-WindowsUpdate `
            -MicrosoftUpdate `
            -AcceptAll `
            -IgnoreReboot `
            -Install `
            -ErrorAction Continue 2>&1

        # Use a hashtable keyed on Title to keep only the LAST result per update.
        # PSWindowsUpdate emits objects at multiple pipeline stages (search, download,
        # install); overwriting ensures we capture the final post-install ResultCode
        # rather than an early ResultCode=0 (NotStarted).
        $byKey = @{}

        foreach ($u in $rawOutput) {
            if ($null -eq $u -or $u -isnot [PSObject]) { continue }
            if (-not ($u.PSObject.Properties.Name -contains 'Title')) { continue }
            if ([string]::IsNullOrWhiteSpace($u.Title)) { continue }

            $resultCode = 0
            try { $resultCode = [int]$u.ResultCode } catch { $resultCode = 4 }
            $succeeded = ($resultCode -eq 2 -or $resultCode -eq 3)

            # ResultCode=0 means NotStarted — treat as Skipped, not Failed.
            $status = if ($succeeded) { 'Succeeded' } elseif ($resultCode -eq 0) { 'Skipped' } else { 'Failed' }

            $kb = ''
            try {
                if ($u.KBArticleIDs -and $u.KBArticleIDs.Count -gt 0) {
                    $kb = 'KB' + $u.KBArticleIDs[0]
                }
            } catch {}

            $needsReboot = $false
            try { $needsReboot = [bool]$u.RebootRequired } catch {}

            $byKey[$u.Title] = [PSCustomObject]@{
                Identifier     = $kb
                Title          = [string]$u.Title
                Status         = $status
                ErrorMessage   = if ($succeeded -or $resultCode -eq 0) { '' } else { 'ResultCode=' + $resultCode }
                RebootRequired = $needsReboot
                AttemptedAt    = (Get-Date -Format 'o')
            }
        }

        $results = @($byKey.Values)

        if ($results.Count -eq 0) {
            Write-Output '[]'
        } else {
            $results | ConvertTo-Json -Compress
        }
2026-08-17 18:53:48.948 -05:00 [INF] (Thread 16) WindowsUpdateWorker: pass complete. Total=1 Succeeded=0 Failed=0 Skipped=1
2026-08-17 18:53:48.949 -05:00 [INF] (Thread 16) WingetWorker: skipping — last run was 2026-08-12T18:07:57.4128982Z (less than 7 days ago).
2026-08-17 18:53:48.949 -05:00 [INF] (Thread 16) UpdateOrchestrator: cycle complete. Total=1 Succeeded=0 Failed=0 RebootRequired=false
2026-08-17 18:53:48.949 -05:00 [INF] (Thread 16) UpdateOrchestrator: no reboot required — cycle complete.
2026-08-17 18:53:48.949 -05:00 [INF] (Thread 16) UpdateBackgroundService: next cycle in "01:00:00".
2026-08-17 20:14:20.624 -05:00 [INF] (Thread 17) SelfUpdater: checking for updates. Current version: 1.26.586.697
2026-08-17 20:14:22.039 -05:00 [INF] (Thread 13) SelfUpdater: remote version = 1.26.586.697.
2026-08-17 20:14:22.040 -05:00 [INF] (Thread 13) SelfUpdater: already up to date.
2026-08-17 20:14:22.040 -05:00 [INF] (Thread 13) UpdateOrchestrator: === Update cycle starting ===
2026-08-17 20:14:22.040 -05:00 [INF] (Thread 13) WindowsUpdateWorker: starting update pass.
2026-08-17 20:14:22.040 -05:00 [INF] (Thread 13) WindowsUpdateWorker: verifying PSWindowsUpdate module.
2026-08-17 20:14:22.042 -05:00 [DBG] (Thread 13) WindowsUpdateWorker: running PS script: $ProgressPreference = 'SilentlyContinue'
            $ErrorActionPreference = 'Stop'
            try {
                if (-not (Get-PackageProvider -Name NuGet -ListAvailable -ErrorAction SilentlyContinue)) {
                    Install-PackageProvider -Name NuGet -MinimumVersion 2.8.5.201 -Force -Scope AllUsers | Out-Null
                }
                Set-PSRepository -Name PSGallery -InstallationPolicy Trusted -ErrorAction SilentlyContinue
                if (-not (Get-Module -ListAvailable -Name PSWindowsUpdate -ErrorAction SilentlyContinue)) {
                    Install-Module PSWindowsUpdate -Force -SkipPublisherCheck -Scope AllUsers | Out-Null
                }
                Import-Module PSWindowsUpdate -Force -ErrorAction Stop
                try {
                    Add-WUServiceManager -MicrosoftUpdate -Confirm:$false -ErrorAction SilentlyContinue | Out-Null
                } catch {}
                Write-Output 'OK'
            } catch {
                Write-Output ('ERROR: ' + $_.Exception.Message)
            }
2026-08-17 20:15:23.891 -05:00 [INF] (Thread 17) WindowsUpdateWorker: PSWindowsUpdate module OK.
2026-08-17 20:15:23.893 -05:00 [DBG] (Thread 17) WindowsUpdateWorker: running PS script: Import-Module PSWindowsUpdate -ErrorAction Stop
        $ProgressPreference = 'SilentlyContinue'

        # Force the Windows Update Agent to scan before installing.
        # Fixes 0x80248007 (WU_E_DS_NODATA) on fresh builds or machines
        # whose update data store has not been initialised yet.
        try {
            Start-Process -FilePath 'UsoClient.exe' `
                -ArgumentList 'StartScan' `
                -Wait -NoNewWindow -ErrorAction SilentlyContinue
            Start-Sleep -Seconds 30
        } catch {}

        # 2>&1 merges stderr into the pipeline mixing strings with update
        # objects -- we filter them out in the foreach loop below.
        $rawOutput = Install-WindowsUpdate `
            -MicrosoftUpdate `
            -AcceptAll `
            -IgnoreReboot `
            -Install `
            -ErrorAction Continue 2>&1

        # Use a hashtable keyed on Title to keep only the LAST result per update.
        # PSWindowsUpdate emits objects at multiple pipeline stages (search, download,
        # install); overwriting ensures we capture the final post-install ResultCode
        # rather than an early ResultCode=0 (NotStarted).
        $byKey = @{}

        foreach ($u in $rawOutput) {
            if ($null -eq $u -or $u -isnot [PSObject]) { continue }
            if (-not ($u.PSObject.Properties.Name -contains 'Title')) { continue }
            if ([string]::IsNullOrWhiteSpace($u.Title)) { continue }

            $resultCode = 0
            try { $resultCode = [int]$u.ResultCode } catch { $resultCode = 4 }
            $succeeded = ($resultCode -eq 2 -or $resultCode -eq 3)

            # ResultCode=0 means NotStarted — treat as Skipped, not Failed.
            $status = if ($succeeded) { 'Succeeded' } elseif ($resultCode -eq 0) { 'Skipped' } else { 'Failed' }

            $kb = ''
            try {
                if ($u.KBArticleIDs -and $u.KBArticleIDs.Count -gt 0) {
                    $kb = 'KB' + $u.KBArticleIDs[0]
                }
            } catch {}

            $needsReboot = $false
            try { $needsReboot = [bool]$u.RebootRequired } catch {}

            $byKey[$u.Title] = [PSCustomObject]@{
                Identifier     = $kb
                Title          = [string]$u.Title
                Status         = $status
                ErrorMessage   = if ($succeeded -or $resultCode -eq 0) { '' } else { 'ResultCode=' + $resultCode }
                RebootRequired = $needsReboot
                AttemptedAt    = (Get-Date -Format 'o')
            }
        }

        $results = @($byKey.Values)

        if ($results.Count -eq 0) {
            Write-Output '[]'
        } else {
            $results | ConvertTo-Json -Compress
        }
2026-08-17 20:17:14.184 -05:00 [INF] (Thread 16) WindowsUpdateWorker: pass complete. Total=1 Succeeded=0 Failed=0 Skipped=1
2026-08-17 20:17:14.185 -05:00 [INF] (Thread 16) WingetWorker: skipping — last run was 2026-08-12T18:07:57.4128982Z (less than 7 days ago).
2026-08-17 20:17:14.185 -05:00 [INF] (Thread 16) UpdateOrchestrator: cycle complete. Total=1 Succeeded=0 Failed=0 RebootRequired=false
2026-08-17 20:17:14.185 -05:00 [INF] (Thread 16) UpdateOrchestrator: no reboot required — cycle complete.
2026-08-17 20:17:14.185 -05:00 [INF] (Thread 16) UpdateBackgroundService: next cycle in "01:00:00".
2026-08-17 22:01:50.104 -05:00 [INF] (Thread 17) SelfUpdater: checking for updates. Current version: 1.26.586.697
2026-08-17 22:01:50.191 -05:00 [INF] (Thread 15) SelfUpdater: remote version = 1.26.586.697.
2026-08-17 22:01:50.191 -05:00 [INF] (Thread 15) SelfUpdater: already up to date.
2026-08-17 22:01:50.191 -05:00 [INF] (Thread 15) UpdateOrchestrator: === Update cycle starting ===
2026-08-17 22:01:50.191 -05:00 [INF] (Thread 15) WindowsUpdateWorker: starting update pass.
2026-08-17 22:01:50.191 -05:00 [INF] (Thread 15) WindowsUpdateWorker: verifying PSWindowsUpdate module.
2026-08-17 22:01:50.194 -05:00 [DBG] (Thread 15) WindowsUpdateWorker: running PS script: $ProgressPreference = 'SilentlyContinue'
            $ErrorActionPreference = 'Stop'
            try {
                if (-not (Get-PackageProvider -Name NuGet -ListAvailable -ErrorAction SilentlyContinue)) {
                    Install-PackageProvider -Name NuGet -MinimumVersion 2.8.5.201 -Force -Scope AllUsers | Out-Null
                }
                Set-PSRepository -Name PSGallery -InstallationPolicy Trusted -ErrorAction SilentlyContinue
                if (-not (Get-Module -ListAvailable -Name PSWindowsUpdate -ErrorAction SilentlyContinue)) {
                    Install-Module PSWindowsUpdate -Force -SkipPublisherCheck -Scope AllUsers | Out-Null
                }
                Import-Module PSWindowsUpdate -Force -ErrorAction Stop
                try {
                    Add-WUServiceManager -MicrosoftUpdate -Confirm:$false -ErrorAction SilentlyContinue | Out-Null
                } catch {}
                Write-Output 'OK'
            } catch {
                Write-Output ('ERROR: ' + $_.Exception.Message)
            }
2026-08-17 22:02:46.356 -05:00 [INF] (Thread 18) WindowsUpdateWorker: PSWindowsUpdate module OK.
2026-08-17 22:02:46.359 -05:00 [DBG] (Thread 18) WindowsUpdateWorker: running PS script: Import-Module PSWindowsUpdate -ErrorAction Stop
        $ProgressPreference = 'SilentlyContinue'

        # Force the Windows Update Agent to scan before installing.
        # Fixes 0x80248007 (WU_E_DS_NODATA) on fresh builds or machines
        # whose update data store has not been initialised yet.
        try {
            Start-Process -FilePath 'UsoClient.exe' `
                -ArgumentList 'StartScan' `
                -Wait -NoNewWindow -ErrorAction SilentlyContinue
            Start-Sleep -Seconds 30
        } catch {}

        # 2>&1 merges stderr into the pipeline mixing strings with update
        # objects -- we filter them out in the foreach loop below.
        $rawOutput = Install-WindowsUpdate `
            -MicrosoftUpdate `
            -AcceptAll `
            -IgnoreReboot `
            -Install `
            -ErrorAction Continue 2>&1

        # Use a hashtable keyed on Title to keep only the LAST result per update.
        # PSWindowsUpdate emits objects at multiple pipeline stages (search, download,
        # install); overwriting ensures we capture the final post-install ResultCode
        # rather than an early ResultCode=0 (NotStarted).
        $byKey = @{}

        foreach ($u in $rawOutput) {
            if ($null -eq $u -or $u -isnot [PSObject]) { continue }
            if (-not ($u.PSObject.Properties.Name -contains 'Title')) { continue }
            if ([string]::IsNullOrWhiteSpace($u.Title)) { continue }

            $resultCode = 0
            try { $resultCode = [int]$u.ResultCode } catch { $resultCode = 4 }
            $succeeded = ($resultCode -eq 2 -or $resultCode -eq 3)

            # ResultCode=0 means NotStarted — treat as Skipped, not Failed.
            $status = if ($succeeded) { 'Succeeded' } elseif ($resultCode -eq 0) { 'Skipped' } else { 'Failed' }

            $kb = ''
            try {
                if ($u.KBArticleIDs -and $u.KBArticleIDs.Count -gt 0) {
                    $kb = 'KB' + $u.KBArticleIDs[0]
                }
            } catch {}

            $needsReboot = $false
            try { $needsReboot = [bool]$u.RebootRequired } catch {}

            $byKey[$u.Title] = [PSCustomObject]@{
                Identifier     = $kb
                Title          = [string]$u.Title
                Status         = $status
                ErrorMessage   = if ($succeeded -or $resultCode -eq 0) { '' } else { 'ResultCode=' + $resultCode }
                RebootRequired = $needsReboot
                AttemptedAt    = (Get-Date -Format 'o')
            }
        }

        $results = @($byKey.Values)

        if ($results.Count -eq 0) {
            Write-Output '[]'
        } else {
            $results | ConvertTo-Json -Compress
        }
2026-08-17 22:04:13.469 -05:00 [INF] (Thread 20) WindowsUpdateWorker: pass complete. Total=1 Succeeded=0 Failed=0 Skipped=1
2026-08-17 22:04:13.470 -05:00 [INF] (Thread 20) WingetWorker: skipping — last run was 2026-08-12T18:07:57.4128982Z (less than 7 days ago).
2026-08-17 22:04:13.470 -05:00 [INF] (Thread 20) UpdateOrchestrator: cycle complete. Total=1 Succeeded=0 Failed=0 RebootRequired=false
2026-08-17 22:04:13.470 -05:00 [INF] (Thread 20) UpdateOrchestrator: no reboot required — cycle complete.
2026-08-17 22:04:13.470 -05:00 [INF] (Thread 20) UpdateBackgroundService: next cycle in "01:00:00".
2026-08-17 23:47:28.138 -05:00 [INF] (Thread 20) SelfUpdater: checking for updates. Current version: 1.26.586.697
2026-08-17 23:47:28.486 -05:00 [INF] (Thread 20) SelfUpdater: remote version = 1.26.586.697.
2026-08-17 23:47:28.486 -05:00 [INF] (Thread 20) SelfUpdater: already up to date.
2026-08-17 23:47:28.486 -05:00 [INF] (Thread 20) UpdateOrchestrator: === Update cycle starting ===
2026-08-17 23:47:28.486 -05:00 [INF] (Thread 20) WindowsUpdateWorker: starting update pass.
2026-08-17 23:47:28.486 -05:00 [INF] (Thread 20) WindowsUpdateWorker: verifying PSWindowsUpdate module.
2026-08-17 23:47:28.489 -05:00 [DBG] (Thread 20) WindowsUpdateWorker: running PS script: $ProgressPreference = 'SilentlyContinue'
            $ErrorActionPreference = 'Stop'
            try {
                if (-not (Get-PackageProvider -Name NuGet -ListAvailable -ErrorAction SilentlyContinue)) {
                    Install-PackageProvider -Name NuGet -MinimumVersion 2.8.5.201 -Force -Scope AllUsers | Out-Null
                }
                Set-PSRepository -Name PSGallery -InstallationPolicy Trusted -ErrorAction SilentlyContinue
                if (-not (Get-Module -ListAvailable -Name PSWindowsUpdate -ErrorAction SilentlyContinue)) {
                    Install-Module PSWindowsUpdate -Force -SkipPublisherCheck -Scope AllUsers | Out-Null
                }
                Import-Module PSWindowsUpdate -Force -ErrorAction Stop
                try {
                    Add-WUServiceManager -MicrosoftUpdate -Confirm:$false -ErrorAction SilentlyContinue | Out-Null
                } catch {}
                Write-Output 'OK'
            } catch {
                Write-Output ('ERROR: ' + $_.Exception.Message)
            }
2026-08-17 23:48:35.992 -05:00 [INF] (Thread 16) WindowsUpdateWorker: PSWindowsUpdate module OK.
2026-08-17 23:48:35.995 -05:00 [DBG] (Thread 16) WindowsUpdateWorker: running PS script: Import-Module PSWindowsUpdate -ErrorAction Stop
        $ProgressPreference = 'SilentlyContinue'

        # Force the Windows Update Agent to scan before installing.
        # Fixes 0x80248007 (WU_E_DS_NODATA) on fresh builds or machines
        # whose update data store has not been initialised yet.
        try {
            Start-Process -FilePath 'UsoClient.exe' `
                -ArgumentList 'StartScan' `
                -Wait -NoNewWindow -ErrorAction SilentlyContinue
            Start-Sleep -Seconds 30
        } catch {}

        # 2>&1 merges stderr into the pipeline mixing strings with update
        # objects -- we filter them out in the foreach loop below.
        $rawOutput = Install-WindowsUpdate `
            -MicrosoftUpdate `
            -AcceptAll `
            -IgnoreReboot `
            -Install `
            -ErrorAction Continue 2>&1

        # Use a hashtable keyed on Title to keep only the LAST result per update.
        # PSWindowsUpdate emits objects at multiple pipeline stages (search, download,
        # install); overwriting ensures we capture the final post-install ResultCode
        # rather than an early ResultCode=0 (NotStarted).
        $byKey = @{}

        foreach ($u in $rawOutput) {
            if ($null -eq $u -or $u -isnot [PSObject]) { continue }
            if (-not ($u.PSObject.Properties.Name -contains 'Title')) { continue }
            if ([string]::IsNullOrWhiteSpace($u.Title)) { continue }

            $resultCode = 0
            try { $resultCode = [int]$u.ResultCode } catch { $resultCode = 4 }
            $succeeded = ($resultCode -eq 2 -or $resultCode -eq 3)

            # ResultCode=0 means NotStarted — treat as Skipped, not Failed.
            $status = if ($succeeded) { 'Succeeded' } elseif ($resultCode -eq 0) { 'Skipped' } else { 'Failed' }

            $kb = ''
            try {
                if ($u.KBArticleIDs -and $u.KBArticleIDs.Count -gt 0) {
                    $kb = 'KB' + $u.KBArticleIDs[0]
                }
            } catch {}

            $needsReboot = $false
            try { $needsReboot = [bool]$u.RebootRequired } catch {}

            $byKey[$u.Title] = [PSCustomObject]@{
                Identifier     = $kb
                Title          = [string]$u.Title
                Status         = $status
                ErrorMessage   = if ($succeeded -or $resultCode -eq 0) { '' } else { 'ResultCode=' + $resultCode }
                RebootRequired = $needsReboot
                AttemptedAt    = (Get-Date -Format 'o')
            }
        }

        $results = @($byKey.Values)

        if ($results.Count -eq 0) {
            Write-Output '[]'
        } else {
            $results | ConvertTo-Json -Compress
        }
2026-08-17 23:51:45.549 -05:00 [INF] (Thread 7) WindowsUpdateWorker: pass complete. Total=1 Succeeded=0 Failed=0 Skipped=1
2026-08-17 23:51:45.550 -05:00 [INF] (Thread 7) WingetWorker: skipping — last run was 2026-08-12T18:07:57.4128982Z (less than 7 days ago).
2026-08-17 23:51:45.550 -05:00 [INF] (Thread 7) UpdateOrchestrator: cycle complete. Total=1 Succeeded=0 Failed=0 RebootRequired=false
2026-08-17 23:51:45.550 -05:00 [INF] (Thread 7) UpdateOrchestrator: no reboot required — cycle complete.
2026-08-17 23:51:45.550 -05:00 [INF] (Thread 7) UpdateBackgroundService: next cycle in "01:00:00".
