2026-08-17 08:04:13.258 -05:00 [INF] (Thread 2) UpdateNotifier logging initialised. Directory: C:\ProgramData\CapTG\UpdateService\logs
2026-08-17 08:04:13.905 -05:00 [INF] (Thread 2) UpdateNotifier: application starting.
2026-08-17 08:04:13.924 -05:00 [INF] (Thread 2) UpdateNotifier: args=C:\Program Files\CapTG Updater\UpdateNotifier.exe
2026-08-17 08:04:14.116 -05:00 [INF] (Thread 2) PipeClient: connecting to pipe 'CapTG_UpdatePipe'.
2026-08-17 08:04:24.244 -05:00 [ERR] (Thread 2) PipeClient: connection timed out.
2026-08-17 08:04:24.245 -05:00 [ERR] (Thread 2) No message received from service.
2026-08-17 08:04:24.250 -05:00 [INF] (Thread 2) UpdateNotifier: exiting with code 1.
2026-08-17 08:04:24.251 -05:00 [DBG] (Thread 2) PipeClient: disposed.
2026-08-17 08:05:44.616 -05:00 [INF] (Thread 2) UpdateNotifier logging initialised. Directory: C:\ProgramData\CapTG\UpdateService\logs
2026-08-17 08:05:44.641 -05:00 [INF] (Thread 2) UpdateNotifier: application starting.
2026-08-17 08:05:44.642 -05:00 [INF] (Thread 2) UpdateNotifier: args=C:\Program Files\CapTG Updater\UpdateNotifier.exe
2026-08-17 08:05:44.652 -05:00 [INF] (Thread 2) PipeClient: connecting to pipe 'CapTG_UpdatePipe'.
2026-08-17 08:05:44.661 -05:00 [INF] (Thread 2) PipeClient: connected.
2026-08-17 08:05:44.709 -05:00 [INF] (Thread 2) PipeClient: received message type="RebootRequired".
2026-08-17 08:05:44.712 -05:00 [INF] (Thread 2) SnoozeManager initialised with 7 options (previousSnoozeCount=0).
2026-08-17 08:05:44.713 -05:00 [DBG] (Thread 2) MainViewModel: options refreshed. Count=7
2026-08-17 08:05:44.713 -05:00 [INF] (Thread 2) MainViewModel: loading message. KBs=0 Pkgs=0
2026-08-17 08:05:45.105 -05:00 [INF] (Thread 2) MainWindow: constructor complete.
2026-08-17 08:05:45.418 -05:00 [INF] (Thread 2) MainWindow: logo loaded from C:\Program Files\CapTG Updater\CompanyLogo.png.
2026-08-17 08:05:45.418 -05:00 [DBG] (Thread 2) MainWindow: position locked at (700, 140).
2026-08-17 08:05:45.441 -05:00 [DBG] (Thread 2) MainWindow: move attempt blocked.
2026-08-17 08:05:45.446 -05:00 [DBG] (Thread 2) MainWindow: Topmost re-asserted.
2026-08-17 08:29:55.744 -05:00 [INF] (Thread 2) MainViewModel: user confirmed choice: 'Reboot at 5:30 PM' ("00:00:00").
2026-08-17 08:29:55.744 -05:00 [INF] (Thread 2) MainWindow: user decided 'Reboot at 5:30 PM'. Closing window.
2026-08-17 08:29:55.775 -05:00 [INF] (Thread 2) App: user chose 'Reboot at 5:30 PM' (-1 min).
2026-08-17 08:29:55.776 -05:00 [INF] (Thread 2) PipeClient: sending UserResponse — SnoozeMinutes=-1.
2026-08-17 08:29:55.790 -05:00 [DBG] (Thread 2) PipeClient: wrote 179 bytes to pipe.
2026-08-17 08:29:55.792 -05:00 [DBG] (Thread 2) PipeClient: disposed.
2026-08-17 08:29:55.794 -05:00 [INF] (Thread 2) UpdateNotifier: exiting with code 0.
2026-08-17 17:44:32.500 -05:00 [INF] (Thread 2) UpdateNotifier logging initialised. Directory: C:\ProgramData\CapTG\UpdateService\logs
2026-08-17 17:44:32.530 -05:00 [INF] (Thread 2) UpdateNotifier: application starting.
2026-08-17 17:44:32.530 -05:00 [INF] (Thread 2) UpdateNotifier: args=C:\Program Files\CapTG Updater\UpdateNotifier.exe
2026-08-17 17:44:32.541 -05:00 [INF] (Thread 2) PipeClient: connecting to pipe 'CapTG_UpdatePipe'.
2026-08-17 17:44:32.548 -05:00 [INF] (Thread 2) PipeClient: connected.
2026-08-17 17:44:32.729 -05:00 [INF] (Thread 2) PipeClient: received message type="RebootImminent".
2026-08-17 17:44:32.734 -05:00 [INF] (Thread 2) UpdateNotifier: reboot-imminent warning — reboot at "2026-08-17T17:30:00.0000000-05:00".
2026-08-17 17:44:33.144 -05:00 [INF] (Thread 2) CountdownWindow: countdown expired — closing.
2026-08-17 17:44:33.145 -05:00 [INF] (Thread 2) CountdownWindow: shown — reboot scheduled for "2026-08-17T17:30:00.0000000-05:00".
2026-08-17 17:44:33.146 -05:00 [FTL] (Thread 2) OnStartup fatal exception.
System.InvalidOperationException: Cannot set Visibility or call Show, ShowDialog, or WindowInteropHelper.EnsureHandle after a Window has closed.
   at System.Windows.Window.VerifyCanShow()
   at System.Windows.Window.ShowDialog()
   at UpdateNotifier.App.RunCountdownModeAsync(PipeMessage message) in C:\Users\sbutski\Documents\VSCode Solutions Folder\UpdateSolution\UpdateNotifier\App.xaml.cs:line 223
   at UpdateNotifier.App.RunNormalModeAsync() in C:\Users\sbutski\Documents\VSCode Solutions Folder\UpdateSolution\UpdateNotifier\App.xaml.cs:line 175
   at UpdateNotifier.App.OnStartup(StartupEventArgs e) in C:\Users\sbutski\Documents\VSCode Solutions Folder\UpdateSolution\UpdateNotifier\App.xaml.cs:line 93
2026-08-17 17:44:33.166 -05:00 [INF] (Thread 2) UpdateNotifier: exiting with code 1.
2026-08-17 17:44:33.167 -05:00 [DBG] (Thread 2) PipeClient: disposed.
