2026-08-16 02:35:01.827 -05:00 [ERR] (Thread 7) PipeServer: error reading user response from notifier.
System.OperationCanceledException: The operation was canceled.
   at System.IO.Pipes.PipeStream.PipeValueTaskSource.GetResult(Int16 token)
   at System.IO.Stream.ReadAtLeastAsyncCore(Memory`1 buffer, Int32 minimumBytes, Boolean throwOnEndOfStream, CancellationToken cancellationToken)
   at System.Runtime.CompilerServices.PoolingAsyncValueTaskMethodBuilder`1.StateMachineBox`1.System.Threading.Tasks.Sources.IValueTaskSource.GetResult(Int16 token)
   at UpdateService.Pipes.PipeServer.ReadMessageAsync(PipeStream pipe, CancellationToken ct) in C:\Users\sbutski\Documents\VSCode Solutions Folder\UpdateSolution\UpdateService\Pipes\PipeServer.cs:line 390
   at UpdateService.Pipes.PipeServer.RunOneNotificationCycleAsync(PipeMessage outbound, CancellationToken cancellationToken, Nullable`1 responseTimeout) in C:\Users\sbutski\Documents\VSCode Solutions Folder\UpdateSolution\UpdateService\Pipes\PipeServer.cs:line 356
2026-08-16 02:35:01.846 -05:00 [WRN] (Thread 7) PipeServer: no response received — retrying notification in 15 minutes.
2026-08-16 02:56:56.723 -05:00 [INF] (Thread 7) PipeServer: pipe created — launching notifier.
2026-08-16 02:56:56.746 -05:00 [WRN] (Thread 7) PipeServer: killed stale notifier process (PID 54228).
2026-08-16 02:56:56.746 -05:00 [INF] (Thread 7) UserProcessLauncher: launching 'C:\Program Files\CapTG Updater\UpdateNotifier.exe' as active user.
2026-08-16 02:56:56.748 -05:00 [DBG] (Thread 7) UserProcessLauncher: console session 1 has a valid user token.
2026-08-16 02:56:56.748 -05:00 [DBG] (Thread 7) UserProcessLauncher: using session ID = 1.
2026-08-16 02:56:56.804 -05:00 [INF] (Thread 7) UserProcessLauncher: 'C:\Program Files\CapTG Updater\UpdateNotifier.exe' launched in session 1.
2026-08-16 02:56:56.805 -05:00 [DBG] (Thread 7) PipeServer: waiting for notifier to connect.
2026-08-16 02:58:54.863 -05:00 [WRN] (Thread 7) PipeServer: notifier did not connect within 60 seconds.
2026-08-16 02:58:54.864 -05:00 [WRN] (Thread 7) PipeServer: no response received — retrying notification in 15 minutes.
2026-08-16 03:17:36.105 -05:00 [INF] (Thread 24) PipeServer: pipe created — launching notifier.
2026-08-16 03:17:36.154 -05:00 [WRN] (Thread 24) PipeServer: killed stale notifier process (PID 22324).
2026-08-16 03:17:36.154 -05:00 [INF] (Thread 24) UserProcessLauncher: launching 'C:\Program Files\CapTG Updater\UpdateNotifier.exe' as active user.
2026-08-16 03:17:36.155 -05:00 [DBG] (Thread 24) UserProcessLauncher: console session 1 has a valid user token.
2026-08-16 03:17:36.155 -05:00 [DBG] (Thread 24) UserProcessLauncher: using session ID = 1.
2026-08-16 03:17:36.219 -05:00 [INF] (Thread 24) UserProcessLauncher: 'C:\Program Files\CapTG Updater\UpdateNotifier.exe' launched in session 1.
2026-08-16 03:17:36.219 -05:00 [DBG] (Thread 24) PipeServer: waiting for notifier to connect.
2026-08-16 03:18:36.226 -05:00 [WRN] (Thread 24) PipeServer: notifier did not connect within 60 seconds.
2026-08-16 03:18:36.226 -05:00 [WRN] (Thread 24) PipeServer: no response received — retrying notification in 15 minutes.
2026-08-16 03:39:08.390 -05:00 [INF] (Thread 7) PipeServer: pipe created — launching notifier.
2026-08-16 03:39:08.445 -05:00 [WRN] (Thread 7) PipeServer: killed stale notifier process (PID 10212).
2026-08-16 03:39:08.445 -05:00 [INF] (Thread 7) UserProcessLauncher: launching 'C:\Program Files\CapTG Updater\UpdateNotifier.exe' as active user.
2026-08-16 03:39:08.446 -05:00 [DBG] (Thread 7) UserProcessLauncher: console session 1 has a valid user token.
2026-08-16 03:39:08.446 -05:00 [DBG] (Thread 7) UserProcessLauncher: using session ID = 1.
2026-08-16 03:39:08.493 -05:00 [INF] (Thread 7) UserProcessLauncher: 'C:\Program Files\CapTG Updater\UpdateNotifier.exe' launched in session 1.
2026-08-16 03:39:08.493 -05:00 [DBG] (Thread 7) PipeServer: waiting for notifier to connect.
2026-08-16 03:40:24.534 -05:00 [WRN] (Thread 7) PipeServer: notifier did not connect within 60 seconds.
2026-08-16 03:40:24.535 -05:00 [WRN] (Thread 7) PipeServer: no response received — retrying notification in 15 minutes.
2026-08-16 03:59:58.222 -05:00 [INF] (Thread 23) PipeServer: pipe created — launching notifier.
2026-08-16 03:59:58.243 -05:00 [WRN] (Thread 23) PipeServer: killed stale notifier process (PID 27544).
2026-08-16 03:59:58.243 -05:00 [INF] (Thread 23) UserProcessLauncher: launching 'C:\Program Files\CapTG Updater\UpdateNotifier.exe' as active user.
2026-08-16 03:59:58.244 -05:00 [DBG] (Thread 23) UserProcessLauncher: console session 1 has a valid user token.
2026-08-16 03:59:58.244 -05:00 [DBG] (Thread 23) UserProcessLauncher: using session ID = 1.
2026-08-16 03:59:58.301 -05:00 [INF] (Thread 23) UserProcessLauncher: 'C:\Program Files\CapTG Updater\UpdateNotifier.exe' launched in session 1.
2026-08-16 03:59:58.301 -05:00 [DBG] (Thread 23) PipeServer: waiting for notifier to connect.
2026-08-16 04:01:52.882 -05:00 [WRN] (Thread 23) PipeServer: notifier did not connect within 60 seconds.
2026-08-16 04:01:52.882 -05:00 [WRN] (Thread 23) PipeServer: no response received — retrying notification in 15 minutes.
2026-08-16 04:20:53.755 -05:00 [INF] (Thread 21) PipeServer: pipe created — launching notifier.
2026-08-16 04:20:53.796 -05:00 [WRN] (Thread 21) PipeServer: killed stale notifier process (PID 47684).
2026-08-16 04:20:53.796 -05:00 [INF] (Thread 21) UserProcessLauncher: launching 'C:\Program Files\CapTG Updater\UpdateNotifier.exe' as active user.
2026-08-16 04:20:53.797 -05:00 [DBG] (Thread 21) UserProcessLauncher: console session 1 has a valid user token.
2026-08-16 04:20:53.797 -05:00 [DBG] (Thread 21) UserProcessLauncher: using session ID = 1.
2026-08-16 04:20:53.855 -05:00 [INF] (Thread 21) UserProcessLauncher: 'C:\Program Files\CapTG Updater\UpdateNotifier.exe' launched in session 1.
2026-08-16 04:20:53.855 -05:00 [DBG] (Thread 21) PipeServer: waiting for notifier to connect.
2026-08-16 04:22:49.976 -05:00 [WRN] (Thread 23) PipeServer: notifier did not connect within 60 seconds.
2026-08-16 04:22:49.976 -05:00 [WRN] (Thread 23) PipeServer: no response received — retrying notification in 15 minutes.
2026-08-16 04:41:43.052 -05:00 [INF] (Thread 23) PipeServer: pipe created — launching notifier.
2026-08-16 04:41:43.080 -05:00 [WRN] (Thread 23) PipeServer: killed stale notifier process (PID 50544).
2026-08-16 04:41:43.080 -05:00 [INF] (Thread 23) UserProcessLauncher: launching 'C:\Program Files\CapTG Updater\UpdateNotifier.exe' as active user.
2026-08-16 04:41:43.081 -05:00 [DBG] (Thread 23) UserProcessLauncher: console session 1 has a valid user token.
2026-08-16 04:41:43.082 -05:00 [DBG] (Thread 23) UserProcessLauncher: using session ID = 1.
2026-08-16 04:41:43.145 -05:00 [INF] (Thread 23) UserProcessLauncher: 'C:\Program Files\CapTG Updater\UpdateNotifier.exe' launched in session 1.
2026-08-16 04:41:43.146 -05:00 [DBG] (Thread 23) PipeServer: waiting for notifier to connect.
2026-08-16 04:42:45.045 -05:00 [WRN] (Thread 21) PipeServer: notifier did not connect within 60 seconds.
2026-08-16 04:42:45.045 -05:00 [WRN] (Thread 21) PipeServer: no response received — retrying notification in 15 minutes.
2026-08-16 05:04:20.611 -05:00 [INF] (Thread 23) PipeServer: pipe created — launching notifier.
2026-08-16 05:04:20.637 -05:00 [WRN] (Thread 23) PipeServer: killed stale notifier process (PID 47940).
2026-08-16 05:04:20.637 -05:00 [INF] (Thread 23) UserProcessLauncher: launching 'C:\Program Files\CapTG Updater\UpdateNotifier.exe' as active user.
2026-08-16 05:04:20.638 -05:00 [DBG] (Thread 23) UserProcessLauncher: console session 1 has a valid user token.
2026-08-16 05:04:20.639 -05:00 [DBG] (Thread 23) UserProcessLauncher: using session ID = 1.
2026-08-16 05:04:20.697 -05:00 [INF] (Thread 23) UserProcessLauncher: 'C:\Program Files\CapTG Updater\UpdateNotifier.exe' launched in session 1.
2026-08-16 05:04:20.697 -05:00 [DBG] (Thread 23) PipeServer: waiting for notifier to connect.
2026-08-16 05:06:18.739 -05:00 [WRN] (Thread 23) PipeServer: notifier did not connect within 60 seconds.
2026-08-16 05:06:18.739 -05:00 [WRN] (Thread 23) PipeServer: no response received — retrying notification in 15 minutes.
2026-08-16 05:26:59.952 -05:00 [INF] (Thread 21) PipeServer: pipe created — launching notifier.
2026-08-16 05:26:59.974 -05:00 [WRN] (Thread 21) PipeServer: killed stale notifier process (PID 52896).
2026-08-16 05:26:59.974 -05:00 [INF] (Thread 21) UserProcessLauncher: launching 'C:\Program Files\CapTG Updater\UpdateNotifier.exe' as active user.
2026-08-16 05:26:59.975 -05:00 [DBG] (Thread 21) UserProcessLauncher: console session 1 has a valid user token.
2026-08-16 05:26:59.975 -05:00 [DBG] (Thread 21) UserProcessLauncher: using session ID = 1.
2026-08-16 05:27:00.034 -05:00 [INF] (Thread 21) UserProcessLauncher: 'C:\Program Files\CapTG Updater\UpdateNotifier.exe' launched in session 1.
2026-08-16 05:27:00.034 -05:00 [DBG] (Thread 21) PipeServer: waiting for notifier to connect.
2026-08-16 05:28:58.098 -05:00 [WRN] (Thread 23) PipeServer: notifier did not connect within 60 seconds.
2026-08-16 05:28:58.098 -05:00 [WRN] (Thread 23) PipeServer: no response received — retrying notification in 15 minutes.
2026-08-16 05:49:32.763 -05:00 [INF] (Thread 10) PipeServer: pipe created — launching notifier.
2026-08-16 05:49:32.815 -05:00 [WRN] (Thread 10) PipeServer: killed stale notifier process (PID 54100).
2026-08-16 05:49:32.816 -05:00 [INF] (Thread 10) UserProcessLauncher: launching 'C:\Program Files\CapTG Updater\UpdateNotifier.exe' as active user.
2026-08-16 05:49:32.817 -05:00 [DBG] (Thread 10) UserProcessLauncher: console session 1 has a valid user token.
2026-08-16 05:49:32.817 -05:00 [DBG] (Thread 10) UserProcessLauncher: using session ID = 1.
2026-08-16 05:49:32.887 -05:00 [INF] (Thread 10) UserProcessLauncher: 'C:\Program Files\CapTG Updater\UpdateNotifier.exe' launched in session 1.
2026-08-16 05:49:32.887 -05:00 [DBG] (Thread 10) PipeServer: waiting for notifier to connect.
2026-08-16 05:51:27.165 -05:00 [WRN] (Thread 10) PipeServer: notifier did not connect within 60 seconds.
2026-08-16 05:51:27.165 -05:00 [WRN] (Thread 10) PipeServer: no response received — retrying notification in 15 minutes.
2026-08-16 06:14:53.815 -05:00 [INF] (Thread 10) PipeServer: pipe created — launching notifier.
2026-08-16 06:14:53.837 -05:00 [INF] (Thread 10) UserProcessLauncher: launching 'C:\Program Files\CapTG Updater\UpdateNotifier.exe' as active user.
2026-08-16 06:14:53.838 -05:00 [DBG] (Thread 10) UserProcessLauncher: console session 1 has a valid user token.
2026-08-16 06:14:53.838 -05:00 [DBG] (Thread 10) UserProcessLauncher: using session ID = 1.
2026-08-16 06:14:53.876 -05:00 [INF] (Thread 10) UserProcessLauncher: 'C:\Program Files\CapTG Updater\UpdateNotifier.exe' launched in session 1.
2026-08-16 06:14:53.876 -05:00 [DBG] (Thread 10) PipeServer: waiting for notifier to connect.
2026-08-16 06:14:54.273 -05:00 [INF] (Thread 10) PipeServer: notifier connected.
2026-08-16 06:14:54.287 -05:00 [DBG] (Thread 23) PipeServer: "RebootRequired" message sent.
2026-08-16 17:04:42.487 -05:00 [ERR] (Thread 23) PipeServer: error reading user response from notifier.
System.OperationCanceledException: The operation was canceled.
   at System.IO.Pipes.PipeStream.PipeValueTaskSource.GetResult(Int16 token)
   at System.IO.Stream.ReadAtLeastAsyncCore(Memory`1 buffer, Int32 minimumBytes, Boolean throwOnEndOfStream, CancellationToken cancellationToken)
   at System.Runtime.CompilerServices.PoolingAsyncValueTaskMethodBuilder`1.StateMachineBox`1.System.Threading.Tasks.Sources.IValueTaskSource.GetResult(Int16 token)
   at UpdateService.Pipes.PipeServer.ReadMessageAsync(PipeStream pipe, CancellationToken ct) in C:\Users\sbutski\Documents\VSCode Solutions Folder\UpdateSolution\UpdateService\Pipes\PipeServer.cs:line 390
   at UpdateService.Pipes.PipeServer.RunOneNotificationCycleAsync(PipeMessage outbound, CancellationToken cancellationToken, Nullable`1 responseTimeout) in C:\Users\sbutski\Documents\VSCode Solutions Folder\UpdateSolution\UpdateService\Pipes\PipeServer.cs:line 356
2026-08-16 17:04:42.492 -05:00 [WRN] (Thread 23) PipeServer: no response received — retrying notification in 15 minutes.
2026-08-16 17:26:15.483 -05:00 [INF] (Thread 23) PipeServer: pipe created — launching notifier.
2026-08-16 17:26:15.526 -05:00 [WRN] (Thread 23) PipeServer: killed stale notifier process (PID 38288).
2026-08-16 17:26:15.527 -05:00 [INF] (Thread 23) UserProcessLauncher: launching 'C:\Program Files\CapTG Updater\UpdateNotifier.exe' as active user.
2026-08-16 17:26:15.528 -05:00 [DBG] (Thread 23) UserProcessLauncher: console session 1 has a valid user token.
2026-08-16 17:26:15.528 -05:00 [DBG] (Thread 23) UserProcessLauncher: using session ID = 1.
2026-08-16 17:26:15.578 -05:00 [INF] (Thread 23) UserProcessLauncher: 'C:\Program Files\CapTG Updater\UpdateNotifier.exe' launched in session 1.
2026-08-16 17:26:15.579 -05:00 [DBG] (Thread 23) PipeServer: waiting for notifier to connect.
2026-08-16 17:27:15.580 -05:00 [WRN] (Thread 23) PipeServer: notifier did not connect within 60 seconds.
2026-08-16 17:27:15.581 -05:00 [WRN] (Thread 23) PipeServer: no response received — retrying notification in 15 minutes.
2026-08-16 17:48:42.212 -05:00 [INF] (Thread 11) PipeServer: pipe created — launching notifier.
2026-08-16 17:48:42.272 -05:00 [WRN] (Thread 11) PipeServer: killed stale notifier process (PID 53124).
2026-08-16 17:48:42.272 -05:00 [INF] (Thread 11) UserProcessLauncher: launching 'C:\Program Files\CapTG Updater\UpdateNotifier.exe' as active user.
2026-08-16 17:48:42.273 -05:00 [DBG] (Thread 11) UserProcessLauncher: console session 1 has a valid user token.
2026-08-16 17:48:42.273 -05:00 [DBG] (Thread 11) UserProcessLauncher: using session ID = 1.
2026-08-16 17:48:42.374 -05:00 [INF] (Thread 11) UserProcessLauncher: 'C:\Program Files\CapTG Updater\UpdateNotifier.exe' launched in session 1.
2026-08-16 17:48:42.374 -05:00 [DBG] (Thread 11) PipeServer: waiting for notifier to connect.
2026-08-16 17:49:21.212 -05:00 [INF] (Thread 11) PipeServer: notifier connected.
2026-08-16 17:49:21.475 -05:00 [DBG] (Thread 11) PipeServer: "RebootRequired" message sent.
