2026-08-05 11:03:05.672 -05:00 [INF] (Thread 2) Logging initialized. Directory: C:\ProgramData\CapTG\UpdateService\logs
2026-08-05 11:03:05.738 -05:00 [INF] (Thread 2) CapTG UpdateService starting. Args: []
2026-08-05 11:03:05.739 -05:00 [INF] (Thread 2) InstType = Client
2026-08-05 11:03:05.741 -05:00 [INF] (Thread 2) Wrote default RebootDoW = 0x3E (Mon-Fri).
2026-08-05 11:03:05.746 -05:00 [INF] (Thread 2) Notifier path: C:\Program Files\CapTG Updater\UpdateNotifier.exe
2026-08-05 11:03:05.933 -05:00 [INF] (Thread 2) Host built — handing control to the SCM.
2026-08-05 11:03:06.033 -05:00 [INF] (Thread 9) UpdateBackgroundService: update interval = "01:00:00"
2026-08-05 11:03:06.045 -05:00 [INF] (Thread 9) UpdateBackgroundService: StartAsync called by SCM.
2026-08-05 11:03:06.047 -05:00 [INF] (Thread 11) UpdateBackgroundService: service started. Initial delay = "00:02:00".
2026-08-05 11:03:06.049 -05:00 [INF] (Thread 11) WindowsUpdateWorker: pending-reboot baseline captured at service start. WU-RebootRequired=absent CBS-RebootPending=absent PendingFileRenameOperations=present
2026-08-05 11:05:06.070 -05:00 [INF] (Thread 3) SelfUpdater: checking for updates. Current version: 1.26.586.441
2026-08-05 11:05:06.664 -05:00 [INF] (Thread 13) SelfUpdater: remote version = 1.26.586.441.
2026-08-05 11:05:06.664 -05:00 [INF] (Thread 13) SelfUpdater: already up to date.
2026-08-05 11:05:06.667 -05:00 [INF] (Thread 13) UpdateOrchestrator: === Update cycle starting ===
2026-08-05 11:05:06.670 -05:00 [INF] (Thread 13) WindowsUpdateWorker: starting update pass.
2026-08-05 11:05:06.671 -05:00 [INF] (Thread 13) WindowsUpdateWorker: verifying PSWindowsUpdate module.
2026-08-05 11:05:06.684 -05:00 [DBG] (Thread 3) WindowsUpdateWorker: running PS script: $ProgressPreference = 'SilentlyContinue'
            $ErrorActionPreference = 'Stop'
            try {
                if (-not (Get-PackageProvider -Name NuGet -ListAvailable -ErrorAction SilentlyContinue)) {
                    Install-PackageProvider -Name NuGet -MinimumVersion 2.8.5.201 -Force -Scope AllUsers | Out-Null
                }
                Set-PSRepository -Name PSGallery -InstallationPolicy Trusted -ErrorAction SilentlyContinue
                if (-not (Get-Module -ListAvailable -Name PSWindowsUpdate -ErrorAction SilentlyContinue)) {
                    Install-Module PSWindowsUpdate -Force -SkipPublisherCheck -Scope AllUsers | Out-Null
                }
                Import-Module PSWindowsUpdate -Force -ErrorAction Stop
                try {
                    Add-WUServiceManager -MicrosoftUpdate -Confirm:$false -ErrorAction SilentlyContinue | Out-Null
                } catch {}
                Write-Output 'OK'
            } catch {
                Write-Output ('ERROR: ' + $_.Exception.Message)
            }
2026-08-05 11:05:33.819 -05:00 [INF] (Thread 13) WindowsUpdateWorker: PSWindowsUpdate module OK.
2026-08-05 11:05:33.822 -05:00 [DBG] (Thread 3) WindowsUpdateWorker: running PS script: Import-Module PSWindowsUpdate -ErrorAction Stop
        $ProgressPreference = 'SilentlyContinue'

        # Force the Windows Update Agent to scan before installing.
        # Fixes 0x80248007 (WU_E_DS_NODATA) on fresh builds or machines
        # whose update data store has not been initialised yet.
        try {
            Start-Process -FilePath 'UsoClient.exe' `
                -ArgumentList 'StartScan' `
                -Wait -NoNewWindow -ErrorAction SilentlyContinue
            Start-Sleep -Seconds 30
        } catch {}

        # 2>&1 merges stderr into the pipeline mixing strings with update
        # objects -- we filter them out in the foreach loop below.
        $rawOutput = Install-WindowsUpdate `
            -MicrosoftUpdate `
            -AcceptAll `
            -IgnoreReboot `
            -Install `
            -ErrorAction Continue 2>&1

        # Use a hashtable keyed on Title to keep only the LAST result per update.
        # PSWindowsUpdate emits objects at multiple pipeline stages (search, download,
        # install); overwriting ensures we capture the final post-install ResultCode
        # rather than an early ResultCode=0 (NotStarted).
        $byKey = @{}

        foreach ($u in $rawOutput) {
            if ($null -eq $u -or $u -isnot [PSObject]) { continue }
            if (-not ($u.PSObject.Properties.Name -contains 'Title')) { continue }
            if ([string]::IsNullOrWhiteSpace($u.Title)) { continue }

            $resultCode = 0
            try { $resultCode = [int]$u.ResultCode } catch { $resultCode = 4 }
            $succeeded = ($resultCode -eq 2 -or $resultCode -eq 3)

            # ResultCode=0 means NotStarted — treat as Skipped, not Failed.
            $status = if ($succeeded) { 'Succeeded' } elseif ($resultCode -eq 0) { 'Skipped' } else { 'Failed' }

            $kb = ''
            try {
                if ($u.KBArticleIDs -and $u.KBArticleIDs.Count -gt 0) {
                    $kb = 'KB' + $u.KBArticleIDs[0]
                }
            } catch {}

            $needsReboot = $false
            try { $needsReboot = [bool]$u.RebootRequired } catch {}

            $byKey[$u.Title] = [PSCustomObject]@{
                Identifier     = $kb
                Title          = [string]$u.Title
                Status         = $status
                ErrorMessage   = if ($succeeded -or $resultCode -eq 0) { '' } else { 'ResultCode=' + $resultCode }
                RebootRequired = $needsReboot
                AttemptedAt    = (Get-Date -Format 'o')
            }
        }

        $results = @($byKey.Values)

        if ($results.Count -eq 0) {
            Write-Output '[]'
        } else {
            $results | ConvertTo-Json -Compress
        }
2026-08-05 11:07:05.997 -05:00 [INF] (Thread 16) WindowsUpdateWorker: PendingFileRenameOperations present but unchanged since service start — ignoring as stale.
2026-08-05 11:07:05.998 -05:00 [INF] (Thread 16) WindowsUpdateWorker: pass complete. Total=1 Succeeded=0 Failed=0 Skipped=1
2026-08-05 11:07:06.121 -05:00 [INF] (Thread 16) WingetWorker: starting upgrade pass.
2026-08-05 11:07:06.376 -05:00 [DBG] (Thread 16) WingetWorker: using winget at C:\Program Files\WindowsApps\Microsoft.DesktopAppInstaller_1.29.280.0_x64__8wekyb3d8bbwe\winget.exe
2026-08-05 11:07:06.376 -05:00 [DBG] (Thread 16) WingetWorker: winget upgrade --include-unknown --accept-source-agreements
2026-08-05 11:07:10.294 -05:00 [INF] (Thread 16) WingetWorker: 3 package(s) queued for upgrade.
2026-08-05 11:07:10.295 -05:00 [INF] (Thread 16) WingetWorker: upgrading package 'HP.ConnectionOptimizer'.
2026-08-05 11:07:10.401 -05:00 [DBG] (Thread 16) WingetWorker: using winget at C:\Program Files\WindowsApps\Microsoft.DesktopAppInstaller_1.29.280.0_x64__8wekyb3d8bbwe\winget.exe
2026-08-05 11:07:10.401 -05:00 [DBG] (Thread 16) WingetWorker: winget upgrade --id "HP.ConnectionOptimizer" --silent --accept-source-agreements --accept-package-agreements --include-unknown
2026-08-05 11:07:46.998 -05:00 [INF] (Thread 3) WingetWorker: 'HP.ConnectionOptimizer' upgraded successfully. RebootRequired=false
2026-08-05 11:07:46.999 -05:00 [INF] (Thread 3) WingetWorker: upgrading package 'Microsoft.VCLibs.14'.
2026-08-05 11:07:47.093 -05:00 [DBG] (Thread 3) WingetWorker: using winget at C:\Program Files\WindowsApps\Microsoft.DesktopAppInstaller_1.29.280.0_x64__8wekyb3d8bbwe\winget.exe
2026-08-05 11:07:47.093 -05:00 [DBG] (Thread 3) WingetWorker: winget upgrade --id "Microsoft.VCLibs.14" --silent --accept-source-agreements --accept-package-agreements --include-unknown
2026-08-05 11:07:53.365 -05:00 [WRN] (Thread 3) WingetWorker: 'Microsoft.VCLibs.14' upgrade failed (exit -2147024809). Stderr: 
2026-08-05 11:07:53.367 -05:00 [INF] (Thread 3) WingetWorker: upgrading package 'Microsoft.PowerShell'.
2026-08-05 11:07:53.465 -05:00 [DBG] (Thread 3) WingetWorker: using winget at C:\Program Files\WindowsApps\Microsoft.DesktopAppInstaller_1.29.280.0_x64__8wekyb3d8bbwe\winget.exe
2026-08-05 11:07:53.465 -05:00 [DBG] (Thread 3) WingetWorker: winget upgrade --id "Microsoft.PowerShell" --silent --accept-source-agreements --accept-package-agreements --include-unknown
2026-08-05 11:07:55.421 -05:00 [WRN] (Thread 3) WingetWorker: 'Microsoft.PowerShell' upgrade failed (exit -1978335090). Stderr: 
2026-08-05 11:07:55.422 -05:00 [INF] (Thread 3) WingetWorker: pass complete. Succeeded=1 Failed=2 Skipped=0
2026-08-05 11:07:55.425 -05:00 [INF] (Thread 3) UpdateOrchestrator: cycle complete. Total=4 Succeeded=1 Failed=2 RebootRequired=false
2026-08-05 11:07:55.425 -05:00 [INF] (Thread 3) UpdateOrchestrator: no reboot required — cycle complete.
2026-08-05 11:07:55.425 -05:00 [INF] (Thread 3) UpdateBackgroundService: next cycle in "01:00:00".
2026-08-05 12:07:55.429 -05:00 [INF] (Thread 14) SelfUpdater: checking for updates. Current version: 1.26.586.441
2026-08-05 12:07:55.643 -05:00 [INF] (Thread 14) SelfUpdater: remote version = 1.26.586.441.
2026-08-05 12:07:55.643 -05:00 [INF] (Thread 14) SelfUpdater: already up to date.
2026-08-05 12:07:55.644 -05:00 [INF] (Thread 14) UpdateOrchestrator: === Update cycle starting ===
2026-08-05 12:07:55.644 -05:00 [INF] (Thread 14) WindowsUpdateWorker: starting update pass.
2026-08-05 12:07:55.644 -05:00 [INF] (Thread 14) WindowsUpdateWorker: verifying PSWindowsUpdate module.
2026-08-05 12:07:55.647 -05:00 [DBG] (Thread 14) WindowsUpdateWorker: running PS script: $ProgressPreference = 'SilentlyContinue'
            $ErrorActionPreference = 'Stop'
            try {
                if (-not (Get-PackageProvider -Name NuGet -ListAvailable -ErrorAction SilentlyContinue)) {
                    Install-PackageProvider -Name NuGet -MinimumVersion 2.8.5.201 -Force -Scope AllUsers | Out-Null
                }
                Set-PSRepository -Name PSGallery -InstallationPolicy Trusted -ErrorAction SilentlyContinue
                if (-not (Get-Module -ListAvailable -Name PSWindowsUpdate -ErrorAction SilentlyContinue)) {
                    Install-Module PSWindowsUpdate -Force -SkipPublisherCheck -Scope AllUsers | Out-Null
                }
                Import-Module PSWindowsUpdate -Force -ErrorAction Stop
                try {
                    Add-WUServiceManager -MicrosoftUpdate -Confirm:$false -ErrorAction SilentlyContinue | Out-Null
                } catch {}
                Write-Output 'OK'
            } catch {
                Write-Output ('ERROR: ' + $_.Exception.Message)
            }
2026-08-05 12:08:26.217 -05:00 [INF] (Thread 16) WindowsUpdateWorker: PSWindowsUpdate module OK.
2026-08-05 12:08:26.219 -05:00 [DBG] (Thread 16) WindowsUpdateWorker: running PS script: Import-Module PSWindowsUpdate -ErrorAction Stop
        $ProgressPreference = 'SilentlyContinue'

        # Force the Windows Update Agent to scan before installing.
        # Fixes 0x80248007 (WU_E_DS_NODATA) on fresh builds or machines
        # whose update data store has not been initialised yet.
        try {
            Start-Process -FilePath 'UsoClient.exe' `
                -ArgumentList 'StartScan' `
                -Wait -NoNewWindow -ErrorAction SilentlyContinue
            Start-Sleep -Seconds 30
        } catch {}

        # 2>&1 merges stderr into the pipeline mixing strings with update
        # objects -- we filter them out in the foreach loop below.
        $rawOutput = Install-WindowsUpdate `
            -MicrosoftUpdate `
            -AcceptAll `
            -IgnoreReboot `
            -Install `
            -ErrorAction Continue 2>&1

        # Use a hashtable keyed on Title to keep only the LAST result per update.
        # PSWindowsUpdate emits objects at multiple pipeline stages (search, download,
        # install); overwriting ensures we capture the final post-install ResultCode
        # rather than an early ResultCode=0 (NotStarted).
        $byKey = @{}

        foreach ($u in $rawOutput) {
            if ($null -eq $u -or $u -isnot [PSObject]) { continue }
            if (-not ($u.PSObject.Properties.Name -contains 'Title')) { continue }
            if ([string]::IsNullOrWhiteSpace($u.Title)) { continue }

            $resultCode = 0
            try { $resultCode = [int]$u.ResultCode } catch { $resultCode = 4 }
            $succeeded = ($resultCode -eq 2 -or $resultCode -eq 3)

            # ResultCode=0 means NotStarted — treat as Skipped, not Failed.
            $status = if ($succeeded) { 'Succeeded' } elseif ($resultCode -eq 0) { 'Skipped' } else { 'Failed' }

            $kb = ''
            try {
                if ($u.KBArticleIDs -and $u.KBArticleIDs.Count -gt 0) {
                    $kb = 'KB' + $u.KBArticleIDs[0]
                }
            } catch {}

            $needsReboot = $false
            try { $needsReboot = [bool]$u.RebootRequired } catch {}

            $byKey[$u.Title] = [PSCustomObject]@{
                Identifier     = $kb
                Title          = [string]$u.Title
                Status         = $status
                ErrorMessage   = if ($succeeded -or $resultCode -eq 0) { '' } else { 'ResultCode=' + $resultCode }
                RebootRequired = $needsReboot
                AttemptedAt    = (Get-Date -Format 'o')
            }
        }

        $results = @($byKey.Values)

        if ($results.Count -eq 0) {
            Write-Output '[]'
        } else {
            $results | ConvertTo-Json -Compress
        }
2026-08-05 12:10:29.703 -05:00 [INF] (Thread 11) WindowsUpdateWorker: PendingFileRenameOperations present but unchanged since service start — ignoring as stale.
2026-08-05 12:10:29.703 -05:00 [INF] (Thread 11) WindowsUpdateWorker: pass complete. Total=1 Succeeded=0 Failed=0 Skipped=1
2026-08-05 12:10:29.705 -05:00 [INF] (Thread 11) WingetWorker: skipping — last run was 2026-08-05T16:07:55.4222298Z (less than 7 days ago).
2026-08-05 12:10:29.705 -05:00 [INF] (Thread 11) UpdateOrchestrator: cycle complete. Total=1 Succeeded=0 Failed=0 RebootRequired=false
2026-08-05 12:10:29.705 -05:00 [INF] (Thread 11) UpdateOrchestrator: no reboot required — cycle complete.
2026-08-05 12:10:29.706 -05:00 [INF] (Thread 11) UpdateBackgroundService: next cycle in "01:00:00".
2026-08-05 13:10:29.716 -05:00 [INF] (Thread 11) SelfUpdater: checking for updates. Current version: 1.26.586.441
2026-08-05 13:10:29.922 -05:00 [INF] (Thread 11) SelfUpdater: remote version = 1.26.586.441.
2026-08-05 13:10:29.922 -05:00 [INF] (Thread 11) SelfUpdater: already up to date.
2026-08-05 13:10:29.922 -05:00 [INF] (Thread 11) UpdateOrchestrator: === Update cycle starting ===
2026-08-05 13:10:29.922 -05:00 [INF] (Thread 11) WindowsUpdateWorker: starting update pass.
2026-08-05 13:10:29.922 -05:00 [INF] (Thread 11) WindowsUpdateWorker: verifying PSWindowsUpdate module.
2026-08-05 13:10:29.924 -05:00 [DBG] (Thread 11) WindowsUpdateWorker: running PS script: $ProgressPreference = 'SilentlyContinue'
            $ErrorActionPreference = 'Stop'
            try {
                if (-not (Get-PackageProvider -Name NuGet -ListAvailable -ErrorAction SilentlyContinue)) {
                    Install-PackageProvider -Name NuGet -MinimumVersion 2.8.5.201 -Force -Scope AllUsers | Out-Null
                }
                Set-PSRepository -Name PSGallery -InstallationPolicy Trusted -ErrorAction SilentlyContinue
                if (-not (Get-Module -ListAvailable -Name PSWindowsUpdate -ErrorAction SilentlyContinue)) {
                    Install-Module PSWindowsUpdate -Force -SkipPublisherCheck -Scope AllUsers | Out-Null
                }
                Import-Module PSWindowsUpdate -Force -ErrorAction Stop
                try {
                    Add-WUServiceManager -MicrosoftUpdate -Confirm:$false -ErrorAction SilentlyContinue | Out-Null
                } catch {}
                Write-Output 'OK'
            } catch {
                Write-Output ('ERROR: ' + $_.Exception.Message)
            }
2026-08-05 13:10:54.317 -05:00 [INF] (Thread 11) WindowsUpdateWorker: PSWindowsUpdate module OK.
2026-08-05 13:10:54.324 -05:00 [DBG] (Thread 11) WindowsUpdateWorker: running PS script: Import-Module PSWindowsUpdate -ErrorAction Stop
        $ProgressPreference = 'SilentlyContinue'

        # Force the Windows Update Agent to scan before installing.
        # Fixes 0x80248007 (WU_E_DS_NODATA) on fresh builds or machines
        # whose update data store has not been initialised yet.
        try {
            Start-Process -FilePath 'UsoClient.exe' `
                -ArgumentList 'StartScan' `
                -Wait -NoNewWindow -ErrorAction SilentlyContinue
            Start-Sleep -Seconds 30
        } catch {}

        # 2>&1 merges stderr into the pipeline mixing strings with update
        # objects -- we filter them out in the foreach loop below.
        $rawOutput = Install-WindowsUpdate `
            -MicrosoftUpdate `
            -AcceptAll `
            -IgnoreReboot `
            -Install `
            -ErrorAction Continue 2>&1

        # Use a hashtable keyed on Title to keep only the LAST result per update.
        # PSWindowsUpdate emits objects at multiple pipeline stages (search, download,
        # install); overwriting ensures we capture the final post-install ResultCode
        # rather than an early ResultCode=0 (NotStarted).
        $byKey = @{}

        foreach ($u in $rawOutput) {
            if ($null -eq $u -or $u -isnot [PSObject]) { continue }
            if (-not ($u.PSObject.Properties.Name -contains 'Title')) { continue }
            if ([string]::IsNullOrWhiteSpace($u.Title)) { continue }

            $resultCode = 0
            try { $resultCode = [int]$u.ResultCode } catch { $resultCode = 4 }
            $succeeded = ($resultCode -eq 2 -or $resultCode -eq 3)

            # ResultCode=0 means NotStarted — treat as Skipped, not Failed.
            $status = if ($succeeded) { 'Succeeded' } elseif ($resultCode -eq 0) { 'Skipped' } else { 'Failed' }

            $kb = ''
            try {
                if ($u.KBArticleIDs -and $u.KBArticleIDs.Count -gt 0) {
                    $kb = 'KB' + $u.KBArticleIDs[0]
                }
            } catch {}

            $needsReboot = $false
            try { $needsReboot = [bool]$u.RebootRequired } catch {}

            $byKey[$u.Title] = [PSCustomObject]@{
                Identifier     = $kb
                Title          = [string]$u.Title
                Status         = $status
                ErrorMessage   = if ($succeeded -or $resultCode -eq 0) { '' } else { 'ResultCode=' + $resultCode }
                RebootRequired = $needsReboot
                AttemptedAt    = (Get-Date -Format 'o')
            }
        }

        $results = @($byKey.Values)

        if ($results.Count -eq 0) {
            Write-Output '[]'
        } else {
            $results | ConvertTo-Json -Compress
        }
2026-08-05 13:12:28.877 -05:00 [INF] (Thread 11) WindowsUpdateWorker: PendingFileRenameOperations present but unchanged since service start — ignoring as stale.
2026-08-05 13:12:28.877 -05:00 [INF] (Thread 11) WindowsUpdateWorker: pass complete. Total=1 Succeeded=0 Failed=0 Skipped=1
2026-08-05 13:12:28.878 -05:00 [INF] (Thread 11) WingetWorker: skipping — last run was 2026-08-05T16:07:55.4222298Z (less than 7 days ago).
2026-08-05 13:12:28.878 -05:00 [INF] (Thread 11) UpdateOrchestrator: cycle complete. Total=1 Succeeded=0 Failed=0 RebootRequired=false
2026-08-05 13:12:28.878 -05:00 [INF] (Thread 11) UpdateOrchestrator: no reboot required — cycle complete.
2026-08-05 13:12:28.878 -05:00 [INF] (Thread 11) UpdateBackgroundService: next cycle in "01:00:00".
2026-08-05 14:26:13.019 -05:00 [INF] (Thread 9) SelfUpdater: checking for updates. Current version: 1.26.586.441
2026-08-05 14:26:13.250 -05:00 [INF] (Thread 9) SelfUpdater: remote version = 1.26.586.441.
2026-08-05 14:26:13.250 -05:00 [INF] (Thread 9) SelfUpdater: already up to date.
2026-08-05 14:26:13.250 -05:00 [INF] (Thread 9) UpdateOrchestrator: === Update cycle starting ===
2026-08-05 14:26:13.250 -05:00 [INF] (Thread 9) WindowsUpdateWorker: starting update pass.
2026-08-05 14:26:13.250 -05:00 [INF] (Thread 9) WindowsUpdateWorker: verifying PSWindowsUpdate module.
2026-08-05 14:26:13.254 -05:00 [DBG] (Thread 9) WindowsUpdateWorker: running PS script: $ProgressPreference = 'SilentlyContinue'
            $ErrorActionPreference = 'Stop'
            try {
                if (-not (Get-PackageProvider -Name NuGet -ListAvailable -ErrorAction SilentlyContinue)) {
                    Install-PackageProvider -Name NuGet -MinimumVersion 2.8.5.201 -Force -Scope AllUsers | Out-Null
                }
                Set-PSRepository -Name PSGallery -InstallationPolicy Trusted -ErrorAction SilentlyContinue
                if (-not (Get-Module -ListAvailable -Name PSWindowsUpdate -ErrorAction SilentlyContinue)) {
                    Install-Module PSWindowsUpdate -Force -SkipPublisherCheck -Scope AllUsers | Out-Null
                }
                Import-Module PSWindowsUpdate -Force -ErrorAction Stop
                try {
                    Add-WUServiceManager -MicrosoftUpdate -Confirm:$false -ErrorAction SilentlyContinue | Out-Null
                } catch {}
                Write-Output 'OK'
            } catch {
                Write-Output ('ERROR: ' + $_.Exception.Message)
            }
2026-08-05 14:26:52.370 -05:00 [INF] (Thread 9) WindowsUpdateWorker: PSWindowsUpdate module OK.
2026-08-05 14:26:52.686 -05:00 [DBG] (Thread 9) WindowsUpdateWorker: running PS script: Import-Module PSWindowsUpdate -ErrorAction Stop
        $ProgressPreference = 'SilentlyContinue'

        # Force the Windows Update Agent to scan before installing.
        # Fixes 0x80248007 (WU_E_DS_NODATA) on fresh builds or machines
        # whose update data store has not been initialised yet.
        try {
            Start-Process -FilePath 'UsoClient.exe' `
                -ArgumentList 'StartScan' `
                -Wait -NoNewWindow -ErrorAction SilentlyContinue
            Start-Sleep -Seconds 30
        } catch {}

        # 2>&1 merges stderr into the pipeline mixing strings with update
        # objects -- we filter them out in the foreach loop below.
        $rawOutput = Install-WindowsUpdate `
            -MicrosoftUpdate `
            -AcceptAll `
            -IgnoreReboot `
            -Install `
            -ErrorAction Continue 2>&1

        # Use a hashtable keyed on Title to keep only the LAST result per update.
        # PSWindowsUpdate emits objects at multiple pipeline stages (search, download,
        # install); overwriting ensures we capture the final post-install ResultCode
        # rather than an early ResultCode=0 (NotStarted).
        $byKey = @{}

        foreach ($u in $rawOutput) {
            if ($null -eq $u -or $u -isnot [PSObject]) { continue }
            if (-not ($u.PSObject.Properties.Name -contains 'Title')) { continue }
            if ([string]::IsNullOrWhiteSpace($u.Title)) { continue }

            $resultCode = 0
            try { $resultCode = [int]$u.ResultCode } catch { $resultCode = 4 }
            $succeeded = ($resultCode -eq 2 -or $resultCode -eq 3)

            # ResultCode=0 means NotStarted — treat as Skipped, not Failed.
            $status = if ($succeeded) { 'Succeeded' } elseif ($resultCode -eq 0) { 'Skipped' } else { 'Failed' }

            $kb = ''
            try {
                if ($u.KBArticleIDs -and $u.KBArticleIDs.Count -gt 0) {
                    $kb = 'KB' + $u.KBArticleIDs[0]
                }
            } catch {}

            $needsReboot = $false
            try { $needsReboot = [bool]$u.RebootRequired } catch {}

            $byKey[$u.Title] = [PSCustomObject]@{
                Identifier     = $kb
                Title          = [string]$u.Title
                Status         = $status
                ErrorMessage   = if ($succeeded -or $resultCode -eq 0) { '' } else { 'ResultCode=' + $resultCode }
                RebootRequired = $needsReboot
                AttemptedAt    = (Get-Date -Format 'o')
            }
        }

        $results = @($byKey.Values)

        if ($results.Count -eq 0) {
            Write-Output '[]'
        } else {
            $results | ConvertTo-Json -Compress
        }
2026-08-05 14:28:28.493 -05:00 [INF] (Thread 9) WindowsUpdateWorker: PendingFileRenameOperations present but unchanged since service start — ignoring as stale.
2026-08-05 14:28:28.493 -05:00 [INF] (Thread 9) WindowsUpdateWorker: pass complete. Total=1 Succeeded=0 Failed=0 Skipped=1
2026-08-05 14:28:28.493 -05:00 [INF] (Thread 9) WingetWorker: skipping — last run was 2026-08-05T16:07:55.4222298Z (less than 7 days ago).
2026-08-05 14:28:28.494 -05:00 [INF] (Thread 9) UpdateOrchestrator: cycle complete. Total=1 Succeeded=0 Failed=0 RebootRequired=false
2026-08-05 14:28:28.494 -05:00 [INF] (Thread 9) UpdateOrchestrator: no reboot required — cycle complete.
2026-08-05 14:28:28.494 -05:00 [INF] (Thread 9) UpdateBackgroundService: next cycle in "01:00:00".
2026-08-05 15:28:28.511 -05:00 [INF] (Thread 13) SelfUpdater: checking for updates. Current version: 1.26.586.441
2026-08-05 15:28:28.805 -05:00 [INF] (Thread 13) SelfUpdater: remote version = 1.26.586.441.
2026-08-05 15:28:28.805 -05:00 [INF] (Thread 13) SelfUpdater: already up to date.
2026-08-05 15:28:28.805 -05:00 [INF] (Thread 13) UpdateOrchestrator: === Update cycle starting ===
2026-08-05 15:28:28.805 -05:00 [INF] (Thread 13) WindowsUpdateWorker: starting update pass.
2026-08-05 15:28:28.805 -05:00 [INF] (Thread 13) WindowsUpdateWorker: verifying PSWindowsUpdate module.
2026-08-05 15:28:28.818 -05:00 [DBG] (Thread 13) WindowsUpdateWorker: running PS script: $ProgressPreference = 'SilentlyContinue'
            $ErrorActionPreference = 'Stop'
            try {
                if (-not (Get-PackageProvider -Name NuGet -ListAvailable -ErrorAction SilentlyContinue)) {
                    Install-PackageProvider -Name NuGet -MinimumVersion 2.8.5.201 -Force -Scope AllUsers | Out-Null
                }
                Set-PSRepository -Name PSGallery -InstallationPolicy Trusted -ErrorAction SilentlyContinue
                if (-not (Get-Module -ListAvailable -Name PSWindowsUpdate -ErrorAction SilentlyContinue)) {
                    Install-Module PSWindowsUpdate -Force -SkipPublisherCheck -Scope AllUsers | Out-Null
                }
                Import-Module PSWindowsUpdate -Force -ErrorAction Stop
                try {
                    Add-WUServiceManager -MicrosoftUpdate -Confirm:$false -ErrorAction SilentlyContinue | Out-Null
                } catch {}
                Write-Output 'OK'
            } catch {
                Write-Output ('ERROR: ' + $_.Exception.Message)
            }
2026-08-05 15:28:55.969 -05:00 [INF] (Thread 18) WindowsUpdateWorker: PSWindowsUpdate module OK.
2026-08-05 15:28:55.972 -05:00 [DBG] (Thread 18) WindowsUpdateWorker: running PS script: Import-Module PSWindowsUpdate -ErrorAction Stop
        $ProgressPreference = 'SilentlyContinue'

        # Force the Windows Update Agent to scan before installing.
        # Fixes 0x80248007 (WU_E_DS_NODATA) on fresh builds or machines
        # whose update data store has not been initialised yet.
        try {
            Start-Process -FilePath 'UsoClient.exe' `
                -ArgumentList 'StartScan' `
                -Wait -NoNewWindow -ErrorAction SilentlyContinue
            Start-Sleep -Seconds 30
        } catch {}

        # 2>&1 merges stderr into the pipeline mixing strings with update
        # objects -- we filter them out in the foreach loop below.
        $rawOutput = Install-WindowsUpdate `
            -MicrosoftUpdate `
            -AcceptAll `
            -IgnoreReboot `
            -Install `
            -ErrorAction Continue 2>&1

        # Use a hashtable keyed on Title to keep only the LAST result per update.
        # PSWindowsUpdate emits objects at multiple pipeline stages (search, download,
        # install); overwriting ensures we capture the final post-install ResultCode
        # rather than an early ResultCode=0 (NotStarted).
        $byKey = @{}

        foreach ($u in $rawOutput) {
            if ($null -eq $u -or $u -isnot [PSObject]) { continue }
            if (-not ($u.PSObject.Properties.Name -contains 'Title')) { continue }
            if ([string]::IsNullOrWhiteSpace($u.Title)) { continue }

            $resultCode = 0
            try { $resultCode = [int]$u.ResultCode } catch { $resultCode = 4 }
            $succeeded = ($resultCode -eq 2 -or $resultCode -eq 3)

            # ResultCode=0 means NotStarted — treat as Skipped, not Failed.
            $status = if ($succeeded) { 'Succeeded' } elseif ($resultCode -eq 0) { 'Skipped' } else { 'Failed' }

            $kb = ''
            try {
                if ($u.KBArticleIDs -and $u.KBArticleIDs.Count -gt 0) {
                    $kb = 'KB' + $u.KBArticleIDs[0]
                }
            } catch {}

            $needsReboot = $false
            try { $needsReboot = [bool]$u.RebootRequired } catch {}

            $byKey[$u.Title] = [PSCustomObject]@{
                Identifier     = $kb
                Title          = [string]$u.Title
                Status         = $status
                ErrorMessage   = if ($succeeded -or $resultCode -eq 0) { '' } else { 'ResultCode=' + $resultCode }
                RebootRequired = $needsReboot
                AttemptedAt    = (Get-Date -Format 'o')
            }
        }

        $results = @($byKey.Values)

        if ($results.Count -eq 0) {
            Write-Output '[]'
        } else {
            $results | ConvertTo-Json -Compress
        }
2026-08-05 15:30:40.517 -05:00 [INF] (Thread 18) WindowsUpdateWorker: PendingFileRenameOperations present but unchanged since service start — ignoring as stale.
2026-08-05 15:30:40.517 -05:00 [INF] (Thread 18) WindowsUpdateWorker: pass complete. Total=1 Succeeded=0 Failed=0 Skipped=1
2026-08-05 15:30:40.518 -05:00 [INF] (Thread 18) WingetWorker: skipping — last run was 2026-08-05T16:07:55.4222298Z (less than 7 days ago).
2026-08-05 15:30:40.518 -05:00 [INF] (Thread 18) UpdateOrchestrator: cycle complete. Total=1 Succeeded=0 Failed=0 RebootRequired=false
2026-08-05 15:30:40.518 -05:00 [INF] (Thread 18) UpdateOrchestrator: no reboot required — cycle complete.
2026-08-05 15:30:40.518 -05:00 [INF] (Thread 18) UpdateBackgroundService: next cycle in "01:00:00".
2026-08-05 16:30:40.563 -05:00 [INF] (Thread 7) SelfUpdater: checking for updates. Current version: 1.26.586.441
2026-08-05 16:30:40.772 -05:00 [INF] (Thread 8) SelfUpdater: remote version = 1.26.586.441.
2026-08-05 16:30:40.772 -05:00 [INF] (Thread 8) SelfUpdater: already up to date.
2026-08-05 16:30:40.772 -05:00 [INF] (Thread 8) UpdateOrchestrator: === Update cycle starting ===
2026-08-05 16:30:40.772 -05:00 [INF] (Thread 8) WindowsUpdateWorker: starting update pass.
2026-08-05 16:30:40.772 -05:00 [INF] (Thread 8) WindowsUpdateWorker: verifying PSWindowsUpdate module.
2026-08-05 16:30:40.778 -05:00 [DBG] (Thread 8) WindowsUpdateWorker: running PS script: $ProgressPreference = 'SilentlyContinue'
            $ErrorActionPreference = 'Stop'
            try {
                if (-not (Get-PackageProvider -Name NuGet -ListAvailable -ErrorAction SilentlyContinue)) {
                    Install-PackageProvider -Name NuGet -MinimumVersion 2.8.5.201 -Force -Scope AllUsers | Out-Null
                }
                Set-PSRepository -Name PSGallery -InstallationPolicy Trusted -ErrorAction SilentlyContinue
                if (-not (Get-Module -ListAvailable -Name PSWindowsUpdate -ErrorAction SilentlyContinue)) {
                    Install-Module PSWindowsUpdate -Force -SkipPublisherCheck -Scope AllUsers | Out-Null
                }
                Import-Module PSWindowsUpdate -Force -ErrorAction Stop
                try {
                    Add-WUServiceManager -MicrosoftUpdate -Confirm:$false -ErrorAction SilentlyContinue | Out-Null
                } catch {}
                Write-Output 'OK'
            } catch {
                Write-Output ('ERROR: ' + $_.Exception.Message)
            }
2026-08-05 16:31:10.720 -05:00 [INF] (Thread 7) WindowsUpdateWorker: PSWindowsUpdate module OK.
2026-08-05 16:31:10.733 -05:00 [DBG] (Thread 7) WindowsUpdateWorker: running PS script: Import-Module PSWindowsUpdate -ErrorAction Stop
        $ProgressPreference = 'SilentlyContinue'

        # Force the Windows Update Agent to scan before installing.
        # Fixes 0x80248007 (WU_E_DS_NODATA) on fresh builds or machines
        # whose update data store has not been initialised yet.
        try {
            Start-Process -FilePath 'UsoClient.exe' `
                -ArgumentList 'StartScan' `
                -Wait -NoNewWindow -ErrorAction SilentlyContinue
            Start-Sleep -Seconds 30
        } catch {}

        # 2>&1 merges stderr into the pipeline mixing strings with update
        # objects -- we filter them out in the foreach loop below.
        $rawOutput = Install-WindowsUpdate `
            -MicrosoftUpdate `
            -AcceptAll `
            -IgnoreReboot `
            -Install `
            -ErrorAction Continue 2>&1

        # Use a hashtable keyed on Title to keep only the LAST result per update.
        # PSWindowsUpdate emits objects at multiple pipeline stages (search, download,
        # install); overwriting ensures we capture the final post-install ResultCode
        # rather than an early ResultCode=0 (NotStarted).
        $byKey = @{}

        foreach ($u in $rawOutput) {
            if ($null -eq $u -or $u -isnot [PSObject]) { continue }
            if (-not ($u.PSObject.Properties.Name -contains 'Title')) { continue }
            if ([string]::IsNullOrWhiteSpace($u.Title)) { continue }

            $resultCode = 0
            try { $resultCode = [int]$u.ResultCode } catch { $resultCode = 4 }
            $succeeded = ($resultCode -eq 2 -or $resultCode -eq 3)

            # ResultCode=0 means NotStarted — treat as Skipped, not Failed.
            $status = if ($succeeded) { 'Succeeded' } elseif ($resultCode -eq 0) { 'Skipped' } else { 'Failed' }

            $kb = ''
            try {
                if ($u.KBArticleIDs -and $u.KBArticleIDs.Count -gt 0) {
                    $kb = 'KB' + $u.KBArticleIDs[0]
                }
            } catch {}

            $needsReboot = $false
            try { $needsReboot = [bool]$u.RebootRequired } catch {}

            $byKey[$u.Title] = [PSCustomObject]@{
                Identifier     = $kb
                Title          = [string]$u.Title
                Status         = $status
                ErrorMessage   = if ($succeeded -or $resultCode -eq 0) { '' } else { 'ResultCode=' + $resultCode }
                RebootRequired = $needsReboot
                AttemptedAt    = (Get-Date -Format 'o')
            }
        }

        $results = @($byKey.Values)

        if ($results.Count -eq 0) {
            Write-Output '[]'
        } else {
            $results | ConvertTo-Json -Compress
        }
2026-08-05 16:33:16.013 -05:00 [INF] (Thread 8) WindowsUpdateWorker: PendingFileRenameOperations present but unchanged since service start — ignoring as stale.
2026-08-05 16:33:16.013 -05:00 [INF] (Thread 8) WindowsUpdateWorker: pass complete. Total=1 Succeeded=0 Failed=0 Skipped=1
2026-08-05 16:33:16.020 -05:00 [INF] (Thread 8) WingetWorker: skipping — last run was 2026-08-05T16:07:55.4222298Z (less than 7 days ago).
2026-08-05 16:33:16.020 -05:00 [INF] (Thread 8) UpdateOrchestrator: cycle complete. Total=1 Succeeded=0 Failed=0 RebootRequired=false
2026-08-05 16:33:16.020 -05:00 [INF] (Thread 8) UpdateOrchestrator: no reboot required — cycle complete.
2026-08-05 16:33:16.020 -05:00 [INF] (Thread 8) UpdateBackgroundService: next cycle in "01:00:00".
2026-08-05 17:33:16.047 -05:00 [INF] (Thread 8) SelfUpdater: checking for updates. Current version: 1.26.586.441
2026-08-05 17:33:16.302 -05:00 [INF] (Thread 8) SelfUpdater: remote version = 1.26.586.697.
2026-08-05 17:33:16.302 -05:00 [INF] (Thread 8) SelfUpdater: new version 1.26.586.697 available — downloading installer.
2026-08-05 17:33:16.397 -05:00 [INF] (Thread 8) SelfUpdater: downloading installer from https://github.com/Coldmiser/UpdateSolution/releases/latest/download/__CapTG_Updater_Latest.exe
2026-08-05 17:33:25.701 -05:00 [INF] (Thread 13) SelfUpdater: launching installer at C:\ProgramData\CapTG\UpdateStaging\__CapTG_Updater_Latest.exe
2026-08-05 17:33:25.767 -05:00 [INF] (Thread 13) SelfUpdater: installer launched. Service will be replaced momentarily.
2026-08-05 17:33:25.768 -05:00 [INF] (Thread 13) UpdateOrchestrator: === Update cycle starting ===
2026-08-05 17:33:25.768 -05:00 [INF] (Thread 13) WindowsUpdateWorker: starting update pass.
2026-08-05 17:33:25.768 -05:00 [INF] (Thread 13) WindowsUpdateWorker: verifying PSWindowsUpdate module.
2026-08-05 17:33:25.771 -05:00 [DBG] (Thread 13) WindowsUpdateWorker: running PS script: $ProgressPreference = 'SilentlyContinue'
            $ErrorActionPreference = 'Stop'
            try {
                if (-not (Get-PackageProvider -Name NuGet -ListAvailable -ErrorAction SilentlyContinue)) {
                    Install-PackageProvider -Name NuGet -MinimumVersion 2.8.5.201 -Force -Scope AllUsers | Out-Null
                }
                Set-PSRepository -Name PSGallery -InstallationPolicy Trusted -ErrorAction SilentlyContinue
                if (-not (Get-Module -ListAvailable -Name PSWindowsUpdate -ErrorAction SilentlyContinue)) {
                    Install-Module PSWindowsUpdate -Force -SkipPublisherCheck -Scope AllUsers | Out-Null
                }
                Import-Module PSWindowsUpdate -Force -ErrorAction Stop
                try {
                    Add-WUServiceManager -MicrosoftUpdate -Confirm:$false -ErrorAction SilentlyContinue | Out-Null
                } catch {}
                Write-Output 'OK'
            } catch {
                Write-Output ('ERROR: ' + $_.Exception.Message)
            }
2026-08-05 17:33:34.530 -05:00 [INF] (Thread 18) UpdateBackgroundService: StopAsync called by SCM.
2026-08-05 17:33:34.542 -05:00 [WRN] (Thread 19) UpdateOrchestrator: Windows Update cancelled.
2026-08-05 17:33:34.543 -05:00 [INF] (Thread 19) UpdateBackgroundService: stopping.
2026-08-05 17:33:41.945 -05:00 [INF] (Thread 2) Logging initialized. Directory: C:\ProgramData\CapTG\UpdateService\logs
2026-08-05 17:33:42.012 -05:00 [INF] (Thread 2) CapTG UpdateService starting. Args: [--install]
2026-08-05 17:33:42.018 -05:00 [INF] (Thread 2) Installing service from: C:\Program Files\CapTG Updater\UpdateService.exe
2026-08-05 17:33:42.088 -05:00 [INF] (Thread 2) Service 'CapTGUpdateService' already exists — stopping for upgrade.
2026-08-05 17:33:42.090 -05:00 [DBG] (Thread 2) sc.exe stop "CapTGUpdateService"
2026-08-05 17:33:42.145 -05:00 [DBG] (Thread 2) sc.exe stdout: [SC] ControlService FAILED 1062:

The service has not been started.
2026-08-05 17:33:43.230 -05:00 [INF] (Thread 2) WaitForServiceStop: service is stopped.
2026-08-05 17:33:43.232 -05:00 [DBG] (Thread 2) sc.exe config "CapTGUpdateService" binPath= "C:\Program Files\CapTG Updater\UpdateService.exe" start= delayed-auto obj= LocalSystem
2026-08-05 17:33:43.292 -05:00 [DBG] (Thread 2) sc.exe stdout: [SC] ChangeServiceConfig SUCCESS
2026-08-05 17:33:43.295 -05:00 [DBG] (Thread 2) sc.exe description "CapTGUpdateService" "Automatically applies Windows Updates, driver updates, and winget package upgrades hourly. Notifies the logged-in user when a reboot is required."
2026-08-05 17:33:43.359 -05:00 [DBG] (Thread 2) sc.exe stdout: [SC] ChangeServiceConfig2 SUCCESS
2026-08-05 17:33:43.360 -05:00 [DBG] (Thread 2) sc.exe failure "CapTGUpdateService" reset= 86400 actions= restart/0/restart/60000/restart/300000
2026-08-05 17:33:43.425 -05:00 [DBG] (Thread 2) sc.exe stdout: [SC] ChangeServiceConfig2 SUCCESS
2026-08-05 17:33:43.427 -05:00 [DBG] (Thread 2) sc.exe start "CapTGUpdateService"
2026-08-05 17:33:43.928 -05:00 [DBG] (Thread 2) sc.exe stdout: SERVICE_NAME: CapTGUpdateService 
        TYPE               : 10  WIN32_OWN_PROCESS  
        STATE              : 2  START_PENDING 
                                (NOT_STOPPABLE, NOT_PAUSABLE, IGNORES_SHUTDOWN)
        WIN32_EXIT_CODE    : 0  (0x0)
        SERVICE_EXIT_CODE  : 0  (0x0)
        CHECKPOINT         : 0x0
        WAIT_HINT          : 0x7d0
        PID                : 48044
        FLAGS              :
