2026-07-30 09:20:00.305 -05:00 [INF] (Thread 2) UpdateNotifier logging initialised. Directory: C:\ProgramData\CapTG\UpdateService\logs
2026-07-30 09:20:00.339 -05:00 [INF] (Thread 2) UpdateNotifier: application starting.
2026-07-30 09:20:00.340 -05:00 [INF] (Thread 2) UpdateNotifier: args=C:\Program Files\CapTG Updater\UpdateNotifier.exe
2026-07-30 09:20:00.350 -05:00 [INF] (Thread 2) PipeClient: connecting to pipe 'CapTG_UpdatePipe'.
2026-07-30 09:20:00.358 -05:00 [INF] (Thread 2) PipeClient: connected.
2026-07-30 09:20:00.469 -05:00 [INF] (Thread 2) PipeClient: received message type="RebootRequired".
2026-07-30 09:20:00.475 -05:00 [INF] (Thread 2) SnoozeManager initialised with 7 options (previousSnoozeCount=0).
2026-07-30 09:20:00.476 -05:00 [DBG] (Thread 2) MainViewModel: options refreshed. Count=7
2026-07-30 09:20:00.476 -05:00 [INF] (Thread 2) MainViewModel: loading message. KBs=0 Pkgs=0
2026-07-30 09:20:00.783 -05:00 [INF] (Thread 2) MainWindow: constructor complete.
2026-07-30 09:20:01.164 -05:00 [INF] (Thread 2) MainWindow: logo loaded from C:\Program Files\CapTG Updater\CompanyLogo.png.
2026-07-30 09:20:01.165 -05:00 [DBG] (Thread 2) MainWindow: position locked at (700, 140).
2026-07-30 09:20:01.189 -05:00 [DBG] (Thread 2) MainWindow: move attempt blocked.
2026-07-30 09:20:01.193 -05:00 [DBG] (Thread 2) MainWindow: Topmost re-asserted.
2026-07-30 09:21:04.910 -05:00 [INF] (Thread 2) MainViewModel: user confirmed choice: 'Snooze for 3 Hours' ("03:00:00").
2026-07-30 09:21:04.911 -05:00 [INF] (Thread 2) SnoozeManager: user snoozed for "03:00:00". Options before removal: 7
2026-07-30 09:21:04.912 -05:00 [INF] (Thread 2) SnoozeManager: removed option 'Snooze for 6 Hours'. Remaining: 6
2026-07-30 09:21:04.912 -05:00 [INF] (Thread 2) MainWindow: user decided 'Snooze for 3 Hours'. Closing window.
2026-07-30 09:21:04.928 -05:00 [INF] (Thread 2) App: user chose 'Snooze for 3 Hours' (180 min).
2026-07-30 09:21:04.931 -05:00 [INF] (Thread 2) PipeClient: sending UserResponse — SnoozeMinutes=180.
2026-07-30 09:21:04.950 -05:00 [DBG] (Thread 2) PipeClient: wrote 180 bytes to pipe.
2026-07-30 09:21:04.953 -05:00 [DBG] (Thread 2) PipeClient: disposed.
2026-07-30 09:21:04.956 -05:00 [INF] (Thread 2) UpdateNotifier: exiting with code 0.
2026-07-30 12:21:05.325 -05:00 [INF] (Thread 2) UpdateNotifier logging initialised. Directory: C:\ProgramData\CapTG\UpdateService\logs
2026-07-30 12:21:05.352 -05:00 [INF] (Thread 2) UpdateNotifier: application starting.
2026-07-30 12:21:05.353 -05:00 [INF] (Thread 2) UpdateNotifier: args=C:\Program Files\CapTG Updater\UpdateNotifier.exe
2026-07-30 12:21:05.361 -05:00 [INF] (Thread 2) PipeClient: connecting to pipe 'CapTG_UpdatePipe'.
2026-07-30 12:21:05.370 -05:00 [INF] (Thread 2) PipeClient: connected.
2026-07-30 12:21:05.416 -05:00 [INF] (Thread 2) PipeClient: received message type="RebootRequired".
2026-07-30 12:21:05.419 -05:00 [INF] (Thread 2) SnoozeManager initialised with 6 options (previousSnoozeCount=1).
2026-07-30 12:21:05.421 -05:00 [DBG] (Thread 2) MainViewModel: options refreshed. Count=6
2026-07-30 12:21:05.421 -05:00 [INF] (Thread 2) MainViewModel: loading message. KBs=0 Pkgs=0
2026-07-30 12:21:05.655 -05:00 [INF] (Thread 2) MainWindow: constructor complete.
2026-07-30 12:21:05.885 -05:00 [INF] (Thread 2) MainWindow: logo loaded from C:\Program Files\CapTG Updater\CompanyLogo.png.
2026-07-30 12:21:05.885 -05:00 [DBG] (Thread 2) MainWindow: position locked at (700, 140).
2026-07-30 12:21:05.908 -05:00 [DBG] (Thread 2) MainWindow: move attempt blocked.
2026-07-30 12:21:05.912 -05:00 [DBG] (Thread 2) MainWindow: Topmost re-asserted.
2026-07-30 12:55:31.164 -05:00 [DBG] (Thread 2) MainWindow: Topmost re-asserted.
2026-07-30 12:55:32.179 -05:00 [DBG] (Thread 2) MainWindow: Topmost re-asserted.
2026-07-30 12:55:33.583 -05:00 [DBG] (Thread 2) MainWindow: Topmost re-asserted.
2026-07-30 12:55:35.143 -05:00 [DBG] (Thread 2) MainWindow: Topmost re-asserted.
2026-07-30 12:55:37.497 -05:00 [DBG] (Thread 2) MainWindow: Topmost re-asserted.
2026-07-30 12:55:38.344 -05:00 [DBG] (Thread 2) MainWindow: Topmost re-asserted.
2026-07-30 12:55:42.303 -05:00 [INF] (Thread 2) MainViewModel: user confirmed choice: 'Reboot Now' ("00:00:00").
2026-07-30 12:55:42.304 -05:00 [INF] (Thread 2) MainWindow: user decided 'Reboot Now'. Closing window.
2026-07-30 12:55:42.320 -05:00 [INF] (Thread 2) App: user chose 'Reboot Now' (0 min).
2026-07-30 12:55:42.323 -05:00 [INF] (Thread 2) PipeClient: sending UserResponse — SnoozeMinutes=0.
2026-07-30 12:55:42.345 -05:00 [DBG] (Thread 2) PipeClient: wrote 178 bytes to pipe.
2026-07-30 12:55:42.347 -05:00 [DBG] (Thread 2) PipeClient: disposed.
2026-07-30 12:55:42.350 -05:00 [INF] (Thread 2) UpdateNotifier: exiting with code 0.
