2026-08-06 08:59:51.598 -05:00 [INF] (Thread 15) SelfUpdater: checking for updates. Current version: 1.26.586.441
2026-08-06 08:59:51.761 -05:00 [INF] (Thread 11) SelfUpdater: remote version = 1.26.586.697.
2026-08-06 08:59:51.762 -05:00 [INF] (Thread 11) SelfUpdater: new version 1.26.586.697 available — downloading installer.
2026-08-06 08:59:51.769 -05:00 [INF] (Thread 11) SelfUpdater: downloading installer from https://github.com/Coldmiser/UpdateSolution/releases/latest/download/__CapTG_Updater_Latest.exe
2026-08-06 09:00:07.522 -05:00 [INF] (Thread 15) SelfUpdater: launching installer at C:\ProgramData\CapTG\UpdateStaging\__CapTG_Updater_Latest.exe
2026-08-06 09:00:07.537 -05:00 [INF] (Thread 15) SelfUpdater: installer launched. Service will be replaced momentarily.
2026-08-06 09:00:07.537 -05:00 [INF] (Thread 15) UpdateOrchestrator: === Update cycle starting ===
2026-08-06 09:00:07.537 -05:00 [INF] (Thread 15) WindowsUpdateWorker: starting update pass.
2026-08-06 09:00:07.537 -05:00 [INF] (Thread 15) WindowsUpdateWorker: verifying PSWindowsUpdate module.
2026-08-06 09:00:07.538 -05:00 [DBG] (Thread 17) WindowsUpdateWorker: running PS script: $ProgressPreference = 'SilentlyContinue'
            $ErrorActionPreference = 'Stop'
            try {
                if (-not (Get-PackageProvider -Name NuGet -ListAvailable -ErrorAction SilentlyContinue)) {
                    Install-PackageProvider -Name NuGet -MinimumVersion 2.8.5.201 -Force -Scope AllUsers | Out-Null
                }
                Set-PSRepository -Name PSGallery -InstallationPolicy Trusted -ErrorAction SilentlyContinue
                if (-not (Get-Module -ListAvailable -Name PSWindowsUpdate -ErrorAction SilentlyContinue)) {
                    Install-Module PSWindowsUpdate -Force -SkipPublisherCheck -Scope AllUsers | Out-Null
                }
                Import-Module PSWindowsUpdate -Force -ErrorAction Stop
                try {
                    Add-WUServiceManager -MicrosoftUpdate -Confirm:$false -ErrorAction SilentlyContinue | Out-Null
                } catch {}
                Write-Output 'OK'
            } catch {
                Write-Output ('ERROR: ' + $_.Exception.Message)
            }
2026-08-06 09:00:13.121 -05:00 [INF] (Thread 11) UpdateBackgroundService: StopAsync called by SCM.
2026-08-06 09:00:13.125 -05:00 [WRN] (Thread 18) UpdateOrchestrator: Windows Update cancelled.
2026-08-06 09:00:13.125 -05:00 [INF] (Thread 18) UpdateBackgroundService: stopping.
2026-08-06 09:00:20.249 -05:00 [INF] (Thread 2) Logging initialized. Directory: C:\ProgramData\CapTG\UpdateService\logs
2026-08-06 09:00:20.306 -05:00 [INF] (Thread 2) CapTG UpdateService starting. Args: [--install]
2026-08-06 09:00:20.310 -05:00 [INF] (Thread 2) Installing service from: C:\Program Files\CapTG Updater\UpdateService.exe
2026-08-06 09:00:20.371 -05:00 [INF] (Thread 2) Service 'CapTGUpdateService' already exists — stopping for upgrade.
2026-08-06 09:00:20.373 -05:00 [DBG] (Thread 2) sc.exe stop "CapTGUpdateService"
2026-08-06 09:00:20.434 -05:00 [DBG] (Thread 2) sc.exe stdout: [SC] ControlService FAILED 1062:

The service has not been started.
2026-08-06 09:00:21.515 -05:00 [INF] (Thread 2) WaitForServiceStop: service is stopped.
2026-08-06 09:00:21.517 -05:00 [DBG] (Thread 2) sc.exe config "CapTGUpdateService" binPath= "C:\Program Files\CapTG Updater\UpdateService.exe" start= delayed-auto obj= LocalSystem
2026-08-06 09:00:21.590 -05:00 [DBG] (Thread 2) sc.exe stdout: [SC] ChangeServiceConfig SUCCESS
2026-08-06 09:00:21.594 -05:00 [DBG] (Thread 2) sc.exe description "CapTGUpdateService" "Automatically applies Windows Updates, driver updates, and winget package upgrades hourly. Notifies the logged-in user when a reboot is required."
2026-08-06 09:00:21.658 -05:00 [DBG] (Thread 2) sc.exe stdout: [SC] ChangeServiceConfig2 SUCCESS
2026-08-06 09:00:21.660 -05:00 [DBG] (Thread 2) sc.exe failure "CapTGUpdateService" reset= 86400 actions= restart/0/restart/60000/restart/300000
2026-08-06 09:00:21.715 -05:00 [DBG] (Thread 2) sc.exe stdout: [SC] ChangeServiceConfig2 SUCCESS
2026-08-06 09:00:21.717 -05:00 [DBG] (Thread 2) sc.exe start "CapTGUpdateService"
2026-08-06 09:00:22.175 -05:00 [DBG] (Thread 2) sc.exe stdout: SERVICE_NAME: CapTGUpdateService 
        TYPE               : 10  WIN32_OWN_PROCESS  
        STATE              : 2  START_PENDING 
                                (NOT_STOPPABLE, NOT_PAUSABLE, IGNORES_SHUTDOWN)
        WIN32_EXIT_CODE    : 0  (0x0)
        SERVICE_EXIT_CODE  : 0  (0x0)
        CHECKPOINT         : 0x0
        WAIT_HINT          : 0x7d0
        PID                : 34188
        FLAGS              :
