2026-08-11 13:13:44.828 -05:00 [INF] (Thread 10) PipeServer: pipe created — launching notifier.
2026-08-11 13:13:44.852 -05:00 [INF] (Thread 10) UserProcessLauncher: launching 'C:\Program Files\CapTG Updater\UpdateNotifier.exe' as active user.
2026-08-11 13:13:44.853 -05:00 [DBG] (Thread 10) UserProcessLauncher: console session 1 has a valid user token.
2026-08-11 13:13:44.853 -05:00 [DBG] (Thread 10) UserProcessLauncher: using session ID = 1.
2026-08-11 13:13:44.870 -05:00 [INF] (Thread 10) UserProcessLauncher: 'C:\Program Files\CapTG Updater\UpdateNotifier.exe' launched in session 1.
2026-08-11 13:13:44.871 -05:00 [DBG] (Thread 10) PipeServer: waiting for notifier to connect.
2026-08-11 13:13:45.260 -05:00 [INF] (Thread 10) PipeServer: notifier connected.
2026-08-11 13:13:45.277 -05:00 [DBG] (Thread 14) PipeServer: "RebootRequired" message sent.
2026-08-11 13:13:49.496 -05:00 [INF] (Thread 10) PipeServer: received UserResponse — SnoozeMinutes=180
2026-08-11 13:13:49.497 -05:00 [INF] (Thread 10) PipeServer: user snoozed for 180 minutes (snoozeCount=2).
2026-08-11 16:13:49.502 -05:00 [INF] (Thread 14) PipeServer: pipe created — launching notifier.
2026-08-11 16:13:49.518 -05:00 [INF] (Thread 14) UserProcessLauncher: launching 'C:\Program Files\CapTG Updater\UpdateNotifier.exe' as active user.
2026-08-11 16:13:49.519 -05:00 [DBG] (Thread 14) UserProcessLauncher: console session 1 has a valid user token.
2026-08-11 16:13:49.520 -05:00 [DBG] (Thread 14) UserProcessLauncher: using session ID = 1.
2026-08-11 16:13:49.535 -05:00 [INF] (Thread 14) UserProcessLauncher: 'C:\Program Files\CapTG Updater\UpdateNotifier.exe' launched in session 1.
2026-08-11 16:13:49.535 -05:00 [DBG] (Thread 14) PipeServer: waiting for notifier to connect.
2026-08-11 16:13:49.929 -05:00 [INF] (Thread 14) PipeServer: notifier connected.
2026-08-11 16:13:49.939 -05:00 [DBG] (Thread 14) PipeServer: "RebootRequired" message sent.
2026-08-11 16:14:00.877 -05:00 [INF] (Thread 14) PipeServer: received UserResponse — SnoozeMinutes=-1
2026-08-11 16:14:00.892 -05:00 [INF] (Thread 14) PipeServer: user scheduled reboot for "2026-08-11T17:30:00.0000000-05:00" — persisted to registry.
